<html>
<body>
<pre>
<h1>µVision Build Log</h1>
<h2>Tool Versions:</h2>
IDE-Version: ¦ÌVision V5.29.0.0
Copyright (C) 2019 ARM Ltd and ARM Germany GmbH. All rights reserved.
License Information: Casey Kevin, abups, LIC=1WS63-AIBB1-JM398-3MN1B-6VJYU-WF14H
 
Tool Versions:
Toolchain:       MDK-ARM Professional  Version: 5.29.0.0
Toolchain Path:  C:\Keil_v5\ARM\ARMCC\Bin
C Compiler:      Armcc.exe V5.06 update 6 (build 750)
Assembler:       Armasm.exe V5.06 update 6 (build 750)
Linker/Locator:  ArmLink.exe V5.06 update 6 (build 750)
Library Manager: ArmAr.exe V5.06 update 6 (build 750)
Hex Converter:   FromElf.exe V5.06 update 6 (build 750)
CPU DLL:         SARMCM3.DLL V5.29.0.0
Dialog DLL:      DARMCM1.DLL V1.19.2.0
Target DLL:      STLink\ST-LINKIII-KEIL_SWO.dll V3.0.7.0
Dialog DLL:      TARMCM1.DLL V1.14.1.0
 
<h2>Project:</h2>
E:\STMicroelectronics\Project\L010RB_ADC_sample_test_bak\MDK-ARM\L010RB_ADC_sample_test.uvprojx
Project File Date:  03/23/2023

<h2>Output:</h2>
*** Using Compiler 'V5.06 update 6 (build 750)', folder: 'C:\Keil_v5\ARM\ARMCC\Bin'
Build target 'L010RB_ADC_sample_test'
compiling retarget_io.c...
compiling main.c...
../Core/Src/main.c(102): warning:  #223-D: function "printf" declared implicitly
  	printf("running ok\r\n");
../Core/Src/main.c(72): warning:  #177-D: variable "send_data"  was declared but never referenced
  uint8_t send_data[20] = "program running\r\n";
../Core/Src/main.c: 2 warnings, 0 errors
compiling usart.c...
compiling EventRecorder.c...
C:\Keil_v5\ARM\PACK\Keil\ARM_Compiler\1.6.2\Source\EventRecorder.c(660): warning:  #1215-D: #warning directive: "Invalid Time Stamp Source selected in EventRecorderConf.h!"
  #warning "Invalid Time Stamp Source selected in EventRecorderConf.h!"
C:\Keil_v5\ARM\PACK\Keil\ARM_Compiler\1.6.2\Source\EventRecorder.c: 1 warning, 0 errors
linking...
Program Size: Code=8624 RO-data=328 RW-data=48 ZI-data=3448  
FromELF: creating hex file...
"L010RB_ADC_sample_test\L010RB_ADC_sample_test.axf" - 0 Error(s), 3 Warning(s).

<h2>Software Packages used:</h2>

Package Vendor: ARM
                http://www.keil.com/pack/ARM.CMSIS.5.7.0.pack
                ARM.CMSIS.5.7.0
                CMSIS (Cortex Microcontroller Software Interface Standard)
   * Component: CORE Version: 5.4.0

Package Vendor: Keil
                http://www.keil.com/pack/Keil.ARM_Compiler.1.6.2.pack
                Keil.ARM_Compiler.1.6.2
                Keil ARM Compiler extensions for ARM Compiler 5 and ARM Compiler 6
   * Component: Event Recorder Variant: DAP Version: 1.4.0
   * Component: STDOUT Variant: EVR Version: 1.2.0

Package Vendor: Keil
                http://www.keil.com/pack/Keil.STM32L0xx_DFP.2.0.1.pack
                Keil.STM32L0xx_DFP.2.0.1
                STMicroelectronics STM32L0 Series Device Support, Drivers and Examples

<h2>Collection of Component include folders:</h2>
  .\RTE\Compiler
  .\RTE\_L010RB_ADC_sample_test
  C:\Keil_v5\ARM\PACK\ARM\CMSIS\5.7.0\CMSIS\Core\Include
  C:\Keil_v5\ARM\PACK\Keil\ARM_Compiler\1.6.2\Include
  C:\Keil_v5\ARM\PACK\Keil\STM32L0xx_DFP\2.0.1\Drivers\CMSIS\Device\ST\STM32L0xx\Include

<h2>Collection of Component Files used:</h2>

   * Component: ARM::CMSIS:CORE:5.4.0
      Include file:  CMSIS\Core\Include\tz_context.h

   * Component: Keil.ARM Compiler::Compiler:Event Recorder:DAP:1.4.0
      Source file:   Source\EventRecorder.c
      Include file:  Include\EventRecorder.h
      Include file:  Config\EventRecorderConf.h

   * Component: Keil.ARM Compiler::Compiler:I/O:STDOUT:EVR:1.2.0
      Source file:   Source\retarget_io.c
Build Time Elapsed:  00:00:01
</pre>
</body>
</html>
