Component: ARM Compiler 5.06 update 4 (build 422) Tool: armlink [4d35d2]

==============================================================================

Section Cross References

    main.o(i.main) refers to stm32f1xx_hal.o(i.HAL_Init) for HAL_Init
    main.o(i.main) refers to sys.o(i.Stm32_Clock_Init) for Stm32_Clock_Init
    main.o(i.main) refers to delay.o(i.delay_init) for delay_init
    main.o(i.main) refers to usart.o(i.uart_init) for uart_init
    main.o(i.main) refers to led.o(i.LED_Init) for LED_Init
    main.o(i.main) refers to lcd.o(i.LCD_Init) for LCD_Init
    main.o(i.main) refers to w25qxx.o(i.W25QXX_Init) for W25QXX_Init
    main.o(i.main) refers to malloc.o(i.my_mem_init) for my_mem_init
    main.o(i.main) refers to noretval__2printf.o(.text) for __2printf
    main.o(i.main) refers to sdio_sdcard.o(i.SD_Init) for SD_Init
    main.o(i.main) refers to llsdiv.o(.text) for __aeabi_ldivmod
    main.o(i.main) refers to lcd.o(i.LCD_ShowNum) for LCD_ShowNum
    main.o(i.main) refers to delay.o(i.delay_ms) for delay_ms
    main.o(i.main) refers to hw_config.o(i.USB_Port_Set) for USB_Port_Set
    main.o(i.main) refers to malloc.o(i.mymalloc) for mymalloc
    main.o(i.main) refers to hw_config.o(i.USB_Interrupts_Config) for USB_Interrupts_Config
    main.o(i.main) refers to hw_config.o(i.Set_USBClock) for Set_USBClock
    main.o(i.main) refers to usb_init.o(i.USB_Init) for USB_Init
    main.o(i.main) refers to lcd.o(i.LCD_Fill) for LCD_Fill
    main.o(i.main) refers to lcd.o(.data) for POINT_COLOR
    main.o(i.main) refers to usb_prop.o(.data) for Max_Lun
    main.o(i.main) refers to sdio_sdcard.o(.bss) for SDCardInfo
    main.o(i.main) refers to mass_mal.o(.bss) for Mass_Memory_Size
    main.o(i.main) refers to mass_mal.o(.data) for Mass_Block_Size
    main.o(i.main) refers to mass_mal.o(.data) for Mass_Block_Count
    main.o(i.main) refers to w25qxx.o(.data) for W25QXX_TYPE
    main.o(i.main) refers to memory.o(.data) for Data_Buffer
    main.o(i.main) refers to usb_bot.o(.data) for Bulk_Data_Buff
    main.o(i.main) refers to usb_pwr.o(.data) for bDeviceState
    stm32f1xx_it.o(i.SysTick_Handler) refers to stm32f1xx_hal.o(i.HAL_IncTick) for HAL_IncTick
    system_stm32f1xx.o(i.SystemCoreClockUpdate) refers to system_stm32f1xx.o(.data) for .data
    system_stm32f1xx.o(i.SystemCoreClockUpdate) refers to system_stm32f1xx.o(.constdata) for .constdata
    startup_stm32f103xe.o(STACK) refers (Special) to heapauxi.o(.text) for __use_two_region_memory
    startup_stm32f103xe.o(HEAP) refers (Special) to heapauxi.o(.text) for __use_two_region_memory
    startup_stm32f103xe.o(RESET) refers (Special) to heapauxi.o(.text) for __use_two_region_memory
    startup_stm32f103xe.o(RESET) refers to startup_stm32f103xe.o(STACK) for __initial_sp
    startup_stm32f103xe.o(RESET) refers to startup_stm32f103xe.o(.text) for Reset_Handler
    startup_stm32f103xe.o(RESET) refers to stm32f1xx_it.o(i.NMI_Handler) for NMI_Handler
    startup_stm32f103xe.o(RESET) refers to stm32f1xx_it.o(i.HardFault_Handler) for HardFault_Handler
    startup_stm32f103xe.o(RESET) refers to stm32f1xx_it.o(i.MemManage_Handler) for MemManage_Handler
    startup_stm32f103xe.o(RESET) refers to stm32f1xx_it.o(i.BusFault_Handler) for BusFault_Handler
    startup_stm32f103xe.o(RESET) refers to stm32f1xx_it.o(i.UsageFault_Handler) for UsageFault_Handler
    startup_stm32f103xe.o(RESET) refers to stm32f1xx_it.o(i.SVC_Handler) for SVC_Handler
    startup_stm32f103xe.o(RESET) refers to stm32f1xx_it.o(i.DebugMon_Handler) for DebugMon_Handler
    startup_stm32f103xe.o(RESET) refers to stm32f1xx_it.o(i.PendSV_Handler) for PendSV_Handler
    startup_stm32f103xe.o(RESET) refers to stm32f1xx_it.o(i.SysTick_Handler) for SysTick_Handler
    startup_stm32f103xe.o(RESET) refers to hw_config.o(i.USB_LP_CAN1_RX0_IRQHandler) for USB_LP_CAN1_RX0_IRQHandler
    startup_stm32f103xe.o(RESET) refers to usart.o(i.USART1_IRQHandler) for USART1_IRQHandler
    startup_stm32f103xe.o(RESET) refers to hw_config.o(i.USBWakeUp_IRQHandler) for USBWakeUp_IRQHandler
    startup_stm32f103xe.o(.text) refers (Special) to heapauxi.o(.text) for __use_two_region_memory
    startup_stm32f103xe.o(.text) refers to system_stm32f1xx.o(i.SystemInit) for SystemInit
    startup_stm32f103xe.o(.text) refers to __main.o(!!!main) for __main
    startup_stm32f103xe.o(.text) refers to startup_stm32f103xe.o(HEAP) for Heap_Mem
    startup_stm32f103xe.o(.text) refers to startup_stm32f103xe.o(STACK) for Stack_Mem
    stm32f1xx_hal.o(i.HAL_DeInit) refers to stm32f1xx_hal_msp.o(i.HAL_MspDeInit) for HAL_MspDeInit
    stm32f1xx_hal.o(i.HAL_Delay) refers to stm32f1xx_hal.o(i.HAL_GetTick) for HAL_GetTick
    stm32f1xx_hal.o(i.HAL_GetTick) refers to stm32f1xx_hal.o(.data) for .data
    stm32f1xx_hal.o(i.HAL_IncTick) refers to stm32f1xx_hal.o(.data) for .data
    stm32f1xx_hal.o(i.HAL_Init) refers to stm32f1xx_hal_cortex.o(i.HAL_NVIC_SetPriorityGrouping) for HAL_NVIC_SetPriorityGrouping
[...]
    _handle_redirection                       - Undefined Weak Reference
    _init_alloc                               - Undefined Weak Reference
    _init_user_alloc                          - Undefined Weak Reference
    _initio                                   - Undefined Weak Reference
    _mutex_acquire                            - Undefined Weak Reference
    _mutex_release                            - Undefined Weak Reference
    _printf_post_padding                      - Undefined Weak Reference
    _printf_pre_padding                       - Undefined Weak Reference
    _printf_truncate_unsigned                 - Undefined Weak Reference
    _rand_init                                - Undefined Weak Reference
    _signal_finish                            - Undefined Weak Reference
    _signal_init                              - Undefined Weak Reference
    _terminate_alloc                          - Undefined Weak Reference
    _terminate_user_alloc                     - Undefined Weak Reference
    _terminateio                              - Undefined Weak Reference
    __Vectors_Size                           0x00000130   Number         0  startup_stm32f103xe.o ABSOLUTE
    __Vectors                                0x08000000   Data           4  startup_stm32f103xe.o(RESET)
    __Vectors_End                            0x08000130   Data           0  startup_stm32f103xe.o(RESET)
    __main                                   0x08000131   Thumb Code     8  __main.o(!!!main)
    __scatterload                            0x08000139   Thumb Code     0  __scatter.o(!!!scatter)
    __scatterload_rt2                        0x08000139   Thumb Code    44  __scatter.o(!!!scatter)
    __scatterload_rt2_thumb_only             0x08000139   Thumb Code     0  __scatter.o(!!!scatter)
    __scatterload_null                       0x08000147   Thumb Code     0  __scatter.o(!!!scatter)
    __decompress                             0x0800016d   Thumb Code    90  __dczerorl2.o(!!dczerorl2)
    __decompress1                            0x0800016d   Thumb Code     0  __dczerorl2.o(!!dczerorl2)
    __scatterload_zeroinit                   0x080001c9   Thumb Code    28  __scatter_zi.o(!!handler_zi)
    _printf_percent                          0x080001e5   Thumb Code     0  _printf_percent.o(.ARM.Collect$$_printf_percent$$00000000)
    _printf_x                                0x080001e5   Thumb Code     0  _printf_x.o(.ARM.Collect$$_printf_percent$$0000000C)
    _printf_percent_end                      0x080001eb   Thumb Code     0  _printf_percent_end.o(.ARM.Collect$$_printf_percent$$00000017)
    __rt_lib_init                            0x080001ef   Thumb Code     0  libinit.o(.ARM.Collect$$libinit$$00000000)
    __rt_lib_init_alloca_1                   0x080001f1   Thumb Code     0  libinit2.o(.ARM.Collect$$libinit$$0000002E)
    __rt_lib_init_argv_1                     0x080001f1   Thumb Code     0  libinit2.o(.ARM.Collect$$libinit$$0000002C)
    __rt_lib_init_atexit_1                   0x080001f1   Thumb Code     0  libinit2.o(.ARM.Collect$$libinit$$0000001B)
    __rt_lib_init_clock_1                    0x080001f1   Thumb Code     0  libinit2.o(.ARM.Collect$$libinit$$00000021)
    __rt_lib_init_cpp_1                      0x080001f1   Thumb Code     0  libinit2.o(.ARM.Collect$$libinit$$00000032)
    __rt_lib_init_exceptions_1               0x080001f1   Thumb Code     0  libinit2.o(.ARM.Collect$$libinit$$00000030)
    __rt_lib_init_fp_1                       0x080001f1   Thumb Code     0  libinit2.o(.ARM.Collect$$libinit$$00000002)
    __rt_lib_init_fp_trap_1                  0x080001f1   Thumb Code     0  libinit2.o(.ARM.Collect$$libinit$$0000001F)
    __rt_lib_init_getenv_1                   0x080001f1   Thumb Code     0  libinit2.o(.ARM.Collect$$libinit$$00000023)
    __rt_lib_init_heap_1                     0x080001f1   Thumb Code     0  libinit2.o(.ARM.Collect$$libinit$$0000000A)
    __rt_lib_init_lc_collate_1               0x080001f1   Thumb Code     0  libinit2.o(.ARM.Collect$$libinit$$00000011)
    __rt_lib_init_lc_ctype_1                 0x080001f1   Thumb Code     0  libinit2.o(.ARM.Collect$$libinit$$00000013)
    __rt_lib_init_lc_monetary_1              0x080001f1   Thumb Code     0  libinit2.o(.ARM.Collect$$libinit$$00000015)
    __rt_lib_init_lc_numeric_1               0x080001f1   Thumb Code     0  libinit2.o(.ARM.Collect$$libinit$$00000017)
    __rt_lib_init_lc_time_1                  0x080001f1   Thumb Code     0  libinit2.o(.ARM.Collect$$libinit$$00000019)
    __rt_lib_init_preinit_1                  0x080001f1   Thumb Code     0  libinit2.o(.ARM.Collect$$libinit$$00000004)
    __rt_lib_init_rand_1                     0x080001f1   Thumb Code     0  libinit2.o(.ARM.Collect$$libinit$$0000000E)
    __rt_lib_init_return                     0x080001f1   Thumb Code     0  libinit2.o(.ARM.Collect$$libinit$$00000033)
    __rt_lib_init_signal_1                   0x080001f1   Thumb Code     0  libinit2.o(.ARM.Collect$$libinit$$0000001D)
    __rt_lib_init_stdio_1                    0x080001f1   Thumb Code     0  libinit2.o(.ARM.Collect$$libinit$$00000025)
    __rt_lib_init_user_alloc_1               0x080001f1   Thumb Code     0  libinit2.o(.ARM.Collect$$libinit$$0000000C)
    __rt_lib_shutdown                        0x080001f3   Thumb Code     0  libshutdown.o(.ARM.Collect$$libshutdown$$00000000)
    __rt_lib_shutdown_cpp_1                  0x080001f5   Thumb Code     0  libshutdown2.o(.ARM.Collect$$libshutdown$$00000002)
    __rt_lib_shutdown_fp_trap_1              0x080001f5   Thumb Code     0  libshutdown2.o(.ARM.Collect$$libshutdown$$00000007)
    __rt_lib_shutdown_heap_1                 0x080001f5   Thumb Code     0  libshutdown2.o(.ARM.Collect$$libshutdown$$0000000F)
    __rt_lib_shutdown_return                 0x080001f5   Thumb Code     0  libshutdown2.o(.ARM.Collect$$libshutdown$$00000010)
    __rt_lib_shutdown_signal_1               0x080001f5   Thumb Code     0  libshutdown2.o(.ARM.Collect$$libshutdown$$0000000A)
    __rt_lib_shutdown_stdio_1                0x080001f5   Thumb Code     0  libshutdown2.o(.ARM.Collect$$libshutdown$$00000004)
    __rt_lib_shutdown_user_alloc_1           0x080001f5   Thumb Code     0  libshutdown2.o(.ARM.Collect$$libshutdown$$0000000C)
    __rt_entry                               0x080001f7   Thumb Code     0  __rtentry.o(.ARM.Collect$$rtentry$$00000000)
    __rt_entry_presh_1                       0x080001f7   Thumb Code     0  __rtentry2.o(.ARM.Collect$$rtentry$$00000002)
    __rt_entry_sh                            0x080001f7   Thumb Code     0  __rtentry4.o(.ARM.Collect$$rtentry$$00000004)
    __rt_entry_li                            0x080001fd   Thumb Code     0  __rtentry2.o(.ARM.Collect$$rtentry$$0000000A)
    __rt_entry_postsh_1                      0x080001fd   Thumb Code     0  __rtentry2.o(.ARM.Collect$$rtentry$$00000009)
    __rt_entry_main                          0x08000201   Thumb Code     0  __rtentry2.o(.ARM.Collect$$rtentry$$0000000D)
    __rt_entry_postli_1                      0x08000201   Thumb Code     0  __rtentry2.o(.ARM.Collect$$rtentry$$0000000C)
    __rt_exit                                0x08000209   Thumb Code     0  rtexit.o(.ARM.Collect$$rtexit$$00000000)
    __rt_exit_ls                             0x0800020b   Thumb Code     0  rtexit2.o(.ARM.Collect$$rtexit$$00000003)
    __rt_exit_prels_1                        0x0800020b   Thumb Code     0  rtexit2.o(.ARM.Collect$$rtexit$$00000002)
    __rt_exit_exit                           0x0800020f   Thumb Code     0  rtexit2.o(.ARM.Collect$$rtexit$$00000004)
    Reset_Handler                            0x08000215   Thumb Code     8  startup_stm32f103xe.o(.text)
    ADC1_2_IRQHandler                        0x0800022f   Thumb Code     0  startup_stm32f103xe.o(.text)
    ADC3_IRQHandler                          0x0800022f   Thumb Code     0  startup_stm32f103xe.o(.text)
    CAN1_RX1_IRQHandler                      0x0800022f   Thumb Code     0  startup_stm32f103xe.o(.text)
    CAN1_SCE_IRQHandler                      0x0800022f   Thumb Code     0  startup_stm32f103xe.o(.text)
    DMA1_Channel1_IRQHandler                 0x0800022f   Thumb Code     0  startup_stm32f103xe.o(.text)
    DMA1_Channel2_IRQHandler                 0x0800022f   Thumb Code     0  startup_stm32f103xe.o(.text)
    DMA1_Channel3_IRQHandler                 0x0800022f   Thumb Code     0  startup_stm32f103xe.o(.text)
    DMA1_Channel4_IRQHandler                 0x0800022f   Thumb Code     0  startup_stm32f103xe.o(.text)
    DMA1_Channel5_IRQHandler                 0x0800022f   Thumb Code     0  startup_stm32f103xe.o(.text)
    DMA1_Channel6_IRQHandler                 0x0800022f   Thumb Code     0  startup_stm32f103xe.o(.text)
    DMA1_Channel7_IRQHandler                 0x0800022f   Thumb Code     0  startup_stm32f103xe.o(.text)
    DMA2_Channel1_IRQHandler                 0x0800022f   Thumb Code     0  startup_stm32f103xe.o(.text)
    DMA2_Channel2_IRQHandler                 0x0800022f   Thumb Code     0  startup_stm32f103xe.o(.text)
    DMA2_Channel3_IRQHandler                 0x0800022f   Thumb Code     0  startup_stm32f103xe.o(.text)
    DMA2_Channel4_5_IRQHandler               0x0800022f   Thumb Code     0  startup_stm32f103xe.o(.text)
    EXTI0_IRQHandler                         0x0800022f   Thumb Code     0  startup_stm32f103xe.o(.text)
    EXTI15_10_IRQHandler                     0x0800022f   Thumb Code     0  startup_stm32f103xe.o(.text)
    EXTI1_IRQHandler                         0x0800022f   Thumb Code     0  startup_stm32f103xe.o(.text)
    EXTI2_IRQHandler                         0x0800022f   Thumb Code     0  startup_stm32f103xe.o(.text)
    EXTI3_IRQHandler                         0x0800022f   Thumb Code     0  startup_stm32f103xe.o(.text)
    EXTI4_IRQHandler                         0x0800022f   Thumb Code     0  startup_stm32f103xe.o(.text)
    EXTI9_5_IRQHandler                       0x0800022f   Thumb Code     0  startup_stm32f103xe.o(.text)
    FLASH_IRQHandler                         0x0800022f   Thumb Code     0  startup_stm32f103xe.o(.text)
    FSMC_IRQHandler                          0x0800022f   Thumb Code     0  startup_stm32f103xe.o(.text)
    I2C1_ER_IRQHandler                       0x0800022f   Thumb Code     0  startup_stm32f103xe.o(.text)
    I2C1_EV_IRQHandler                       0x0800022f   Thumb Code     0  startup_stm32f103xe.o(.text)
    I2C2_ER_IRQHandler                       0x0800022f   Thumb Code     0  startup_stm32f103xe.o(.text)
    I2C2_EV_IRQHandler                       0x0800022f   Thumb Code     0  startup_stm32f103xe.o(.text)
    PVD_IRQHandler                           0x0800022f   Thumb Code     0  startup_stm32f103xe.o(.text)
    RCC_IRQHandler                           0x0800022f   Thumb Code     0  startup_stm32f103xe.o(.text)
    RTC_Alarm_IRQHandler                     0x0800022f   Thumb Code     0  startup_stm32f103xe.o(.text)
    RTC_IRQHandler                           0x0800022f   Thumb Code     0  startup_stm32f103xe.o(.text)
    SDIO_IRQHandler                          0x0800022f   Thumb Code     0  startup_stm32f103xe.o(.text)
    SPI1_IRQHandler                          0x0800022f   Thumb Code     0  startup_stm32f103xe.o(.text)
    SPI2_IRQHandler                          0x0800022f   Thumb Code     0  startup_stm32f103xe.o(.text)
    SPI3_IRQHandler                          0x0800022f   Thumb Code     0  startup_stm32f103xe.o(.text)
    TAMPER_IRQHandler                        0x0800022f   Thumb Code     0  startup_stm32f103xe.o(.text)
    TIM1_BRK_IRQHandler                      0x0800022f   Thumb Code     0  startup_stm32f103xe.o(.text)
    TIM1_CC_IRQHandler                       0x0800022f   Thumb Code     0  startup_stm32f103xe.o(.text)
    TIM1_TRG_COM_IRQHandler                  0x0800022f   Thumb Code     0  startup_stm32f103xe.o(.text)
    TIM1_UP_IRQHandler                       0x0800022f   Thumb Code     0  startup_stm32f103xe.o(.text)
    TIM2_IRQHandler                          0x0800022f   Thumb Code     0  startup_stm32f103xe.o(.text)
    TIM3_IRQHandler                          0x0800022f   Thumb Code     0  startup_stm32f103xe.o(.text)
    TIM4_IRQHandler                          0x0800022f   Thumb Code     0  startup_stm32f103xe.o(.text)
    TIM5_IRQHandler                          0x0800022f   Thumb Code     0  startup_stm32f103xe.o(.text)
    TIM6_IRQHandler                          0x0800022f   Thumb Code     0  startup_stm32f103xe.o(.text)
    TIM7_IRQHandler                          0x0800022f   Thumb Code     0  startup_stm32f103xe.o(.text)
    TIM8_BRK_IRQHandler                      0x0800022f   Thumb Code     0  startup_stm32f103xe.o(.text)
    TIM8_CC_IRQHandler                       0x0800022f   Thumb Code     0  startup_stm32f103xe.o(.text)
    TIM8_TRG_COM_IRQHandler                  0x0800022f   Thumb Code     0  startup_stm32f103xe.o(.text)
    TIM8_UP_IRQHandler                       0x0800022f   Thumb Code     0  startup_stm32f103xe.o(.text)
    UART4_IRQHandler                         0x0800022f   Thumb Code     0  startup_stm32f103xe.o(.text)
    UART5_IRQHandler                         0x0800022f   Thumb Code     0  startup_stm32f103xe.o(.text)
    USART2_IRQHandler                        0x0800022f   Thumb Code     0  startup_stm32f103xe.o(.text)
    USART3_IRQHandler                        0x0800022f   Thumb Code     0  startup_stm32f103xe.o(.text)
    USB_HP_CAN1_TX_IRQHandler                0x0800022f   Thumb Code     0  startup_stm32f103xe.o(.text)
    WWDG_IRQHandler                          0x0800022f   Thumb Code     0  startup_stm32f103xe.o(.text)
    __user_initial_stackheap                 0x08000231   Thumb Code     0  startup_stm32f103xe.o(.text)
    __use_no_semihosting                     0x08000255   Thumb Code     2  use_no_semi_2.o(.text)
    __aeabi_uldivmod                         0x08000257   Thumb Code     0  lludivv7m.o(.text)
    _ll_udiv                                 0x08000257   Thumb Code   238  lludivv7m.o(.text)
    __aeabi_ldivmod                          0x08000345   Thumb Code     0  llsdiv.o(.text)
    _ll_sdiv                                 0x08000345   Thumb Code    72  llsdiv.o(.text)
    __2printf                                0x0800038d   Thumb Code    20  noretval__2printf.o(.text)
    __printf                                 0x080003a5   Thumb Code   104  __printf.o(.text)
    _printf_int_hex                          0x0800040d   Thumb Code    84  _printf_hex_int.o(.text)
    _printf_longlong_hex                     0x0800040d   Thumb Code     0  _printf_hex_int.o(.text)
    __aeabi_memcpy                           0x08000465   Thumb Code     0  rt_memcpy_v6.o(.text)
    __rt_memcpy                              0x08000465   Thumb Code   138  rt_memcpy_v6.o(.text)
    _memcpy_lastbytes                        0x080004cb   Thumb Code     0  rt_memcpy_v6.o(.text)
    __aeabi_memclr4                          0x080004ef   Thumb Code     0  rt_memclr_w.o(.text)
    __aeabi_memclr8                          0x080004ef   Thumb Code     0  rt_memclr_w.o(.text)
    __rt_memclr_w                            0x080004ef   Thumb Code    78  rt_memclr_w.o(.text)
    _memset_w                                0x080004f3   Thumb Code     0  rt_memclr_w.o(.text)
    __use_two_region_memory                  0x0800053d   Thumb Code     2  heapauxi.o(.text)
    __rt_heap_escrow$2region                 0x0800053f   Thumb Code     2  heapauxi.o(.text)
    __rt_heap_expand$2region                 0x08000541   Thumb Code     2  heapauxi.o(.text)
    __I$use$semihosting                      0x08000543   Thumb Code     0  use_no_semi.o(.text)
    __use_no_semihosting_swi                 0x08000543   Thumb Code     2  use_no_semi.o(.text)
    _printf_int_common                       0x08000545   Thumb Code   178  _printf_intcommon.o(.text)
    _printf_char_file                        0x080005f9   Thumb Code    32  _printf_char_file.o(.text)
    __aeabi_memcpy4                          0x0800061d   Thumb Code     0  rt_memcpy_w.o(.text)
    __aeabi_memcpy8                          0x0800061d   Thumb Code     0  rt_memcpy_w.o(.text)
    __rt_memcpy_w                            0x0800061d   Thumb Code   100  rt_memcpy_w.o(.text)
    _memcpy_lastbytes_aligned                0x08000665   Thumb Code     0  rt_memcpy_w.o(.text)
    _printf_char_common                      0x0800068b   Thumb Code    32  _printf_char_common.o(.text)
    ferror                                   0x080006b1   Thumb Code     8  ferror.o(.text)
    __user_setup_stackheap                   0x080006b9   Thumb Code    74  sys_stackheap_outer.o(.text)
    exit                                     0x08000703   Thumb Code    18  exit.o(.text)
    __user_libspace                          0x08000715   Thumb Code     8  libspace.o(.text)
    __user_perproc_libspace                  0x08000715   Thumb Code     0  libspace.o(.text)
    __user_perthread_libspace                0x08000715   Thumb Code     0  libspace.o(.text)
    Bot_Abort                                0x0800071d   Thumb Code    50  usb_bot.o(i.Bot_Abort)
    BusFault_Handler                         0x0800074f   Thumb Code     2  stm32f1xx_it.o(i.BusFault_Handler)
    ByteSwap                                 0x08000751   Thumb Code    10  usb_regs.o(i.ByteSwap)
    CBW_Decode                               0x0800075d   Thumb Code   388  usb_bot.o(i.CBW_Decode)
    CTR_LP                                   0x080008f1   Thumb Code   314  usb_int.o(i.CTR_LP)
    ClearDTOG_RX                             0x08000a49   Thumb Code    36  usb_regs.o(i.ClearDTOG_RX)
    ClearDTOG_TX                             0x08000a71   Thumb Code    36  usb_regs.o(i.ClearDTOG_TX)
    Clear_Status_Out                         0x08000a99   Thumb Code    28  usb_regs.o(i.Clear_Status_Out)
    DebugMon_Handler                         0x08000dad   Thumb Code     2  stm32f1xx_it.o(i.DebugMon_Handler)
    EP1_IN_Callback                          0x08000daf   Thumb Code     4  usb_endp.o(i.EP1_IN_Callback)
    EP2_OUT_Callback                         0x08000db3   Thumb Code     4  usb_endp.o(i.EP2_OUT_Callback)
    Enter_LowPowerMode                       0x08000db9   Thumb Code    16  hw_config.o(i.Enter_LowPowerMode)
    FSMC_NORSRAM_Extended_Timing_Init        0x08000de9   Thumb Code    94  stm32f1xx_ll_fsmc.o(i.FSMC_NORSRAM_Extended_Timing_Init)
    FSMC_NORSRAM_Init                        0x08000e4d   Thumb Code   152  stm32f1xx_ll_fsmc.o(i.FSMC_NORSRAM_Init)
    FSMC_NORSRAM_Timing_Init                 0x08000ee9   Thumb Code   118  stm32f1xx_ll_fsmc.o(i.FSMC_NORSRAM_Timing_Init)
    GetEPRxAddr                              0x08000f61   Thumb Code    22  usb_regs.o(i.GetEPRxAddr)
    GetEPRxCount                             0x08000f81   Thumb Code    24  usb_regs.o(i.GetEPRxCount)
    GetEPRxStatus                            0x08000fa1   Thumb Code    18  usb_regs.o(i.GetEPRxStatus)
    GetEPTxAddr                              0x08000fb9   Thumb Code    20  usb_regs.o(i.GetEPTxAddr)
    Get_Max_Lun                              0x08000fd5   Thumb Code    18  usb_prop.o(i.Get_Max_Lun)
    Get_SerialNum                            0x08000ff1   Thumb Code    44  hw_config.o(i.Get_SerialNum)
    HAL_Delay                                0x08001025   Thumb Code    22  stm32f1xx_hal.o(i.HAL_Delay)
    HAL_GPIO_Init                            0x0800103d   Thumb Code   450  stm32f1xx_hal_gpio.o(i.HAL_GPIO_Init)
    HAL_GPIO_WritePin                        0x08001229   Thumb Code    10  stm32f1xx_hal_gpio.o(i.HAL_GPIO_WritePin)
    HAL_GetTick                              0x08001235   Thumb Code     6  stm32f1xx_hal.o(i.HAL_GetTick)
    HAL_IncTick                              0x08001241   Thumb Code    10  stm32f1xx_hal.o(i.HAL_IncTick)
    HAL_Init                                 0x08001251   Thumb Code    32  stm32f1xx_hal.o(i.HAL_Init)
    HAL_InitTick                             0x08001275   Thumb Code    34  stm32f1xx_hal.o(i.HAL_InitTick)
    HAL_MspInit                              0x08001297   Thumb Code     2  stm32f1xx_hal_msp.o(i.HAL_MspInit)
    HAL_NVIC_EnableIRQ                       0x08001299   Thumb Code    22  stm32f1xx_hal_cortex.o(i.HAL_NVIC_EnableIRQ)
    HAL_NVIC_SetPriority                     0x080012b1   Thumb Code    60  stm32f1xx_hal_cortex.o(i.HAL_NVIC_SetPriority)
    HAL_NVIC_SetPriorityGrouping             0x080012f1   Thumb Code    26  stm32f1xx_hal_cortex.o(i.HAL_NVIC_SetPriorityGrouping)
    HAL_RCCEx_PeriphCLKConfig                0x08001315   Thumb Code   286  stm32f1xx_hal_rcc_ex.o(i.HAL_RCCEx_PeriphCLKConfig)
    HAL_RCC_ClockConfig                      0x08001441   Thumb Code   366  stm32f1xx_hal_rcc.o(i.HAL_RCC_ClockConfig)
    HAL_RCC_GetHCLKFreq                      0x080015c1   Thumb Code     6  stm32f1xx_hal_rcc.o(i.HAL_RCC_GetHCLKFreq)
    HAL_RCC_GetPCLK1Freq                     0x080015cd   Thumb Code    34  stm32f1xx_hal_rcc.o(i.HAL_RCC_GetPCLK1Freq)
    HAL_RCC_GetPCLK2Freq                     0x080015fd   Thumb Code    34  stm32f1xx_hal_rcc.o(i.HAL_RCC_GetPCLK2Freq)
    HAL_RCC_GetSysClockFreq                  0x0800162d   Thumb Code   102  stm32f1xx_hal_rcc.o(i.HAL_RCC_GetSysClockFreq)
    HAL_RCC_OscConfig                        0x080016b5   Thumb Code  1402  stm32f1xx_hal_rcc.o(i.HAL_RCC_OscConfig)
    HAL_SD_Get_CardInfo                      0x08001c2f   Thumb Code   696  stm32f1xx_hal_sd.o(i.HAL_SD_Get_CardInfo)
    HAL_SD_Init                              0x08001ee7   Thumb Code   188  stm32f1xx_hal_sd.o(i.HAL_SD_Init)
    HAL_SD_MspInit                           0x08001fa5   Thumb Code   112  sdio_sdcard.o(i.HAL_SD_MspInit)
    HAL_SD_ReadBlocks                        0x08002021   Thumb Code   398  stm32f1xx_hal_sd.o(i.HAL_SD_ReadBlocks)
    HAL_SD_StopTransfer                      0x080021af   Thumb Code    52  stm32f1xx_hal_sd.o(i.HAL_SD_StopTransfer)
    HAL_SD_WideBusOperation_Config           0x080021e3   Thumb Code   128  stm32f1xx_hal_sd.o(i.HAL_SD_WideBusOperation_Config)
    HAL_SD_WriteBlocks                       0x08002263   Thumb Code   484  stm32f1xx_hal_sd.o(i.HAL_SD_WriteBlocks)
    HAL_SPI_Init                             0x08002449   Thumb Code   132  stm32f1xx_hal_spi_ex.o(i.HAL_SPI_Init)
    HAL_SPI_MspInit                          0x080024d1   Thumb Code    68  spi.o(i.HAL_SPI_MspInit)
    HAL_SPI_TransmitReceive                  0x0800251d   Thumb Code   690  stm32f1xx_hal_spi.o(i.HAL_SPI_TransmitReceive)
    HAL_SRAM_Init                            0x080027cf   Thumb Code    86  stm32f1xx_hal_sram.o(i.HAL_SRAM_Init)
    HAL_SRAM_MspInit                         0x08002825   Thumb Code   128  lcd.o(i.HAL_SRAM_MspInit)
    HAL_SYSTICK_CLKSourceConfig              0x080028b5   Thumb Code    24  stm32f1xx_hal_cortex.o(i.HAL_SYSTICK_CLKSourceConfig)
    HAL_SYSTICK_Config                       0x080028cd   Thumb Code    40  stm32f1xx_hal_cortex.o(i.HAL_SYSTICK_Config)
    HAL_UART_ErrorCallback                   0x080028f5   Thumb Code     2  stm32f1xx_hal_uart.o(i.HAL_UART_ErrorCallback)
    HAL_UART_GetState                        0x080028f7   Thumb Code     6  stm32f1xx_hal_uart.o(i.HAL_UART_GetState)
    HAL_UART_IRQHandler                      0x080028fd   Thumb Code   216  stm32f1xx_hal_uart.o(i.HAL_UART_IRQHandler)
    HAL_UART_Init                            0x080029d5   Thumb Code    94  stm32f1xx_hal_uart.o(i.HAL_UART_Init)
    HAL_UART_MspInit                         0x08002a35   Thumb Code   126  usart.o(i.HAL_UART_MspInit)
    HAL_UART_Receive_IT                      0x08002ac1   Thumb Code   104  stm32f1xx_hal_uart.o(i.HAL_UART_Receive_IT)
    HAL_UART_RxCpltCallback                  0x08002b29   Thumb Code    76  usart.o(i.HAL_UART_RxCpltCallback)
    HAL_UART_TxCpltCallback                  0x08002b81   Thumb Code     2  stm32f1xx_hal_uart.o(i.HAL_UART_TxCpltCallback)
    HardFault_Handler                        0x08002b83   Thumb Code     2  stm32f1xx_it.o(i.HardFault_Handler)
    INTX_DISABLE                             0x08002b85   Thumb Code     4  sys.o(i.INTX_DISABLE)
    INTX_ENABLE                              0x08002b89   Thumb Code     4  sys.o(i.INTX_ENABLE)
    In0_Process                              0x08002b8d   Thumb Code    80  usb_core.o(i.In0_Process)
    IntToUnicode                             0x08002be9   Thumb Code    54  hw_config.o(i.IntToUnicode)
    LCD_Clear                                0x08002c21   Thumb Code    42  lcd.o(i.LCD_Clear)
    LCD_Display_Dir                          0x08002c55   Thumb Code   212  lcd.o(i.LCD_Display_Dir)
    LCD_Fast_DrawPoint                       0x08002d2d   Thumb Code   224  lcd.o(i.LCD_Fast_DrawPoint)
    LCD_Fill                                 0x08002e15   Thumb Code    68  lcd.o(i.LCD_Fill)
    LCD_Init                                 0x08002e5d   Thumb Code  9106  lcd.o(i.LCD_Init)
    LCD_Pow                                  0x080051f5   Thumb Code    16  lcd.o(i.LCD_Pow)
    LCD_RD_DATA                              0x08005205   Thumb Code    16  lcd.o(i.LCD_RD_DATA)
    LCD_SSD_BackLightSet                     0x08005219   Thumb Code    70  lcd.o(i.LCD_SSD_BackLightSet)
    LCD_Scan_Dir                             0x08005265   Thumb Code   434  lcd.o(i.LCD_Scan_Dir)
    LCD_SetCursor                            0x0800541d   Thumb Code   254  lcd.o(i.LCD_SetCursor)
    LCD_ShowChar                             0x08005521   Thumb Code   194  lcd.o(i.LCD_ShowChar)
    LCD_ShowNum                              0x080055fd   Thumb Code   118  lcd.o(i.LCD_ShowNum)
    LCD_WR_DATA                              0x08005675   Thumb Code    20  lcd.o(i.LCD_WR_DATA)
    LCD_WR_REG                               0x0800568d   Thumb Code    20  lcd.o(i.LCD_WR_REG)
    LCD_WriteRAM_Prepare                     0x080056a5   Thumb Code    10  lcd.o(i.LCD_WriteRAM_Prepare)
    LCD_WriteReg                             0x080056b9   Thumb Code    10  lcd.o(i.LCD_WriteReg)
    LED_Init                                 0x080056c9   Thumb Code    98  led.o(i.LED_Init)
    Leave_LowPowerMode                       0x08005739   Thumb Code    26  hw_config.o(i.Leave_LowPowerMode)
    Led_RW_OFF                               0x08005775   Thumb Code    10  hw_config.o(i.Led_RW_OFF)
    Led_RW_ON                                0x08005785   Thumb Code    10  hw_config.o(i.Led_RW_ON)
    MAL_GetStatus                            0x08005795   Thumb Code    16  mass_mal.o(i.MAL_GetStatus)
    MAL_Read                                 0x080057a5   Thumb Code    48  mass_mal.o(i.MAL_Read)
    MAL_Write                                0x080057d5   Thumb Code    48  mass_mal.o(i.MAL_Write)
    MASS_Data_Setup                          0x08005805   Thumb Code    54  usb_prop.o(i.MASS_Data_Setup)
    MASS_GetConfigDescriptor                 0x08005845   Thumb Code     6  usb_prop.o(i.MASS_GetConfigDescriptor)
    MASS_GetDeviceDescriptor                 0x08005851   Thumb Code     6  usb_prop.o(i.MASS_GetDeviceDescriptor)
    MASS_GetStringDescriptor                 0x0800585d   Thumb Code    24  usb_prop.o(i.MASS_GetStringDescriptor)
    MASS_Get_Interface_Setting               0x0800587d   Thumb Code    10  usb_prop.o(i.MASS_Get_Interface_Setting)
    MASS_NoData_Setup                        0x08005889   Thumb Code    62  usb_prop.o(i.MASS_NoData_Setup)
    MASS_Reset                               0x080058d9   Thumb Code   200  usb_prop.o(i.MASS_Reset)
    MASS_Status_In                           0x080059c1   Thumb Code     2  usb_prop.o(i.MASS_Status_In)
    MASS_Status_Out                          0x080059c3   Thumb Code     2  usb_prop.o(i.MASS_Status_Out)
    MASS_init                                0x080059c5   Thumb Code    28  usb_prop.o(i.MASS_init)
    Mass_Storage_ClearFeature                0x080059e9   Thumb Code    18  usb_prop.o(i.Mass_Storage_ClearFeature)
    Mass_Storage_In                          0x08005a05   Thumb Code   114  usb_bot.o(i.Mass_Storage_In)
    Mass_Storage_Out                         0x08005a85   Thumb Code   104  usb_bot.o(i.Mass_Storage_Out)
    Mass_Storage_SetConfiguration            0x08005af9   Thumb Code    38  usb_prop.o(i.Mass_Storage_SetConfiguration)
    Mass_Storage_SetDeviceAddress            0x08005b2d   Thumb Code     8  usb_prop.o(i.Mass_Storage_SetDeviceAddress)
    MemManage_Handler                        0x08005b39   Thumb Code     2  stm32f1xx_it.o(i.MemManage_Handler)
    NMI_Handler                              0x08005b3b   Thumb Code     2  stm32f1xx_it.o(i.NMI_Handler)
    NOP_Process                              0x08005b3d   Thumb Code     2  usb_core.o(i.NOP_Process)
    Out0_Process                             0x08005c35   Thumb Code    62  usb_core.o(i.Out0_Process)
    PMAToUserBufferCopy                      0x08005c7d   Thumb Code    26  usb_mem.o(i.PMAToUserBufferCopy)
    PendSV_Handler                           0x08005c9d   Thumb Code     2  stm32f1xx_it.o(i.PendSV_Handler)
    Post0_Process                            0x08005ca1   Thumb Code    52  usb_core.o(i.Post0_Process)
    PowerOn                                  0x08005ce5   Thumb Code    36  usb_pwr.o(i.PowerOn)
    Read_Memory                              0x08005d11   Thumb Code   224  memory.o(i.Read_Memory)
    Resume                                   0x08005e01   Thumb Code   140  usb_pwr.o(i.Resume)
    Resume_Init                              0x08005e95   Thumb Code    26  usb_pwr.o(i.Resume_Init)
    SCSI_Address_Management                  0x08005eb5   Thumb Code    98  usb_scsi.o(i.SCSI_Address_Management)
    SCSI_Format_Cmd                          0x08005f29   Thumb Code    42  usb_scsi.o(i.SCSI_Format_Cmd)
    SCSI_Inquiry_Cmd                         0x08005f59   Thumb Code    34  usb_scsi.o(i.SCSI_Inquiry_Cmd)
    SCSI_Invalid_Cmd                         0x08005f8d   Thumb Code    46  usb_scsi.o(i.SCSI_Invalid_Cmd)
    SCSI_ModeSense10_Cmd                     0x08005fc1   Thumb Code     8  usb_scsi.o(i.SCSI_ModeSense10_Cmd)
    SCSI_ModeSense6_Cmd                      0x08005fcd   Thumb Code     8  usb_scsi.o(i.SCSI_ModeSense6_Cmd)
    SCSI_Read10_Cmd                          0x08005fd9   Thumb Code    96  usb_scsi.o(i.SCSI_Read10_Cmd)
    SCSI_ReadCapacity10_Cmd                  0x08006041   Thumb Code    96  usb_scsi.o(i.SCSI_ReadCapacity10_Cmd)
    SCSI_ReadFormatCapacity_Cmd              0x080060b1   Thumb Code    90  usb_scsi.o(i.SCSI_ReadFormatCapacity_Cmd)
    SCSI_RequestSense_Cmd                    0x0800611d   Thumb Code    16  usb_scsi.o(i.SCSI_RequestSense_Cmd)
    SCSI_Start_Stop_Unit_Cmd                 0x08006135   Thumb Code     8  usb_scsi.o(i.SCSI_Start_Stop_Unit_Cmd)
    SCSI_TestUnitReady_Cmd                   0x0800613d   Thumb Code    50  usb_scsi.o(i.SCSI_TestUnitReady_Cmd)
    SCSI_Verify10_Cmd                        0x08006175   Thumb Code    48  usb_scsi.o(i.SCSI_Verify10_Cmd)
    SCSI_Write10_Cmd                         0x080061a9   Thumb Code    94  usb_scsi.o(i.SCSI_Write10_Cmd)
    SDIO_DataConfig                          0x08006211   Thumb Code    36  stm32f1xx_ll_sdmmc.o(i.SDIO_DataConfig)
    SDIO_GetCommandResponse                  0x08006235   Thumb Code     6  stm32f1xx_ll_sdmmc.o(i.SDIO_GetCommandResponse)
    SDIO_GetPowerState                       0x0800623b   Thumb Code     8  stm32f1xx_ll_sdmmc.o(i.SDIO_GetPowerState)
    SDIO_GetResponse                         0x08006245   Thumb Code    12  stm32f1xx_ll_sdmmc.o(i.SDIO_GetResponse)
    SDIO_Init                                0x08006255   Thumb Code    36  stm32f1xx_ll_sdmmc.o(i.SDIO_Init)
    SDIO_PowerState_ON                       0x08006279   Thumb Code     8  stm32f1xx_ll_sdmmc.o(i.SDIO_PowerState_ON)
    SDIO_ReadFIFO                            0x08006281   Thumb Code     6  stm32f1xx_ll_sdmmc.o(i.SDIO_ReadFIFO)
    SDIO_SendCommand                         0x08006287   Thumb Code    32  stm32f1xx_ll_sdmmc.o(i.SDIO_SendCommand)
    SDIO_WriteFIFO                           0x080062a7   Thumb Code    10  stm32f1xx_ll_sdmmc.o(i.SDIO_WriteFIFO)
    SD_Init                                  0x080065a1   Thumb Code    56  sdio_sdcard.o(i.SD_Init)
    SD_ReadDisk                              0x080069b5   Thumb Code   116  sdio_sdcard.o(i.SD_ReadDisk)
    SD_WriteDisk                             0x08006b29   Thumb Code   118  sdio_sdcard.o(i.SD_WriteDisk)
    SPI2_Init                                0x08006ba5   Thumb Code    72  spi.o(i.SPI2_Init)
    SPI2_ReadWriteByte                       0x08006bf5   Thumb Code    28  spi.o(i.SPI2_ReadWriteByte)
    SPI2_SetSpeed                            0x08006c15   Thumb Code    46  spi.o(i.SPI2_SetSpeed)
    SVC_Handler                              0x08006ce7   Thumb Code     2  stm32f1xx_it.o(i.SVC_Handler)
    SetBTABLE                                0x08006ce9   Thumb Code    10  usb_regs.o(i.SetBTABLE)
    SetDeviceAddress                         0x08006cf9   Thumb Code    58  usb_core.o(i.SetDeviceAddress)
    SetEPRxAddr                              0x08006d41   Thumb Code    24  usb_regs.o(i.SetEPRxAddr)
    SetEPRxCount                             0x08006d61   Thumb Code    54  usb_regs.o(i.SetEPRxCount)
    SetEPRxStatus                            0x08006da1   Thumb Code    44  usb_regs.o(i.SetEPRxStatus)
    SetEPRxValid                             0x08006dd1   Thumb Code    32  usb_regs.o(i.SetEPRxValid)
    SetEPTxAddr                              0x08006df5   Thumb Code    22  usb_regs.o(i.SetEPTxAddr)
    SetEPTxCount                             0x08006e15   Thumb Code    20  usb_regs.o(i.SetEPTxCount)
    SetEPTxStatus                            0x08006e31   Thumb Code    44  usb_regs.o(i.SetEPTxStatus)
    SetEPType                                0x08006e61   Thumb Code    24  usb_regs.o(i.SetEPType)
    Set_CSW                                  0x08006e7d   Thumb Code    50  usb_bot.o(i.Set_CSW)
    Set_Scsi_Sense_Data                      0x08006ebd   Thumb Code     8  usb_scsi.o(i.Set_Scsi_Sense_Data)
    Set_USBClock                             0x08006ec9   Thumb Code    40  hw_config.o(i.Set_USBClock)
    Setup0_Process                           0x08006ef5   Thumb Code    92  usb_core.o(i.Setup0_Process)
    Standard_ClearFeature                    0x08006f5d   Thumb Code   232  usb_core.o(i.Standard_ClearFeature)
    Standard_GetConfiguration                0x08007059   Thumb Code    30  usb_core.o(i.Standard_GetConfiguration)
    Standard_GetDescriptorData               0x08007081   Thumb Code    24  usb_core.o(i.Standard_GetDescriptorData)
    Standard_GetInterface                    0x0800709d   Thumb Code    30  usb_core.o(i.Standard_GetInterface)
    Standard_GetStatus                       0x080070c5   Thumb Code   130  usb_core.o(i.Standard_GetStatus)
    Standard_SetConfiguration                0x08007159   Thumb Code    42  usb_core.o(i.Standard_SetConfiguration)
    Standard_SetDeviceFeature                0x08007191   Thumb Code    26  usb_core.o(i.Standard_SetDeviceFeature)
    Standard_SetEndPointFeature              0x080071b5   Thumb Code   118  usb_core.o(i.Standard_SetEndPointFeature)
    Standard_SetInterface                    0x0800723d   Thumb Code    60  usb_core.o(i.Standard_SetInterface)
    Stm32_Clock_Init                         0x08007285   Thumb Code    68  sys.o(i.Stm32_Clock_Init)
    Suspend                                  0x080072c9   Thumb Code   114  usb_pwr.o(i.Suspend)
    SysTick_Handler                          0x08007349   Thumb Code     4  stm32f1xx_it.o(i.SysTick_Handler)
    SystemInit                               0x0800734d   Thumb Code    56  system_stm32f1xx.o(i.SystemInit)
    Transfer_Data_Request                    0x08007395   Thumb Code    42  usb_bot.o(i.Transfer_Data_Request)
    USART1_IRQHandler                        0x08007649   Thumb Code    34  usart.o(i.USART1_IRQHandler)
    USBWakeUp_IRQHandler                     0x08007675   Thumb Code    10  hw_config.o(i.USBWakeUp_IRQHandler)
    USB_Cable_Config                         0x08007685   Thumb Code    12  hw_config.o(i.USB_Cable_Config)
    USB_Init                                 0x080076c1   Thumb Code    22  usb_init.o(i.USB_Init)
    USB_Interrupts_Config                    0x080076e9   Thumb Code    80  hw_config.o(i.USB_Interrupts_Config)
    USB_Istr                                 0x0800773d   Thumb Code   166  usb_istr.o(i.USB_Istr)
    USB_LP_CAN1_RX0_IRQHandler               0x080077f9   Thumb Code     4  hw_config.o(i.USB_LP_CAN1_RX0_IRQHandler)
    USB_NotConfigured_LED                    0x080077fd   Thumb Code     6  hw_config.o(i.USB_NotConfigured_LED)
    USB_Port_Set                             0x08007819   Thumb Code    74  hw_config.o(i.USB_Port_Set)
    USB_SIL_Init                             0x08007875   Thumb Code    24  usb_sil.o(i.USB_SIL_Init)
    USB_SIL_Read                             0x08007895   Thumb Code    36  usb_sil.o(i.USB_SIL_Read)
    USB_SIL_Write                            0x080078b9   Thumb Code    38  usb_sil.o(i.USB_SIL_Write)
    UsageFault_Handler                       0x080078df   Thumb Code     2  stm32f1xx_it.o(i.UsageFault_Handler)
    UserToPMABufferCopy                      0x080078e1   Thumb Code    36  usb_mem.o(i.UserToPMABufferCopy)
    W25QXX_Erase_Sector                      0x08007909   Thumb Code    80  w25qxx.o(i.W25QXX_Erase_Sector)
    W25QXX_Init                              0x08007961   Thumb Code   106  w25qxx.o(i.W25QXX_Init)
    W25QXX_Read                              0x080079dd   Thumb Code    94  w25qxx.o(i.W25QXX_Read)
    W25QXX_ReadID                            0x08007a45   Thumb Code    62  w25qxx.o(i.W25QXX_ReadID)
    W25QXX_ReadSR                            0x08007a89   Thumb Code    52  w25qxx.o(i.W25QXX_ReadSR)
    W25QXX_Wait_Busy                         0x08007ac1   Thumb Code    14  w25qxx.o(i.W25QXX_Wait_Busy)
    W25QXX_Write                             0x08007ad1   Thumb Code   150  w25qxx.o(i.W25QXX_Write)
    W25QXX_Write_Enable                      0x08007b6d   Thumb Code    26  w25qxx.o(i.W25QXX_Write_Enable)
    W25QXX_Write_NoCheck                     0x08007b8d   Thumb Code    62  w25qxx.o(i.W25QXX_Write_NoCheck)
    W25QXX_Write_Page                        0x08007bcd   Thumb Code   100  w25qxx.o(i.W25QXX_Write_Page)
    Write_Memory                             0x08007c39   Thumb Code   258  memory.o(i.Write_Memory)
    _sys_exit                                0x08007d55   Thumb Code     2  usart.o(i._sys_exit)
    delay_init                               0x08007d59   Thumb Code    16  delay.o(i.delay_init)
    delay_ms                                 0x08007d6d   Thumb Code    26  delay.o(i.delay_ms)
    delay_us                                 0x08007d89   Thumb Code    48  delay.o(i.delay_us)
    fputc                                    0x08007dbd   Thumb Code    18  usart.o(i.fputc)
    main                                     0x08007dd5   Thumb Code   502  main.o(i.main)
    my_mem_init                              0x08008115   Thumb Code    50  malloc.o(i.my_mem_init)
    my_mem_malloc                            0x08008151   Thumb Code   130  malloc.o(i.my_mem_malloc)
    my_mem_perused                           0x080081dd   Thumb Code    48  malloc.o(i.my_mem_perused)
    mymalloc                                 0x08008215   Thumb Code    28  malloc.o(i.mymalloc)
    mymemset                                 0x08008235   Thumb Code    12  malloc.o(i.mymemset)
    uart_init                                0x08008241   Thumb Code    44  usart.o(i.uart_init)
    __aeabi_d2uiz                            0x08008279   Thumb Code     0  dfixu.o(x$fpl$dfixu)
    _dfixu                                   0x08008279   Thumb Code    90  dfixu.o(x$fpl$dfixu)
    __aeabi_ui2d                             0x080082d3   Thumb Code     0  dflt_clz.o(x$fpl$dfltu)
    _dfltu                                   0x080082d3   Thumb Code    38  dflt_clz.o(x$fpl$dfltu)
    __aeabi_dmul                             0x080082f9   Thumb Code     0  dmul.o(x$fpl$dmul)
    _dmul                                    0x080082f9   Thumb Code   332  dmul.o(x$fpl$dmul)
    __fpl_dnaninf                            0x0800844d   Thumb Code   156  dnaninf.o(x$fpl$dnaninf)
    __fpl_dretinf                            0x080084e9   Thumb Code    12  dretinf.o(x$fpl$dretinf)
    AHBPrescTable                            0x080084f4   Data          16  system_stm32f1xx.o(.constdata)
    __I$use$fp                               0x080084f4   Number         0  usenofp.o(x$fpl$usenofp)
    APBPrescTable                            0x08008504   Data           8  system_stm32f1xx.o(.constdata)
    asc2_1206                                0x0800850c   Data        1140  lcd.o(.constdata)
    asc2_1608                                0x08008980   Data        1520  lcd.o(.constdata)
    asc2_2412                                0x08008f70   Data        3420  lcd.o(.constdata)
    asc2_3216                                0x08009ccc   Data       12160  lcd.o(.constdata)
    MASS_DeviceDescriptor                    0x0800cc4c   Data          18  usb_desc.o(.constdata)
    MASS_ConfigDescriptor                    0x0800cc5e   Data          32  usb_desc.o(.constdata)
    MASS_StringLangID                        0x0800cc7e   Data           4  usb_desc.o(.constdata)
    MASS_StringVendor                        0x0800cc82   Data          38  usb_desc.o(.constdata)
    MASS_StringProduct                       0x0800cca8   Data          38  usb_desc.o(.constdata)
    MASS_StringInterface                     0x0800ccce   Data          16  usb_desc.o(.constdata)
    memtblsize                               0x0800cce0   Data           8  malloc.o(.constdata)
    memblksize                               0x0800cce8   Data           8  malloc.o(.constdata)
    memsize                                  0x0800ccf0   Data           8  malloc.o(.constdata)
    Region$$Table$$Base                      0x0800cd20   Number         0  anon$$obj.o(Region$$Table)
    Region$$Table$$Limit                     0x0800cd40   Number         0  anon$$obj.o(Region$$Table)
    SystemCoreClock                          0x20000000   Data           4  system_stm32f1xx.o(.data)
    uCRCErrorWorkaroundCheck                 0x20000008   Data           1  stm32f1xx_hal_spi_ex.o(.data)
    aRxBuffer                                0x20000010   Data           1  usart.o(.data)
    USART_RX_STA                             0x20000012   Data           2  usart.o(.data)
    __stdout                                 0x20000014   Data           4  usart.o(.data)
    POINT_COLOR                              0x20000018   Data           4  lcd.o(.data)
    BACK_COLOR                               0x2000001c   Data           4  lcd.o(.data)
    W25QXX_TYPE                              0x20000020   Data           2  w25qxx.o(.data)
    Data_Mul_MaxPacketSize                   0x20000022   Data           1  usb_core.o(.data)
    StatusInfo                               0x20000024   Data           2  usb_core.o(.data)
    EPindex                                  0x20000026   Data           1  usb_init.o(.data)
    pInformation                             0x20000028   Data           4  usb_init.o(.data)
    pProperty                                0x2000002c   Data           4  usb_init.o(.data)
    pUser_Standard_Requests                  0x20000030   Data           4  usb_init.o(.data)
    wInterrupt_Mask                          0x20000034   Data           2  usb_init.o(.data)
    SaveRState                               0x20000036   Data           2  usb_int.o(.data)
    SaveTState                               0x20000038   Data           2  usb_int.o(.data)
    Mass_Block_Size                          0x2000003c   Data           8  mass_mal.o(.data)
    Mass_Block_Count                         0x20000044   Data           8  mass_mal.o(.data)
    TransferState                            0x20000050   Data           1  memory.o(.data)
    USB_STATUS_REG                           0x20000051   Data           1  memory.o(.data)
    Block_Read_count                         0x20000054   Data           4  memory.o(.data)
    Counter                                  0x20000058   Data           4  memory.o(.data)
    Block_offset                             0x2000005c   Data           4  memory.o(.data)
    Idx                                      0x20000060   Data           4  memory.o(.data)
    Data_Buffer                              0x20000064   Data           4  memory.o(.data)
    Page00_Inquiry_Data                      0x20000088   Data           5  scsi_data.o(.data)
    Standard_Inquiry_Data                    0x2000008d   Data          36  scsi_data.o(.data)
    Standard_Inquiry_Data2                   0x200000b1   Data          37  scsi_data.o(.data)
    Mode_Sense6_data                         0x200000d6   Data           4  scsi_data.o(.data)
    Mode_Sense10_data                        0x200000da   Data           8  scsi_data.o(.data)
    Scsi_Sense_Data                          0x200000e2   Data          18  scsi_data.o(.data)
    ReadCapacity10_Data                      0x200000f4   Data           8  scsi_data.o(.data)
    ReadFormatCapacity_Data                  0x200000fc   Data          12  scsi_data.o(.data)
    Bot_State                                0x20000108   Data           1  usb_bot.o(.data)
    Data_Len                                 0x2000010a   Data           2  usb_bot.o(.data)
    Bulk_Data_Buff                           0x2000010c   Data           4  usb_bot.o(.data)
    SCSI_LBA                                 0x20000110   Data           4  usb_bot.o(.data)
    SCSI_BlkLen                              0x20000114   Data           4  usb_bot.o(.data)
    MASS_StringSerial                        0x20000118   Data          26  usb_desc.o(.data)
    bIntPackSOF                              0x20000132   Data           1  usb_istr.o(.data)
    wIstr                                    0x20000134   Data           2  usb_istr.o(.data)
    pEpInt_IN                                0x20000138   Data          28  usb_istr.o(.data)
    pEpInt_OUT                               0x20000154   Data          28  usb_istr.o(.data)
    Max_Lun                                  0x20000170   Data           1  usb_prop.o(.data)
    Device_Descriptor                        0x20000174   Data           8  usb_prop.o(.data)
    Config_Descriptor                        0x2000017c   Data           8  usb_prop.o(.data)
    Device_Property                          0x20000184   Data          48  usb_prop.o(.data)
    String_Descriptor                        0x200001b4   Data          40  usb_prop.o(.data)
    Device_Table                             0x200001dc   Data           2  usb_prop.o(.data)
    User_Standard_Requests                   0x200001e0   Data          36  usb_prop.o(.data)
    bDeviceState                             0x20000204   Data           4  usb_pwr.o(.data)
    fSuspendEnabled                          0x20000208   Data           1  usb_pwr.o(.data)
    ResumeS                                  0x2000020c   Data           2  usb_pwr.o(.data)
    remotewakeupon                           0x20000210   Data           4  usb_pwr.o(.data)
    mallco_dev                               0x20000214   Data          28  malloc.o(.data)
    USART_RX_BUF                             0x20000230   Data         200  usart.o(.bss)
    UART1_Handler                            0x200002f8   Data          64  usart.o(.bss)
    TFTSRAM_Handler                          0x20000338   Data          68  lcd.o(.bss)
    lcddev                                   0x2000037c   Data          14  lcd.o(.bss)
    SDCARD_Handler                           0x20000390   Data          96  sdio_sdcard.o(.bss)
    SDCardInfo                               0x200003f0   Data          88  sdio_sdcard.o(.bss)
    SDIO_DATA_BUFFER                         0x20000448   Data         512  sdio_sdcard.o(.bss)
    SPI2_Handler                             0x20000648   Data          88  spi.o(.bss)
    W25QXX_BUFFER                            0x200006a0   Data        4096  w25qxx.o(.bss)
    Device_Info                              0x200016a0   Data          28  usb_init.o(.bss)
    Mass_Memory_Size                         0x200016c0   Data          16  mass_mal.o(.bss)
    CBW                                      0x200016d0   Data          32  usb_bot.o(.bss)
    CSW                                      0x200016f0   Data          16  usb_bot.o(.bss)
    EP                                       0x20001700   Data          32  usb_pwr.o(.bss)
    mem1base                                 0x20001720   Data       40960  malloc.o(.bss)
    mem1mapbase                              0x2000b720   Data        2560  malloc.o(.bss)
    __libspace_start                         0x2000c120   Data          96  libspace.o(.bss)
    __temporary_stack_top$libspace           0x2000c180   Data           0  libspace.o(.bss)
    mem2base                                 0x68000000   Data       983040  malloc.o(.ARM.__AT_0x68000000)
    mem2mapbase                              0x680f0000   Data       61440  malloc.o(.ARM.__AT_0x680F0000)



==============================================================================

Memory Map of the image

  Image Entry point : 0x08000131

  Load Region LR_IROM1 (Base: 0x08000000, Size: 0x0000cf70, Max: 0x00080000, ABSOLUTE, COMPRESSED[0x0000ce14])

    Execution Region ER_IROM1 (Base: 0x08000000, Size: 0x0000cd40, Max: 0x00080000, ABSOLUTE)

    Base Addr    Size         Type   Attr      Idx    E Section Name        Object

    0x08000000   0x00000130   Data   RO          510    RESET               startup_stm32f103xe.o
    0x08000130   0x00000008   Code   RO         5542  * !!!main             c_w.l(__main.o)
    0x08000138   0x00000034   Code   RO         5741    !!!scatter          c_w.l(__scatter.o)
    0x0800016c   0x0000005a   Code   RO         5739    !!dczerorl2         c_w.l(__dczerorl2.o)
    0x080001c6   0x00000002   PAD
    0x080001c8   0x0000001c   Code   RO         5743    !!handler_zi        c_w.l(__scatter_zi.o)
    0x080001e4   0x00000000   Code   RO         5535    .ARM.Collect$$_printf_percent$$00000000  c_w.l(_printf_percent.o)
    0x080001e4   0x00000006   Code   RO         5534    .ARM.Collect$$_printf_percent$$0000000C  c_w.l(_printf_x.o)
    0x080001ea   0x00000004   Code   RO         5567    .ARM.Collect$$_printf_percent$$00000017  c_w.l(_printf_percent_end.o)
    0x080001ee   0x00000002   Code   RO         5613    .ARM.Collect$$libinit$$00000000  c_w.l(libinit.o)
    0x080001f0   0x00000000   Code   RO         5626    .ARM.Collect$$libinit$$00000002  c_w.l(libinit2.o)
    0x080001f0   0x00000000   Code   RO         5628    .ARM.Collect$$libinit$$00000004  c_w.l(libinit2.o)
    0x080001f0   0x00000000   Code   RO         5631    .ARM.Collect$$libinit$$0000000A  c_w.l(libinit2.o)
    0x080001f0   0x00000000   Code   RO         5633    .ARM.Collect$$libinit$$0000000C  c_w.l(libinit2.o)
    0x080001f0   0x00000000   Code   RO         5635    .ARM.Collect$$libinit$$0000000E  c_w.l(libinit2.o)
    0x080001f0   0x00000000   Code   RO         5638    .ARM.Collect$$libinit$$00000011  c_w.l(libinit2.o)
    0x080001f0   0x00000000   Code   RO         5640    .ARM.Collect$$libinit$$00000013  c_w.l(libinit2.o)
    0x080001f0   0x00000000   Code   RO         5642    .ARM.Collect$$libinit$$00000015  c_w.l(libinit2.o)
    0x080001f0   0x00000000   Code   RO         5644    .ARM.Collect$$libinit$$00000017  c_w.l(libinit2.o)
    0x080001f0   0x00000000   Code   RO         5646    .ARM.Collect$$libinit$$00000019  c_w.l(libinit2.o)
    0x080001f0   0x00000000   Code   RO         5648    .ARM.Collect$$libinit$$0000001B  c_w.l(libinit2.o)
    0x080001f0   0x00000000   Code   RO         5650    .ARM.Collect$$libinit$$0000001D  c_w.l(libinit2.o)
    0x080001f0   0x00000000   Code   RO         5652    .ARM.Collect$$libinit$$0000001F  c_w.l(libinit2.o)
    0x080001f0   0x00000000   Code   RO         5654    .ARM.Collect$$libinit$$00000021  c_w.l(libinit2.o)
    0x080001f0   0x00000000   Code   RO         5656    .ARM.Collect$$libinit$$00000023  c_w.l(libinit2.o)
    0x080001f0   0x00000000   Code   RO         5658    .ARM.Collect$$libinit$$00000025  c_w.l(libinit2.o)
    0x080001f0   0x00000000   Code   RO         5662    .ARM.Collect$$libinit$$0000002C  c_w.l(libinit2.o)
    0x080001f0   0x00000000   Code   RO         5664    .ARM.Collect$$libinit$$0000002E  c_w.l(libinit2.o)
    0x080001f0   0x00000000   Code   RO         5666    .ARM.Collect$$libinit$$00000030  c_w.l(libinit2.o)
    0x080001f0   0x00000000   Code   RO         5668    .ARM.Collect$$libinit$$00000032  c_w.l(libinit2.o)
    0x080001f0   0x00000002   Code   RO         5669    .ARM.Collect$$libinit$$00000033  c_w.l(libinit2.o)
    0x080001f2   0x00000002   Code   RO         5695    .ARM.Collect$$libshutdown$$00000000  c_w.l(libshutdown.o)
    0x080001f4   0x00000000   Code   RO         5722    .ARM.Collect$$libshutdown$$00000002  c_w.l(libshutdown2.o)
    0x080001f4   0x00000000   Code   RO         5724    .ARM.Collect$$libshutdown$$00000004  c_w.l(libshutdown2.o)
    0x080001f4   0x00000000   Code   RO         5727    .ARM.Collect$$libshutdown$$00000007  c_w.l(libshutdown2.o)
    0x080001f4   0x00000000   Code   RO         5730    .ARM.Collect$$libshutdown$$0000000A  c_w.l(libshutdown2.o)
    0x080001f4   0x00000000   Code   RO         5732    .ARM.Collect$$libshutdown$$0000000C  c_w.l(libshutdown2.o)
    0x080001f4   0x00000000   Code   RO         5735    .ARM.Collect$$libshutdown$$0000000F  c_w.l(libshutdown2.o)
    0x080001f4   0x00000002   Code   RO         5736    .ARM.Collect$$libshutdown$$00000010  c_w.l(libshutdown2.o)
    0x080001f6   0x00000000   Code   RO         5558    .ARM.Collect$$rtentry$$00000000  c_w.l(__rtentry.o)
    0x080001f6   0x00000000   Code   RO         5576    .ARM.Collect$$rtentry$$00000002  c_w.l(__rtentry2.o)
    0x080001f6   0x00000006   Code   RO         5588    .ARM.Collect$$rtentry$$00000004  c_w.l(__rtentry4.o)
    0x080001fc   0x00000000   Code   RO         5578    .ARM.Collect$$rtentry$$00000009  c_w.l(__rtentry2.o)
    0x080001fc   0x00000004   Code   RO         5579    .ARM.Collect$$rtentry$$0000000A  c_w.l(__rtentry2.o)
    0x08000200   0x00000000   Code   RO         5581    .ARM.Collect$$rtentry$$0000000C  c_w.l(__rtentry2.o)
    0x08000200   0x00000008   Code   RO         5582    .ARM.Collect$$rtentry$$0000000D  c_w.l(__rtentry2.o)
    0x08000208   0x00000002   Code   RO         5617    .ARM.Collect$$rtexit$$00000000  c_w.l(rtexit.o)
    0x0800020a   0x00000000   Code   RO         5671    .ARM.Collect$$rtexit$$00000002  c_w.l(rtexit2.o)
    0x0800020a   0x00000004   Code   RO         5672    .ARM.Collect$$rtexit$$00000003  c_w.l(rtexit2.o)
    0x0800020e   0x00000006   Code   RO         5673    .ARM.Collect$$rtexit$$00000004  c_w.l(rtexit2.o)
    0x08000214   0x00000040   Code   RO          511    .text               startup_stm32f103xe.o
    0x08000254   0x00000002   Code   RO         5481    .text               c_w.l(use_no_semi_2.o)
    0x08000256   0x000000ee   Code   RO         5483    .text               c_w.l(lludivv7m.o)
    0x08000344   0x00000048   Code   RO         5485    .text               c_w.l(llsdiv.o)
    0x0800038c   0x00000018   Code   RO         5489    .text               c_w.l(noretval__2printf.o)
    0x080003a4   0x00000068   Code   RO         5491    .text               c_w.l(__printf.o)
    0x0800040c   0x00000058   Code   RO         5496    .text               c_w.l(_printf_hex_int.o)
    0x08000464   0x0000008a   Code   RO         5536    .text               c_w.l(rt_memcpy_v6.o)
    0x080004ee   0x0000004e   Code   RO         5538    .text               c_w.l(rt_memclr_w.o)
    0x0800053c   0x00000006   Code   RO         5540    .text               c_w.l(heapauxi.o)
    0x08000542   0x00000002   Code   RO         5556    .text               c_w.l(use_no_semi.o)
    0x08000544   0x000000b2   Code   RO         5563    .text               c_w.l(_printf_intcommon.o)
    0x080005f6   0x00000002   PAD
    0x080005f8   0x00000024   Code   RO         5565    .text               c_w.l(_printf_char_file.o)
    0x0800061c   0x00000064   Code   RO         5568    .text               c_w.l(rt_memcpy_w.o)
    0x08000680   0x00000030   Code   RO         5592    .text               c_w.l(_printf_char_common.o)
    0x080006b0   0x00000008   Code   RO         5594    .text               c_w.l(ferror.o)
    0x080006b8   0x0000004a   Code   RO         5598    .text               c_w.l(sys_stackheap_outer.o)
    0x08000702   0x00000012   Code   RO         5602    .text               c_w.l(exit.o)
    0x08000714   0x00000008   Code   RO         5614    .text               c_w.l(libspace.o)
    0x0800071c   0x00000032   Code   RO         4956    i.Bot_Abort         usb_bot.o
    0x0800074e   0x00000002   Code   RO          289    i.BusFault_Handler  stm32f1xx_it.o
    0x08000750   0x0000000a   Code   RO         4322    i.ByteSwap          usb_regs.o
    0x0800075a   0x00000002   PAD
    0x0800075c   0x00000194   Code   RO         4957    i.CBW_Decode        usb_bot.o
    0x080008f0   0x00000158   Code   RO         4251    i.CTR_LP            usb_int.o
    0x08000a48   0x00000028   Code   RO         4323    i.ClearDTOG_RX      usb_regs.o
    0x08000a70   0x00000028   Code   RO         4324    i.ClearDTOG_TX      usb_regs.o
    0x08000a98   0x00000020   Code   RO         4329    i.Clear_Status_Out  usb_regs.o
    0x08000ab8   0x000000b4   Code   RO         4081    i.DataStageIn       usb_core.o
    0x08000b6c   0x000000a4   Code   RO         4082    i.DataStageOut      usb_core.o
    0x08000c10   0x0000019c   Code   RO         4083    i.Data_Setup0       usb_core.o
    0x08000dac   0x00000002   Code   RO          290    i.DebugMon_Handler  stm32f1xx_it.o
    0x08000dae   0x00000004   Code   RO         5049    i.EP1_IN_Callback   usb_endp.o
    0x08000db2   0x00000004   Code   RO         5050    i.EP2_OUT_Callback  usb_endp.o
    0x08000db6   0x00000002   PAD
    0x08000db8   0x00000030   Code   RO         4730    i.Enter_LowPowerMode  hw_config.o
    0x08000de8   0x00000064   Code   RO         2658    i.FSMC_NORSRAM_Extended_Timing_Init  stm32f1xx_ll_fsmc.o
    0x08000e4c   0x0000009c   Code   RO         2659    i.FSMC_NORSRAM_Init  stm32f1xx_ll_fsmc.o
    0x08000ee8   0x00000076   Code   RO         2660    i.FSMC_NORSRAM_Timing_Init  stm32f1xx_ll_fsmc.o
    0x08000f5e   0x00000002   PAD
    0x08000f60   0x00000020   Code   RO         4341    i.GetEPRxAddr       usb_regs.o
    0x08000f80   0x00000020   Code   RO         4342    i.GetEPRxCount      usb_regs.o
    0x08000fa0   0x00000018   Code   RO         4343    i.GetEPRxStatus     usb_regs.o
    0x08000fb8   0x0000001c   Code   RO         4344    i.GetEPTxAddr       usb_regs.o
    0x08000fd4   0x0000001c   Code   RO         5111    i.Get_Max_Lun       usb_prop.o
    0x08000ff0   0x00000034   Code   RO         4731    i.Get_SerialNum     hw_config.o
    0x08001024   0x00000016   Code   RO          525    i.HAL_Delay         stm32f1xx_hal.o
    0x0800103a   0x00000002   PAD
    0x0800103c   0x000001ec   Code   RO          772    i.HAL_GPIO_Init     stm32f1xx_hal_gpio.o
    0x08001228   0x0000000a   Code   RO          776    i.HAL_GPIO_WritePin  stm32f1xx_hal_gpio.o
    0x08001232   0x00000002   PAD
    0x08001234   0x0000000c   Code   RO          529    i.HAL_GetTick       stm32f1xx_hal.o
    0x08001240   0x00000010   Code   RO          530    i.HAL_IncTick       stm32f1xx_hal.o
    0x08001250   0x00000024   Code   RO          531    i.HAL_Init          stm32f1xx_hal.o
    0x08001274   0x00000022   Code   RO          532    i.HAL_InitTick      stm32f1xx_hal.o
    0x08001296   0x00000002   Code   RO          482    i.HAL_MspInit       stm32f1xx_hal_msp.o
    0x08001298   0x00000016   Code   RO          654    i.HAL_NVIC_EnableIRQ  stm32f1xx_hal_cortex.o
    0x080012ae   0x00000002   PAD
    0x080012b0   0x00000040   Code   RO          660    i.HAL_NVIC_SetPriority  stm32f1xx_hal_cortex.o
    0x080012f0   0x00000024   Code   RO          661    i.HAL_NVIC_SetPriorityGrouping  stm32f1xx_hal_cortex.o
    0x08001314   0x0000012c   Code   RO         1100    i.HAL_RCCEx_PeriphCLKConfig  stm32f1xx_hal_rcc_ex.o
    0x08001440   0x00000180   Code   RO          997    i.HAL_RCC_ClockConfig  stm32f1xx_hal_rcc.o
    0x080015c0   0x0000000c   Code   RO         1002    i.HAL_RCC_GetHCLKFreq  stm32f1xx_hal_rcc.o
    0x080015cc   0x00000030   Code   RO         1004    i.HAL_RCC_GetPCLK1Freq  stm32f1xx_hal_rcc.o
    0x080015fc   0x00000030   Code   RO         1005    i.HAL_RCC_GetPCLK2Freq  stm32f1xx_hal_rcc.o
    0x0800162c   0x00000088   Code   RO         1006    i.HAL_RCC_GetSysClockFreq  stm32f1xx_hal_rcc.o
    0x080016b4   0x0000057a   Code   RO         1009    i.HAL_RCC_OscConfig  stm32f1xx_hal_rcc.o
    0x08001c2e   0x000002b8   Code   RO         3064    i.HAL_SD_Get_CardInfo  stm32f1xx_hal_sd.o
    0x08001ee6   0x000000bc   Code   RO         3067    i.HAL_SD_Init       stm32f1xx_hal_sd.o
    0x08001fa2   0x00000002   PAD
    0x08001fa4   0x0000007c   Code   RO         3815    i.HAL_SD_MspInit    sdio_sdcard.o
    0x08002020   0x0000018e   Code   RO         3070    i.HAL_SD_ReadBlocks  stm32f1xx_hal_sd.o
    0x080021ae   0x00000034   Code   RO         3073    i.HAL_SD_StopTransfer  stm32f1xx_hal_sd.o
    0x080021e2   0x00000080   Code   RO         3074    i.HAL_SD_WideBusOperation_Config  stm32f1xx_hal_sd.o
    0x08002262   0x000001e4   Code   RO         3075    i.HAL_SD_WriteBlocks  stm32f1xx_hal_sd.o
    0x08002446   0x00000002   PAD
    0x08002448   0x00000088   Code   RO         3021    i.HAL_SPI_Init      stm32f1xx_hal_spi_ex.o
    0x080024d0   0x0000004c   Code   RO         3874    i.HAL_SPI_MspInit   spi.o
    0x0800251c   0x000002b2   Code   RO         2793    i.HAL_SPI_TransmitReceive  stm32f1xx_hal_spi.o
    0x080027ce   0x00000056   Code   RO         2534    i.HAL_SRAM_Init     stm32f1xx_hal_sram.o
    0x08002824   0x00000090   Code   RO         3567    i.HAL_SRAM_MspInit  lcd.o
    0x080028b4   0x00000018   Code   RO          663    i.HAL_SYSTICK_CLKSourceConfig  stm32f1xx_hal_cortex.o
    0x080028cc   0x00000028   Code   RO          665    i.HAL_SYSTICK_Config  stm32f1xx_hal_cortex.o
    0x080028f4   0x00000002   Code   RO         1146    i.HAL_UART_ErrorCallback  stm32f1xx_hal_uart.o
    0x080028f6   0x00000006   Code   RO         1148    i.HAL_UART_GetState  stm32f1xx_hal_uart.o
    0x080028fc   0x000000d8   Code   RO         1149    i.HAL_UART_IRQHandler  stm32f1xx_hal_uart.o
    0x080029d4   0x0000005e   Code   RO         1150    i.HAL_UART_Init     stm32f1xx_hal_uart.o
    0x08002a32   0x00000002   PAD
    0x08002a34   0x0000008c   Code   RO         3477    i.HAL_UART_MspInit  usart.o
    0x08002ac0   0x00000068   Code   RO         1155    i.HAL_UART_Receive_IT  stm32f1xx_hal_uart.o
    0x08002b28   0x00000058   Code   RO         3478    i.HAL_UART_RxCpltCallback  usart.o
    0x08002b80   0x00000002   Code   RO         1161    i.HAL_UART_TxCpltCallback  stm32f1xx_hal_uart.o
    0x08002b82   0x00000002   Code   RO          291    i.HardFault_Handler  stm32f1xx_it.o
    0x08002b84   0x00000004   Code   RO         3432    i.INTX_DISABLE      sys.o
    0x08002b88   0x00000004   Code   RO         3433    i.INTX_ENABLE       sys.o
    0x08002b8c   0x0000005c   Code   RO         4084    i.In0_Process       usb_core.o
    0x08002be8   0x00000036   Code   RO         4732    i.IntToUnicode      hw_config.o
    0x08002c1e   0x00000002   PAD
    0x08002c20   0x00000034   Code   RO         3569    i.LCD_Clear         lcd.o
    0x08002c54   0x000000d8   Code   RO         3573    i.LCD_Display_Dir   lcd.o
    0x08002d2c   0x000000e8   Code   RO         3578    i.LCD_Fast_DrawPoint  lcd.o
    0x08002e14   0x00000048   Code   RO         3579    i.LCD_Fill          lcd.o
    0x08002e5c   0x00002398   Code   RO         3580    i.LCD_Init          lcd.o
    0x080051f4   0x00000010   Code   RO         3581    i.LCD_Pow           lcd.o
    0x08005204   0x00000014   Code   RO         3582    i.LCD_RD_DATA       lcd.o
    0x08005218   0x0000004c   Code   RO         3585    i.LCD_SSD_BackLightSet  lcd.o
    0x08005264   0x000001b8   Code   RO         3586    i.LCD_Scan_Dir      lcd.o
    0x0800541c   0x00000104   Code   RO         3587    i.LCD_SetCursor     lcd.o
    0x08005520   0x000000dc   Code   RO         3589    i.LCD_ShowChar      lcd.o
    0x080055fc   0x00000076   Code   RO         3590    i.LCD_ShowNum       lcd.o
    0x08005672   0x00000002   PAD
    0x08005674   0x00000018   Code   RO         3593    i.LCD_WR_DATA       lcd.o
    0x0800568c   0x00000018   Code   RO         3594    i.LCD_WR_REG        lcd.o
    0x080056a4   0x00000014   Code   RO         3596    i.LCD_WriteRAM_Prepare  lcd.o
    0x080056b8   0x00000010   Code   RO         3597    i.LCD_WriteReg      lcd.o
    0x080056c8   0x00000070   Code   RO         3543    i.LED_Init          led.o
    0x08005738   0x0000003c   Code   RO         4733    i.Leave_LowPowerMode  hw_config.o
    0x08005774   0x00000010   Code   RO         4734    i.Led_RW_OFF        hw_config.o
    0x08005784   0x00000010   Code   RO         4735    i.Led_RW_ON         hw_config.o
    0x08005794   0x00000010   Code   RO         4833    i.MAL_GetStatus     mass_mal.o
    0x080057a4   0x00000030   Code   RO         4835    i.MAL_Read          mass_mal.o
    0x080057d4   0x00000030   Code   RO         4836    i.MAL_Write         mass_mal.o
    0x08005804   0x00000040   Code   RO         5112    i.MASS_Data_Setup   usb_prop.o
    0x08005844   0x0000000c   Code   RO         5113    i.MASS_GetConfigDescriptor  usb_prop.o
    0x08005850   0x0000000c   Code   RO         5114    i.MASS_GetDeviceDescriptor  usb_prop.o
    0x0800585c   0x00000020   Code   RO         5115    i.MASS_GetStringDescriptor  usb_prop.o
    0x0800587c   0x0000000a   Code   RO         5116    i.MASS_Get_Interface_Setting  usb_prop.o
    0x08005886   0x00000002   PAD
    0x08005888   0x00000050   Code   RO         5117    i.MASS_NoData_Setup  usb_prop.o
    0x080058d8   0x000000e8   Code   RO         5118    i.MASS_Reset        usb_prop.o
    0x080059c0   0x00000002   Code   RO         5119    i.MASS_Status_In    usb_prop.o
    0x080059c2   0x00000002   Code   RO         5120    i.MASS_Status_Out   usb_prop.o
    0x080059c4   0x00000024   Code   RO         5121    i.MASS_init         usb_prop.o
    0x080059e8   0x0000001c   Code   RO         5122    i.Mass_Storage_ClearFeature  usb_prop.o
    0x08005a04   0x00000080   Code   RO         4958    i.Mass_Storage_In   usb_bot.o
    0x08005a84   0x00000074   Code   RO         4959    i.Mass_Storage_Out  usb_bot.o
    0x08005af8   0x00000034   Code   RO         5123    i.Mass_Storage_SetConfiguration  usb_prop.o
    0x08005b2c   0x0000000c   Code   RO         5124    i.Mass_Storage_SetDeviceAddress  usb_prop.o
    0x08005b38   0x00000002   Code   RO          292    i.MemManage_Handler  stm32f1xx_it.o
    0x08005b3a   0x00000002   Code   RO          293    i.NMI_Handler       stm32f1xx_it.o
    0x08005b3c   0x00000002   Code   RO         4085    i.NOP_Process       usb_core.o
    0x08005b3e   0x00000020   Code   RO          667    i.NVIC_SetPriority  stm32f1xx_hal_cortex.o
    0x08005b5e   0x00000002   PAD
    0x08005b60   0x000000d4   Code   RO         4086    i.NoData_Setup0     usb_core.o
    0x08005c34   0x00000048   Code   RO         4087    i.Out0_Process      usb_core.o
    0x08005c7c   0x00000020   Code   RO         4292    i.PMAToUserBufferCopy  usb_mem.o
    0x08005c9c   0x00000002   Code   RO          294    i.PendSV_Handler    stm32f1xx_it.o
    0x08005c9e   0x00000002   PAD
    0x08005ca0   0x00000044   Code   RO         4088    i.Post0_Process     usb_core.o
    0x08005ce4   0x0000002c   Code   RO         5231    i.PowerOn           usb_pwr.o
    0x08005d10   0x000000f0   Code   RO         4883    i.Read_Memory       memory.o
    0x08005e00   0x00000094   Code   RO         5232    i.Resume            usb_pwr.o
    0x08005e94   0x00000020   Code   RO         5233    i.Resume_Init       usb_pwr.o
    0x08005eb4   0x00000074   Code   RO         5287    i.SCSI_Address_Management  usb_scsi.o
    0x08005f28   0x00000030   Code   RO         5288    i.SCSI_Format_Cmd   usb_scsi.o
    0x08005f58   0x00000034   Code   RO         5289    i.SCSI_Inquiry_Cmd  usb_scsi.o
    0x08005f8c   0x00000034   Code   RO         5290    i.SCSI_Invalid_Cmd  usb_scsi.o
    0x08005fc0   0x0000000c   Code   RO         5291    i.SCSI_ModeSense10_Cmd  usb_scsi.o
    0x08005fcc   0x0000000c   Code   RO         5292    i.SCSI_ModeSense6_Cmd  usb_scsi.o
    0x08005fd8   0x00000068   Code   RO         5293    i.SCSI_Read10_Cmd   usb_scsi.o
    0x08006040   0x00000070   Code   RO         5294    i.SCSI_ReadCapacity10_Cmd  usb_scsi.o
    0x080060b0   0x0000006c   Code   RO         5295    i.SCSI_ReadFormatCapacity_Cmd  usb_scsi.o
    0x0800611c   0x00000018   Code   RO         5296    i.SCSI_RequestSense_Cmd  usb_scsi.o
    0x08006134   0x00000008   Code   RO         5297    i.SCSI_Start_Stop_Unit_Cmd  usb_scsi.o
    0x0800613c   0x00000038   Code   RO         5298    i.SCSI_TestUnitReady_Cmd  usb_scsi.o
    0x08006174   0x00000034   Code   RO         5300    i.SCSI_Verify10_Cmd  usb_scsi.o
    0x080061a8   0x00000068   Code   RO         5301    i.SCSI_Write10_Cmd  usb_scsi.o
    0x08006210   0x00000024   Code   RO         3297    i.SDIO_DataConfig   stm32f1xx_ll_sdmmc.o
    0x08006234   0x00000006   Code   RO         3298    i.SDIO_GetCommandResponse  stm32f1xx_ll_sdmmc.o
    0x0800623a   0x00000008   Code   RO         3301    i.SDIO_GetPowerState  stm32f1xx_ll_sdmmc.o
    0x08006242   0x00000002   PAD
    0x08006244   0x00000010   Code   RO         3302    i.SDIO_GetResponse  stm32f1xx_ll_sdmmc.o
    0x08006254   0x00000024   Code   RO         3303    i.SDIO_Init         stm32f1xx_ll_sdmmc.o
    0x08006278   0x00000008   Code   RO         3305    i.SDIO_PowerState_ON  stm32f1xx_ll_sdmmc.o
    0x08006280   0x00000006   Code   RO         3306    i.SDIO_ReadFIFO     stm32f1xx_ll_sdmmc.o
    0x08006286   0x00000020   Code   RO         3307    i.SDIO_SendCommand  stm32f1xx_ll_sdmmc.o
    0x080062a6   0x0000000a   Code   RO         3309    i.SDIO_WriteFIFO    stm32f1xx_ll_sdmmc.o
    0x080062b0   0x000000ec   Code   RO         3079    i.SD_CmdResp1Error  stm32f1xx_hal_sd.o
    0x0800639c   0x0000002e   Code   RO         3080    i.SD_CmdResp2Error  stm32f1xx_hal_sd.o
    0x080063ca   0x00000074   Code   RO         3081    i.SD_CmdResp6Error  stm32f1xx_hal_sd.o
    0x0800643e   0x00000046   Code   RO         3082    i.SD_CmdResp7Error  stm32f1xx_hal_sd.o
    0x08006484   0x0000011a   Code   RO         3087    i.SD_FindSCR        stm32f1xx_hal_sd.o
    0x0800659e   0x00000002   PAD
    0x080065a0   0x00000040   Code   RO         3817    i.SD_Init           sdio_sdcard.o
    0x080065e0   0x000000fa   Code   RO         3089    i.SD_Initialize_Cards  stm32f1xx_hal_sd.o
    0x080066da   0x00000002   PAD
    0x080066dc   0x00000144   Code   RO         3090    i.SD_IsCardProgramming  stm32f1xx_hal_sd.o
    0x08006820   0x00000194   Code   RO         3091    i.SD_PowerON        stm32f1xx_hal_sd.o
    0x080069b4   0x00000078   Code   RO         3818    i.SD_ReadDisk       sdio_sdcard.o
    0x08006a2c   0x0000007c   Code   RO         3092    i.SD_WideBus_Disable  stm32f1xx_hal_sd.o
    0x08006aa8   0x0000007e   Code   RO         3093    i.SD_WideBus_Enable  stm32f1xx_hal_sd.o
    0x08006b26   0x00000002   PAD
    0x08006b28   0x0000007c   Code   RO         3819    i.SD_WriteDisk      sdio_sdcard.o
    0x08006ba4   0x00000050   Code   RO         3875    i.SPI2_Init         spi.o
    0x08006bf4   0x00000020   Code   RO         3876    i.SPI2_ReadWriteByte  spi.o
    0x08006c14   0x00000034   Code   RO         3877    i.SPI2_SetSpeed     spi.o
    0x08006c48   0x0000009e   Code   RO         2815    i.SPI_WaitOnFlagUntilTimeout  stm32f1xx_hal_spi.o
    0x08006ce6   0x00000002   Code   RO          295    i.SVC_Handler       stm32f1xx_it.o
    0x08006ce8   0x00000010   Code   RO         4352    i.SetBTABLE         usb_regs.o
    0x08006cf8   0x00000048   Code   RO         4089    i.SetDeviceAddress  usb_core.o
    0x08006d40   0x00000020   Code   RO         4366    i.SetEPRxAddr       usb_regs.o
    0x08006d60   0x00000040   Code   RO         4367    i.SetEPRxCount      usb_regs.o
    0x08006da0   0x00000030   Code   RO         4368    i.SetEPRxStatus     usb_regs.o
    0x08006dd0   0x00000024   Code   RO         4369    i.SetEPRxValid      usb_regs.o
    0x08006df4   0x00000020   Code   RO         4370    i.SetEPTxAddr       usb_regs.o
    0x08006e14   0x0000001c   Code   RO         4371    i.SetEPTxCount      usb_regs.o
    0x08006e30   0x00000030   Code   RO         4372    i.SetEPTxStatus     usb_regs.o
    0x08006e60   0x0000001c   Code   RO         4374    i.SetEPType         usb_regs.o
    0x08006e7c   0x00000040   Code   RO         4960    i.Set_CSW           usb_bot.o
    0x08006ebc   0x0000000c   Code   RO         5302    i.Set_Scsi_Sense_Data  usb_scsi.o
    0x08006ec8   0x0000002c   Code   RO         4736    i.Set_USBClock      hw_config.o
    0x08006ef4   0x00000068   Code   RO         4090    i.Setup0_Process    usb_core.o
    0x08006f5c   0x000000fc   Code   RO         4091    i.Standard_ClearFeature  usb_core.o
    0x08007058   0x00000028   Code   RO         4092    i.Standard_GetConfiguration  usb_core.o
    0x08007080   0x0000001c   Code   RO         4093    i.Standard_GetDescriptorData  usb_core.o
    0x0800709c   0x00000028   Code   RO         4094    i.Standard_GetInterface  usb_core.o
    0x080070c4   0x00000094   Code   RO         4095    i.Standard_GetStatus  usb_core.o
    0x08007158   0x00000038   Code   RO         4096    i.Standard_SetConfiguration  usb_core.o
    0x08007190   0x00000024   Code   RO         4097    i.Standard_SetDeviceFeature  usb_core.o
    0x080071b4   0x00000088   Code   RO         4098    i.Standard_SetEndPointFeature  usb_core.o
    0x0800723c   0x00000048   Code   RO         4099    i.Standard_SetInterface  usb_core.o
    0x08007284   0x00000044   Code   RO         3434    i.Stm32_Clock_Init  sys.o
    0x080072c8   0x00000080   Code   RO         5234    i.Suspend           usb_pwr.o
    0x08007348   0x00000004   Code   RO          296    i.SysTick_Handler   stm32f1xx_it.o
    0x0800734c   0x00000048   Code   RO          368    i.SystemInit        system_stm32f1xx.o
    0x08007394   0x00000034   Code   RO         4961    i.Transfer_Data_Request  usb_bot.o
    0x080073c8   0x000000a6   Code   RO         1168    i.UART_Receive_IT   stm32f1xx_hal_uart.o
    0x0800746e   0x00000002   PAD
    0x08007470   0x00000170   Code   RO         1169    i.UART_SetConfig    stm32f1xx_hal_uart.o
    0x080075e0   0x00000066   Code   RO         1170    i.UART_Transmit_IT  stm32f1xx_hal_uart.o
    0x08007646   0x00000002   PAD
    0x08007648   0x0000002c   Code   RO         3479    i.USART1_IRQHandler  usart.o
    0x08007674   0x00000010   Code   RO         4737    i.USBWakeUp_IRQHandler  hw_config.o
    0x08007684   0x0000003c   Code   RO         4738    i.USB_Cable_Config  hw_config.o
    0x080076c0   0x00000028   Code   RO         4212    i.USB_Init          usb_init.o
    0x080076e8   0x00000054   Code   RO         4739    i.USB_Interrupts_Config  hw_config.o
    0x0800773c   0x000000bc   Code   RO         5079    i.USB_Istr          usb_istr.o
    0x080077f8   0x00000004   Code   RO         4740    i.USB_LP_CAN1_RX0_IRQHandler  hw_config.o
    0x080077fc   0x0000001c   Code   RO         4741    i.USB_NotConfigured_LED  hw_config.o
    0x08007818   0x0000005c   Code   RO         4742    i.USB_Port_Set      hw_config.o
    0x08007874   0x00000020   Code   RO         4694    i.USB_SIL_Init      usb_sil.o
    0x08007894   0x00000024   Code   RO         4695    i.USB_SIL_Read      usb_sil.o
    0x080078b8   0x00000026   Code   RO         4696    i.USB_SIL_Write     usb_sil.o
    0x080078de   0x00000002   Code   RO          297    i.UsageFault_Handler  stm32f1xx_it.o
    0x080078e0   0x00000028   Code   RO         4293    i.UserToPMABufferCopy  usb_mem.o
    0x08007908   0x00000058   Code   RO         3965    i.W25QXX_Erase_Sector  w25qxx.o
    0x08007960   0x0000007c   Code   RO         3966    i.W25QXX_Init       w25qxx.o
    0x080079dc   0x00000068   Code   RO         3968    i.W25QXX_Read       w25qxx.o
    0x08007a44   0x00000044   Code   RO         3969    i.W25QXX_ReadID     w25qxx.o
    0x08007a88   0x00000038   Code   RO         3970    i.W25QXX_ReadSR     w25qxx.o
    0x08007ac0   0x0000000e   Code   RO         3972    i.W25QXX_Wait_Busy  w25qxx.o
    0x08007ace   0x00000002   PAD
    0x08007ad0   0x0000009c   Code   RO         3973    i.W25QXX_Write      w25qxx.o
    0x08007b6c   0x00000020   Code   RO         3975    i.W25QXX_Write_Enable  w25qxx.o
    0x08007b8c   0x0000003e   Code   RO         3976    i.W25QXX_Write_NoCheck  w25qxx.o
    0x08007bca   0x00000002   PAD
    0x08007bcc   0x0000006c   Code   RO         3977    i.W25QXX_Write_Page  w25qxx.o
    0x08007c38   0x0000011c   Code   RO         4884    i.Write_Memory      memory.o
    0x08007d54   0x00000002   Code   RO         3480    i._sys_exit         usart.o
    0x08007d56   0x00000002   PAD
    0x08007d58   0x00000014   Code   RO         3393    i.delay_init        delay.o
    0x08007d6c   0x0000001a   Code   RO         3394    i.delay_ms          delay.o
    0x08007d86   0x00000002   PAD
    0x08007d88   0x00000034   Code   RO         3395    i.delay_us          delay.o
    0x08007dbc   0x00000018   Code   RO         3481    i.fputc             usart.o
    0x08007dd4   0x00000340   Code   RO            4    i.main              main.o
    0x08008114   0x0000003c   Code   RO         5402    i.my_mem_init       malloc.o
    0x08008150   0x0000008c   Code   RO         5403    i.my_mem_malloc     malloc.o
    0x080081dc   0x00000038   Code   RO         5404    i.my_mem_perused    malloc.o
    0x08008214   0x00000020   Code   RO         5406    i.mymalloc          malloc.o
    0x08008234   0x0000000c   Code   RO         5408    i.mymemset          malloc.o
    0x08008240   0x00000038   Code   RO         3482    i.uart_init         usart.o
    0x08008278   0x0000005a   Code   RO         5544    x$fpl$dfixu         fz_ws.l(dfixu.o)
    0x080082d2   0x00000026   Code   RO         5548    x$fpl$dfltu         fz_ws.l(dflt_clz.o)
    0x080082f8   0x00000154   Code   RO         5554    x$fpl$dmul          fz_ws.l(dmul.o)
    0x0800844c   0x0000009c   Code   RO         5570    x$fpl$dnaninf       fz_ws.l(dnaninf.o)
    0x080084e8   0x0000000c   Code   RO         5572    x$fpl$dretinf       fz_ws.l(dretinf.o)
    0x080084f4   0x00000000   Code   RO         5574    x$fpl$usenofp       fz_ws.l(usenofp.o)
    0x080084f4   0x00000010   Data   RO          369    .constdata          system_stm32f1xx.o
    0x08008504   0x00000008   Data   RO          370    .constdata          system_stm32f1xx.o
    0x0800850c   0x00004740   Data   RO         3600    .constdata          lcd.o
    0x0800cc4c   0x00000012   Data   RO         5019    .constdata          usb_desc.o
    0x0800cc5e   0x00000020   Data   RO         5020    .constdata          usb_desc.o
    0x0800cc7e   0x00000004   Data   RO         5021    .constdata          usb_desc.o
    0x0800cc82   0x00000026   Data   RO         5022    .constdata          usb_desc.o
    0x0800cca8   0x00000026   Data   RO         5023    .constdata          usb_desc.o
    0x0800ccce   0x00000010   Data   RO         5024    .constdata          usb_desc.o
    0x0800ccde   0x00000002   PAD
    0x0800cce0   0x00000018   Data   RO         5414    .constdata          malloc.o
    0x0800ccf8   0x00000028   Data   RO         5497    .constdata          c_w.l(_printf_hex_int.o)
    0x0800cd20   0x00000020   Data   RO         5737    Region$$Table       anon$$obj.o


    Execution Region RW_IRAM1 (Base: 0x20000000, Size: 0x0000c780, Max: 0x00010000, ABSOLUTE, COMPRESSED[0x000000d4])

    Base Addr    Size         Type   Attr      Idx    E Section Name        Object

    0x20000000   0x00000004   Data   RW          371    .data               system_stm32f1xx.o
    0x20000004   0x00000004   Data   RW          537    .data               stm32f1xx_hal.o
    0x20000008   0x00000001   Data   RW         3023    .data               stm32f1xx_hal_spi_ex.o
    0x20000009   0x00000003   PAD
    0x2000000c   0x00000004   Data   RW         3396    .data               delay.o
    0x20000010   0x00000004   Data   RW         3484    .data               usart.o
    0x20000014   0x00000004   Data   RW         3485    .data               usart.o
    0x20000018   0x00000008   Data   RW         3601    .data               lcd.o
    0x20000020   0x00000002   Data   RW         3980    .data               w25qxx.o
    0x20000022   0x00000004   Data   RW         4100    .data               usb_core.o
    0x20000026   0x00000001   Data   RW         4214    .data               usb_init.o
    0x20000027   0x00000001   PAD
    0x20000028   0x0000000c   Data   RW         4215    .data               usb_init.o
    0x20000034   0x00000002   Data   RW         4217    .data               usb_init.o
    0x20000036   0x00000004   Data   RW         4252    .data               usb_int.o
    0x2000003a   0x00000002   PAD
    0x2000003c   0x00000008   Data   RW         4838    .data               mass_mal.o
    0x20000044   0x00000008   Data   RW         4839    .data               mass_mal.o
    0x2000004c   0x00000004   PAD
    0x20000050   0x00000038   Data   RW         4885    .data               memory.o
    0x20000088   0x00000005   Data   RW         4925    .data               scsi_data.o
    0x2000008d   0x00000024   Data   RW         4926    .data               scsi_data.o
    0x200000b1   0x00000025   Data   RW         4927    .data               scsi_data.o
    0x200000d6   0x00000004   Data   RW         4928    .data               scsi_data.o
    0x200000da   0x00000008   Data   RW         4929    .data               scsi_data.o
    0x200000e2   0x00000012   Data   RW         4930    .data               scsi_data.o
    0x200000f4   0x00000008   Data   RW         4931    .data               scsi_data.o
    0x200000fc   0x0000000c   Data   RW         4932    .data               scsi_data.o
    0x20000108   0x00000010   Data   RW         4963    .data               usb_bot.o
    0x20000118   0x0000001a   Data   RW         5025    .data               usb_desc.o
    0x20000132   0x00000004   Data   RW         5080    .data               usb_istr.o
    0x20000136   0x00000002   PAD
    0x20000138   0x0000001c   Data   RW         5081    .data               usb_istr.o
    0x20000154   0x0000001c   Data   RW         5082    .data               usb_istr.o
    0x20000170   0x0000006c   Data   RW         5125    .data               usb_prop.o
    0x200001dc   0x00000002   Data   RW         5126    .data               usb_prop.o
    0x200001de   0x00000002   PAD
    0x200001e0   0x00000024   Data   RW         5127    .data               usb_prop.o
    0x20000204   0x00000004   Data   RW         5236    .data               usb_pwr.o
    0x20000208   0x00000001   Data   RW         5237    .data               usb_pwr.o
    0x20000209   0x00000003   PAD
    0x2000020c   0x00000008   Data   RW         5238    .data               usb_pwr.o
    0x20000214   0x0000001c   Data   RW         5415    .data               malloc.o
    0x20000230   0x00000108   Zero   RW         3483    .bss                usart.o
    0x20000338   0x00000052   Zero   RW         3599    .bss                lcd.o
    0x2000038a   0x00000006   PAD
    0x20000390   0x000002b8   Zero   RW         3820    .bss                sdio_sdcard.o
    0x20000648   0x00000058   Zero   RW         3878    .bss                spi.o
    0x200006a0   0x00001000   Zero   RW         3979    .bss                w25qxx.o
    0x200016a0   0x0000001c   Zero   RW         4213    .bss                usb_init.o
    0x200016bc   0x00000004   PAD
    0x200016c0   0x00000010   Zero   RW         4837    .bss                mass_mal.o
    0x200016d0   0x00000030   Zero   RW         4962    .bss                usb_bot.o
    0x20001700   0x00000020   Zero   RW         5235    .bss                usb_pwr.o
    0x20001720   0x0000a000   Zero   RW         5412    .bss                malloc.o
    0x2000b720   0x00000a00   Zero   RW         5413    .bss                malloc.o
    0x2000c120   0x00000060   Zero   RW         5615    .bss                c_w.l(libspace.o)
    0x2000c180   0x00000200   Zero   RW          509    HEAP                startup_stm32f103xe.o
    0x2000c380   0x00000400   Zero   RW          508    STACK               startup_stm32f103xe.o



  Load Region LR$$.ARM.__AT_0x68000000 (Base: 0x68000000, Size: 0x00000000, Max: 0x000f0000, ABSOLUTE)

    Execution Region ER$$.ARM.__AT_0x68000000 (Base: 0x68000000, Size: 0x000f0000, Max: 0x000f0000, ABSOLUTE, UNINIT)

    Base Addr    Size         Type   Attr      Idx    E Section Name        Object

    0x68000000   0x000f0000   Zero   RW         5410    .ARM.__AT_0x68000000  malloc.o



  Load Region LR$$.ARM.__AT_0x680F0000 (Base: 0x680f0000, Size: 0x00000000, Max: 0x0000f000, ABSOLUTE)

    Execution Region ER$$.ARM.__AT_0x680F0000 (Base: 0x680f0000, Size: 0x0000f000, Max: 0x0000f000, ABSOLUTE, UNINIT)

    Base Addr    Size         Type   Attr      Idx    E Section Name        Object

    0x680f0000   0x0000f000   Zero   RW         5411    .ARM.__AT_0x680F0000  malloc.o


==============================================================================

Image component sizes


      Code (inc. data)   RO Data    RW Data    ZI Data      Debug   Object Name

        98          8          0          4          0       1963   delay.o
       574        188          0          0          0       7471   hw_config.o
     11062        168      18240          8         82      19990   lcd.o
       112         14          0          0          0        951   led.o
       832        330          0          0          0     512423   main.o
       300         32         24         28    1088000       5062   malloc.o
       112          0          0         16         16       2815   mass_mal.o
       524         42          0         56          0       2931   memory.o
         0          0          0        128          0       1098   scsi_data.o
       432         30          0          0        696       4111   sdio_sdcard.o
       240         26          0          0         88       2902   spi.o
        64         26        304          0       1536        816   startup_stm32f103xe.o
       120         16          0          4          0       3806   stm32f1xx_hal.o
       218         14          0          0          0      26397   stm32f1xx_hal_cortex.o
       502         42          0          0          0       3136   stm32f1xx_hal_gpio.o
         2          0          0          0          0        438   stm32f1xx_hal_msp.o
      2030         98          0          0          0       6192   stm32f1xx_hal_rcc.o
       300         14          0          0          0       1424   stm32f1xx_hal_rcc_ex.o
      3924         14          0          0          0      20991   stm32f1xx_hal_sd.o
       848          0          0          0          0       3030   stm32f1xx_hal_spi.o
       136          4          0          1          0       1438   stm32f1xx_hal_spi_ex.o
        86          0          0          0          0       1252   stm32f1xx_hal_sram.o
      1060          4          0          0          0       7123   stm32f1xx_hal_uart.o
        20          0          0          0          0       3926   stm32f1xx_it.o
       374         10          0          0          0       3879   stm32f1xx_ll_fsmc.o
       158          4          0          0          0       6005   stm32f1xx_ll_sdmmc.o
        76          0          0          0          0       1544   sys.o
        72         16         24          4          0       1155   system_stm32f1xx.o
       354         54          0          8        264       5477   usart.o
       814         76          0         16         48       5335   usb_bot.o
      2186        284          0          4          0      15787   usb_core.o
         0          0        146         26          0       1004   usb_desc.o
         8          0          0          0          0        917   usb_endp.o
        40         18          0         15         28       4258   usb_init.o
       344         30          0          4          0       1800   usb_int.o
       188         22          0         60          0       1536   usb_istr.o
        72         10          0          0          0       1956   usb_mem.o
       602        126          0        146          0      11590   usb_prop.o
       352         42          0         13         32       4020   usb_pwr.o
       570        102          0          0          0      10426   usb_regs.o
       872        130          0          0          0       9960   usb_scsi.o
       106          8          0          0          0       2318   usb_sil.o
       812         66          0          2       4096       7629   w25qxx.o

    ----------------------------------------------------------------------
     31644       2068      18772        560    1094896     738282   Object Totals
         0          0         32          0          0          0   (incl. Generated)
        48          0          2         17         10          0   (incl. Padding)

    ----------------------------------------------------------------------

      Code (inc. data)   RO Data    RW Data    ZI Data      Debug   Library Member Name

        90          0          0          0          0          0   __dczerorl2.o
         8          0          0          0          0         68   __main.o
       104          0          0          0          0         84   __printf.o
         0          0          0          0          0          0   __rtentry.o
        12          0          0          0          0          0   __rtentry2.o
         6          0          0          0          0          0   __rtentry4.o
        52          8          0          0          0          0   __scatter.o
        28          0          0          0          0          0   __scatter_zi.o
        48          6          0          0          0         96   _printf_char_common.o
        36          4          0          0          0         80   _printf_char_file.o
        88          4         40          0          0         88   _printf_hex_int.o
       178          0          0          0          0         88   _printf_intcommon.o
         0          0          0          0          0          0   _printf_percent.o
         4          0          0          0          0          0   _printf_percent_end.o
         6          0          0          0          0          0   _printf_x.o
        18          0          0          0          0         80   exit.o
         8          0          0          0          0         68   ferror.o
         6          0          0          0          0        152   heapauxi.o
         2          0          0          0          0          0   libinit.o
         2          0          0          0          0          0   libinit2.o
         2          0          0          0          0          0   libshutdown.o
         2          0          0          0          0          0   libshutdown2.o
         8          4          0          0         96         68   libspace.o
        72          0          0          0          0         76   llsdiv.o
       238          0          0          0          0        100   lludivv7m.o
        24          4          0          0          0         84   noretval__2printf.o
        78          0          0          0          0         80   rt_memclr_w.o
       138          0          0          0          0         68   rt_memcpy_v6.o
       100          0          0          0          0         80   rt_memcpy_w.o
         2          0          0          0          0          0   rtexit.o
        10          0          0          0          0          0   rtexit2.o
        74          0          0          0          0         80   sys_stackheap_outer.o
         2          0          0          0          0         68   use_no_semi.o
         2          0          0          0          0         68   use_no_semi_2.o
        90          4          0          0          0         92   dfixu.o
        38          0          0          0          0         68   dflt_clz.o
       340         12          0          0          0        104   dmul.o
       156          4          0          0          0         92   dnaninf.o
        12          0          0          0          0         68   dretinf.o
         0          0          0          0          0          0   usenofp.o

    ----------------------------------------------------------------------
      2088         50         40          0         96       2000   Library Totals
         4          0          0          0          0          0   (incl. Padding)

    ----------------------------------------------------------------------

      Code (inc. data)   RO Data    RW Data    ZI Data      Debug   Library Name

      1448         30         40          0         96       1576   c_w.l
       636         20          0          0          0        424   fz_ws.l

    ----------------------------------------------------------------------
      2088         50         40          0         96       2000   Library Totals

    ----------------------------------------------------------------------

==============================================================================


      Code (inc. data)   RO Data    RW Data    ZI Data      Debug   

     33732       2118      18812        560    1094992     727746   Grand Totals
     33732       2118      18812        212    1094992     727746   ELF Image Totals (compressed)
     33732       2118      18812        212          0          0   ROM Totals

==============================================================================

    Total RO  Size (Code + RO Data)                52544 (  51.31kB)
    Total RW  Size (RW Data + ZI Data)           1095552 (1069.88kB)
    Total ROM Size (Code + RO Data + RW Data)      52756 (  51.52kB)

==============================================================================

