Component: ARM Compiler 5.06 update 4 (build 422) Tool: armlink [4d35d2]

==============================================================================

Section Cross References

    startup_stm32f103xe.o(RESET) refers to startup_stm32f103xe.o(STACK) for __initial_sp
    startup_stm32f103xe.o(RESET) refers to startup_stm32f103xe.o(.text) for Reset_Handler
    startup_stm32f103xe.o(RESET) refers to stm32f1xx_it.o(i.NMI_Handler) for NMI_Handler
    startup_stm32f103xe.o(RESET) refers to stm32f1xx_it.o(i.HardFault_Handler) for HardFault_Handler
    startup_stm32f103xe.o(RESET) refers to stm32f1xx_it.o(i.MemManage_Handler) for MemManage_Handler
    startup_stm32f103xe.o(RESET) refers to stm32f1xx_it.o(i.BusFault_Handler) for BusFault_Handler
    startup_stm32f103xe.o(RESET) refers to stm32f1xx_it.o(i.UsageFault_Handler) for UsageFault_Handler
    startup_stm32f103xe.o(RESET) refers to stm32f1xx_it.o(i.SVC_Handler) for SVC_Handler
    startup_stm32f103xe.o(RESET) refers to stm32f1xx_it.o(i.DebugMon_Handler) for DebugMon_Handler
    startup_stm32f103xe.o(RESET) refers to stm32f1xx_it.o(i.PendSV_Handler) for PendSV_Handler
    startup_stm32f103xe.o(RESET) refers to stm32f1xx_it.o(i.SysTick_Handler) for SysTick_Handler
    startup_stm32f103xe.o(RESET) refers to stm32f1xx_it.o(i.DMA1_Channel4_IRQHandler) for DMA1_Channel4_IRQHandler
    startup_stm32f103xe.o(RESET) refers to stm32f1xx_it.o(i.DMA1_Channel5_IRQHandler) for DMA1_Channel5_IRQHandler
    startup_stm32f103xe.o(RESET) refers to stm32f1xx_it.o(i.USB_LP_CAN1_RX0_IRQHandler) for USB_LP_CAN1_RX0_IRQHandler
    startup_stm32f103xe.o(RESET) refers to stm32f1xx_it.o(i.USART1_IRQHandler) for USART1_IRQHandler
    startup_stm32f103xe.o(RESET) refers to stm32f1xx_it.o(i.SDIO_IRQHandler) for SDIO_IRQHandler
    startup_stm32f103xe.o(.text) refers to system_stm32f1xx.o(i.SystemInit) for SystemInit
    startup_stm32f103xe.o(.text) refers to entry.o(.ARM.Collect$$$$00000000) for __main
    main.o(i.Error_Handler) refers to printf8.o(i.__0printf$8) for __2printf
    main.o(i.Get_CrcVal) refers to memcpya.o(.text) for __aeabi_memcpy4
    main.o(i.Get_CrcVal) refers to stm32f1xx_hal_crc.o(i.HAL_CRC_Accumulate) for HAL_CRC_Accumulate
    main.o(i.Get_CrcVal) refers to printf8.o(i.__0printf$8) for __2printf
    main.o(i.Get_CrcVal) refers to main.o(.constdata) for .constdata
    main.o(i.Get_CrcVal) refers to crc.o(.data) for hcrc
    main.o(i.Get_DevID) refers to printf8.o(i.__0printf$8) for __2printf
    main.o(i.Get_RTC_DateTime) refers to stm32f1xx_hal_rtc.o(i.HAL_RTC_GetTime) for HAL_RTC_GetTime
    main.o(i.Get_RTC_DateTime) refers to stm32f1xx_hal_rtc.o(i.HAL_RTC_GetDate) for HAL_RTC_GetDate
    main.o(i.Get_RTC_DateTime) refers to printf8.o(i.__0printf$8) for __2printf
    main.o(i.Get_RTC_DateTime) refers to rtc.o(.bss) for hrtc
    main.o(i.Reset_RTC_Time) refers to stm32f1xx_hal_rtc.o(i.HAL_RTC_SetTime) for HAL_RTC_SetTime
    main.o(i.Reset_RTC_Time) refers to main.o(i.Error_Handler) for Error_Handler
    main.o(i.Reset_RTC_Time) refers to rtc.o(.bss) for hrtc
    main.o(i.SDCard_RW_Operation) refers to memseta.o(.text) for __aeabi_memclr4
    main.o(i.SDCard_RW_Operation) refers to printf8.o(i.__0printf$8) for __2printf
    main.o(i.SDCard_RW_Operation) refers to stm32f1xx_hal_sd.o(i.HAL_SD_WriteBlocks) for HAL_SD_WriteBlocks
    main.o(i.SDCard_RW_Operation) refers to stm32f1xx_hal.o(i.HAL_Delay) for HAL_Delay
    main.o(i.SDCard_RW_Operation) refers to stm32f1xx_hal_sd.o(i.HAL_SD_ReadBlocks) for HAL_SD_ReadBlocks
    main.o(i.SDCard_RW_Operation) refers to sdio.o(.bss) for hsd
    main.o(i.SDCard_RW_Operation) refers to main.o(.conststring) for .conststring
    main.o(i.SystemClock_Config) refers to memseta.o(.text) for __aeabi_memclr4
    main.o(i.SystemClock_Config) refers to stm32f1xx_hal_rcc.o(i.HAL_RCC_OscConfig) for HAL_RCC_OscConfig
    main.o(i.SystemClock_Config) refers to stm32f1xx_hal_rcc.o(i.HAL_RCC_ClockConfig) for HAL_RCC_ClockConfig
    main.o(i.SystemClock_Config) refers to stm32f1xx_hal_rcc_ex.o(i.HAL_RCCEx_PeriphCLKConfig) for HAL_RCCEx_PeriphCLKConfig
    main.o(i.SystemClock_Config) refers to main.o(i.Error_Handler) for Error_Handler
    main.o(i.W25Q16_Test) refers to printf8.o(i.__0printf$8) for __2printf
    main.o(i.W25Q16_Test) refers to w25qxx.o(i.BSP_W25Qx_Init) for BSP_W25Qx_Init
    main.o(i.W25Q16_Test) refers to w25qxx.o(i.BSP_W25Qx_Read_ID) for BSP_W25Qx_Read_ID
    main.o(i.W25Q16_Test) refers to w25qxx.o(i.BSP_W25Qx_Erase_Block) for BSP_W25Qx_Erase_Block
    main.o(i.W25Q16_Test) refers to w25qxx.o(i.BSP_W25Qx_Write) for BSP_W25Qx_Write
    main.o(i.W25Q16_Test) refers to w25qxx.o(i.BSP_W25Qx_Read) for BSP_W25Qx_Read
    main.o(i.W25Q16_Test) refers to main.o(i.Error_Handler) for Error_Handler
    main.o(i.W25Q16_Test) refers to memcmp.o(.text) for memcmp
    main.o(i.main) refers to stm32f1xx_hal.o(i.HAL_Init) for HAL_Init
    main.o(i.main) refers to main.o(i.SystemClock_Config) for SystemClock_Config
[...]
    i.SD_DMATxAbort                          0x08003834   Section        0  stm32f1xx_hal_sd.o(i.SD_DMATxAbort)
    SD_DMATxAbort                            0x08003835   Thumb Code    68  stm32f1xx_hal_sd.o(i.SD_DMATxAbort)
    i.SD_FindSCR                             0x08003878   Section        0  stm32f1xx_hal_sd.o(i.SD_FindSCR)
    SD_FindSCR                               0x08003879   Thumb Code   212  stm32f1xx_hal_sd.o(i.SD_FindSCR)
    i.SD_InitCard                            0x0800394c   Section        0  stm32f1xx_hal_sd.o(i.SD_InitCard)
    SD_InitCard                              0x0800394d   Thumb Code   238  stm32f1xx_hal_sd.o(i.SD_InitCard)
    i.SD_PowerON                             0x08003a3c   Section        0  stm32f1xx_hal_sd.o(i.SD_PowerON)
    SD_PowerON                               0x08003a3d   Thumb Code   174  stm32f1xx_hal_sd.o(i.SD_PowerON)
    i.STORAGE_GetCapacity_FS                 0x08003af0   Section        0  usbd_storage_if.o(i.STORAGE_GetCapacity_FS)
    STORAGE_GetCapacity_FS                   0x08003af1   Thumb Code    14  usbd_storage_if.o(i.STORAGE_GetCapacity_FS)
    i.STORAGE_GetMaxLun_FS                   0x08003afe   Section        0  usbd_storage_if.o(i.STORAGE_GetMaxLun_FS)
    STORAGE_GetMaxLun_FS                     0x08003aff   Thumb Code     4  usbd_storage_if.o(i.STORAGE_GetMaxLun_FS)
    i.STORAGE_Init_FS                        0x08003b02   Section        0  usbd_storage_if.o(i.STORAGE_Init_FS)
    STORAGE_Init_FS                          0x08003b03   Thumb Code     4  usbd_storage_if.o(i.STORAGE_Init_FS)
    i.STORAGE_IsReady_FS                     0x08003b06   Section        0  usbd_storage_if.o(i.STORAGE_IsReady_FS)
    STORAGE_IsReady_FS                       0x08003b07   Thumb Code     4  usbd_storage_if.o(i.STORAGE_IsReady_FS)
    i.STORAGE_IsWriteProtected_FS            0x08003b0a   Section        0  usbd_storage_if.o(i.STORAGE_IsWriteProtected_FS)
    STORAGE_IsWriteProtected_FS              0x08003b0b   Thumb Code     4  usbd_storage_if.o(i.STORAGE_IsWriteProtected_FS)
    i.STORAGE_Read_FS                        0x08003b0e   Section        0  usbd_storage_if.o(i.STORAGE_Read_FS)
    STORAGE_Read_FS                          0x08003b0f   Thumb Code     4  usbd_storage_if.o(i.STORAGE_Read_FS)
    i.STORAGE_Write_FS                       0x08003b12   Section        0  usbd_storage_if.o(i.STORAGE_Write_FS)
    STORAGE_Write_FS                         0x08003b13   Thumb Code     4  usbd_storage_if.o(i.STORAGE_Write_FS)
    i.SVC_Handler                            0x08003b16   Section        0  stm32f1xx_it.o(i.SVC_Handler)
    i.SysTick_Handler                        0x08003b18   Section        0  stm32f1xx_it.o(i.SysTick_Handler)
    i.SystemClock_Config                     0x08003b1c   Section        0  main.o(i.SystemClock_Config)
    i.SystemInit                             0x08003b94   Section        0  system_stm32f1xx.o(i.SystemInit)
    i.UART_DMAAbortOnError                   0x08003bdc   Section        0  stm32f1xx_hal_uart.o(i.UART_DMAAbortOnError)
    UART_DMAAbortOnError                     0x08003bdd   Thumb Code    16  stm32f1xx_hal_uart.o(i.UART_DMAAbortOnError)
    i.UART_EndRxTransfer                     0x08003bec   Section        0  stm32f1xx_hal_uart.o(i.UART_EndRxTransfer)
    UART_EndRxTransfer                       0x08003bed   Thumb Code    28  stm32f1xx_hal_uart.o(i.UART_EndRxTransfer)
    i.UART_Receive_IT                        0x08003c08   Section        0  stm32f1xx_hal_uart.o(i.UART_Receive_IT)
    UART_Receive_IT                          0x08003c09   Thumb Code   150  stm32f1xx_hal_uart.o(i.UART_Receive_IT)
    i.UART_SetConfig                         0x08003ca0   Section        0  stm32f1xx_hal_uart.o(i.UART_SetConfig)
    UART_SetConfig                           0x08003ca1   Thumb Code   178  stm32f1xx_hal_uart.o(i.UART_SetConfig)
    i.UART_Transmit_IT                       0x08003d58   Section        0  stm32f1xx_hal_uart.o(i.UART_Transmit_IT)
    UART_Transmit_IT                         0x08003d59   Thumb Code    98  stm32f1xx_hal_uart.o(i.UART_Transmit_IT)
    i.UART_WaitOnFlagUntilTimeout            0x08003dba   Section        0  stm32f1xx_hal_uart.o(i.UART_WaitOnFlagUntilTimeout)
    UART_WaitOnFlagUntilTimeout              0x08003dbb   Thumb Code   100  stm32f1xx_hal_uart.o(i.UART_WaitOnFlagUntilTimeout)
    i.USART1_IRQHandler                      0x08003e20   Section        0  stm32f1xx_it.o(i.USART1_IRQHandler)
    i.USBD_ClrClassConfig                    0x08003e2c   Section        0  usbd_core.o(i.USBD_ClrClassConfig)
    i.USBD_CtlContinueRx                     0x08003e3a   Section        0  usbd_ioreq.o(i.USBD_CtlContinueRx)
    i.USBD_CtlContinueSendData               0x08003e4a   Section        0  usbd_ioreq.o(i.USBD_CtlContinueSendData)
    i.USBD_CtlError                          0x08003e5a   Section        0  usbd_ctlreq.o(i.USBD_CtlError)
    i.USBD_CtlReceiveStatus                  0x08003e70   Section        0  usbd_ioreq.o(i.USBD_CtlReceiveStatus)
    i.USBD_CtlSendData                       0x08003e86   Section        0  usbd_ioreq.o(i.USBD_CtlSendData)
    i.USBD_CtlSendStatus                     0x08003ea0   Section        0  usbd_ioreq.o(i.USBD_CtlSendStatus)
    i.USBD_FS_ConfigStrDescriptor            0x08003eb8   Section        0  usbd_desc.o(i.USBD_FS_ConfigStrDescriptor)
    i.USBD_FS_DeviceDescriptor               0x08003ed8   Section        0  usbd_desc.o(i.USBD_FS_DeviceDescriptor)
    i.USBD_FS_InterfaceStrDescriptor         0x08003ee4   Section        0  usbd_desc.o(i.USBD_FS_InterfaceStrDescriptor)
    i.USBD_FS_LangIDStrDescriptor            0x08003f08   Section        0  usbd_desc.o(i.USBD_FS_LangIDStrDescriptor)
    i.USBD_FS_ManufacturerStrDescriptor      0x08003f14   Section        0  usbd_desc.o(i.USBD_FS_ManufacturerStrDescriptor)
    i.USBD_FS_ProductStrDescriptor           0x08003f3c   Section        0  usbd_desc.o(i.USBD_FS_ProductStrDescriptor)
    i.USBD_FS_SerialStrDescriptor            0x08003f64   Section        0  usbd_desc.o(i.USBD_FS_SerialStrDescriptor)
    i.USBD_GetDescriptor                     0x08003f9c   Section        0  usbd_ctlreq.o(i.USBD_GetDescriptor)
    USBD_GetDescriptor                       0x08003f9d   Thumb Code   232  usbd_ctlreq.o(i.USBD_GetDescriptor)
    i.USBD_GetString                         0x08004084   Section        0  usbd_ctlreq.o(i.USBD_GetString)
    i.USBD_Get_USB_Status                    0x080040cc   Section        0  usbd_conf.o(i.USBD_Get_USB_Status)
    USBD_Get_USB_Status                      0x080040cd   Thumb Code    24  usbd_conf.o(i.USBD_Get_USB_Status)
    i.USBD_Init                              0x080040e4   Section        0  usbd_core.o(i.USBD_Init)
    i.USBD_LL_ClearStallEP                   0x08004144   Section        0  usbd_conf.o(i.USBD_LL_ClearStallEP)
    i.USBD_LL_CloseEP                        0x08004156   Section        0  usbd_conf.o(i.USBD_LL_CloseEP)
    i.USBD_LL_DataInStage                    0x08004168   Section        0  usbd_core.o(i.USBD_LL_DataInStage)
    i.USBD_LL_DataOutStage                   0x0800422e   Section        0  usbd_core.o(i.USBD_LL_DataOutStage)
    i.USBD_LL_FlushEP                        0x080042b0   Section        0  usbd_conf.o(i.USBD_LL_FlushEP)
    i.USBD_LL_GetRxDataSize                  0x080042c2   Section        0  usbd_conf.o(i.USBD_LL_GetRxDataSize)
    i.USBD_LL_Init                           0x080042cc   Section        0  usbd_conf.o(i.USBD_LL_Init)
    i.USBD_LL_IsStallEP                      0x0800433c   Section        0  usbd_conf.o(i.USBD_LL_IsStallEP)
    i.USBD_LL_OpenEP                         0x08004358   Section        0  usbd_conf.o(i.USBD_LL_OpenEP)
    i.USBD_LL_PrepareReceive                 0x08004370   Section        0  usbd_conf.o(i.USBD_LL_PrepareReceive)
    i.USBD_LL_Reset                          0x08004382   Section        0  usbd_core.o(i.USBD_LL_Reset)
    i.USBD_LL_Resume                         0x080043d2   Section        0  usbd_core.o(i.USBD_LL_Resume)
    i.USBD_LL_SOF                            0x080043e6   Section        0  usbd_core.o(i.USBD_LL_SOF)
    i.USBD_LL_SetSpeed                       0x080043fe   Section        0  usbd_core.o(i.USBD_LL_SetSpeed)
    i.USBD_LL_SetUSBAddress                  0x08004404   Section        0  usbd_conf.o(i.USBD_LL_SetUSBAddress)
    i.USBD_LL_SetupStage                     0x08004416   Section        0  usbd_core.o(i.USBD_LL_SetupStage)
    i.USBD_LL_StallEP                        0x08004470   Section        0  usbd_conf.o(i.USBD_LL_StallEP)
    i.USBD_LL_Start                          0x08004482   Section        0  usbd_conf.o(i.USBD_LL_Start)
    i.USBD_LL_Suspend                        0x08004494   Section        0  usbd_core.o(i.USBD_LL_Suspend)
    i.USBD_LL_Transmit                       0x080044a6   Section        0  usbd_conf.o(i.USBD_LL_Transmit)
    i.USBD_MSC_DataIn                        0x080044b8   Section        0  usbd_msc.o(i.USBD_MSC_DataIn)
    i.USBD_MSC_DataOut                       0x080044c2   Section        0  usbd_msc.o(i.USBD_MSC_DataOut)
    i.USBD_MSC_DeInit                        0x080044cc   Section        0  usbd_msc.o(i.USBD_MSC_DeInit)
    i.USBD_MSC_GetDeviceQualifierDescriptor  0x08004500   Section        0  usbd_msc.o(i.USBD_MSC_GetDeviceQualifierDescriptor)
    i.USBD_MSC_GetFSCfgDesc                  0x0800450c   Section        0  usbd_msc.o(i.USBD_MSC_GetFSCfgDesc)
    i.USBD_MSC_GetHSCfgDesc                  0x08004518   Section        0  usbd_msc.o(i.USBD_MSC_GetHSCfgDesc)
    i.USBD_MSC_GetOtherSpeedCfgDesc          0x08004524   Section        0  usbd_msc.o(i.USBD_MSC_GetOtherSpeedCfgDesc)
    i.USBD_MSC_Init                          0x08004530   Section        0  usbd_msc.o(i.USBD_MSC_Init)
    i.USBD_MSC_RegisterStorage               0x0800458c   Section        0  usbd_msc.o(i.USBD_MSC_RegisterStorage)
    i.USBD_MSC_Setup                         0x08004596   Section        0  usbd_msc.o(i.USBD_MSC_Setup)
    i.USBD_ParseSetupRequest                 0x080046ac   Section        0  usbd_ctlreq.o(i.USBD_ParseSetupRequest)
    i.USBD_RegisterClass                     0x080046d4   Section        0  usbd_core.o(i.USBD_RegisterClass)
    i.USBD_SetClassConfig                    0x0800471c   Section        0  usbd_core.o(i.USBD_SetClassConfig)
    i.USBD_SetConfig                         0x08004734   Section        0  usbd_ctlreq.o(i.USBD_SetConfig)
    USBD_SetConfig                           0x08004735   Thumb Code   128  usbd_ctlreq.o(i.USBD_SetConfig)
    i.USBD_Start                             0x080047b8   Section        0  usbd_core.o(i.USBD_Start)
    i.USBD_StdDevReq                         0x080047c2   Section        0  usbd_ctlreq.o(i.USBD_StdDevReq)
    i.USBD_StdEPReq                          0x080048d4   Section        0  usbd_ctlreq.o(i.USBD_StdEPReq)
    i.USBD_StdItfReq                         0x08004a24   Section        0  usbd_ctlreq.o(i.USBD_StdItfReq)
    i.USBD_static_free                       0x08004a72   Section        0  usbd_conf.o(i.USBD_static_free)
    i.USBD_static_malloc                     0x08004a74   Section        0  usbd_conf.o(i.USBD_static_malloc)
    i.USB_ActivateEndpoint                   0x08004a7c   Section        0  stm32f1xx_ll_usb.o(i.USB_ActivateEndpoint)
    i.USB_CoreInit                           0x08004ce2   Section        0  stm32f1xx_ll_usb.o(i.USB_CoreInit)
    i.USB_DeactivateEndpoint                 0x08004ce6   Section        0  stm32f1xx_ll_usb.o(i.USB_DeactivateEndpoint)
    i.USB_DevConnect                         0x08004df4   Section        0  stm32f1xx_ll_usb.o(i.USB_DevConnect)
    i.USB_DevDisconnect                      0x08004df8   Section        0  stm32f1xx_ll_usb.o(i.USB_DevDisconnect)
    i.USB_DevInit                            0x08004dfc   Section        0  stm32f1xx_ll_usb.o(i.USB_DevInit)
    i.USB_DisableGlobalInt                   0x08004e1a   Section        0  stm32f1xx_ll_usb.o(i.USB_DisableGlobalInt)
    i.USB_EP0_OutStart                       0x08004e28   Section        0  stm32f1xx_ll_usb.o(i.USB_EP0_OutStart)
    i.USB_EPClearStall                       0x08004e2c   Section        0  stm32f1xx_ll_usb.o(i.USB_EPClearStall)
    i.USB_EPSetStall                         0x08004ea4   Section        0  stm32f1xx_ll_usb.o(i.USB_EPSetStall)
    i.USB_EPStartXfer                        0x08004ed6   Section        0  stm32f1xx_ll_usb.o(i.USB_EPStartXfer)
    i.USB_EnableGlobalInt                    0x08005072   Section        0  stm32f1xx_ll_usb.o(i.USB_EnableGlobalInt)
    i.USB_FlushRxFifo                        0x08005080   Section        0  stm32f1xx_ll_usb.o(i.USB_FlushRxFifo)
    i.USB_FlushTxFifo                        0x08005084   Section        0  stm32f1xx_ll_usb.o(i.USB_FlushTxFifo)
    i.USB_LP_CAN1_RX0_IRQHandler             0x08005088   Section        0  stm32f1xx_it.o(i.USB_LP_CAN1_RX0_IRQHandler)
    i.USB_ReadInterrupts                     0x08005094   Section        0  stm32f1xx_ll_usb.o(i.USB_ReadInterrupts)
    i.USB_ReadPMA                            0x0800509c   Section        0  stm32f1xx_ll_usb.o(i.USB_ReadPMA)
    i.USB_SetCurrentMode                     0x080050c8   Section        0  stm32f1xx_ll_usb.o(i.USB_SetCurrentMode)
    i.USB_SetDevAddress                      0x080050cc   Section        0  stm32f1xx_ll_usb.o(i.USB_SetDevAddress)
    i.USB_WritePMA                           0x080050d8   Section        0  stm32f1xx_ll_usb.o(i.USB_WritePMA)
    i.UsageFault_Handler                     0x080050fe   Section        0  stm32f1xx_it.o(i.UsageFault_Handler)
    i.__0printf$8                            0x08005100   Section        0  printf8.o(i.__0printf$8)
    i.__NVIC_SetPriority                     0x08005120   Section        0  stm32f1xx_hal_cortex.o(i.__NVIC_SetPriority)
    __NVIC_SetPriority                       0x08005121   Thumb Code    32  stm32f1xx_hal_cortex.o(i.__NVIC_SetPriority)
    i.__scatterload_copy                     0x08005140   Section       14  handlers.o(i.__scatterload_copy)
    i.__scatterload_null                     0x0800514e   Section        2  handlers.o(i.__scatterload_null)
    i.__scatterload_zeroinit                 0x08005150   Section       14  handlers.o(i.__scatterload_zeroinit)
    i._printf_core                           0x08005160   Section        0  printf8.o(i._printf_core)
    _printf_core                             0x08005161   Thumb Code   996  printf8.o(i._printf_core)
    i._printf_post_padding                   0x08005570   Section        0  printf8.o(i._printf_post_padding)
    _printf_post_padding                     0x08005571   Thumb Code    36  printf8.o(i._printf_post_padding)
    i._printf_pre_padding                    0x08005594   Section        0  printf8.o(i._printf_pre_padding)
    _printf_pre_padding                      0x08005595   Thumb Code    46  printf8.o(i._printf_pre_padding)
    i.fputc                                  0x080055c4   Section        0  usart.o(i.fputc)
    i.main                                   0x080055dc   Section        0  main.o(i.main)
    .constdata                               0x08005610   Section       36  usbd_storage_if.o(.constdata)
    .constdata                               0x08005634   Section       16  system_stm32f1xx.o(.constdata)
    .constdata                               0x08005644   Section        8  system_stm32f1xx.o(.constdata)
    .constdata                               0x0800564c   Section        7  usbd_msc_data.o(.constdata)
    .constdata                               0x08005653   Section        8  usbd_msc_data.o(.constdata)
    .constdata                               0x0800565b   Section        8  usbd_msc_data.o(.constdata)
    .conststring                             0x08005664   Section       77  main.o(.conststring)
    .data                                    0x20000000   Section        8  crc.o(.data)
    .data                                    0x20000008   Section       28  usbd_desc.o(.data)
    .data                                    0x20000024   Section       50  usbd_desc.o(.data)
    .data                                    0x20000058   Section       32  usbd_storage_if.o(.data)
    .data                                    0x20000078   Section       12  stm32f1xx_hal.o(.data)
    .data                                    0x20000084   Section        4  system_stm32f1xx.o(.data)
    .data                                    0x20000088   Section        1  usbd_ctlreq.o(.data)
    cfgidx                                   0x20000088   Data           1  usbd_ctlreq.o(.data)
    .data                                    0x2000008c   Section       56  usbd_msc.o(.data)
    .data                                    0x200000c4   Section      106  usbd_msc.o(.data)
    .data                                    0x20000130   Section        4  stdout.o(.data)
    .bss                                     0x20000134   Section       20  rtc.o(.bss)
    .bss                                     0x20000148   Section      132  sdio.o(.bss)
    .bss                                     0x200001cc   Section       88  spi.o(.bss)
    .bss                                     0x20000224   Section      200  usart.o(.bss)
    .bss                                     0x200002ec   Section      708  usb_device.o(.bss)
    .bss                                     0x200005b0   Section     1244  usbd_conf.o(.bss)
    mem                                      0x200005b0   Data         624  usbd_conf.o(.bss)
    .bss                                     0x20000a8c   Section      512  usbd_desc.o(.bss)
    STACK                                    0x20000c90   Section     4096  startup_stm32f103xe.o(STACK)

    Global Symbols

    Symbol Name                              Value     Ov Type        Size  Object(Section)

    BuildAttributes$$THM_ISAv4$P$D$K$B$S$PE$A:L22UL41UL21$X:L11$S22US41US21$IEEE1$IW$USESV6$~STKCKD$USESV7$~SHL$OSPACE$ROPI$EBA8$MICROLIB$REQ8$PRES8$EABIv2 0x00000000   Number         0  anon$$obj.o ABSOLUTE
    __ARM_use_no_argv                        0x00000000   Number         0  main.o ABSOLUTE
    _printf_a                                0x00000000   Number         0  stubs.o ABSOLUTE
    _printf_c                                0x00000000   Number         0  stubs.o ABSOLUTE
    _printf_charcount                        0x00000000   Number         0  stubs.o ABSOLUTE
    _printf_d                                0x00000000   Number         0  stubs.o ABSOLUTE
    _printf_e                                0x00000000   Number         0  stubs.o ABSOLUTE
    _printf_f                                0x00000000   Number         0  stubs.o ABSOLUTE
    _printf_flags                            0x00000000   Number         0  stubs.o ABSOLUTE
    _printf_fp_dec                           0x00000000   Number         0  stubs.o ABSOLUTE
    _printf_fp_hex                           0x00000000   Number         0  stubs.o ABSOLUTE
    _printf_g                                0x00000000   Number         0  stubs.o ABSOLUTE
    _printf_i                                0x00000000   Number         0  stubs.o ABSOLUTE
    _printf_int_dec                          0x00000000   Number         0  stubs.o ABSOLUTE
    _printf_l                                0x00000000   Number         0  stubs.o ABSOLUTE
    _printf_lc                               0x00000000   Number         0  stubs.o ABSOLUTE
    _printf_ll                               0x00000000   Number         0  stubs.o ABSOLUTE
    _printf_lld                              0x00000000   Number         0  stubs.o ABSOLUTE
    _printf_lli                              0x00000000   Number         0  stubs.o ABSOLUTE
    _printf_llo                              0x00000000   Number         0  stubs.o ABSOLUTE
    _printf_llu                              0x00000000   Number         0  stubs.o ABSOLUTE
    _printf_llx                              0x00000000   Number         0  stubs.o ABSOLUTE
    _printf_longlong_dec                     0x00000000   Number         0  stubs.o ABSOLUTE
    _printf_longlong_hex                     0x00000000   Number         0  stubs.o ABSOLUTE
    _printf_longlong_oct                     0x00000000   Number         0  stubs.o ABSOLUTE
    _printf_ls                               0x00000000   Number         0  stubs.o ABSOLUTE
    _printf_mbtowc                           0x00000000   Number         0  stubs.o ABSOLUTE
    _printf_n                                0x00000000   Number         0  stubs.o ABSOLUTE
    _printf_o                                0x00000000   Number         0  stubs.o ABSOLUTE
    _printf_p                                0x00000000   Number         0  stubs.o ABSOLUTE
    _printf_percent                          0x00000000   Number         0  stubs.o ABSOLUTE
    _printf_pre_padding                      0x00000000   Number         0  stubs.o ABSOLUTE
    _printf_return_value                     0x00000000   Number         0  stubs.o ABSOLUTE
    _printf_s                                0x00000000   Number         0  stubs.o ABSOLUTE
    _printf_sizespec                         0x00000000   Number         0  stubs.o ABSOLUTE
    _printf_str                              0x00000000   Number         0  stubs.o ABSOLUTE
    _printf_truncate_signed                  0x00000000   Number         0  stubs.o ABSOLUTE
    _printf_truncate_unsigned                0x00000000   Number         0  stubs.o ABSOLUTE
    _printf_u                                0x00000000   Number         0  stubs.o ABSOLUTE
    _printf_wc                               0x00000000   Number         0  stubs.o ABSOLUTE
    _printf_wctomb                           0x00000000   Number         0  stubs.o ABSOLUTE
    _printf_widthprec                        0x00000000   Number         0  stubs.o ABSOLUTE
    _printf_x                                0x00000000   Number         0  stubs.o ABSOLUTE
    __cpp_initialize__aeabi_                  - Undefined Weak Reference
    __cxa_finalize                            - Undefined Weak Reference
    _clock_init                               - Undefined Weak Reference
    _microlib_exit                            - Undefined Weak Reference
    __Vectors_Size                           0x00000130   Number         0  startup_stm32f103xe.o ABSOLUTE
    __Vectors                                0x08000000   Data           4  startup_stm32f103xe.o(RESET)
    __Vectors_End                            0x08000130   Data           0  startup_stm32f103xe.o(RESET)
    __main                                   0x08000131   Thumb Code     0  entry.o(.ARM.Collect$$$$00000000)
    _main_stk                                0x08000131   Thumb Code     0  entry2.o(.ARM.Collect$$$$00000001)
    _main_scatterload                        0x08000135   Thumb Code     0  entry5.o(.ARM.Collect$$$$00000004)
    __main_after_scatterload                 0x08000139   Thumb Code     0  entry5.o(.ARM.Collect$$$$00000004)
    _main_clock                              0x08000139   Thumb Code     0  entry7b.o(.ARM.Collect$$$$00000008)
    _main_cpp_init                           0x08000139   Thumb Code     0  entry8b.o(.ARM.Collect$$$$0000000A)
    _main_init                               0x08000139   Thumb Code     0  entry9a.o(.ARM.Collect$$$$0000000B)
    __rt_final_cpp                           0x08000141   Thumb Code     0  entry10a.o(.ARM.Collect$$$$0000000D)
    __rt_final_exit                          0x08000141   Thumb Code     0  entry11a.o(.ARM.Collect$$$$0000000F)
    Reset_Handler                            0x08000145   Thumb Code     8  startup_stm32f103xe.o(.text)
    ADC1_2_IRQHandler                        0x0800015f   Thumb Code     0  startup_stm32f103xe.o(.text)
    ADC3_IRQHandler                          0x0800015f   Thumb Code     0  startup_stm32f103xe.o(.text)
    CAN1_RX1_IRQHandler                      0x0800015f   Thumb Code     0  startup_stm32f103xe.o(.text)
    CAN1_SCE_IRQHandler                      0x0800015f   Thumb Code     0  startup_stm32f103xe.o(.text)
    DMA1_Channel1_IRQHandler                 0x0800015f   Thumb Code     0  startup_stm32f103xe.o(.text)
    DMA1_Channel2_IRQHandler                 0x0800015f   Thumb Code     0  startup_stm32f103xe.o(.text)
    DMA1_Channel3_IRQHandler                 0x0800015f   Thumb Code     0  startup_stm32f103xe.o(.text)
    DMA1_Channel6_IRQHandler                 0x0800015f   Thumb Code     0  startup_stm32f103xe.o(.text)
    DMA1_Channel7_IRQHandler                 0x0800015f   Thumb Code     0  startup_stm32f103xe.o(.text)
    DMA2_Channel1_IRQHandler                 0x0800015f   Thumb Code     0  startup_stm32f103xe.o(.text)
    DMA2_Channel2_IRQHandler                 0x0800015f   Thumb Code     0  startup_stm32f103xe.o(.text)
    DMA2_Channel3_IRQHandler                 0x0800015f   Thumb Code     0  startup_stm32f103xe.o(.text)
    DMA2_Channel4_5_IRQHandler               0x0800015f   Thumb Code     0  startup_stm32f103xe.o(.text)
    EXTI0_IRQHandler                         0x0800015f   Thumb Code     0  startup_stm32f103xe.o(.text)
    EXTI15_10_IRQHandler                     0x0800015f   Thumb Code     0  startup_stm32f103xe.o(.text)
    EXTI1_IRQHandler                         0x0800015f   Thumb Code     0  startup_stm32f103xe.o(.text)
    EXTI2_IRQHandler                         0x0800015f   Thumb Code     0  startup_stm32f103xe.o(.text)
    EXTI3_IRQHandler                         0x0800015f   Thumb Code     0  startup_stm32f103xe.o(.text)
    EXTI4_IRQHandler                         0x0800015f   Thumb Code     0  startup_stm32f103xe.o(.text)
    EXTI9_5_IRQHandler                       0x0800015f   Thumb Code     0  startup_stm32f103xe.o(.text)
    FLASH_IRQHandler                         0x0800015f   Thumb Code     0  startup_stm32f103xe.o(.text)
    FSMC_IRQHandler                          0x0800015f   Thumb Code     0  startup_stm32f103xe.o(.text)
    I2C1_ER_IRQHandler                       0x0800015f   Thumb Code     0  startup_stm32f103xe.o(.text)
    I2C1_EV_IRQHandler                       0x0800015f   Thumb Code     0  startup_stm32f103xe.o(.text)
    I2C2_ER_IRQHandler                       0x0800015f   Thumb Code     0  startup_stm32f103xe.o(.text)
    I2C2_EV_IRQHandler                       0x0800015f   Thumb Code     0  startup_stm32f103xe.o(.text)
    PVD_IRQHandler                           0x0800015f   Thumb Code     0  startup_stm32f103xe.o(.text)
    RCC_IRQHandler                           0x0800015f   Thumb Code     0  startup_stm32f103xe.o(.text)
    RTC_Alarm_IRQHandler                     0x0800015f   Thumb Code     0  startup_stm32f103xe.o(.text)
    RTC_IRQHandler                           0x0800015f   Thumb Code     0  startup_stm32f103xe.o(.text)
    SPI1_IRQHandler                          0x0800015f   Thumb Code     0  startup_stm32f103xe.o(.text)
    SPI2_IRQHandler                          0x0800015f   Thumb Code     0  startup_stm32f103xe.o(.text)
    SPI3_IRQHandler                          0x0800015f   Thumb Code     0  startup_stm32f103xe.o(.text)
    TAMPER_IRQHandler                        0x0800015f   Thumb Code     0  startup_stm32f103xe.o(.text)
    TIM1_BRK_IRQHandler                      0x0800015f   Thumb Code     0  startup_stm32f103xe.o(.text)
    TIM1_CC_IRQHandler                       0x0800015f   Thumb Code     0  startup_stm32f103xe.o(.text)
    TIM1_TRG_COM_IRQHandler                  0x0800015f   Thumb Code     0  startup_stm32f103xe.o(.text)
    TIM1_UP_IRQHandler                       0x0800015f   Thumb Code     0  startup_stm32f103xe.o(.text)
    TIM2_IRQHandler                          0x0800015f   Thumb Code     0  startup_stm32f103xe.o(.text)
    TIM3_IRQHandler                          0x0800015f   Thumb Code     0  startup_stm32f103xe.o(.text)
    TIM4_IRQHandler                          0x0800015f   Thumb Code     0  startup_stm32f103xe.o(.text)
    TIM5_IRQHandler                          0x0800015f   Thumb Code     0  startup_stm32f103xe.o(.text)
    TIM6_IRQHandler                          0x0800015f   Thumb Code     0  startup_stm32f103xe.o(.text)
    TIM7_IRQHandler                          0x0800015f   Thumb Code     0  startup_stm32f103xe.o(.text)
    TIM8_BRK_IRQHandler                      0x0800015f   Thumb Code     0  startup_stm32f103xe.o(.text)
    TIM8_CC_IRQHandler                       0x0800015f   Thumb Code     0  startup_stm32f103xe.o(.text)
    TIM8_TRG_COM_IRQHandler                  0x0800015f   Thumb Code     0  startup_stm32f103xe.o(.text)
    TIM8_UP_IRQHandler                       0x0800015f   Thumb Code     0  startup_stm32f103xe.o(.text)
    UART4_IRQHandler                         0x0800015f   Thumb Code     0  startup_stm32f103xe.o(.text)
    UART5_IRQHandler                         0x0800015f   Thumb Code     0  startup_stm32f103xe.o(.text)
    USART2_IRQHandler                        0x0800015f   Thumb Code     0  startup_stm32f103xe.o(.text)
    USART3_IRQHandler                        0x0800015f   Thumb Code     0  startup_stm32f103xe.o(.text)
    USBWakeUp_IRQHandler                     0x0800015f   Thumb Code     0  startup_stm32f103xe.o(.text)
    USB_HP_CAN1_TX_IRQHandler                0x0800015f   Thumb Code     0  startup_stm32f103xe.o(.text)
    WWDG_IRQHandler                          0x0800015f   Thumb Code     0  startup_stm32f103xe.o(.text)
    __aeabi_llsr                             0x08000169   Thumb Code    32  llushr.o(.text)
    _ll_ushift_r                             0x08000169   Thumb Code     0  llushr.o(.text)
    __aeabi_memcpy                           0x08000189   Thumb Code    36  memcpya.o(.text)
    __aeabi_memcpy4                          0x08000189   Thumb Code     0  memcpya.o(.text)
    __aeabi_memcpy8                          0x08000189   Thumb Code     0  memcpya.o(.text)
    __aeabi_memset                           0x080001ad   Thumb Code    14  memseta.o(.text)
    __aeabi_memset4                          0x080001ad   Thumb Code     0  memseta.o(.text)
    __aeabi_memset8                          0x080001ad   Thumb Code     0  memseta.o(.text)
    __aeabi_memclr                           0x080001bb   Thumb Code     4  memseta.o(.text)
    __aeabi_memclr4                          0x080001bb   Thumb Code     0  memseta.o(.text)
    __aeabi_memclr8                          0x080001bb   Thumb Code     0  memseta.o(.text)
    _memset$wrapper                          0x080001bf   Thumb Code    18  memseta.o(.text)
    __aeabi_uldivmod                         0x080001d1   Thumb Code    98  uldiv.o(.text)
    __scatterload                            0x08000235   Thumb Code    28  init.o(.text)
    __scatterload_rt2                        0x08000235   Thumb Code     0  init.o(.text)
    __aeabi_llsl                             0x08000259   Thumb Code    30  llshl.o(.text)
    _ll_shift_l                              0x08000259   Thumb Code     0  llshl.o(.text)
    __decompress                             0x08000277   Thumb Code     0  __dczerorl2.o(.text)
    __decompress1                            0x08000277   Thumb Code    86  __dczerorl2.o(.text)
    BusFault_Handler                         0x080002cd   Thumb Code     2  stm32f1xx_it.o(i.BusFault_Handler)
    DMA1_Channel4_IRQHandler                 0x080002d1   Thumb Code     6  stm32f1xx_it.o(i.DMA1_Channel4_IRQHandler)
    DMA1_Channel5_IRQHandler                 0x080002dd   Thumb Code     6  stm32f1xx_it.o(i.DMA1_Channel5_IRQHandler)
    DebugMon_Handler                         0x080002e9   Thumb Code     2  stm32f1xx_it.o(i.DebugMon_Handler)
    Error_Handler                            0x080002ed   Thumb Code     8  main.o(i.Error_Handler)
    HAL_CRC_Init                             0x08000315   Thumb Code    34  stm32f1xx_hal_crc.o(i.HAL_CRC_Init)
    HAL_CRC_MspInit                          0x08000339   Thumb Code    30  crc.o(i.HAL_CRC_MspInit)
    HAL_DMA_Abort_IT                         0x08000361   Thumb Code   296  stm32f1xx_hal_dma.o(i.HAL_DMA_Abort_IT)
    HAL_DMA_IRQHandler                       0x08000491   Thumb Code   552  stm32f1xx_hal_dma.o(i.HAL_DMA_IRQHandler)
    HAL_DMA_Init                             0x080006d9   Thumb Code   112  stm32f1xx_hal_dma.o(i.HAL_DMA_Init)
    HAL_Delay                                0x08000755   Thumb Code    32  stm32f1xx_hal.o(i.HAL_Delay)
    HAL_GPIO_Init                            0x08000779   Thumb Code   462  stm32f1xx_hal_gpio.o(i.HAL_GPIO_Init)
    HAL_GPIO_WritePin                        0x08000971   Thumb Code    10  stm32f1xx_hal_gpio.o(i.HAL_GPIO_WritePin)
    HAL_GetTick                              0x0800097d   Thumb Code     6  stm32f1xx_hal.o(i.HAL_GetTick)
    HAL_IncTick                              0x08000989   Thumb Code    12  stm32f1xx_hal.o(i.HAL_IncTick)
    HAL_Init                                 0x08000999   Thumb Code    32  stm32f1xx_hal.o(i.HAL_Init)
    HAL_InitTick                             0x080009bd   Thumb Code    54  stm32f1xx_hal.o(i.HAL_InitTick)
    HAL_MspInit                              0x080009fd   Thumb Code    48  stm32f1xx_hal_msp.o(i.HAL_MspInit)
    HAL_NVIC_EnableIRQ                       0x08000a35   Thumb Code    26  stm32f1xx_hal_cortex.o(i.HAL_NVIC_EnableIRQ)
    HAL_NVIC_SetPriority                     0x08000a51   Thumb Code    60  stm32f1xx_hal_cortex.o(i.HAL_NVIC_SetPriority)
    HAL_NVIC_SetPriorityGrouping             0x08000a91   Thumb Code    26  stm32f1xx_hal_cortex.o(i.HAL_NVIC_SetPriorityGrouping)
    HAL_PCDEx_PMAConfig                      0x08000ab5   Thumb Code    52  stm32f1xx_hal_pcd_ex.o(i.HAL_PCDEx_PMAConfig)
    HAL_PCDEx_SetConnectionState             0x08000ae9   Thumb Code     2  usbd_conf.o(i.HAL_PCDEx_SetConnectionState)
    HAL_PCD_DataInStageCallback              0x08000aeb   Thumb Code    14  usbd_conf.o(i.HAL_PCD_DataInStageCallback)
    HAL_PCD_DataOutStageCallback             0x08000af9   Thumb Code    16  usbd_conf.o(i.HAL_PCD_DataOutStageCallback)
    HAL_PCD_EP_Close                         0x08000b09   Thumb Code    72  stm32f1xx_hal_pcd.o(i.HAL_PCD_EP_Close)
    HAL_PCD_EP_ClrStall                      0x08000b51   Thumb Code    88  stm32f1xx_hal_pcd.o(i.HAL_PCD_EP_ClrStall)
    HAL_PCD_EP_Flush                         0x08000ba9   Thumb Code    52  stm32f1xx_hal_pcd.o(i.HAL_PCD_EP_Flush)
    HAL_PCD_EP_GetRxCount                    0x08000bdd   Thumb Code    14  stm32f1xx_hal_pcd.o(i.HAL_PCD_EP_GetRxCount)
    HAL_PCD_EP_Open                          0x08000beb   Thumb Code    92  stm32f1xx_hal_pcd.o(i.HAL_PCD_EP_Open)
    HAL_PCD_EP_Receive                       0x08000c47   Thumb Code    46  stm32f1xx_hal_pcd.o(i.HAL_PCD_EP_Receive)
    HAL_PCD_EP_SetStall                      0x08000c75   Thumb Code   106  stm32f1xx_hal_pcd.o(i.HAL_PCD_EP_SetStall)
    HAL_PCD_EP_Transmit                      0x08000cdf   Thumb Code    42  stm32f1xx_hal_pcd.o(i.HAL_PCD_EP_Transmit)
    HAL_PCD_IRQHandler                       0x08000d09   Thumb Code   278  stm32f1xx_hal_pcd.o(i.HAL_PCD_IRQHandler)
    HAL_PCD_Init                             0x08000e21   Thumb Code   210  stm32f1xx_hal_pcd.o(i.HAL_PCD_Init)
    HAL_PCD_MspInit                          0x08000ef5   Thumb Code    50  usbd_conf.o(i.HAL_PCD_MspInit)
    HAL_PCD_ResetCallback                    0x08000f31   Thumb Code    38  usbd_conf.o(i.HAL_PCD_ResetCallback)
    HAL_PCD_ResumeCallback                   0x08000f57   Thumb Code     8  usbd_conf.o(i.HAL_PCD_ResumeCallback)
    HAL_PCD_SOFCallback                      0x08000f5f   Thumb Code     8  usbd_conf.o(i.HAL_PCD_SOFCallback)
    HAL_PCD_SetAddress                       0x08000f67   Thumb Code    40  stm32f1xx_hal_pcd.o(i.HAL_PCD_SetAddress)
    HAL_PCD_SetupStageCallback               0x08000f8f   Thumb Code    14  usbd_conf.o(i.HAL_PCD_SetupStageCallback)
    HAL_PCD_Start                            0x08000f9d   Thumb Code    50  stm32f1xx_hal_pcd.o(i.HAL_PCD_Start)
    HAL_PCD_SuspendCallback                  0x08000fd1   Thumb Code    30  usbd_conf.o(i.HAL_PCD_SuspendCallback)
    HAL_PWR_EnableBkUpAccess                 0x08000ff5   Thumb Code     8  stm32f1xx_hal_pwr.o(i.HAL_PWR_EnableBkUpAccess)
    HAL_RCCEx_GetPeriphCLKFreq               0x08001001   Thumb Code   180  stm32f1xx_hal_rcc_ex.o(i.HAL_RCCEx_GetPeriphCLKFreq)
    HAL_RCCEx_PeriphCLKConfig                0x080010d5   Thumb Code   224  stm32f1xx_hal_rcc_ex.o(i.HAL_RCCEx_PeriphCLKConfig)
    HAL_RCC_ClockConfig                      0x080011c1   Thumb Code   280  stm32f1xx_hal_rcc.o(i.HAL_RCC_ClockConfig)
    HAL_RCC_GetPCLK1Freq                     0x080012ed   Thumb Code    20  stm32f1xx_hal_rcc.o(i.HAL_RCC_GetPCLK1Freq)
    HAL_RCC_GetPCLK2Freq                     0x0800130d   Thumb Code    20  stm32f1xx_hal_rcc.o(i.HAL_RCC_GetPCLK2Freq)
    HAL_RCC_GetSysClockFreq                  0x0800132d   Thumb Code    74  stm32f1xx_hal_rcc.o(i.HAL_RCC_GetSysClockFreq)
    HAL_RCC_OscConfig                        0x08001399   Thumb Code   778  stm32f1xx_hal_rcc.o(i.HAL_RCC_OscConfig)
    HAL_RTC_Init                             0x080016b9   Thumb Code   154  stm32f1xx_hal_rtc.o(i.HAL_RTC_Init)
    HAL_RTC_MspInit                          0x08001759   Thumb Code    40  rtc.o(i.HAL_RTC_MspInit)
    HAL_RTC_SetDate                          0x0800178d   Thumb Code   192  stm32f1xx_hal_rtc.o(i.HAL_RTC_SetDate)
    HAL_RTC_SetTime                          0x08001851   Thumb Code   168  stm32f1xx_hal_rtc.o(i.HAL_RTC_SetTime)
    HAL_RTC_WaitForSynchro                   0x080018fd   Thumb Code    58  stm32f1xx_hal_rtc.o(i.HAL_RTC_WaitForSynchro)
    HAL_SD_AbortCallback                     0x08001937   Thumb Code     2  stm32f1xx_hal_sd.o(i.HAL_SD_AbortCallback)
    HAL_SD_ConfigWideBusOperation            0x08001939   Thumb Code   238  stm32f1xx_hal_sd.o(i.HAL_SD_ConfigWideBusOperation)
    HAL_SD_ErrorCallback                     0x08001a2d   Thumb Code     2  stm32f1xx_hal_sd.o(i.HAL_SD_ErrorCallback)
    HAL_SD_GetCardCSD                        0x08001a31   Thumb Code   402  stm32f1xx_hal_sd.o(i.HAL_SD_GetCardCSD)
    HAL_SD_GetCardState                      0x08001bc9   Thumb Code    44  stm32f1xx_hal_sd.o(i.HAL_SD_GetCardState)
    HAL_SD_IRQHandler                        0x08001bf5   Thumb Code   512  stm32f1xx_hal_sd.o(i.HAL_SD_IRQHandler)
    HAL_SD_Init                              0x08001dfd   Thumb Code    54  stm32f1xx_hal_sd.o(i.HAL_SD_Init)
    HAL_SD_InitCard                          0x08001e35   Thumb Code    78  stm32f1xx_hal_sd.o(i.HAL_SD_InitCard)
    HAL_SD_MspInit                           0x08001e89   Thumb Code   130  sdio.o(i.HAL_SD_MspInit)
    HAL_SD_RxCpltCallback                    0x08001f1d   Thumb Code     2  stm32f1xx_hal_sd.o(i.HAL_SD_RxCpltCallback)
    HAL_SD_TxCpltCallback                    0x08001f1f   Thumb Code     2  stm32f1xx_hal_sd.o(i.HAL_SD_TxCpltCallback)
    HAL_SPI_Init                             0x08001f21   Thumb Code   124  stm32f1xx_hal_spi.o(i.HAL_SPI_Init)
    HAL_SPI_MspInit                          0x08001f9d   Thumb Code   102  spi.o(i.HAL_SPI_MspInit)
    HAL_SYSTICK_Config                       0x08002011   Thumb Code    40  stm32f1xx_hal_cortex.o(i.HAL_SYSTICK_Config)
    HAL_UART_ErrorCallback                   0x08002039   Thumb Code     2  stm32f1xx_hal_uart.o(i.HAL_UART_ErrorCallback)
    HAL_UART_IRQHandler                      0x0800203d   Thumb Code   266  stm32f1xx_hal_uart.o(i.HAL_UART_IRQHandler)
    HAL_UART_Init                            0x0800214d   Thumb Code    98  stm32f1xx_hal_uart.o(i.HAL_UART_Init)
    HAL_UART_MspInit                         0x080021b1   Thumb Code   200  usart.o(i.HAL_UART_MspInit)
    HAL_UART_RxCpltCallback                  0x0800228d   Thumb Code     2  stm32f1xx_hal_uart.o(i.HAL_UART_RxCpltCallback)
    HAL_UART_Transmit                        0x0800228f   Thumb Code   186  stm32f1xx_hal_uart.o(i.HAL_UART_Transmit)
    HAL_UART_TxCpltCallback                  0x08002349   Thumb Code     2  stm32f1xx_hal_uart.o(i.HAL_UART_TxCpltCallback)
    HardFault_Handler                        0x0800234b   Thumb Code     2  stm32f1xx_it.o(i.HardFault_Handler)
    MSC_BOT_CplClrFeature                    0x08002495   Thumb Code    42  usbd_msc_bot.o(i.MSC_BOT_CplClrFeature)
    MSC_BOT_DataIn                           0x080024bf   Thumb Code    58  usbd_msc_bot.o(i.MSC_BOT_DataIn)
    MSC_BOT_DataOut                          0x080024f9   Thumb Code    58  usbd_msc_bot.o(i.MSC_BOT_DataOut)
    MSC_BOT_DeInit                           0x08002533   Thumb Code    10  usbd_msc_bot.o(i.MSC_BOT_DeInit)
    MSC_BOT_Init                             0x0800253d   Thumb Code    66  usbd_msc_bot.o(i.MSC_BOT_Init)
    MSC_BOT_Reset                            0x0800257f   Thumb Code    22  usbd_msc_bot.o(i.MSC_BOT_Reset)
    MSC_BOT_SendCSW                          0x08002595   Thumb Code    54  usbd_msc_bot.o(i.MSC_BOT_SendCSW)
    MX_CRC_Init                              0x080025d1   Thumb Code    28  crc.o(i.MX_CRC_Init)
    MX_DMA_Init                              0x080025f5   Thumb Code    56  dma.o(i.MX_DMA_Init)
    MX_GPIO_Init                             0x08002631   Thumb Code   208  gpio.o(i.MX_GPIO_Init)
    MX_RTC_Init                              0x0800270d   Thumb Code   110  rtc.o(i.MX_RTC_Init)
    MX_SDIO_SD_Init                          0x08002785   Thumb Code    58  sdio.o(i.MX_SDIO_SD_Init)
    MX_SPI2_Init                             0x080027c9   Thumb Code    62  spi.o(i.MX_SPI2_Init)
    MX_USART1_UART_Init                      0x08002811   Thumb Code    48  usart.o(i.MX_USART1_UART_Init)
    MX_USB_DEVICE_Init                       0x08002849   Thumb Code    66  usb_device.o(i.MX_USB_DEVICE_Init)
    MemManage_Handler                        0x0800289d   Thumb Code     2  stm32f1xx_it.o(i.MemManage_Handler)
    NMI_Handler                              0x0800289f   Thumb Code     2  stm32f1xx_it.o(i.NMI_Handler)
    PendSV_Handler                           0x08002b63   Thumb Code     2  stm32f1xx_it.o(i.PendSV_Handler)
    SCSI_ProcessCmd                          0x08002cd9   Thumb Code   452  usbd_msc_scsi.o(i.SCSI_ProcessCmd)
    SCSI_SenseCode                           0x08003141   Thumb Code    52  usbd_msc_scsi.o(i.SCSI_SenseCode)
    SDIO_ConfigData                          0x08003233   Thumb Code    36  stm32f1xx_ll_sdmmc.o(i.SDIO_ConfigData)
    SDIO_GetPowerState                       0x08003257   Thumb Code     8  stm32f1xx_ll_sdmmc.o(i.SDIO_GetPowerState)
    SDIO_GetResponse                         0x0800325f   Thumb Code     6  stm32f1xx_ll_sdmmc.o(i.SDIO_GetResponse)
    SDIO_IRQHandler                          0x08003265   Thumb Code     6  stm32f1xx_it.o(i.SDIO_IRQHandler)
    SDIO_Init                                0x08003271   Thumb Code    36  stm32f1xx_ll_sdmmc.o(i.SDIO_Init)
    SDIO_PowerState_ON                       0x08003295   Thumb Code    16  stm32f1xx_ll_sdmmc.o(i.SDIO_PowerState_ON)
    SDIO_ReadFIFO                            0x080032a5   Thumb Code     6  stm32f1xx_ll_sdmmc.o(i.SDIO_ReadFIFO)
    SDIO_SendCommand                         0x080032ab   Thumb Code    32  stm32f1xx_ll_sdmmc.o(i.SDIO_SendCommand)
    SDIO_WriteFIFO                           0x080032cb   Thumb Code    10  stm32f1xx_ll_sdmmc.o(i.SDIO_WriteFIFO)
    SDMMC_CmdAppCommand                      0x080032d5   Thumb Code    50  stm32f1xx_ll_sdmmc.o(i.SDMMC_CmdAppCommand)
    SDMMC_CmdAppOperCommand                  0x08003309   Thumb Code    48  stm32f1xx_ll_sdmmc.o(i.SDMMC_CmdAppOperCommand)
    SDMMC_CmdBlockLength                     0x0800333d   Thumb Code    50  stm32f1xx_ll_sdmmc.o(i.SDMMC_CmdBlockLength)
    SDMMC_CmdBusWidth                        0x0800336f   Thumb Code    50  stm32f1xx_ll_sdmmc.o(i.SDMMC_CmdBusWidth)
    SDMMC_CmdGoIdleState                     0x080033a1   Thumb Code    74  stm32f1xx_ll_sdmmc.o(i.SDMMC_CmdGoIdleState)
    SDMMC_CmdOperCond                        0x080033f1   Thumb Code   112  stm32f1xx_ll_sdmmc.o(i.SDMMC_CmdOperCond)
    SDMMC_CmdSelDesel                        0x08003465   Thumb Code    50  stm32f1xx_ll_sdmmc.o(i.SDMMC_CmdSelDesel)
    SDMMC_CmdSendCID                         0x08003497   Thumb Code    44  stm32f1xx_ll_sdmmc.o(i.SDMMC_CmdSendCID)
    SDMMC_CmdSendCSD                         0x080034c3   Thumb Code    44  stm32f1xx_ll_sdmmc.o(i.SDMMC_CmdSendCSD)
    SDMMC_CmdSendSCR                         0x080034ef   Thumb Code    48  stm32f1xx_ll_sdmmc.o(i.SDMMC_CmdSendSCR)
    SDMMC_CmdSendStatus                      0x0800351f   Thumb Code    50  stm32f1xx_ll_sdmmc.o(i.SDMMC_CmdSendStatus)
    SDMMC_CmdSetRelAdd                       0x08003551   Thumb Code    48  stm32f1xx_ll_sdmmc.o(i.SDMMC_CmdSetRelAdd)
    SDMMC_CmdStopTransfer                    0x08003581   Thumb Code    46  stm32f1xx_ll_sdmmc.o(i.SDMMC_CmdStopTransfer)
    SVC_Handler                              0x08003b17   Thumb Code     2  stm32f1xx_it.o(i.SVC_Handler)
    SysTick_Handler                          0x08003b19   Thumb Code     4  stm32f1xx_it.o(i.SysTick_Handler)
    SystemClock_Config                       0x08003b1d   Thumb Code   120  main.o(i.SystemClock_Config)
    SystemInit                               0x08003b95   Thumb Code    56  system_stm32f1xx.o(i.SystemInit)
    USART1_IRQHandler                        0x08003e21   Thumb Code     6  stm32f1xx_it.o(i.USART1_IRQHandler)
    USBD_ClrClassConfig                      0x08003e2d   Thumb Code    14  usbd_core.o(i.USBD_ClrClassConfig)
    USBD_CtlContinueRx                       0x08003e3b   Thumb Code    16  usbd_ioreq.o(i.USBD_CtlContinueRx)
    USBD_CtlContinueSendData                 0x08003e4b   Thumb Code    16  usbd_ioreq.o(i.USBD_CtlContinueSendData)
    USBD_CtlError                            0x08003e5b   Thumb Code    22  usbd_ctlreq.o(i.USBD_CtlError)
    USBD_CtlReceiveStatus                    0x08003e71   Thumb Code    22  usbd_ioreq.o(i.USBD_CtlReceiveStatus)
    USBD_CtlSendData                         0x08003e87   Thumb Code    26  usbd_ioreq.o(i.USBD_CtlSendData)
    USBD_CtlSendStatus                       0x08003ea1   Thumb Code    22  usbd_ioreq.o(i.USBD_CtlSendStatus)
    USBD_FS_ConfigStrDescriptor              0x08003eb9   Thumb Code    16  usbd_desc.o(i.USBD_FS_ConfigStrDescriptor)
    USBD_FS_DeviceDescriptor                 0x08003ed9   Thumb Code     8  usbd_desc.o(i.USBD_FS_DeviceDescriptor)
    USBD_FS_InterfaceStrDescriptor           0x08003ee5   Thumb Code    16  usbd_desc.o(i.USBD_FS_InterfaceStrDescriptor)
    USBD_FS_LangIDStrDescriptor              0x08003f09   Thumb Code     8  usbd_desc.o(i.USBD_FS_LangIDStrDescriptor)
    USBD_FS_ManufacturerStrDescriptor        0x08003f15   Thumb Code    16  usbd_desc.o(i.USBD_FS_ManufacturerStrDescriptor)
    USBD_FS_ProductStrDescriptor             0x08003f3d   Thumb Code    16  usbd_desc.o(i.USBD_FS_ProductStrDescriptor)
    USBD_FS_SerialStrDescriptor              0x08003f65   Thumb Code    48  usbd_desc.o(i.USBD_FS_SerialStrDescriptor)
    USBD_GetString                           0x08004085   Thumb Code    72  usbd_ctlreq.o(i.USBD_GetString)
    USBD_Init                                0x080040e5   Thumb Code    60  usbd_core.o(i.USBD_Init)
    USBD_LL_ClearStallEP                     0x08004145   Thumb Code    18  usbd_conf.o(i.USBD_LL_ClearStallEP)
    USBD_LL_CloseEP                          0x08004157   Thumb Code    18  usbd_conf.o(i.USBD_LL_CloseEP)
    USBD_LL_DataInStage                      0x08004169   Thumb Code   198  usbd_core.o(i.USBD_LL_DataInStage)
    USBD_LL_DataOutStage                     0x0800422f   Thumb Code   130  usbd_core.o(i.USBD_LL_DataOutStage)
    USBD_LL_FlushEP                          0x080042b1   Thumb Code    18  usbd_conf.o(i.USBD_LL_FlushEP)
    USBD_LL_GetRxDataSize                    0x080042c3   Thumb Code     8  usbd_conf.o(i.USBD_LL_GetRxDataSize)
    USBD_LL_Init                             0x080042cd   Thumb Code   104  usbd_conf.o(i.USBD_LL_Init)
    USBD_LL_IsStallEP                        0x0800433d   Thumb Code    28  usbd_conf.o(i.USBD_LL_IsStallEP)
    USBD_LL_OpenEP                           0x08004359   Thumb Code    24  usbd_conf.o(i.USBD_LL_OpenEP)
    USBD_LL_PrepareReceive                   0x08004371   Thumb Code    18  usbd_conf.o(i.USBD_LL_PrepareReceive)
    USBD_LL_Reset                            0x08004383   Thumb Code    80  usbd_core.o(i.USBD_LL_Reset)
    USBD_LL_Resume                           0x080043d3   Thumb Code    20  usbd_core.o(i.USBD_LL_Resume)
    USBD_LL_SOF                              0x080043e7   Thumb Code    24  usbd_core.o(i.USBD_LL_SOF)
    USBD_LL_SetSpeed                         0x080043ff   Thumb Code     6  usbd_core.o(i.USBD_LL_SetSpeed)
    USBD_LL_SetUSBAddress                    0x08004405   Thumb Code    18  usbd_conf.o(i.USBD_LL_SetUSBAddress)
    USBD_LL_SetupStage                       0x08004417   Thumb Code    90  usbd_core.o(i.USBD_LL_SetupStage)
    USBD_LL_StallEP                          0x08004471   Thumb Code    18  usbd_conf.o(i.USBD_LL_StallEP)
    USBD_LL_Start                            0x08004483   Thumb Code    18  usbd_conf.o(i.USBD_LL_Start)
    USBD_LL_Suspend                          0x08004495   Thumb Code    18  usbd_core.o(i.USBD_LL_Suspend)
    USBD_LL_Transmit                         0x080044a7   Thumb Code    18  usbd_conf.o(i.USBD_LL_Transmit)
    USBD_MSC_DataIn                          0x080044b9   Thumb Code    10  usbd_msc.o(i.USBD_MSC_DataIn)
    USBD_MSC_DataOut                         0x080044c3   Thumb Code    10  usbd_msc.o(i.USBD_MSC_DataOut)
    USBD_MSC_DeInit                          0x080044cd   Thumb Code    50  usbd_msc.o(i.USBD_MSC_DeInit)
    USBD_MSC_GetDeviceQualifierDescriptor    0x08004501   Thumb Code     8  usbd_msc.o(i.USBD_MSC_GetDeviceQualifierDescriptor)
    USBD_MSC_GetFSCfgDesc                    0x0800450d   Thumb Code     8  usbd_msc.o(i.USBD_MSC_GetFSCfgDesc)
    USBD_MSC_GetHSCfgDesc                    0x08004519   Thumb Code     8  usbd_msc.o(i.USBD_MSC_GetHSCfgDesc)
    USBD_MSC_GetOtherSpeedCfgDesc            0x08004525   Thumb Code     8  usbd_msc.o(i.USBD_MSC_GetOtherSpeedCfgDesc)
    USBD_MSC_Init                            0x08004531   Thumb Code    92  usbd_msc.o(i.USBD_MSC_Init)
    USBD_MSC_RegisterStorage                 0x0800458d   Thumb Code    10  usbd_msc.o(i.USBD_MSC_RegisterStorage)
    USBD_MSC_Setup                           0x08004597   Thumb Code   278  usbd_msc.o(i.USBD_MSC_Setup)
    USBD_ParseSetupRequest                   0x080046ad   Thumb Code    40  usbd_ctlreq.o(i.USBD_ParseSetupRequest)
    USBD_RegisterClass                       0x080046d5   Thumb Code    36  usbd_core.o(i.USBD_RegisterClass)
    USBD_SetClassConfig                      0x0800471d   Thumb Code    22  usbd_core.o(i.USBD_SetClassConfig)
    USBD_Start                               0x080047b9   Thumb Code    10  usbd_core.o(i.USBD_Start)
    USBD_StdDevReq                           0x080047c3   Thumb Code   274  usbd_ctlreq.o(i.USBD_StdDevReq)
    USBD_StdEPReq                            0x080048d5   Thumb Code   336  usbd_ctlreq.o(i.USBD_StdEPReq)
    USBD_StdItfReq                           0x08004a25   Thumb Code    78  usbd_ctlreq.o(i.USBD_StdItfReq)
    USBD_static_free                         0x08004a73   Thumb Code     2  usbd_conf.o(i.USBD_static_free)
    USBD_static_malloc                       0x08004a75   Thumb Code     4  usbd_conf.o(i.USBD_static_malloc)
    USB_ActivateEndpoint                     0x08004a7d   Thumb Code   614  stm32f1xx_ll_usb.o(i.USB_ActivateEndpoint)
    USB_CoreInit                             0x08004ce3   Thumb Code     4  stm32f1xx_ll_usb.o(i.USB_CoreInit)
    USB_DeactivateEndpoint                   0x08004ce7   Thumb Code   270  stm32f1xx_ll_usb.o(i.USB_DeactivateEndpoint)
    USB_DevConnect                           0x08004df5   Thumb Code     4  stm32f1xx_ll_usb.o(i.USB_DevConnect)
    USB_DevDisconnect                        0x08004df9   Thumb Code     4  stm32f1xx_ll_usb.o(i.USB_DevDisconnect)
    USB_DevInit                              0x08004dfd   Thumb Code    30  stm32f1xx_ll_usb.o(i.USB_DevInit)
    USB_DisableGlobalInt                     0x08004e1b   Thumb Code    14  stm32f1xx_ll_usb.o(i.USB_DisableGlobalInt)
    USB_EP0_OutStart                         0x08004e29   Thumb Code     4  stm32f1xx_ll_usb.o(i.USB_EP0_OutStart)
    USB_EPClearStall                         0x08004e2d   Thumb Code   120  stm32f1xx_ll_usb.o(i.USB_EPClearStall)
    USB_EPSetStall                           0x08004ea5   Thumb Code    50  stm32f1xx_ll_usb.o(i.USB_EPSetStall)
    USB_EPStartXfer                          0x08004ed7   Thumb Code   412  stm32f1xx_ll_usb.o(i.USB_EPStartXfer)
    USB_EnableGlobalInt                      0x08005073   Thumb Code    14  stm32f1xx_ll_usb.o(i.USB_EnableGlobalInt)
    USB_FlushRxFifo                          0x08005081   Thumb Code     4  stm32f1xx_ll_usb.o(i.USB_FlushRxFifo)
    USB_FlushTxFifo                          0x08005085   Thumb Code     4  stm32f1xx_ll_usb.o(i.USB_FlushTxFifo)
    USB_LP_CAN1_RX0_IRQHandler               0x08005089   Thumb Code     6  stm32f1xx_it.o(i.USB_LP_CAN1_RX0_IRQHandler)
    USB_ReadInterrupts                       0x08005095   Thumb Code     6  stm32f1xx_ll_usb.o(i.USB_ReadInterrupts)
    USB_ReadPMA                              0x0800509d   Thumb Code    44  stm32f1xx_ll_usb.o(i.USB_ReadPMA)
    USB_SetCurrentMode                       0x080050c9   Thumb Code     4  stm32f1xx_ll_usb.o(i.USB_SetCurrentMode)
    USB_SetDevAddress                        0x080050cd   Thumb Code    12  stm32f1xx_ll_usb.o(i.USB_SetDevAddress)
    USB_WritePMA                             0x080050d9   Thumb Code    38  stm32f1xx_ll_usb.o(i.USB_WritePMA)
    UsageFault_Handler                       0x080050ff   Thumb Code     2  stm32f1xx_it.o(i.UsageFault_Handler)
    __0printf$8                              0x08005101   Thumb Code    22  printf8.o(i.__0printf$8)
    __1printf$8                              0x08005101   Thumb Code     0  printf8.o(i.__0printf$8)
    __2printf                                0x08005101   Thumb Code     0  printf8.o(i.__0printf$8)
    __scatterload_copy                       0x08005141   Thumb Code    14  handlers.o(i.__scatterload_copy)
    __scatterload_null                       0x0800514f   Thumb Code     2  handlers.o(i.__scatterload_null)
    __scatterload_zeroinit                   0x08005151   Thumb Code    14  handlers.o(i.__scatterload_zeroinit)
    fputc                                    0x080055c5   Thumb Code    20  usart.o(i.fputc)
    main                                     0x080055dd   Thumb Code    48  main.o(i.main)
    STORAGE_Inquirydata_FS                   0x08005610   Data          36  usbd_storage_if.o(.constdata)
    AHBPrescTable                            0x08005634   Data          16  system_stm32f1xx.o(.constdata)
    APBPrescTable                            0x08005644   Data           8  system_stm32f1xx.o(.constdata)
    MSC_Page00_Inquiry_Data                  0x0800564c   Data           7  usbd_msc_data.o(.constdata)
    MSC_Mode_Sense6_data                     0x08005653   Data           8  usbd_msc_data.o(.constdata)
    MSC_Mode_Sense10_data                    0x0800565b   Data           8  usbd_msc_data.o(.constdata)
    Region$$Table$$Base                      0x080056b4   Number         0  anon$$obj.o(Region$$Table)
    Region$$Table$$Limit                     0x080056d4   Number         0  anon$$obj.o(Region$$Table)
    hcrc                                     0x20000000   Data           8  crc.o(.data)
    FS_Desc                                  0x20000008   Data          28  usbd_desc.o(.data)
    USBD_LangIDDesc                          0x20000024   Data           4  usbd_desc.o(.data)
    USBD_FS_DeviceDesc                       0x20000028   Data          18  usbd_desc.o(.data)
    USBD_StringSerial                        0x2000003c   Data          26  usbd_desc.o(.data)
    USBD_Storage_Interface_fops_FS           0x20000058   Data          32  usbd_storage_if.o(.data)
    uwTickFreq                               0x20000078   Data           1  stm32f1xx_hal.o(.data)
    uwTickPrio                               0x2000007c   Data           4  stm32f1xx_hal.o(.data)
    uwTick                                   0x20000080   Data           4  stm32f1xx_hal.o(.data)
    SystemCoreClock                          0x20000084   Data           4  system_stm32f1xx.o(.data)
    USBD_MSC                                 0x2000008c   Data          56  usbd_msc.o(.data)
    USBD_MSC_CfgHSDesc                       0x200000c4   Data          32  usbd_msc.o(.data)
    USBD_MSC_CfgFSDesc                       0x200000e4   Data          32  usbd_msc.o(.data)
    USBD_MSC_OtherSpeedCfgDesc               0x20000104   Data          32  usbd_msc.o(.data)
    USBD_MSC_DeviceQualifierDesc             0x20000124   Data          10  usbd_msc.o(.data)
    __stdout                                 0x20000130   Data           4  stdout.o(.data)
    hrtc                                     0x20000134   Data          20  rtc.o(.bss)
    hsd                                      0x20000148   Data         132  sdio.o(.bss)
    hspi2                                    0x200001cc   Data          88  spi.o(.bss)
    huart1                                   0x20000224   Data          64  usart.o(.bss)
    hdma_usart1_rx                           0x20000264   Data          68  usart.o(.bss)
    hdma_usart1_tx                           0x200002a8   Data          68  usart.o(.bss)
    hUsbDeviceFS                             0x200002ec   Data         708  usb_device.o(.bss)
    hpcd_USB_FS                              0x20000820   Data         620  usbd_conf.o(.bss)
    USBD_StrDesc                             0x20000a8c   Data         512  usbd_desc.o(.bss)
    __initial_sp                             0x20001c90   Data           0  startup_stm32f103xe.o(STACK)



==============================================================================

Memory Map of the image

  Image Entry point : 0x08000131

  Load Region LR_IROM1 (Base: 0x08000000, Size: 0x00005808, Max: 0x00080000, ABSOLUTE, COMPRESSED[0x0000577c])

    Execution Region ER_IROM1 (Base: 0x08000000, Size: 0x000056d4, Max: 0x00080000, ABSOLUTE)

    Base Addr    Size         Type   Attr      Idx    E Section Name        Object

    0x08000000   0x00000130   Data   RO            3    RESET               startup_stm32f103xe.o
    0x08000130   0x00000000   Code   RO         4632  * .ARM.Collect$$$$00000000  mc_w.l(entry.o)
    0x08000130   0x00000004   Code   RO         4906    .ARM.Collect$$$$00000001  mc_w.l(entry2.o)
    0x08000134   0x00000004   Code   RO         4909    .ARM.Collect$$$$00000004  mc_w.l(entry5.o)
    0x08000138   0x00000000   Code   RO         4911    .ARM.Collect$$$$00000008  mc_w.l(entry7b.o)
    0x08000138   0x00000000   Code   RO         4913    .ARM.Collect$$$$0000000A  mc_w.l(entry8b.o)
    0x08000138   0x00000008   Code   RO         4914    .ARM.Collect$$$$0000000B  mc_w.l(entry9a.o)
    0x08000140   0x00000000   Code   RO         4916    .ARM.Collect$$$$0000000D  mc_w.l(entry10a.o)
    0x08000140   0x00000000   Code   RO         4918    .ARM.Collect$$$$0000000F  mc_w.l(entry11a.o)
    0x08000140   0x00000004   Code   RO         4907    .ARM.Collect$$$$00002712  mc_w.l(entry2.o)
    0x08000144   0x00000024   Code   RO            4    .text               startup_stm32f103xe.o
    0x08000168   0x00000020   Code   RO         4635    .text               mc_w.l(llushr.o)
    0x08000188   0x00000024   Code   RO         4637    .text               mc_w.l(memcpya.o)
    0x080001ac   0x00000024   Code   RO         4639    .text               mc_w.l(memseta.o)
    0x080001d0   0x00000062   Code   RO         4923    .text               mc_w.l(uldiv.o)
    0x08000232   0x00000002   PAD
    0x08000234   0x00000024   Code   RO         4936    .text               mc_w.l(init.o)
    0x08000258   0x0000001e   Code   RO         4938    .text               mc_w.l(llshl.o)
    0x08000276   0x00000056   Code   RO         4952    .text               mc_w.l(__dczerorl2.o)
    0x080002cc   0x00000002   Code   RO          919    i.BusFault_Handler  stm32f1xx_it.o
    0x080002ce   0x00000002   PAD
    0x080002d0   0x0000000c   Code   RO          920    i.DMA1_Channel4_IRQHandler  stm32f1xx_it.o
    0x080002dc   0x0000000c   Code   RO          921    i.DMA1_Channel5_IRQHandler  stm32f1xx_it.o
    0x080002e8   0x00000002   Code   RO          922    i.DebugMon_Handler  stm32f1xx_it.o
    0x080002ea   0x00000002   PAD
    0x080002ec   0x00000028   Code   RO           13    i.Error_Handler     main.o
    0x08000314   0x00000022   Code   RO         1543    i.HAL_CRC_Init      stm32f1xx_hal_crc.o
    0x08000336   0x00000002   PAD
    0x08000338   0x00000028   Code   RO          266    i.HAL_CRC_MspInit   crc.o
    0x08000360   0x00000130   Code   RO         3424    i.HAL_DMA_Abort_IT  stm32f1xx_hal_dma.o
    0x08000490   0x00000248   Code   RO         3428    i.HAL_DMA_IRQHandler  stm32f1xx_hal_dma.o
    0x080006d8   0x0000007c   Code   RO         3429    i.HAL_DMA_Init      stm32f1xx_hal_dma.o
    0x08000754   0x00000024   Code   RO         3051    i.HAL_Delay         stm32f1xx_hal.o
    0x08000778   0x000001f8   Code   RO         3359    i.HAL_GPIO_Init     stm32f1xx_hal_gpio.o
    0x08000970   0x0000000a   Code   RO         3363    i.HAL_GPIO_WritePin  stm32f1xx_hal_gpio.o
    0x0800097a   0x00000002   PAD
    0x0800097c   0x0000000c   Code   RO         3055    i.HAL_GetTick       stm32f1xx_hal.o
    0x08000988   0x00000010   Code   RO         3061    i.HAL_IncTick       stm32f1xx_hal.o
    0x08000998   0x00000024   Code   RO         3062    i.HAL_Init          stm32f1xx_hal.o
    0x080009bc   0x00000040   Code   RO         3063    i.HAL_InitTick      stm32f1xx_hal.o
    0x080009fc   0x00000038   Code   RO         1025    i.HAL_MspInit       stm32f1xx_hal_msp.o
    0x08000a34   0x0000001a   Code   RO         3519    i.HAL_NVIC_EnableIRQ  stm32f1xx_hal_cortex.o
    0x08000a4e   0x00000002   PAD
    0x08000a50   0x00000040   Code   RO         3525    i.HAL_NVIC_SetPriority  stm32f1xx_hal_cortex.o
    0x08000a90   0x00000024   Code   RO         3526    i.HAL_NVIC_SetPriorityGrouping  stm32f1xx_hal_cortex.o
    0x08000ab4   0x00000034   Code   RO         1302    i.HAL_PCDEx_PMAConfig  stm32f1xx_hal_pcd_ex.o
    0x08000ae8   0x00000002   Code   RO          560    i.HAL_PCDEx_SetConnectionState  usbd_conf.o
    0x08000aea   0x0000000e   Code   RO          562    i.HAL_PCD_DataInStageCallback  usbd_conf.o
    0x08000af8   0x00000010   Code   RO          563    i.HAL_PCD_DataOutStageCallback  usbd_conf.o
    0x08000b08   0x00000048   Code   RO         1094    i.HAL_PCD_EP_Close  stm32f1xx_hal_pcd.o
    0x08000b50   0x00000058   Code   RO         1095    i.HAL_PCD_EP_ClrStall  stm32f1xx_hal_pcd.o
    0x08000ba8   0x00000034   Code   RO         1096    i.HAL_PCD_EP_Flush  stm32f1xx_hal_pcd.o
    0x08000bdc   0x0000000e   Code   RO         1097    i.HAL_PCD_EP_GetRxCount  stm32f1xx_hal_pcd.o
    0x08000bea   0x0000005c   Code   RO         1098    i.HAL_PCD_EP_Open   stm32f1xx_hal_pcd.o
    0x08000c46   0x0000002e   Code   RO         1099    i.HAL_PCD_EP_Receive  stm32f1xx_hal_pcd.o
    0x08000c74   0x0000006a   Code   RO         1100    i.HAL_PCD_EP_SetStall  stm32f1xx_hal_pcd.o
    0x08000cde   0x0000002a   Code   RO         1101    i.HAL_PCD_EP_Transmit  stm32f1xx_hal_pcd.o
    0x08000d08   0x00000116   Code   RO         1103    i.HAL_PCD_IRQHandler  stm32f1xx_hal_pcd.o
    0x08000e1e   0x00000002   PAD
    0x08000e20   0x000000d2   Code   RO         1106    i.HAL_PCD_Init      stm32f1xx_hal_pcd.o
    0x08000ef2   0x00000002   PAD
    0x08000ef4   0x0000003c   Code   RO          568    i.HAL_PCD_MspInit   usbd_conf.o
    0x08000f30   0x00000026   Code   RO          569    i.HAL_PCD_ResetCallback  usbd_conf.o
    0x08000f56   0x00000008   Code   RO          570    i.HAL_PCD_ResumeCallback  usbd_conf.o
    0x08000f5e   0x00000008   Code   RO          571    i.HAL_PCD_SOFCallback  usbd_conf.o
    0x08000f66   0x00000028   Code   RO         1112    i.HAL_PCD_SetAddress  stm32f1xx_hal_pcd.o
    0x08000f8e   0x0000000e   Code   RO          572    i.HAL_PCD_SetupStageCallback  usbd_conf.o
    0x08000f9c   0x00000032   Code   RO         1114    i.HAL_PCD_Start     stm32f1xx_hal_pcd.o
    0x08000fce   0x00000002   PAD
    0x08000fd0   0x00000024   Code   RO          573    i.HAL_PCD_SuspendCallback  usbd_conf.o
    0x08000ff4   0x0000000c   Code   RO         3641    i.HAL_PWR_EnableBkUpAccess  stm32f1xx_hal_pwr.o
    0x08001000   0x000000d4   Code   RO         3321    i.HAL_RCCEx_GetPeriphCLKFreq  stm32f1xx_hal_rcc_ex.o
    0x080010d4   0x000000ec   Code   RO         3322    i.HAL_RCCEx_PeriphCLKConfig  stm32f1xx_hal_rcc_ex.o
    0x080011c0   0x0000012c   Code   RO         3219    i.HAL_RCC_ClockConfig  stm32f1xx_hal_rcc.o
    0x080012ec   0x00000020   Code   RO         3226    i.HAL_RCC_GetPCLK1Freq  stm32f1xx_hal_rcc.o
    0x0800130c   0x00000020   Code   RO         3227    i.HAL_RCC_GetPCLK2Freq  stm32f1xx_hal_rcc.o
    0x0800132c   0x0000006c   Code   RO         3228    i.HAL_RCC_GetSysClockFreq  stm32f1xx_hal_rcc.o
    0x08001398   0x00000320   Code   RO         3231    i.HAL_RCC_OscConfig  stm32f1xx_hal_rcc.o
    0x080016b8   0x000000a0   Code   RO         1607    i.HAL_RTC_Init      stm32f1xx_hal_rtc.o
    0x08001758   0x00000034   Code   RO          332    i.HAL_RTC_MspInit   rtc.o
    0x0800178c   0x000000c4   Code   RO         1613    i.HAL_RTC_SetDate   stm32f1xx_hal_rtc.o
    0x08001850   0x000000ac   Code   RO         1614    i.HAL_RTC_SetTime   stm32f1xx_hal_rtc.o
    0x080018fc   0x0000003a   Code   RO         1615    i.HAL_RTC_WaitForSynchro  stm32f1xx_hal_rtc.o
    0x08001936   0x00000002   Code   RO         2136    i.HAL_SD_AbortCallback  stm32f1xx_hal_sd.o
    0x08001938   0x000000f4   Code   RO         2138    i.HAL_SD_ConfigWideBusOperation  stm32f1xx_hal_sd.o
    0x08001a2c   0x00000002   Code   RO         2141    i.HAL_SD_ErrorCallback  stm32f1xx_hal_sd.o
    0x08001a2e   0x00000002   PAD
    0x08001a30   0x00000198   Code   RO         2143    i.HAL_SD_GetCardCSD  stm32f1xx_hal_sd.o
    0x08001bc8   0x0000002c   Code   RO         2145    i.HAL_SD_GetCardState  stm32f1xx_hal_sd.o
    0x08001bf4   0x00000208   Code   RO         2149    i.HAL_SD_IRQHandler  stm32f1xx_hal_sd.o
    0x08001dfc   0x00000036   Code   RO         2150    i.HAL_SD_Init       stm32f1xx_hal_sd.o
    0x08001e32   0x00000002   PAD
    0x08001e34   0x00000054   Code   RO         2151    i.HAL_SD_InitCard   stm32f1xx_hal_sd.o
    0x08001e88   0x00000094   Code   RO          374    i.HAL_SD_MspInit    sdio.o
    0x08001f1c   0x00000002   Code   RO         2157    i.HAL_SD_RxCpltCallback  stm32f1xx_hal_sd.o
    0x08001f1e   0x00000002   Code   RO         2158    i.HAL_SD_TxCpltCallback  stm32f1xx_hal_sd.o
    0x08001f20   0x0000007c   Code   RO         2371    i.HAL_SPI_Init      stm32f1xx_hal_spi.o
    0x08001f9c   0x00000074   Code   RO          416    i.HAL_SPI_MspInit   spi.o
    0x08002010   0x00000028   Code   RO         3530    i.HAL_SYSTICK_Config  stm32f1xx_hal_cortex.o
    0x08002038   0x00000002   Code   RO         2739    i.HAL_UART_ErrorCallback  stm32f1xx_hal_uart.o
    0x0800203a   0x00000002   PAD
    0x0800203c   0x00000110   Code   RO         2742    i.HAL_UART_IRQHandler  stm32f1xx_hal_uart.o
    0x0800214c   0x00000062   Code   RO         2743    i.HAL_UART_Init     stm32f1xx_hal_uart.o
    0x080021ae   0x00000002   PAD
    0x080021b0   0x000000dc   Code   RO          458    i.HAL_UART_MspInit  usart.o
    0x0800228c   0x00000002   Code   RO         2749    i.HAL_UART_RxCpltCallback  stm32f1xx_hal_uart.o
    0x0800228e   0x000000ba   Code   RO         2751    i.HAL_UART_Transmit  stm32f1xx_hal_uart.o
    0x08002348   0x00000002   Code   RO         2754    i.HAL_UART_TxCpltCallback  stm32f1xx_hal_uart.o
    0x0800234a   0x00000002   Code   RO          923    i.HardFault_Handler  stm32f1xx_it.o
    0x0800234c   0x00000038   Code   RO          772    i.IntToUnicode      usbd_desc.o
    0x08002384   0x00000042   Code   RO         4405    i.MSC_BOT_Abort     usbd_msc_bot.o
    0x080023c6   0x00000002   PAD
    0x080023c8   0x000000cc   Code   RO         4406    i.MSC_BOT_CBW_Decode  usbd_msc_bot.o
    0x08002494   0x0000002a   Code   RO         4407    i.MSC_BOT_CplClrFeature  usbd_msc_bot.o
    0x080024be   0x0000003a   Code   RO         4408    i.MSC_BOT_DataIn    usbd_msc_bot.o
    0x080024f8   0x0000003a   Code   RO         4409    i.MSC_BOT_DataOut   usbd_msc_bot.o
    0x08002532   0x0000000a   Code   RO         4410    i.MSC_BOT_DeInit    usbd_msc_bot.o
    0x0800253c   0x00000042   Code   RO         4411    i.MSC_BOT_Init      usbd_msc_bot.o
    0x0800257e   0x00000016   Code   RO         4412    i.MSC_BOT_Reset     usbd_msc_bot.o
    0x08002594   0x0000003c   Code   RO         4413    i.MSC_BOT_SendCSW   usbd_msc_bot.o
    0x080025d0   0x00000024   Code   RO          267    i.MX_CRC_Init       crc.o
    0x080025f4   0x0000003c   Code   RO          307    i.MX_DMA_Init       dma.o
    0x08002630   0x000000dc   Code   RO          241    i.MX_GPIO_Init      gpio.o
    0x0800270c   0x00000078   Code   RO          333    i.MX_RTC_Init       rtc.o
    0x08002784   0x00000044   Code   RO          375    i.MX_SDIO_SD_Init   sdio.o
    0x080027c8   0x00000048   Code   RO          417    i.MX_SPI2_Init      spi.o
    0x08002810   0x00000038   Code   RO          459    i.MX_USART1_UART_Init  usart.o
    0x08002848   0x00000054   Code   RO          505    i.MX_USB_DEVICE_Init  usb_device.o
    0x0800289c   0x00000002   Code   RO          924    i.MemManage_Handler  stm32f1xx_it.o
    0x0800289e   0x00000002   Code   RO          925    i.NMI_Handler       stm32f1xx_it.o
    0x080028a0   0x000002c2   Code   RO         1117    i.PCD_EP_ISR_Handler  stm32f1xx_hal_pcd.o
    0x08002b62   0x00000002   Code   RO          926    i.PendSV_Handler    stm32f1xx_it.o
    0x08002b64   0x00000012   Code   RO         1616    i.RTC_Bcd2ToByte    stm32f1xx_hal_rtc.o
    0x08002b76   0x00000034   Code   RO         1619    i.RTC_EnterInitMode  stm32f1xx_hal_rtc.o
    0x08002baa   0x00000002   PAD
    0x08002bac   0x00000036   Code   RO         1620    i.RTC_ExitInitMode  stm32f1xx_hal_rtc.o
    0x08002be2   0x0000000e   Code   RO         1621    i.RTC_ReadAlarmCounter  stm32f1xx_hal_rtc.o
    0x08002bf0   0x00000020   Code   RO         1622    i.RTC_ReadTimeCounter  stm32f1xx_hal_rtc.o
    0x08002c10   0x00000056   Code   RO         1623    i.RTC_WeekDayNum    stm32f1xx_hal_rtc.o
    0x08002c66   0x00000028   Code   RO         1624    i.RTC_WriteAlarmCounter  stm32f1xx_hal_rtc.o
    0x08002c8e   0x00000028   Code   RO         1625    i.RTC_WriteTimeCounter  stm32f1xx_hal_rtc.o
    0x08002cb6   0x00000022   Code   RO         4501    i.SCSI_CheckAddressRange  usbd_msc_scsi.o
    0x08002cd8   0x000001d0   Code   RO         4502    i.SCSI_ProcessCmd   usbd_msc_scsi.o
    0x08002ea8   0x00000096   Code   RO         4503    i.SCSI_ProcessRead  usbd_msc_scsi.o
    0x08002f3e   0x000000a4   Code   RO         4504    i.SCSI_ProcessWrite  usbd_msc_scsi.o
    0x08002fe2   0x0000009a   Code   RO         4505    i.SCSI_Read10       usbd_msc_scsi.o
    0x0800307c   0x00000056   Code   RO         4506    i.SCSI_ReadCapacity10  usbd_msc_scsi.o
    0x080030d2   0x0000006e   Code   RO         4507    i.SCSI_ReadFormatCapacity  usbd_msc_scsi.o
    0x08003140   0x00000034   Code   RO         4508    i.SCSI_SenseCode    usbd_msc_scsi.o
    0x08003174   0x000000be   Code   RO         4509    i.SCSI_Write10      usbd_msc_scsi.o
    0x08003232   0x00000024   Code   RO         1871    i.SDIO_ConfigData   stm32f1xx_ll_sdmmc.o
    0x08003256   0x00000008   Code   RO         1875    i.SDIO_GetPowerState  stm32f1xx_ll_sdmmc.o
    0x0800325e   0x00000006   Code   RO         1876    i.SDIO_GetResponse  stm32f1xx_ll_sdmmc.o
    0x08003264   0x0000000c   Code   RO          927    i.SDIO_IRQHandler   stm32f1xx_it.o
    0x08003270   0x00000024   Code   RO         1877    i.SDIO_Init         stm32f1xx_ll_sdmmc.o
    0x08003294   0x00000010   Code   RO         1879    i.SDIO_PowerState_ON  stm32f1xx_ll_sdmmc.o
    0x080032a4   0x00000006   Code   RO         1880    i.SDIO_ReadFIFO     stm32f1xx_ll_sdmmc.o
    0x080032aa   0x00000020   Code   RO         1881    i.SDIO_SendCommand  stm32f1xx_ll_sdmmc.o
    0x080032ca   0x0000000a   Code   RO         1883    i.SDIO_WriteFIFO    stm32f1xx_ll_sdmmc.o
    0x080032d4   0x00000032   Code   RO         1884    i.SDMMC_CmdAppCommand  stm32f1xx_ll_sdmmc.o
    0x08003306   0x00000002   PAD
    0x08003308   0x00000034   Code   RO         1885    i.SDMMC_CmdAppOperCommand  stm32f1xx_ll_sdmmc.o
    0x0800333c   0x00000032   Code   RO         1886    i.SDMMC_CmdBlockLength  stm32f1xx_ll_sdmmc.o
    0x0800336e   0x00000032   Code   RO         1887    i.SDMMC_CmdBusWidth  stm32f1xx_ll_sdmmc.o
    0x080033a0   0x00000050   Code   RO         1891    i.SDMMC_CmdGoIdleState  stm32f1xx_ll_sdmmc.o
    0x080033f0   0x00000074   Code   RO         1893    i.SDMMC_CmdOperCond  stm32f1xx_ll_sdmmc.o
    0x08003464   0x00000032   Code   RO         1898    i.SDMMC_CmdSelDesel  stm32f1xx_ll_sdmmc.o
    0x08003496   0x0000002c   Code   RO         1899    i.SDMMC_CmdSendCID  stm32f1xx_ll_sdmmc.o
    0x080034c2   0x0000002c   Code   RO         1900    i.SDMMC_CmdSendCSD  stm32f1xx_ll_sdmmc.o
    0x080034ee   0x00000030   Code   RO         1901    i.SDMMC_CmdSendSCR  stm32f1xx_ll_sdmmc.o
    0x0800351e   0x00000032   Code   RO         1902    i.SDMMC_CmdSendStatus  stm32f1xx_ll_sdmmc.o
    0x08003550   0x00000030   Code   RO         1903    i.SDMMC_CmdSetRelAdd  stm32f1xx_ll_sdmmc.o
    0x08003580   0x00000034   Code   RO         1905    i.SDMMC_CmdStopTransfer  stm32f1xx_ll_sdmmc.o
    0x080035b4   0x00000120   Code   RO         1909    i.SDMMC_GetCmdResp1  stm32f1xx_ll_sdmmc.o
    0x080036d4   0x00000050   Code   RO         1910    i.SDMMC_GetCmdResp2  stm32f1xx_ll_sdmmc.o
    0x08003724   0x00000044   Code   RO         1911    i.SDMMC_GetCmdResp3  stm32f1xx_ll_sdmmc.o
    0x08003768   0x00000088   Code   RO         1912    i.SDMMC_GetCmdResp6  stm32f1xx_ll_sdmmc.o
    0x080037f0   0x00000044   Code   RO         2164    i.SD_DMARxAbort     stm32f1xx_hal_sd.o
    0x08003834   0x00000044   Code   RO         2166    i.SD_DMATxAbort     stm32f1xx_hal_sd.o
    0x08003878   0x000000d4   Code   RO         2167    i.SD_FindSCR        stm32f1xx_hal_sd.o
    0x0800394c   0x000000ee   Code   RO         2168    i.SD_InitCard       stm32f1xx_hal_sd.o
    0x08003a3a   0x00000002   PAD
    0x08003a3c   0x000000b4   Code   RO         2169    i.SD_PowerON        stm32f1xx_hal_sd.o
    0x08003af0   0x0000000e   Code   RO          858    i.STORAGE_GetCapacity_FS  usbd_storage_if.o
    0x08003afe   0x00000004   Code   RO          859    i.STORAGE_GetMaxLun_FS  usbd_storage_if.o
    0x08003b02   0x00000004   Code   RO          860    i.STORAGE_Init_FS   usbd_storage_if.o
    0x08003b06   0x00000004   Code   RO          861    i.STORAGE_IsReady_FS  usbd_storage_if.o
    0x08003b0a   0x00000004   Code   RO          862    i.STORAGE_IsWriteProtected_FS  usbd_storage_if.o
    0x08003b0e   0x00000004   Code   RO          863    i.STORAGE_Read_FS   usbd_storage_if.o
    0x08003b12   0x00000004   Code   RO          864    i.STORAGE_Write_FS  usbd_storage_if.o
    0x08003b16   0x00000002   Code   RO          928    i.SVC_Handler       stm32f1xx_it.o
    0x08003b18   0x00000004   Code   RO          929    i.SysTick_Handler   stm32f1xx_it.o
    0x08003b1c   0x00000078   Code   RO           19    i.SystemClock_Config  main.o
    0x08003b94   0x00000048   Code   RO         4020    i.SystemInit        system_stm32f1xx.o
    0x08003bdc   0x00000010   Code   RO         2756    i.UART_DMAAbortOnError  stm32f1xx_hal_uart.o
    0x08003bec   0x0000001c   Code   RO         2766    i.UART_EndRxTransfer  stm32f1xx_hal_uart.o
    0x08003c08   0x00000096   Code   RO         2768    i.UART_Receive_IT   stm32f1xx_hal_uart.o
    0x08003c9e   0x00000002   PAD
    0x08003ca0   0x000000b8   Code   RO         2769    i.UART_SetConfig    stm32f1xx_hal_uart.o
    0x08003d58   0x00000062   Code   RO         2770    i.UART_Transmit_IT  stm32f1xx_hal_uart.o
    0x08003dba   0x00000064   Code   RO         2771    i.UART_WaitOnFlagUntilTimeout  stm32f1xx_hal_uart.o
    0x08003e1e   0x00000002   PAD
    0x08003e20   0x0000000c   Code   RO          930    i.USART1_IRQHandler  stm32f1xx_it.o
    0x08003e2c   0x0000000e   Code   RO         4057    i.USBD_ClrClassConfig  usbd_core.o
    0x08003e3a   0x00000010   Code   RO         4260    i.USBD_CtlContinueRx  usbd_ioreq.o
    0x08003e4a   0x00000010   Code   RO         4261    i.USBD_CtlContinueSendData  usbd_ioreq.o
    0x08003e5a   0x00000016   Code   RO         4195    i.USBD_CtlError     usbd_ctlreq.o
    0x08003e70   0x00000016   Code   RO         4263    i.USBD_CtlReceiveStatus  usbd_ioreq.o
    0x08003e86   0x0000001a   Code   RO         4264    i.USBD_CtlSendData  usbd_ioreq.o
    0x08003ea0   0x00000016   Code   RO         4265    i.USBD_CtlSendStatus  usbd_ioreq.o
    0x08003eb6   0x00000002   PAD
    0x08003eb8   0x00000020   Code   RO          773    i.USBD_FS_ConfigStrDescriptor  usbd_desc.o
    0x08003ed8   0x0000000c   Code   RO          774    i.USBD_FS_DeviceDescriptor  usbd_desc.o
    0x08003ee4   0x00000024   Code   RO          775    i.USBD_FS_InterfaceStrDescriptor  usbd_desc.o
    0x08003f08   0x0000000c   Code   RO          776    i.USBD_FS_LangIDStrDescriptor  usbd_desc.o
    0x08003f14   0x00000028   Code   RO          777    i.USBD_FS_ManufacturerStrDescriptor  usbd_desc.o
    0x08003f3c   0x00000028   Code   RO          778    i.USBD_FS_ProductStrDescriptor  usbd_desc.o
    0x08003f64   0x00000038   Code   RO          779    i.USBD_FS_SerialStrDescriptor  usbd_desc.o
    0x08003f9c   0x000000e8   Code   RO         4196    i.USBD_GetDescriptor  usbd_ctlreq.o
    0x08004084   0x00000048   Code   RO         4197    i.USBD_GetString    usbd_ctlreq.o
    0x080040cc   0x00000018   Code   RO          574    i.USBD_Get_USB_Status  usbd_conf.o
    0x080040e4   0x00000060   Code   RO         4059    i.USBD_Init         usbd_core.o
    0x08004144   0x00000012   Code   RO          575    i.USBD_LL_ClearStallEP  usbd_conf.o
    0x08004156   0x00000012   Code   RO          576    i.USBD_LL_CloseEP   usbd_conf.o
    0x08004168   0x000000c6   Code   RO         4060    i.USBD_LL_DataInStage  usbd_core.o
    0x0800422e   0x00000082   Code   RO         4061    i.USBD_LL_DataOutStage  usbd_core.o
    0x080042b0   0x00000012   Code   RO          579    i.USBD_LL_FlushEP   usbd_conf.o
    0x080042c2   0x00000008   Code   RO          580    i.USBD_LL_GetRxDataSize  usbd_conf.o
    0x080042ca   0x00000002   PAD
    0x080042cc   0x00000070   Code   RO          581    i.USBD_LL_Init      usbd_conf.o
    0x0800433c   0x0000001c   Code   RO          582    i.USBD_LL_IsStallEP  usbd_conf.o
    0x08004358   0x00000018   Code   RO          583    i.USBD_LL_OpenEP    usbd_conf.o
    0x08004370   0x00000012   Code   RO          584    i.USBD_LL_PrepareReceive  usbd_conf.o
    0x08004382   0x00000050   Code   RO         4066    i.USBD_LL_Reset     usbd_core.o
    0x080043d2   0x00000014   Code   RO         4067    i.USBD_LL_Resume    usbd_core.o
    0x080043e6   0x00000018   Code   RO         4068    i.USBD_LL_SOF       usbd_core.o
    0x080043fe   0x00000006   Code   RO         4069    i.USBD_LL_SetSpeed  usbd_core.o
    0x08004404   0x00000012   Code   RO          585    i.USBD_LL_SetUSBAddress  usbd_conf.o
    0x08004416   0x0000005a   Code   RO         4070    i.USBD_LL_SetupStage  usbd_core.o
    0x08004470   0x00000012   Code   RO          586    i.USBD_LL_StallEP   usbd_conf.o
    0x08004482   0x00000012   Code   RO          587    i.USBD_LL_Start     usbd_conf.o
    0x08004494   0x00000012   Code   RO         4071    i.USBD_LL_Suspend   usbd_core.o
    0x080044a6   0x00000012   Code   RO          589    i.USBD_LL_Transmit  usbd_conf.o
    0x080044b8   0x0000000a   Code   RO         4320    i.USBD_MSC_DataIn   usbd_msc.o
    0x080044c2   0x0000000a   Code   RO         4321    i.USBD_MSC_DataOut  usbd_msc.o
    0x080044cc   0x00000032   Code   RO         4322    i.USBD_MSC_DeInit   usbd_msc.o
    0x080044fe   0x00000002   PAD
    0x08004500   0x0000000c   Code   RO         4323    i.USBD_MSC_GetDeviceQualifierDescriptor  usbd_msc.o
    0x0800450c   0x0000000c   Code   RO         4324    i.USBD_MSC_GetFSCfgDesc  usbd_msc.o
    0x08004518   0x0000000c   Code   RO         4325    i.USBD_MSC_GetHSCfgDesc  usbd_msc.o
    0x08004524   0x0000000c   Code   RO         4326    i.USBD_MSC_GetOtherSpeedCfgDesc  usbd_msc.o
    0x08004530   0x0000005c   Code   RO         4327    i.USBD_MSC_Init     usbd_msc.o
    0x0800458c   0x0000000a   Code   RO         4328    i.USBD_MSC_RegisterStorage  usbd_msc.o
    0x08004596   0x00000116   Code   RO         4329    i.USBD_MSC_Setup    usbd_msc.o
    0x080046ac   0x00000028   Code   RO         4198    i.USBD_ParseSetupRequest  usbd_ctlreq.o
    0x080046d4   0x00000048   Code   RO         4072    i.USBD_RegisterClass  usbd_core.o
    0x0800471c   0x00000016   Code   RO         4074    i.USBD_SetClassConfig  usbd_core.o
    0x08004732   0x00000002   PAD
    0x08004734   0x00000084   Code   RO         4199    i.USBD_SetConfig    usbd_ctlreq.o
    0x080047b8   0x0000000a   Code   RO         4075    i.USBD_Start        usbd_core.o
    0x080047c2   0x00000112   Code   RO         4200    i.USBD_StdDevReq    usbd_ctlreq.o
    0x080048d4   0x00000150   Code   RO         4201    i.USBD_StdEPReq     usbd_ctlreq.o
    0x08004a24   0x0000004e   Code   RO         4202    i.USBD_StdItfReq    usbd_ctlreq.o
    0x08004a72   0x00000002   Code   RO          590    i.USBD_static_free  usbd_conf.o
    0x08004a74   0x00000008   Code   RO          591    i.USBD_static_malloc  usbd_conf.o
    0x08004a7c   0x00000266   Code   RO         1342    i.USB_ActivateEndpoint  stm32f1xx_ll_usb.o
    0x08004ce2   0x00000004   Code   RO         1345    i.USB_CoreInit      stm32f1xx_ll_usb.o
    0x08004ce6   0x0000010e   Code   RO         1347    i.USB_DeactivateEndpoint  stm32f1xx_ll_usb.o
    0x08004df4   0x00000004   Code   RO         1348    i.USB_DevConnect    stm32f1xx_ll_usb.o
    0x08004df8   0x00000004   Code   RO         1349    i.USB_DevDisconnect  stm32f1xx_ll_usb.o
    0x08004dfc   0x0000001e   Code   RO         1350    i.USB_DevInit       stm32f1xx_ll_usb.o
    0x08004e1a   0x0000000e   Code   RO         1351    i.USB_DisableGlobalInt  stm32f1xx_ll_usb.o
    0x08004e28   0x00000004   Code   RO         1352    i.USB_EP0_OutStart  stm32f1xx_ll_usb.o
    0x08004e2c   0x00000078   Code   RO         1353    i.USB_EPClearStall  stm32f1xx_ll_usb.o
    0x08004ea4   0x00000032   Code   RO         1354    i.USB_EPSetStall    stm32f1xx_ll_usb.o
    0x08004ed6   0x0000019c   Code   RO         1355    i.USB_EPStartXfer   stm32f1xx_ll_usb.o
    0x08005072   0x0000000e   Code   RO         1356    i.USB_EnableGlobalInt  stm32f1xx_ll_usb.o
    0x08005080   0x00000004   Code   RO         1357    i.USB_FlushRxFifo   stm32f1xx_ll_usb.o
    0x08005084   0x00000004   Code   RO         1358    i.USB_FlushTxFifo   stm32f1xx_ll_usb.o
    0x08005088   0x0000000c   Code   RO          931    i.USB_LP_CAN1_RX0_IRQHandler  stm32f1xx_it.o
    0x08005094   0x00000006   Code   RO         1363    i.USB_ReadInterrupts  stm32f1xx_ll_usb.o
    0x0800509a   0x00000002   PAD
    0x0800509c   0x0000002c   Code   RO         1364    i.USB_ReadPMA       stm32f1xx_ll_usb.o
    0x080050c8   0x00000004   Code   RO         1366    i.USB_SetCurrentMode  stm32f1xx_ll_usb.o
    0x080050cc   0x0000000c   Code   RO         1367    i.USB_SetDevAddress  stm32f1xx_ll_usb.o
    0x080050d8   0x00000026   Code   RO         1370    i.USB_WritePMA      stm32f1xx_ll_usb.o
    0x080050fe   0x00000002   Code   RO          932    i.UsageFault_Handler  stm32f1xx_it.o
    0x08005100   0x00000020   Code   RO         4852    i.__0printf$8       mc_w.l(printf8.o)
    0x08005120   0x00000020   Code   RO         3532    i.__NVIC_SetPriority  stm32f1xx_hal_cortex.o
    0x08005140   0x0000000e   Code   RO         4946    i.__scatterload_copy  mc_w.l(handlers.o)
    0x0800514e   0x00000002   Code   RO         4947    i.__scatterload_null  mc_w.l(handlers.o)
    0x08005150   0x0000000e   Code   RO         4948    i.__scatterload_zeroinit  mc_w.l(handlers.o)
    0x0800515e   0x00000002   PAD
    0x08005160   0x00000410   Code   RO         4859    i._printf_core      mc_w.l(printf8.o)
    0x08005570   0x00000024   Code   RO         4860    i._printf_post_padding  mc_w.l(printf8.o)
    0x08005594   0x0000002e   Code   RO         4861    i._printf_pre_padding  mc_w.l(printf8.o)
    0x080055c2   0x00000002   PAD
    0x080055c4   0x00000018   Code   RO          460    i.fputc             usart.o
    0x080055dc   0x00000034   Code   RO           21    i.main              main.o
    0x08005610   0x00000024   Data   RO          865    .constdata          usbd_storage_if.o
    0x08005634   0x00000010   Data   RO         4021    .constdata          system_stm32f1xx.o
    0x08005644   0x00000008   Data   RO         4022    .constdata          system_stm32f1xx.o
    0x0800564c   0x00000007   Data   RO         4475    .constdata          usbd_msc_data.o
    0x08005653   0x00000008   Data   RO         4476    .constdata          usbd_msc_data.o
    0x0800565b   0x00000008   Data   RO         4477    .constdata          usbd_msc_data.o
    0x08005663   0x00000001   PAD
    0x08005664   0x0000004d   Data   RO           23    .conststring        main.o
    0x080056b1   0x00000003   PAD
    0x080056b4   0x00000020   Data   RO         4944    Region$$Table       anon$$obj.o


    Execution Region RW_IRAM1 (Base: 0x20000000, Size: 0x00001c90, Max: 0x00010000, ABSOLUTE, COMPRESSED[0x000000a8])

    Base Addr    Size         Type   Attr      Idx    E Section Name        Object

    0x20000000   0x00000008   Data   RW          268    .data               crc.o
    0x20000008   0x0000001c   Data   RW          781    .data               usbd_desc.o
    0x20000024   0x00000032   Data   RW          782    .data               usbd_desc.o
    0x20000056   0x00000002   PAD
    0x20000058   0x00000020   Data   RW          866    .data               usbd_storage_if.o
    0x20000078   0x0000000c   Data   RW         3069    .data               stm32f1xx_hal.o
    0x20000084   0x00000004   Data   RW         4023    .data               system_stm32f1xx.o
    0x20000088   0x00000001   Data   RW         4203    .data               usbd_ctlreq.o
    0x20000089   0x00000003   PAD
    0x2000008c   0x00000038   Data   RW         4330    .data               usbd_msc.o
    0x200000c4   0x0000006a   Data   RW         4331    .data               usbd_msc.o
    0x2000012e   0x00000002   PAD
    0x20000130   0x00000004   Data   RW         4920    .data               mc_w.l(stdout.o)
    0x20000134   0x00000014   Zero   RW          334    .bss                rtc.o
    0x20000148   0x00000084   Zero   RW          376    .bss                sdio.o
    0x200001cc   0x00000058   Zero   RW          418    .bss                spi.o
    0x20000224   0x000000c8   Zero   RW          461    .bss                usart.o
    0x200002ec   0x000002c4   Zero   RW          506    .bss                usb_device.o
    0x200005b0   0x000004dc   Zero   RW          592    .bss                usbd_conf.o
    0x20000a8c   0x00000200   Zero   RW          780    .bss                usbd_desc.o
    0x20000c8c   0x00000004   PAD
    0x20000c90   0x00001000   Zero   RW            1    STACK               startup_stm32f103xe.o


==============================================================================

Image component sizes


      Code (inc. data)   RO Data    RW Data    ZI Data      Debug   Object Name

        76         18          0          8          0       1471   crc.o
        60          4          0          0          0        754   dma.o
       220         12          0          0          0        995   gpio.o
       212         36         77          0          0     510556   main.o
       172         22          0          0         20       1563   rtc.o
       216         28          0          0        132       1677   sdio.o
       188         24          0          0         88       1633   spi.o
        36          8        304          0       4096        808   startup_stm32f103xe.o
       164         28          0         12          0       6541   stm32f1xx_hal.o
       198         14          0          0          0      28975   stm32f1xx_hal_cortex.o
        34          0          0          0          0       1039   stm32f1xx_hal_crc.o
      1012         52          0          0          0       2871   stm32f1xx_hal_dma.o
       514         42          0          0          0       2920   stm32f1xx_hal_gpio.o
        56          8          0          0          0        850   stm32f1xx_hal_msp.o
      1796          0          0          0          0      11116   stm32f1xx_hal_pcd.o
        52          0          0          0          0       1182   stm32f1xx_hal_pcd_ex.o
        12          4          0          0          0        519   stm32f1xx_hal_pwr.o
      1272        100          0          0          0       5220   stm32f1xx_hal_rcc.o
       448         44          0          0          0       2585   stm32f1xx_hal_rcc_ex.o
       922         14          0          0          0       9444   stm32f1xx_hal_rtc.o
      2128         32          0          0          0      12756   stm32f1xx_hal_sd.o
       124          0          0          0          0       1211   stm32f1xx_hal_spi.o
      1138         12          0          0          0       9139   stm32f1xx_hal_uart.o
        80         30          0          0          0       6023   stm32f1xx_it.o
      1456         46          0          0          0      19267   stm32f1xx_ll_sdmmc.o
      1652          0          0          0          0      15725   stm32f1xx_ll_usb.o
        72         16         24          4          0       1175   system_stm32f1xx.o
       300         32          0          0        200       2428   usart.o
        84         18          0          0        708       6001   usb_device.o
       546         28          0          0       1244      14155   usbd_conf.o
       780         72          0          0          0       9579   usbd_core.o
      1186         28          0          1          0       7960   usbd_ctlreq.o
       284        100          0         78        512       5701   usbd_desc.o
       102          0          0          0          0       3684   usbd_ioreq.o
       498         16          0        162          0       9292   usbd_msc.o
       586         10          0          0          0       7157   usbd_msc_bot.o
         0          0         23          0          0        897   usbd_msc_data.o
      1404         12          0          0          0      10135   usbd_msc_scsi.o
        38          0         36         32          0       3971   usbd_storage_if.o

    ----------------------------------------------------------------------
     20164        910        500        304       7004     738975   Object Totals
         0          0         32          0          0          0   (incl. Generated)
        46          0          4          7          4          0   (incl. Padding)

    ----------------------------------------------------------------------

      Code (inc. data)   RO Data    RW Data    ZI Data      Debug   Library Member Name

        86          0          0          0          0          0   __dczerorl2.o
         0          0          0          0          0          0   entry.o
         0          0          0          0          0          0   entry10a.o
         0          0          0          0          0          0   entry11a.o
         8          4          0          0          0          0   entry2.o
         4          0          0          0          0          0   entry5.o
         0          0          0          0          0          0   entry7b.o
         0          0          0          0          0          0   entry8b.o
         8          4          0          0          0          0   entry9a.o
        30          0          0          0          0          0   handlers.o
        36          8          0          0          0         68   init.o
        30          0          0          0          0         68   llshl.o
        32          0          0          0          0         68   llushr.o
        36          0          0          0          0         68   memcpya.o
        36          0          0          0          0        108   memseta.o
      1154         54          0          0          0        352   printf8.o
         0          0          0          4          0          0   stdout.o
        98          0          0          0          0         92   uldiv.o

    ----------------------------------------------------------------------
      1564         70          0          4          0        824   Library Totals
         6          0          0          0          0          0   (incl. Padding)

    ----------------------------------------------------------------------

      Code (inc. data)   RO Data    RW Data    ZI Data      Debug   Library Name

      1558         70          0          4          0        824   mc_w.l

    ----------------------------------------------------------------------
      1564         70          0          4          0        824   Library Totals

    ----------------------------------------------------------------------

==============================================================================


      Code (inc. data)   RO Data    RW Data    ZI Data      Debug   

     21728        980        500        308       7004     727031   Grand Totals
     21728        980        500        168       7004     727031   ELF Image Totals (compressed)
     21728        980        500        168          0          0   ROM Totals

==============================================================================

    Total RO  Size (Code + RO Data)                22228 (  21.71kB)
    Total RW  Size (RW Data + ZI Data)              7312 (   7.14kB)
    Total ROM Size (Code + RO Data + RW Data)      22396 (  21.87kB)

==============================================================================

