Component: ARM Compiler 5.06 update 6 (build 750) Tool: armlink [4d35ed]

==============================================================================

Section Cross References

    main.o(i.SystemClock_Config) refers to memseta.o(.text) for __aeabi_memclr4
    main.o(i.SystemClock_Config) refers to stm32f1xx_hal_rcc.o(i.HAL_RCC_OscConfig) for HAL_RCC_OscConfig
    main.o(i.SystemClock_Config) refers to stm32f1xx_hal_rcc.o(i.HAL_RCC_ClockConfig) for HAL_RCC_ClockConfig
    main.o(i.SystemClock_Config) refers to stm32f1xx_hal_rcc_ex.o(i.HAL_RCCEx_PeriphCLKConfig) for HAL_RCCEx_PeriphCLKConfig
    main.o(i.main) refers to stm32f1xx_hal.o(i.HAL_Init) for HAL_Init
    main.o(i.main) refers to main.o(i.SystemClock_Config) for SystemClock_Config
    main.o(i.main) refers to main.o(i.Nvic_SetVectorTable) for Nvic_SetVectorTable
    main.o(i.main) refers to gpio.o(i.MX_GPIO_Init) for MX_GPIO_Init
    main.o(i.main) refers to dma.o(i.MX_DMA_Init) for MX_DMA_Init
    main.o(i.main) refers to sdio.o(i.MX_SDIO_SD_Init) for MX_SDIO_SD_Init
    main.o(i.main) refers to usart.o(i.MX_USART1_UART_Init) for MX_USART1_UART_Init
    main.o(i.main) refers to crc.o(i.MX_CRC_Init) for MX_CRC_Init
    main.o(i.main) refers to rtc.o(i.MX_RTC_Init) for MX_RTC_Init
    main.o(i.main) refers to usb_device.o(i.MX_USB_DEVICE_Init) for MX_USB_DEVICE_Init
    main.o(i.main) refers to spi.o(i.MX_SPI2_Init) for MX_SPI2_Init
    main.o(i.main) refers to i2c.o(i.MX_I2C1_Init) for MX_I2C1_Init
    main.o(i.main) refers to stm32f1xx_hal_gpio.o(i.HAL_GPIO_WritePin) for HAL_GPIO_WritePin
    main.o(i.main) refers to stm32f1xx_hal.o(i.HAL_Delay) for HAL_Delay
    gpio.o(i.MX_GPIO_Init) refers to stm32f1xx_hal_gpio.o(i.HAL_GPIO_WritePin) for HAL_GPIO_WritePin
    gpio.o(i.MX_GPIO_Init) refers to stm32f1xx_hal_gpio.o(i.HAL_GPIO_Init) for HAL_GPIO_Init
    crc.o(i.MX_CRC_Init) refers to stm32f1xx_hal_crc.o(i.HAL_CRC_Init) for HAL_CRC_Init
    crc.o(i.MX_CRC_Init) refers to main.o(i.Error_Handler) for Error_Handler
    crc.o(i.MX_CRC_Init) refers to crc.o(.data) for .data
    dma.o(i.MX_DMA_Init) refers to stm32f1xx_hal_cortex.o(i.HAL_NVIC_SetPriority) for HAL_NVIC_SetPriority
    dma.o(i.MX_DMA_Init) refers to stm32f1xx_hal_cortex.o(i.HAL_NVIC_EnableIRQ) for HAL_NVIC_EnableIRQ
    i2c.o(i.HAL_I2C_MspDeInit) refers to stm32f1xx_hal_gpio.o(i.HAL_GPIO_DeInit) for HAL_GPIO_DeInit
    i2c.o(i.HAL_I2C_MspInit) refers to stm32f1xx_hal_gpio.o(i.HAL_GPIO_Init) for HAL_GPIO_Init
    i2c.o(i.MX_I2C1_Init) refers to stm32f1xx_hal_i2c.o(i.HAL_I2C_Init) for HAL_I2C_Init
    i2c.o(i.MX_I2C1_Init) refers to main.o(i.Error_Handler) for Error_Handler
    i2c.o(i.MX_I2C1_Init) refers to i2c.o(.bss) for .bss
    rtc.o(i.HAL_RTC_MspInit) refers to stm32f1xx_hal_pwr.o(i.HAL_PWR_EnableBkUpAccess) for HAL_PWR_EnableBkUpAccess
    rtc.o(i.MX_RTC_Init) refers to stm32f1xx_hal_rtc.o(i.HAL_RTC_Init) for HAL_RTC_Init
    rtc.o(i.MX_RTC_Init) refers to main.o(i.Error_Handler) for Error_Handler
    rtc.o(i.MX_RTC_Init) refers to stm32f1xx_hal_rtc.o(i.HAL_RTC_SetTime) for HAL_RTC_SetTime
    rtc.o(i.MX_RTC_Init) refers to stm32f1xx_hal_rtc.o(i.HAL_RTC_SetDate) for HAL_RTC_SetDate
    rtc.o(i.MX_RTC_Init) refers to rtc.o(.bss) for .bss
    sdio.o(i.HAL_SD_MspDeInit) refers to stm32f1xx_hal_gpio.o(i.HAL_GPIO_DeInit) for HAL_GPIO_DeInit
    sdio.o(i.HAL_SD_MspDeInit) refers to stm32f1xx_hal_cortex.o(i.HAL_NVIC_DisableIRQ) for HAL_NVIC_DisableIRQ
    sdio.o(i.HAL_SD_MspInit) refers to stm32f1xx_hal_gpio.o(i.HAL_GPIO_Init) for HAL_GPIO_Init
    sdio.o(i.HAL_SD_MspInit) refers to stm32f1xx_hal_cortex.o(i.HAL_NVIC_SetPriority) for HAL_NVIC_SetPriority
    sdio.o(i.HAL_SD_MspInit) refers to stm32f1xx_hal_cortex.o(i.HAL_NVIC_EnableIRQ) for HAL_NVIC_EnableIRQ
    sdio.o(i.MX_SDIO_SD_Init) refers to stm32f1xx_hal_sd.o(i.HAL_SD_Init) for HAL_SD_Init
    sdio.o(i.MX_SDIO_SD_Init) refers to main.o(i.Error_Handler) for Error_Handler
    sdio.o(i.MX_SDIO_SD_Init) refers to stm32f1xx_hal_sd.o(i.HAL_SD_ConfigWideBusOperation) for HAL_SD_ConfigWideBusOperation
    sdio.o(i.MX_SDIO_SD_Init) refers to sdio.o(.bss) for .bss
    spi.o(i.HAL_SPI_MspDeInit) refers to stm32f1xx_hal_gpio.o(i.HAL_GPIO_DeInit) for HAL_GPIO_DeInit
    spi.o(i.HAL_SPI_MspInit) refers to stm32f1xx_hal_gpio.o(i.HAL_GPIO_Init) for HAL_GPIO_Init
    spi.o(i.MX_SPI2_Init) refers to stm32f1xx_hal_spi.o(i.HAL_SPI_Init) for HAL_SPI_Init
    spi.o(i.MX_SPI2_Init) refers to main.o(i.Error_Handler) for Error_Handler
    spi.o(i.MX_SPI2_Init) refers to spi.o(.bss) for .bss
    usart.o(i.HAL_UART_MspDeInit) refers to stm32f1xx_hal_gpio.o(i.HAL_GPIO_DeInit) for HAL_GPIO_DeInit
    usart.o(i.HAL_UART_MspDeInit) refers to stm32f1xx_hal_dma.o(i.HAL_DMA_DeInit) for HAL_DMA_DeInit
    usart.o(i.HAL_UART_MspDeInit) refers to stm32f1xx_hal_cortex.o(i.HAL_NVIC_DisableIRQ) for HAL_NVIC_DisableIRQ
    usart.o(i.HAL_UART_MspInit) refers to stm32f1xx_hal_gpio.o(i.HAL_GPIO_Init) for HAL_GPIO_Init
[...]
    i.SD_DMARxAbort                          0x0800c890   Section        0  stm32f1xx_hal_sd.o(i.SD_DMARxAbort)
    SD_DMARxAbort                            0x0800c891   Thumb Code    68  stm32f1xx_hal_sd.o(i.SD_DMARxAbort)
    i.SD_DMATxAbort                          0x0800c8d4   Section        0  stm32f1xx_hal_sd.o(i.SD_DMATxAbort)
    SD_DMATxAbort                            0x0800c8d5   Thumb Code    68  stm32f1xx_hal_sd.o(i.SD_DMATxAbort)
    i.SD_FindSCR                             0x0800c918   Section        0  stm32f1xx_hal_sd.o(i.SD_FindSCR)
    SD_FindSCR                               0x0800c919   Thumb Code   212  stm32f1xx_hal_sd.o(i.SD_FindSCR)
    i.SD_InitCard                            0x0800c9ec   Section        0  stm32f1xx_hal_sd.o(i.SD_InitCard)
    SD_InitCard                              0x0800c9ed   Thumb Code   238  stm32f1xx_hal_sd.o(i.SD_InitCard)
    i.SD_PowerON                             0x0800cadc   Section        0  stm32f1xx_hal_sd.o(i.SD_PowerON)
    SD_PowerON                               0x0800cadd   Thumb Code   174  stm32f1xx_hal_sd.o(i.SD_PowerON)
    i.STORAGE_GetCapacity_FS                 0x0800cb90   Section        0  usbd_storage_if.o(i.STORAGE_GetCapacity_FS)
    STORAGE_GetCapacity_FS                   0x0800cb91   Thumb Code    14  usbd_storage_if.o(i.STORAGE_GetCapacity_FS)
    i.STORAGE_GetMaxLun_FS                   0x0800cb9e   Section        0  usbd_storage_if.o(i.STORAGE_GetMaxLun_FS)
    STORAGE_GetMaxLun_FS                     0x0800cb9f   Thumb Code     4  usbd_storage_if.o(i.STORAGE_GetMaxLun_FS)
    i.STORAGE_Init_FS                        0x0800cba2   Section        0  usbd_storage_if.o(i.STORAGE_Init_FS)
    STORAGE_Init_FS                          0x0800cba3   Thumb Code     4  usbd_storage_if.o(i.STORAGE_Init_FS)
    i.STORAGE_IsReady_FS                     0x0800cba6   Section        0  usbd_storage_if.o(i.STORAGE_IsReady_FS)
    STORAGE_IsReady_FS                       0x0800cba7   Thumb Code     4  usbd_storage_if.o(i.STORAGE_IsReady_FS)
    i.STORAGE_IsWriteProtected_FS            0x0800cbaa   Section        0  usbd_storage_if.o(i.STORAGE_IsWriteProtected_FS)
    STORAGE_IsWriteProtected_FS              0x0800cbab   Thumb Code     4  usbd_storage_if.o(i.STORAGE_IsWriteProtected_FS)
    i.STORAGE_Read_FS                        0x0800cbae   Section        0  usbd_storage_if.o(i.STORAGE_Read_FS)
    STORAGE_Read_FS                          0x0800cbaf   Thumb Code     4  usbd_storage_if.o(i.STORAGE_Read_FS)
    i.STORAGE_Write_FS                       0x0800cbb2   Section        0  usbd_storage_if.o(i.STORAGE_Write_FS)
    STORAGE_Write_FS                         0x0800cbb3   Thumb Code     4  usbd_storage_if.o(i.STORAGE_Write_FS)
    i.SVC_Handler                            0x0800cbb6   Section        0  stm32f1xx_it.o(i.SVC_Handler)
    i.SysTick_Handler                        0x0800cbb8   Section        0  stm32f1xx_it.o(i.SysTick_Handler)
    i.SystemClock_Config                     0x0800cbbc   Section        0  main.o(i.SystemClock_Config)
    i.SystemInit                             0x0800cc28   Section        0  system_stm32f1xx.o(i.SystemInit)
    i.UART_DMAAbortOnError                   0x0800cc70   Section        0  stm32f1xx_hal_uart.o(i.UART_DMAAbortOnError)
    UART_DMAAbortOnError                     0x0800cc71   Thumb Code    16  stm32f1xx_hal_uart.o(i.UART_DMAAbortOnError)
    i.UART_EndRxTransfer                     0x0800cc80   Section        0  stm32f1xx_hal_uart.o(i.UART_EndRxTransfer)
    UART_EndRxTransfer                       0x0800cc81   Thumb Code    28  stm32f1xx_hal_uart.o(i.UART_EndRxTransfer)
    i.UART_Receive_IT                        0x0800cc9c   Section        0  stm32f1xx_hal_uart.o(i.UART_Receive_IT)
    UART_Receive_IT                          0x0800cc9d   Thumb Code   150  stm32f1xx_hal_uart.o(i.UART_Receive_IT)
    i.UART_SetConfig                         0x0800cd34   Section        0  stm32f1xx_hal_uart.o(i.UART_SetConfig)
    UART_SetConfig                           0x0800cd35   Thumb Code   178  stm32f1xx_hal_uart.o(i.UART_SetConfig)
    i.UART_Transmit_IT                       0x0800cdec   Section        0  stm32f1xx_hal_uart.o(i.UART_Transmit_IT)
    UART_Transmit_IT                         0x0800cded   Thumb Code    98  stm32f1xx_hal_uart.o(i.UART_Transmit_IT)
    i.USART1_IRQHandler                      0x0800ce50   Section        0  stm32f1xx_it.o(i.USART1_IRQHandler)
    i.USBD_ClrClassConfig                    0x0800ce5c   Section        0  usbd_core.o(i.USBD_ClrClassConfig)
    i.USBD_CtlContinueRx                     0x0800ce6a   Section        0  usbd_ioreq.o(i.USBD_CtlContinueRx)
    i.USBD_CtlContinueSendData               0x0800ce7a   Section        0  usbd_ioreq.o(i.USBD_CtlContinueSendData)
    i.USBD_CtlError                          0x0800ce8a   Section        0  usbd_ctlreq.o(i.USBD_CtlError)
    i.USBD_CtlReceiveStatus                  0x0800cea0   Section        0  usbd_ioreq.o(i.USBD_CtlReceiveStatus)
    i.USBD_CtlSendData                       0x0800ceb6   Section        0  usbd_ioreq.o(i.USBD_CtlSendData)
    i.USBD_CtlSendStatus                     0x0800ced0   Section        0  usbd_ioreq.o(i.USBD_CtlSendStatus)
    i.USBD_FS_ConfigStrDescriptor            0x0800cee8   Section        0  usbd_desc.o(i.USBD_FS_ConfigStrDescriptor)
    i.USBD_FS_DeviceDescriptor               0x0800cf08   Section        0  usbd_desc.o(i.USBD_FS_DeviceDescriptor)
    i.USBD_FS_InterfaceStrDescriptor         0x0800cf14   Section        0  usbd_desc.o(i.USBD_FS_InterfaceStrDescriptor)
    i.USBD_FS_LangIDStrDescriptor            0x0800cf38   Section        0  usbd_desc.o(i.USBD_FS_LangIDStrDescriptor)
    i.USBD_FS_ManufacturerStrDescriptor      0x0800cf44   Section        0  usbd_desc.o(i.USBD_FS_ManufacturerStrDescriptor)
    i.USBD_FS_ProductStrDescriptor           0x0800cf6c   Section        0  usbd_desc.o(i.USBD_FS_ProductStrDescriptor)
    i.USBD_FS_SerialStrDescriptor            0x0800cf94   Section        0  usbd_desc.o(i.USBD_FS_SerialStrDescriptor)
    i.USBD_GetDescriptor                     0x0800cfcc   Section        0  usbd_ctlreq.o(i.USBD_GetDescriptor)
    USBD_GetDescriptor                       0x0800cfcd   Thumb Code   232  usbd_ctlreq.o(i.USBD_GetDescriptor)
    i.USBD_GetString                         0x0800d0b4   Section        0  usbd_ctlreq.o(i.USBD_GetString)
    i.USBD_Get_USB_Status                    0x0800d0fc   Section        0  usbd_conf.o(i.USBD_Get_USB_Status)
    USBD_Get_USB_Status                      0x0800d0fd   Thumb Code    24  usbd_conf.o(i.USBD_Get_USB_Status)
    i.USBD_Init                              0x0800d114   Section        0  usbd_core.o(i.USBD_Init)
    i.USBD_LL_ClearStallEP                   0x0800d174   Section        0  usbd_conf.o(i.USBD_LL_ClearStallEP)
    i.USBD_LL_CloseEP                        0x0800d186   Section        0  usbd_conf.o(i.USBD_LL_CloseEP)
    i.USBD_LL_DataInStage                    0x0800d198   Section        0  usbd_core.o(i.USBD_LL_DataInStage)
    i.USBD_LL_DataOutStage                   0x0800d25e   Section        0  usbd_core.o(i.USBD_LL_DataOutStage)
    i.USBD_LL_FlushEP                        0x0800d2e0   Section        0  usbd_conf.o(i.USBD_LL_FlushEP)
    i.USBD_LL_GetRxDataSize                  0x0800d2f2   Section        0  usbd_conf.o(i.USBD_LL_GetRxDataSize)
    i.USBD_LL_Init                           0x0800d2fc   Section        0  usbd_conf.o(i.USBD_LL_Init)
    i.USBD_LL_IsStallEP                      0x0800d36c   Section        0  usbd_conf.o(i.USBD_LL_IsStallEP)
    i.USBD_LL_OpenEP                         0x0800d388   Section        0  usbd_conf.o(i.USBD_LL_OpenEP)
    i.USBD_LL_PrepareReceive                 0x0800d3a0   Section        0  usbd_conf.o(i.USBD_LL_PrepareReceive)
    i.USBD_LL_Reset                          0x0800d3b2   Section        0  usbd_core.o(i.USBD_LL_Reset)
    i.USBD_LL_Resume                         0x0800d402   Section        0  usbd_core.o(i.USBD_LL_Resume)
    i.USBD_LL_SOF                            0x0800d416   Section        0  usbd_core.o(i.USBD_LL_SOF)
    i.USBD_LL_SetSpeed                       0x0800d42e   Section        0  usbd_core.o(i.USBD_LL_SetSpeed)
    i.USBD_LL_SetUSBAddress                  0x0800d434   Section        0  usbd_conf.o(i.USBD_LL_SetUSBAddress)
    i.USBD_LL_SetupStage                     0x0800d446   Section        0  usbd_core.o(i.USBD_LL_SetupStage)
    i.USBD_LL_StallEP                        0x0800d4a0   Section        0  usbd_conf.o(i.USBD_LL_StallEP)
    i.USBD_LL_Start                          0x0800d4b2   Section        0  usbd_conf.o(i.USBD_LL_Start)
    i.USBD_LL_Suspend                        0x0800d4c4   Section        0  usbd_core.o(i.USBD_LL_Suspend)
    i.USBD_LL_Transmit                       0x0800d4d6   Section        0  usbd_conf.o(i.USBD_LL_Transmit)
    i.USBD_MSC_DataIn                        0x0800d4e8   Section        0  usbd_msc.o(i.USBD_MSC_DataIn)
    i.USBD_MSC_DataOut                       0x0800d4f2   Section        0  usbd_msc.o(i.USBD_MSC_DataOut)
    i.USBD_MSC_DeInit                        0x0800d4fc   Section        0  usbd_msc.o(i.USBD_MSC_DeInit)
    i.USBD_MSC_GetDeviceQualifierDescriptor  0x0800d530   Section        0  usbd_msc.o(i.USBD_MSC_GetDeviceQualifierDescriptor)
    i.USBD_MSC_GetFSCfgDesc                  0x0800d53c   Section        0  usbd_msc.o(i.USBD_MSC_GetFSCfgDesc)
    i.USBD_MSC_GetHSCfgDesc                  0x0800d548   Section        0  usbd_msc.o(i.USBD_MSC_GetHSCfgDesc)
    i.USBD_MSC_GetOtherSpeedCfgDesc          0x0800d554   Section        0  usbd_msc.o(i.USBD_MSC_GetOtherSpeedCfgDesc)
    i.USBD_MSC_Init                          0x0800d560   Section        0  usbd_msc.o(i.USBD_MSC_Init)
    i.USBD_MSC_RegisterStorage               0x0800d5bc   Section        0  usbd_msc.o(i.USBD_MSC_RegisterStorage)
    i.USBD_MSC_Setup                         0x0800d5c6   Section        0  usbd_msc.o(i.USBD_MSC_Setup)
    i.USBD_ParseSetupRequest                 0x0800d6dc   Section        0  usbd_ctlreq.o(i.USBD_ParseSetupRequest)
    i.USBD_RegisterClass                     0x0800d704   Section        0  usbd_core.o(i.USBD_RegisterClass)
    i.USBD_SetClassConfig                    0x0800d74c   Section        0  usbd_core.o(i.USBD_SetClassConfig)
    i.USBD_SetConfig                         0x0800d764   Section        0  usbd_ctlreq.o(i.USBD_SetConfig)
    USBD_SetConfig                           0x0800d765   Thumb Code   128  usbd_ctlreq.o(i.USBD_SetConfig)
    i.USBD_Start                             0x0800d7e8   Section        0  usbd_core.o(i.USBD_Start)
    i.USBD_StdDevReq                         0x0800d7f2   Section        0  usbd_ctlreq.o(i.USBD_StdDevReq)
    i.USBD_StdEPReq                          0x0800d904   Section        0  usbd_ctlreq.o(i.USBD_StdEPReq)
    i.USBD_StdItfReq                         0x0800da54   Section        0  usbd_ctlreq.o(i.USBD_StdItfReq)
    i.USBD_static_free                       0x0800daa2   Section        0  usbd_conf.o(i.USBD_static_free)
    i.USBD_static_malloc                     0x0800daa4   Section        0  usbd_conf.o(i.USBD_static_malloc)
    i.USB_ActivateEndpoint                   0x0800daac   Section        0  stm32f1xx_ll_usb.o(i.USB_ActivateEndpoint)
    i.USB_CoreInit                           0x0800dd12   Section        0  stm32f1xx_ll_usb.o(i.USB_CoreInit)
    i.USB_DeactivateEndpoint                 0x0800dd16   Section        0  stm32f1xx_ll_usb.o(i.USB_DeactivateEndpoint)
    i.USB_DevConnect                         0x0800de24   Section        0  stm32f1xx_ll_usb.o(i.USB_DevConnect)
    i.USB_DevDisconnect                      0x0800de28   Section        0  stm32f1xx_ll_usb.o(i.USB_DevDisconnect)
    i.USB_DevInit                            0x0800de2c   Section        0  stm32f1xx_ll_usb.o(i.USB_DevInit)
    i.USB_DisableGlobalInt                   0x0800de4a   Section        0  stm32f1xx_ll_usb.o(i.USB_DisableGlobalInt)
    i.USB_EP0_OutStart                       0x0800de58   Section        0  stm32f1xx_ll_usb.o(i.USB_EP0_OutStart)
    i.USB_EPClearStall                       0x0800de5c   Section        0  stm32f1xx_ll_usb.o(i.USB_EPClearStall)
    i.USB_EPSetStall                         0x0800ded4   Section        0  stm32f1xx_ll_usb.o(i.USB_EPSetStall)
    i.USB_EPStartXfer                        0x0800df06   Section        0  stm32f1xx_ll_usb.o(i.USB_EPStartXfer)
    i.USB_EnableGlobalInt                    0x0800e0a2   Section        0  stm32f1xx_ll_usb.o(i.USB_EnableGlobalInt)
    i.USB_FlushRxFifo                        0x0800e0b0   Section        0  stm32f1xx_ll_usb.o(i.USB_FlushRxFifo)
    i.USB_FlushTxFifo                        0x0800e0b4   Section        0  stm32f1xx_ll_usb.o(i.USB_FlushTxFifo)
    i.USB_LP_CAN1_RX0_IRQHandler             0x0800e0b8   Section        0  stm32f1xx_it.o(i.USB_LP_CAN1_RX0_IRQHandler)
    i.USB_ReadInterrupts                     0x0800e0c4   Section        0  stm32f1xx_ll_usb.o(i.USB_ReadInterrupts)
    i.USB_ReadPMA                            0x0800e0cc   Section        0  stm32f1xx_ll_usb.o(i.USB_ReadPMA)
    i.USB_SetCurrentMode                     0x0800e0f8   Section        0  stm32f1xx_ll_usb.o(i.USB_SetCurrentMode)
    i.USB_SetDevAddress                      0x0800e0fc   Section        0  stm32f1xx_ll_usb.o(i.USB_SetDevAddress)
    i.USB_WritePMA                           0x0800e108   Section        0  stm32f1xx_ll_usb.o(i.USB_WritePMA)
    i.UsageFault_Handler                     0x0800e12e   Section        0  stm32f1xx_it.o(i.UsageFault_Handler)
    i.__0printf$bare                         0x0800e130   Section        0  printfb.o(i.__0printf$bare)
    i.__NVIC_SetPriority                     0x0800e140   Section        0  stm32f1xx_hal_cortex.o(i.__NVIC_SetPriority)
    __NVIC_SetPriority                       0x0800e141   Thumb Code    32  stm32f1xx_hal_cortex.o(i.__NVIC_SetPriority)
    i.__scatterload_copy                     0x0800e160   Section       14  handlers.o(i.__scatterload_copy)
    i.__scatterload_null                     0x0800e16e   Section        2  handlers.o(i.__scatterload_null)
    i.__scatterload_zeroinit                 0x0800e170   Section       14  handlers.o(i.__scatterload_zeroinit)
    i._printf_core                           0x0800e17e   Section        0  printfb.o(i._printf_core)
    _printf_core                             0x0800e17f   Thumb Code    34  printfb.o(i._printf_core)
    i.fputc                                  0x0800e1a0   Section        0  fputc.o(i.fputc)
    i.main                                   0x0800e1b4   Section        0  main.o(i.main)
    .constdata                               0x0800e218   Section       36  usbd_storage_if.o(.constdata)
    .constdata                               0x0800e23c   Section       16  system_stm32f1xx.o(.constdata)
    .constdata                               0x0800e24c   Section        8  system_stm32f1xx.o(.constdata)
    .constdata                               0x0800e254   Section        7  usbd_msc_data.o(.constdata)
    .constdata                               0x0800e25b   Section        8  usbd_msc_data.o(.constdata)
    .constdata                               0x0800e263   Section        8  usbd_msc_data.o(.constdata)
    .data                                    0x20000000   Section        8  crc.o(.data)
    .data                                    0x20000008   Section       28  usbd_desc.o(.data)
    .data                                    0x20000024   Section       50  usbd_desc.o(.data)
    .data                                    0x20000058   Section       32  usbd_storage_if.o(.data)
    .data                                    0x20000078   Section       12  stm32f1xx_hal.o(.data)
    .data                                    0x20000084   Section        4  system_stm32f1xx.o(.data)
    .data                                    0x20000088   Section        1  usbd_ctlreq.o(.data)
    cfgidx                                   0x20000088   Data           1  usbd_ctlreq.o(.data)
    .data                                    0x2000008c   Section       56  usbd_msc.o(.data)
    .data                                    0x200000c4   Section      106  usbd_msc.o(.data)
    .data                                    0x20000130   Section        4  stdout.o(.data)
    .bss                                     0x20000134   Section       84  i2c.o(.bss)
    .bss                                     0x20000188   Section       20  rtc.o(.bss)
    .bss                                     0x2000019c   Section      132  sdio.o(.bss)
    .bss                                     0x20000220   Section       88  spi.o(.bss)
    .bss                                     0x20000278   Section      200  usart.o(.bss)
    .bss                                     0x20000340   Section      708  usb_device.o(.bss)
    .bss                                     0x20000604   Section     1244  usbd_conf.o(.bss)
    mem                                      0x20000604   Data         624  usbd_conf.o(.bss)
    .bss                                     0x20000ae0   Section      512  usbd_desc.o(.bss)
    STACK                                    0x20000ce0   Section     4096  startup_stm32f103xe.o(STACK)

    Global Symbols

    Symbol Name                              Value     Ov Type        Size  Object(Section)

    BuildAttributes$$THM_ISAv4$P$D$K$B$S$PE$A:L22UL41UL21$X:L11$S22US41US21$IEEE1$IW$USESV6$~STKCKD$USESV7$~SHL$OSPACE$ROPI$EBA8$MICROLIB$REQ8$PRES8$EABIv2 0x00000000   Number         0  anon$$obj.o ABSOLUTE
    __ARM_use_no_argv                        0x00000000   Number         0  main.o ABSOLUTE
    __cpp_initialize__aeabi_                  - Undefined Weak Reference
    __cxa_finalize                            - Undefined Weak Reference
    _clock_init                               - Undefined Weak Reference
    _microlib_exit                            - Undefined Weak Reference
    __Vectors_Size                           0x00000130   Number         0  startup_stm32f103xe.o ABSOLUTE
    __Vectors                                0x08009000   Data           4  startup_stm32f103xe.o(RESET)
    __Vectors_End                            0x08009130   Data           0  startup_stm32f103xe.o(RESET)
    __main                                   0x08009131   Thumb Code     0  entry.o(.ARM.Collect$$$$00000000)
    _main_stk                                0x08009131   Thumb Code     0  entry2.o(.ARM.Collect$$$$00000001)
    _main_scatterload                        0x08009135   Thumb Code     0  entry5.o(.ARM.Collect$$$$00000004)
    __main_after_scatterload                 0x08009139   Thumb Code     0  entry5.o(.ARM.Collect$$$$00000004)
    _main_clock                              0x08009139   Thumb Code     0  entry7b.o(.ARM.Collect$$$$00000008)
    _main_cpp_init                           0x08009139   Thumb Code     0  entry8b.o(.ARM.Collect$$$$0000000A)
    _main_init                               0x08009139   Thumb Code     0  entry9a.o(.ARM.Collect$$$$0000000B)
    __rt_final_cpp                           0x08009141   Thumb Code     0  entry10a.o(.ARM.Collect$$$$0000000D)
    __rt_final_exit                          0x08009141   Thumb Code     0  entry11a.o(.ARM.Collect$$$$0000000F)
    Reset_Handler                            0x08009145   Thumb Code     8  startup_stm32f103xe.o(.text)
    ADC1_2_IRQHandler                        0x0800915f   Thumb Code     0  startup_stm32f103xe.o(.text)
    ADC3_IRQHandler                          0x0800915f   Thumb Code     0  startup_stm32f103xe.o(.text)
    CAN1_RX1_IRQHandler                      0x0800915f   Thumb Code     0  startup_stm32f103xe.o(.text)
    CAN1_SCE_IRQHandler                      0x0800915f   Thumb Code     0  startup_stm32f103xe.o(.text)
    DMA1_Channel1_IRQHandler                 0x0800915f   Thumb Code     0  startup_stm32f103xe.o(.text)
    DMA1_Channel2_IRQHandler                 0x0800915f   Thumb Code     0  startup_stm32f103xe.o(.text)
    DMA1_Channel3_IRQHandler                 0x0800915f   Thumb Code     0  startup_stm32f103xe.o(.text)
    DMA1_Channel6_IRQHandler                 0x0800915f   Thumb Code     0  startup_stm32f103xe.o(.text)
    DMA1_Channel7_IRQHandler                 0x0800915f   Thumb Code     0  startup_stm32f103xe.o(.text)
    DMA2_Channel1_IRQHandler                 0x0800915f   Thumb Code     0  startup_stm32f103xe.o(.text)
    DMA2_Channel2_IRQHandler                 0x0800915f   Thumb Code     0  startup_stm32f103xe.o(.text)
    DMA2_Channel3_IRQHandler                 0x0800915f   Thumb Code     0  startup_stm32f103xe.o(.text)
    DMA2_Channel4_5_IRQHandler               0x0800915f   Thumb Code     0  startup_stm32f103xe.o(.text)
    EXTI0_IRQHandler                         0x0800915f   Thumb Code     0  startup_stm32f103xe.o(.text)
    EXTI15_10_IRQHandler                     0x0800915f   Thumb Code     0  startup_stm32f103xe.o(.text)
    EXTI1_IRQHandler                         0x0800915f   Thumb Code     0  startup_stm32f103xe.o(.text)
    EXTI2_IRQHandler                         0x0800915f   Thumb Code     0  startup_stm32f103xe.o(.text)
    EXTI3_IRQHandler                         0x0800915f   Thumb Code     0  startup_stm32f103xe.o(.text)
    EXTI4_IRQHandler                         0x0800915f   Thumb Code     0  startup_stm32f103xe.o(.text)
    EXTI9_5_IRQHandler                       0x0800915f   Thumb Code     0  startup_stm32f103xe.o(.text)
    FLASH_IRQHandler                         0x0800915f   Thumb Code     0  startup_stm32f103xe.o(.text)
    FSMC_IRQHandler                          0x0800915f   Thumb Code     0  startup_stm32f103xe.o(.text)
    I2C1_ER_IRQHandler                       0x0800915f   Thumb Code     0  startup_stm32f103xe.o(.text)
    I2C1_EV_IRQHandler                       0x0800915f   Thumb Code     0  startup_stm32f103xe.o(.text)
    I2C2_ER_IRQHandler                       0x0800915f   Thumb Code     0  startup_stm32f103xe.o(.text)
    I2C2_EV_IRQHandler                       0x0800915f   Thumb Code     0  startup_stm32f103xe.o(.text)
    PVD_IRQHandler                           0x0800915f   Thumb Code     0  startup_stm32f103xe.o(.text)
    RCC_IRQHandler                           0x0800915f   Thumb Code     0  startup_stm32f103xe.o(.text)
    RTC_Alarm_IRQHandler                     0x0800915f   Thumb Code     0  startup_stm32f103xe.o(.text)
    RTC_IRQHandler                           0x0800915f   Thumb Code     0  startup_stm32f103xe.o(.text)
    SPI1_IRQHandler                          0x0800915f   Thumb Code     0  startup_stm32f103xe.o(.text)
    SPI2_IRQHandler                          0x0800915f   Thumb Code     0  startup_stm32f103xe.o(.text)
    SPI3_IRQHandler                          0x0800915f   Thumb Code     0  startup_stm32f103xe.o(.text)
    TAMPER_IRQHandler                        0x0800915f   Thumb Code     0  startup_stm32f103xe.o(.text)
    TIM1_BRK_IRQHandler                      0x0800915f   Thumb Code     0  startup_stm32f103xe.o(.text)
    TIM1_CC_IRQHandler                       0x0800915f   Thumb Code     0  startup_stm32f103xe.o(.text)
    TIM1_TRG_COM_IRQHandler                  0x0800915f   Thumb Code     0  startup_stm32f103xe.o(.text)
    TIM1_UP_IRQHandler                       0x0800915f   Thumb Code     0  startup_stm32f103xe.o(.text)
    TIM2_IRQHandler                          0x0800915f   Thumb Code     0  startup_stm32f103xe.o(.text)
    TIM3_IRQHandler                          0x0800915f   Thumb Code     0  startup_stm32f103xe.o(.text)
    TIM4_IRQHandler                          0x0800915f   Thumb Code     0  startup_stm32f103xe.o(.text)
    TIM5_IRQHandler                          0x0800915f   Thumb Code     0  startup_stm32f103xe.o(.text)
    TIM6_IRQHandler                          0x0800915f   Thumb Code     0  startup_stm32f103xe.o(.text)
    TIM7_IRQHandler                          0x0800915f   Thumb Code     0  startup_stm32f103xe.o(.text)
    TIM8_BRK_IRQHandler                      0x0800915f   Thumb Code     0  startup_stm32f103xe.o(.text)
    TIM8_CC_IRQHandler                       0x0800915f   Thumb Code     0  startup_stm32f103xe.o(.text)
    TIM8_TRG_COM_IRQHandler                  0x0800915f   Thumb Code     0  startup_stm32f103xe.o(.text)
    TIM8_UP_IRQHandler                       0x0800915f   Thumb Code     0  startup_stm32f103xe.o(.text)
    UART4_IRQHandler                         0x0800915f   Thumb Code     0  startup_stm32f103xe.o(.text)
    UART5_IRQHandler                         0x0800915f   Thumb Code     0  startup_stm32f103xe.o(.text)
    USART2_IRQHandler                        0x0800915f   Thumb Code     0  startup_stm32f103xe.o(.text)
    USART3_IRQHandler                        0x0800915f   Thumb Code     0  startup_stm32f103xe.o(.text)
    USBWakeUp_IRQHandler                     0x0800915f   Thumb Code     0  startup_stm32f103xe.o(.text)
    USB_HP_CAN1_TX_IRQHandler                0x0800915f   Thumb Code     0  startup_stm32f103xe.o(.text)
    WWDG_IRQHandler                          0x0800915f   Thumb Code     0  startup_stm32f103xe.o(.text)
    __aeabi_memcpy                           0x08009169   Thumb Code    36  memcpya.o(.text)
    __aeabi_memcpy4                          0x08009169   Thumb Code     0  memcpya.o(.text)
    __aeabi_memcpy8                          0x08009169   Thumb Code     0  memcpya.o(.text)
    __aeabi_memset                           0x0800918d   Thumb Code    14  memseta.o(.text)
    __aeabi_memset4                          0x0800918d   Thumb Code     0  memseta.o(.text)
    __aeabi_memset8                          0x0800918d   Thumb Code     0  memseta.o(.text)
    __aeabi_memclr                           0x0800919b   Thumb Code     4  memseta.o(.text)
    __aeabi_memclr4                          0x0800919b   Thumb Code     0  memseta.o(.text)
    __aeabi_memclr8                          0x0800919b   Thumb Code     0  memseta.o(.text)
    _memset$wrapper                          0x0800919f   Thumb Code    18  memseta.o(.text)
    __scatterload                            0x080091b1   Thumb Code    28  init.o(.text)
    __scatterload_rt2                        0x080091b1   Thumb Code     0  init.o(.text)
    __I$use$semihosting$fputc                0x080091d5   Thumb Code     0  iusesemip.o(.text)
    __decompress                             0x080091d5   Thumb Code     0  __dczerorl2.o(.text)
    __decompress1                            0x080091d5   Thumb Code    86  __dczerorl2.o(.text)
    __semihosting_library_function           0x080091d5   Thumb Code     0  semi.o(.text)
    BusFault_Handler                         0x0800922b   Thumb Code     2  stm32f1xx_it.o(i.BusFault_Handler)
    DMA1_Channel4_IRQHandler                 0x0800922d   Thumb Code     6  stm32f1xx_it.o(i.DMA1_Channel4_IRQHandler)
    DMA1_Channel5_IRQHandler                 0x08009239   Thumb Code     6  stm32f1xx_it.o(i.DMA1_Channel5_IRQHandler)
    DebugMon_Handler                         0x08009245   Thumb Code     2  stm32f1xx_it.o(i.DebugMon_Handler)
    Error_Handler                            0x08009247   Thumb Code     2  main.o(i.Error_Handler)
    HAL_CRC_Init                             0x08009249   Thumb Code    34  stm32f1xx_hal_crc.o(i.HAL_CRC_Init)
    HAL_CRC_MspInit                          0x0800926d   Thumb Code    30  crc.o(i.HAL_CRC_MspInit)
    HAL_DMA_Abort_IT                         0x08009295   Thumb Code   296  stm32f1xx_hal_dma.o(i.HAL_DMA_Abort_IT)
    HAL_DMA_IRQHandler                       0x080093c5   Thumb Code   552  stm32f1xx_hal_dma.o(i.HAL_DMA_IRQHandler)
    HAL_DMA_Init                             0x0800960d   Thumb Code   112  stm32f1xx_hal_dma.o(i.HAL_DMA_Init)
    HAL_Delay                                0x08009689   Thumb Code    32  stm32f1xx_hal.o(i.HAL_Delay)
    HAL_GPIO_Init                            0x080096ad   Thumb Code   462  stm32f1xx_hal_gpio.o(i.HAL_GPIO_Init)
    HAL_GPIO_WritePin                        0x080098a5   Thumb Code    10  stm32f1xx_hal_gpio.o(i.HAL_GPIO_WritePin)
    HAL_GetTick                              0x080098b1   Thumb Code     6  stm32f1xx_hal.o(i.HAL_GetTick)
    HAL_I2C_Init                             0x080098bd   Thumb Code   356  stm32f1xx_hal_i2c.o(i.HAL_I2C_Init)
    HAL_I2C_MspInit                          0x08009a31   Thumb Code    80  i2c.o(i.HAL_I2C_MspInit)
    HAL_IncTick                              0x08009a8d   Thumb Code    12  stm32f1xx_hal.o(i.HAL_IncTick)
    HAL_Init                                 0x08009a9d   Thumb Code    32  stm32f1xx_hal.o(i.HAL_Init)
    HAL_InitTick                             0x08009ac1   Thumb Code    54  stm32f1xx_hal.o(i.HAL_InitTick)
    HAL_MspInit                              0x08009b01   Thumb Code    48  stm32f1xx_hal_msp.o(i.HAL_MspInit)
    HAL_NVIC_EnableIRQ                       0x08009b39   Thumb Code    26  stm32f1xx_hal_cortex.o(i.HAL_NVIC_EnableIRQ)
    HAL_NVIC_SetPriority                     0x08009b55   Thumb Code    60  stm32f1xx_hal_cortex.o(i.HAL_NVIC_SetPriority)
    HAL_NVIC_SetPriorityGrouping             0x08009b95   Thumb Code    26  stm32f1xx_hal_cortex.o(i.HAL_NVIC_SetPriorityGrouping)
    HAL_PCDEx_PMAConfig                      0x08009bb9   Thumb Code    52  stm32f1xx_hal_pcd_ex.o(i.HAL_PCDEx_PMAConfig)
    HAL_PCDEx_SetConnectionState             0x08009bed   Thumb Code     2  usbd_conf.o(i.HAL_PCDEx_SetConnectionState)
    HAL_PCD_DataInStageCallback              0x08009bef   Thumb Code    14  usbd_conf.o(i.HAL_PCD_DataInStageCallback)
    HAL_PCD_DataOutStageCallback             0x08009bfd   Thumb Code    16  usbd_conf.o(i.HAL_PCD_DataOutStageCallback)
    HAL_PCD_EP_Close                         0x08009c0d   Thumb Code    72  stm32f1xx_hal_pcd.o(i.HAL_PCD_EP_Close)
    HAL_PCD_EP_ClrStall                      0x08009c55   Thumb Code    88  stm32f1xx_hal_pcd.o(i.HAL_PCD_EP_ClrStall)
    HAL_PCD_EP_Flush                         0x08009cad   Thumb Code    52  stm32f1xx_hal_pcd.o(i.HAL_PCD_EP_Flush)
    HAL_PCD_EP_GetRxCount                    0x08009ce1   Thumb Code    14  stm32f1xx_hal_pcd.o(i.HAL_PCD_EP_GetRxCount)
    HAL_PCD_EP_Open                          0x08009cef   Thumb Code    92  stm32f1xx_hal_pcd.o(i.HAL_PCD_EP_Open)
    HAL_PCD_EP_Receive                       0x08009d4b   Thumb Code    46  stm32f1xx_hal_pcd.o(i.HAL_PCD_EP_Receive)
    HAL_PCD_EP_SetStall                      0x08009d79   Thumb Code   106  stm32f1xx_hal_pcd.o(i.HAL_PCD_EP_SetStall)
    HAL_PCD_EP_Transmit                      0x08009de3   Thumb Code    42  stm32f1xx_hal_pcd.o(i.HAL_PCD_EP_Transmit)
    HAL_PCD_IRQHandler                       0x08009e0d   Thumb Code   278  stm32f1xx_hal_pcd.o(i.HAL_PCD_IRQHandler)
    HAL_PCD_Init                             0x08009f25   Thumb Code   210  stm32f1xx_hal_pcd.o(i.HAL_PCD_Init)
    HAL_PCD_MspInit                          0x08009ff9   Thumb Code    50  usbd_conf.o(i.HAL_PCD_MspInit)
    HAL_PCD_ResetCallback                    0x0800a035   Thumb Code    38  usbd_conf.o(i.HAL_PCD_ResetCallback)
    HAL_PCD_ResumeCallback                   0x0800a05b   Thumb Code     8  usbd_conf.o(i.HAL_PCD_ResumeCallback)
    HAL_PCD_SOFCallback                      0x0800a063   Thumb Code     8  usbd_conf.o(i.HAL_PCD_SOFCallback)
    HAL_PCD_SetAddress                       0x0800a06b   Thumb Code    40  stm32f1xx_hal_pcd.o(i.HAL_PCD_SetAddress)
    HAL_PCD_SetupStageCallback               0x0800a093   Thumb Code    14  usbd_conf.o(i.HAL_PCD_SetupStageCallback)
    HAL_PCD_Start                            0x0800a0a1   Thumb Code    50  stm32f1xx_hal_pcd.o(i.HAL_PCD_Start)
    HAL_PCD_SuspendCallback                  0x0800a0d5   Thumb Code    30  usbd_conf.o(i.HAL_PCD_SuspendCallback)
    HAL_PWR_EnableBkUpAccess                 0x0800a0f9   Thumb Code     8  stm32f1xx_hal_pwr.o(i.HAL_PWR_EnableBkUpAccess)
    HAL_RCCEx_GetPeriphCLKFreq               0x0800a105   Thumb Code   180  stm32f1xx_hal_rcc_ex.o(i.HAL_RCCEx_GetPeriphCLKFreq)
    HAL_RCCEx_PeriphCLKConfig                0x0800a1d9   Thumb Code   224  stm32f1xx_hal_rcc_ex.o(i.HAL_RCCEx_PeriphCLKConfig)
    HAL_RCC_ClockConfig                      0x0800a2c5   Thumb Code   280  stm32f1xx_hal_rcc.o(i.HAL_RCC_ClockConfig)
    HAL_RCC_GetPCLK1Freq                     0x0800a3f1   Thumb Code    20  stm32f1xx_hal_rcc.o(i.HAL_RCC_GetPCLK1Freq)
    HAL_RCC_GetPCLK2Freq                     0x0800a411   Thumb Code    20  stm32f1xx_hal_rcc.o(i.HAL_RCC_GetPCLK2Freq)
    HAL_RCC_GetSysClockFreq                  0x0800a431   Thumb Code    74  stm32f1xx_hal_rcc.o(i.HAL_RCC_GetSysClockFreq)
    HAL_RCC_OscConfig                        0x0800a49d   Thumb Code   778  stm32f1xx_hal_rcc.o(i.HAL_RCC_OscConfig)
    HAL_RTC_Init                             0x0800a7bd   Thumb Code   154  stm32f1xx_hal_rtc.o(i.HAL_RTC_Init)
    HAL_RTC_MspInit                          0x0800a85d   Thumb Code    40  rtc.o(i.HAL_RTC_MspInit)
    HAL_RTC_SetDate                          0x0800a891   Thumb Code   192  stm32f1xx_hal_rtc.o(i.HAL_RTC_SetDate)
    HAL_RTC_SetTime                          0x0800a955   Thumb Code   168  stm32f1xx_hal_rtc.o(i.HAL_RTC_SetTime)
    HAL_RTC_WaitForSynchro                   0x0800aa01   Thumb Code    58  stm32f1xx_hal_rtc.o(i.HAL_RTC_WaitForSynchro)
    HAL_SD_AbortCallback                     0x0800aa3b   Thumb Code     2  stm32f1xx_hal_sd.o(i.HAL_SD_AbortCallback)
    HAL_SD_ConfigWideBusOperation            0x0800aa3d   Thumb Code   238  stm32f1xx_hal_sd.o(i.HAL_SD_ConfigWideBusOperation)
    HAL_SD_ErrorCallback                     0x0800ab31   Thumb Code     2  stm32f1xx_hal_sd.o(i.HAL_SD_ErrorCallback)
    HAL_SD_GetCardCSD                        0x0800ab35   Thumb Code   402  stm32f1xx_hal_sd.o(i.HAL_SD_GetCardCSD)
    HAL_SD_GetCardState                      0x0800accd   Thumb Code    44  stm32f1xx_hal_sd.o(i.HAL_SD_GetCardState)
    HAL_SD_IRQHandler                        0x0800acf9   Thumb Code   512  stm32f1xx_hal_sd.o(i.HAL_SD_IRQHandler)
    HAL_SD_Init                              0x0800af01   Thumb Code    54  stm32f1xx_hal_sd.o(i.HAL_SD_Init)
    HAL_SD_InitCard                          0x0800af39   Thumb Code    78  stm32f1xx_hal_sd.o(i.HAL_SD_InitCard)
    HAL_SD_MspInit                           0x0800af8d   Thumb Code   130  sdio.o(i.HAL_SD_MspInit)
    HAL_SD_RxCpltCallback                    0x0800b021   Thumb Code     2  stm32f1xx_hal_sd.o(i.HAL_SD_RxCpltCallback)
    HAL_SD_TxCpltCallback                    0x0800b023   Thumb Code     2  stm32f1xx_hal_sd.o(i.HAL_SD_TxCpltCallback)
    HAL_SPI_Init                             0x0800b025   Thumb Code   124  stm32f1xx_hal_spi.o(i.HAL_SPI_Init)
    HAL_SPI_MspInit                          0x0800b0a1   Thumb Code   102  spi.o(i.HAL_SPI_MspInit)
    HAL_SYSTICK_Config                       0x0800b115   Thumb Code    40  stm32f1xx_hal_cortex.o(i.HAL_SYSTICK_Config)
    HAL_UART_ErrorCallback                   0x0800b13d   Thumb Code     2  stm32f1xx_hal_uart.o(i.HAL_UART_ErrorCallback)
    HAL_UART_IRQHandler                      0x0800b141   Thumb Code   266  stm32f1xx_hal_uart.o(i.HAL_UART_IRQHandler)
    HAL_UART_Init                            0x0800b251   Thumb Code    98  stm32f1xx_hal_uart.o(i.HAL_UART_Init)
    HAL_UART_MspInit                         0x0800b2b5   Thumb Code   200  usart.o(i.HAL_UART_MspInit)
    HAL_UART_RxCpltCallback                  0x0800b391   Thumb Code     2  stm32f1xx_hal_uart.o(i.HAL_UART_RxCpltCallback)
    HAL_UART_TxCpltCallback                  0x0800b393   Thumb Code     2  stm32f1xx_hal_uart.o(i.HAL_UART_TxCpltCallback)
    HardFault_Handler                        0x0800b395   Thumb Code     2  stm32f1xx_it.o(i.HardFault_Handler)
    MSC_BOT_CplClrFeature                    0x0800b4e1   Thumb Code    42  usbd_msc_bot.o(i.MSC_BOT_CplClrFeature)
    MSC_BOT_DataIn                           0x0800b50b   Thumb Code    58  usbd_msc_bot.o(i.MSC_BOT_DataIn)
    MSC_BOT_DataOut                          0x0800b545   Thumb Code    58  usbd_msc_bot.o(i.MSC_BOT_DataOut)
    MSC_BOT_DeInit                           0x0800b57f   Thumb Code    10  usbd_msc_bot.o(i.MSC_BOT_DeInit)
    MSC_BOT_Init                             0x0800b589   Thumb Code    66  usbd_msc_bot.o(i.MSC_BOT_Init)
    MSC_BOT_Reset                            0x0800b5cb   Thumb Code    22  usbd_msc_bot.o(i.MSC_BOT_Reset)
    MSC_BOT_SendCSW                          0x0800b5e1   Thumb Code    54  usbd_msc_bot.o(i.MSC_BOT_SendCSW)
    MX_CRC_Init                              0x0800b61d   Thumb Code    28  crc.o(i.MX_CRC_Init)
    MX_DMA_Init                              0x0800b641   Thumb Code    56  dma.o(i.MX_DMA_Init)
    MX_GPIO_Init                             0x0800b67d   Thumb Code   208  gpio.o(i.MX_GPIO_Init)
    MX_I2C1_Init                             0x0800b759   Thumb Code    50  i2c.o(i.MX_I2C1_Init)
    MX_RTC_Init                              0x0800b799   Thumb Code   110  rtc.o(i.MX_RTC_Init)
    MX_SDIO_SD_Init                          0x0800b811   Thumb Code    58  sdio.o(i.MX_SDIO_SD_Init)
    MX_SPI2_Init                             0x0800b855   Thumb Code    62  spi.o(i.MX_SPI2_Init)
    MX_USART1_UART_Init                      0x0800b89d   Thumb Code    48  usart.o(i.MX_USART1_UART_Init)
    MX_USB_DEVICE_Init                       0x0800b8d5   Thumb Code    66  usb_device.o(i.MX_USB_DEVICE_Init)
    MemManage_Handler                        0x0800b929   Thumb Code     2  stm32f1xx_it.o(i.MemManage_Handler)
    NMI_Handler                              0x0800b92b   Thumb Code     2  stm32f1xx_it.o(i.NMI_Handler)
    Nvic_SetVectorTable                      0x0800b92d   Thumb Code    12  main.o(i.Nvic_SetVectorTable)
    PendSV_Handler                           0x0800bc03   Thumb Code     2  stm32f1xx_it.o(i.PendSV_Handler)
    SCSI_ProcessCmd                          0x0800bd79   Thumb Code   452  usbd_msc_scsi.o(i.SCSI_ProcessCmd)
    SCSI_SenseCode                           0x0800c1e1   Thumb Code    52  usbd_msc_scsi.o(i.SCSI_SenseCode)
    SDIO_ConfigData                          0x0800c2d3   Thumb Code    36  stm32f1xx_ll_sdmmc.o(i.SDIO_ConfigData)
    SDIO_GetPowerState                       0x0800c2f7   Thumb Code     8  stm32f1xx_ll_sdmmc.o(i.SDIO_GetPowerState)
    SDIO_GetResponse                         0x0800c2ff   Thumb Code     6  stm32f1xx_ll_sdmmc.o(i.SDIO_GetResponse)
    SDIO_IRQHandler                          0x0800c305   Thumb Code     6  stm32f1xx_it.o(i.SDIO_IRQHandler)
    SDIO_Init                                0x0800c311   Thumb Code    36  stm32f1xx_ll_sdmmc.o(i.SDIO_Init)
    SDIO_PowerState_ON                       0x0800c335   Thumb Code    16  stm32f1xx_ll_sdmmc.o(i.SDIO_PowerState_ON)
    SDIO_ReadFIFO                            0x0800c345   Thumb Code     6  stm32f1xx_ll_sdmmc.o(i.SDIO_ReadFIFO)
    SDIO_SendCommand                         0x0800c34b   Thumb Code    32  stm32f1xx_ll_sdmmc.o(i.SDIO_SendCommand)
    SDIO_WriteFIFO                           0x0800c36b   Thumb Code    10  stm32f1xx_ll_sdmmc.o(i.SDIO_WriteFIFO)
    SDMMC_CmdAppCommand                      0x0800c375   Thumb Code    50  stm32f1xx_ll_sdmmc.o(i.SDMMC_CmdAppCommand)
    SDMMC_CmdAppOperCommand                  0x0800c3a9   Thumb Code    48  stm32f1xx_ll_sdmmc.o(i.SDMMC_CmdAppOperCommand)
    SDMMC_CmdBlockLength                     0x0800c3dd   Thumb Code    50  stm32f1xx_ll_sdmmc.o(i.SDMMC_CmdBlockLength)
    SDMMC_CmdBusWidth                        0x0800c40f   Thumb Code    50  stm32f1xx_ll_sdmmc.o(i.SDMMC_CmdBusWidth)
    SDMMC_CmdGoIdleState                     0x0800c441   Thumb Code    74  stm32f1xx_ll_sdmmc.o(i.SDMMC_CmdGoIdleState)
    SDMMC_CmdOperCond                        0x0800c491   Thumb Code   112  stm32f1xx_ll_sdmmc.o(i.SDMMC_CmdOperCond)
    SDMMC_CmdSelDesel                        0x0800c505   Thumb Code    50  stm32f1xx_ll_sdmmc.o(i.SDMMC_CmdSelDesel)
    SDMMC_CmdSendCID                         0x0800c537   Thumb Code    44  stm32f1xx_ll_sdmmc.o(i.SDMMC_CmdSendCID)
    SDMMC_CmdSendCSD                         0x0800c563   Thumb Code    44  stm32f1xx_ll_sdmmc.o(i.SDMMC_CmdSendCSD)
    SDMMC_CmdSendSCR                         0x0800c58f   Thumb Code    48  stm32f1xx_ll_sdmmc.o(i.SDMMC_CmdSendSCR)
    SDMMC_CmdSendStatus                      0x0800c5bf   Thumb Code    50  stm32f1xx_ll_sdmmc.o(i.SDMMC_CmdSendStatus)
    SDMMC_CmdSetRelAdd                       0x0800c5f1   Thumb Code    48  stm32f1xx_ll_sdmmc.o(i.SDMMC_CmdSetRelAdd)
    SDMMC_CmdStopTransfer                    0x0800c621   Thumb Code    46  stm32f1xx_ll_sdmmc.o(i.SDMMC_CmdStopTransfer)
    SVC_Handler                              0x0800cbb7   Thumb Code     2  stm32f1xx_it.o(i.SVC_Handler)
    SysTick_Handler                          0x0800cbb9   Thumb Code     4  stm32f1xx_it.o(i.SysTick_Handler)
    SystemClock_Config                       0x0800cbbd   Thumb Code   108  main.o(i.SystemClock_Config)
    SystemInit                               0x0800cc29   Thumb Code    56  system_stm32f1xx.o(i.SystemInit)
    USART1_IRQHandler                        0x0800ce51   Thumb Code     6  stm32f1xx_it.o(i.USART1_IRQHandler)
    USBD_ClrClassConfig                      0x0800ce5d   Thumb Code    14  usbd_core.o(i.USBD_ClrClassConfig)
    USBD_CtlContinueRx                       0x0800ce6b   Thumb Code    16  usbd_ioreq.o(i.USBD_CtlContinueRx)
    USBD_CtlContinueSendData                 0x0800ce7b   Thumb Code    16  usbd_ioreq.o(i.USBD_CtlContinueSendData)
    USBD_CtlError                            0x0800ce8b   Thumb Code    22  usbd_ctlreq.o(i.USBD_CtlError)
    USBD_CtlReceiveStatus                    0x0800cea1   Thumb Code    22  usbd_ioreq.o(i.USBD_CtlReceiveStatus)
    USBD_CtlSendData                         0x0800ceb7   Thumb Code    26  usbd_ioreq.o(i.USBD_CtlSendData)
    USBD_CtlSendStatus                       0x0800ced1   Thumb Code    22  usbd_ioreq.o(i.USBD_CtlSendStatus)
    USBD_FS_ConfigStrDescriptor              0x0800cee9   Thumb Code    16  usbd_desc.o(i.USBD_FS_ConfigStrDescriptor)
    USBD_FS_DeviceDescriptor                 0x0800cf09   Thumb Code     8  usbd_desc.o(i.USBD_FS_DeviceDescriptor)
    USBD_FS_InterfaceStrDescriptor           0x0800cf15   Thumb Code    16  usbd_desc.o(i.USBD_FS_InterfaceStrDescriptor)
    USBD_FS_LangIDStrDescriptor              0x0800cf39   Thumb Code     8  usbd_desc.o(i.USBD_FS_LangIDStrDescriptor)
    USBD_FS_ManufacturerStrDescriptor        0x0800cf45   Thumb Code    16  usbd_desc.o(i.USBD_FS_ManufacturerStrDescriptor)
    USBD_FS_ProductStrDescriptor             0x0800cf6d   Thumb Code    16  usbd_desc.o(i.USBD_FS_ProductStrDescriptor)
    USBD_FS_SerialStrDescriptor              0x0800cf95   Thumb Code    48  usbd_desc.o(i.USBD_FS_SerialStrDescriptor)
    USBD_GetString                           0x0800d0b5   Thumb Code    72  usbd_ctlreq.o(i.USBD_GetString)
    USBD_Init                                0x0800d115   Thumb Code    60  usbd_core.o(i.USBD_Init)
    USBD_LL_ClearStallEP                     0x0800d175   Thumb Code    18  usbd_conf.o(i.USBD_LL_ClearStallEP)
    USBD_LL_CloseEP                          0x0800d187   Thumb Code    18  usbd_conf.o(i.USBD_LL_CloseEP)
    USBD_LL_DataInStage                      0x0800d199   Thumb Code   198  usbd_core.o(i.USBD_LL_DataInStage)
    USBD_LL_DataOutStage                     0x0800d25f   Thumb Code   130  usbd_core.o(i.USBD_LL_DataOutStage)
    USBD_LL_FlushEP                          0x0800d2e1   Thumb Code    18  usbd_conf.o(i.USBD_LL_FlushEP)
    USBD_LL_GetRxDataSize                    0x0800d2f3   Thumb Code     8  usbd_conf.o(i.USBD_LL_GetRxDataSize)
    USBD_LL_Init                             0x0800d2fd   Thumb Code   104  usbd_conf.o(i.USBD_LL_Init)
    USBD_LL_IsStallEP                        0x0800d36d   Thumb Code    28  usbd_conf.o(i.USBD_LL_IsStallEP)
    USBD_LL_OpenEP                           0x0800d389   Thumb Code    24  usbd_conf.o(i.USBD_LL_OpenEP)
    USBD_LL_PrepareReceive                   0x0800d3a1   Thumb Code    18  usbd_conf.o(i.USBD_LL_PrepareReceive)
    USBD_LL_Reset                            0x0800d3b3   Thumb Code    80  usbd_core.o(i.USBD_LL_Reset)
    USBD_LL_Resume                           0x0800d403   Thumb Code    20  usbd_core.o(i.USBD_LL_Resume)
    USBD_LL_SOF                              0x0800d417   Thumb Code    24  usbd_core.o(i.USBD_LL_SOF)
    USBD_LL_SetSpeed                         0x0800d42f   Thumb Code     6  usbd_core.o(i.USBD_LL_SetSpeed)
    USBD_LL_SetUSBAddress                    0x0800d435   Thumb Code    18  usbd_conf.o(i.USBD_LL_SetUSBAddress)
    USBD_LL_SetupStage                       0x0800d447   Thumb Code    90  usbd_core.o(i.USBD_LL_SetupStage)
    USBD_LL_StallEP                          0x0800d4a1   Thumb Code    18  usbd_conf.o(i.USBD_LL_StallEP)
    USBD_LL_Start                            0x0800d4b3   Thumb Code    18  usbd_conf.o(i.USBD_LL_Start)
    USBD_LL_Suspend                          0x0800d4c5   Thumb Code    18  usbd_core.o(i.USBD_LL_Suspend)
    USBD_LL_Transmit                         0x0800d4d7   Thumb Code    18  usbd_conf.o(i.USBD_LL_Transmit)
    USBD_MSC_DataIn                          0x0800d4e9   Thumb Code    10  usbd_msc.o(i.USBD_MSC_DataIn)
    USBD_MSC_DataOut                         0x0800d4f3   Thumb Code    10  usbd_msc.o(i.USBD_MSC_DataOut)
    USBD_MSC_DeInit                          0x0800d4fd   Thumb Code    50  usbd_msc.o(i.USBD_MSC_DeInit)
    USBD_MSC_GetDeviceQualifierDescriptor    0x0800d531   Thumb Code     8  usbd_msc.o(i.USBD_MSC_GetDeviceQualifierDescriptor)
    USBD_MSC_GetFSCfgDesc                    0x0800d53d   Thumb Code     8  usbd_msc.o(i.USBD_MSC_GetFSCfgDesc)
    USBD_MSC_GetHSCfgDesc                    0x0800d549   Thumb Code     8  usbd_msc.o(i.USBD_MSC_GetHSCfgDesc)
    USBD_MSC_GetOtherSpeedCfgDesc            0x0800d555   Thumb Code     8  usbd_msc.o(i.USBD_MSC_GetOtherSpeedCfgDesc)
    USBD_MSC_Init                            0x0800d561   Thumb Code    92  usbd_msc.o(i.USBD_MSC_Init)
    USBD_MSC_RegisterStorage                 0x0800d5bd   Thumb Code    10  usbd_msc.o(i.USBD_MSC_RegisterStorage)
    USBD_MSC_Setup                           0x0800d5c7   Thumb Code   278  usbd_msc.o(i.USBD_MSC_Setup)
    USBD_ParseSetupRequest                   0x0800d6dd   Thumb Code    40  usbd_ctlreq.o(i.USBD_ParseSetupRequest)
    USBD_RegisterClass                       0x0800d705   Thumb Code    36  usbd_core.o(i.USBD_RegisterClass)
    USBD_SetClassConfig                      0x0800d74d   Thumb Code    22  usbd_core.o(i.USBD_SetClassConfig)
    USBD_Start                               0x0800d7e9   Thumb Code    10  usbd_core.o(i.USBD_Start)
    USBD_StdDevReq                           0x0800d7f3   Thumb Code   274  usbd_ctlreq.o(i.USBD_StdDevReq)
    USBD_StdEPReq                            0x0800d905   Thumb Code   336  usbd_ctlreq.o(i.USBD_StdEPReq)
    USBD_StdItfReq                           0x0800da55   Thumb Code    78  usbd_ctlreq.o(i.USBD_StdItfReq)
    USBD_static_free                         0x0800daa3   Thumb Code     2  usbd_conf.o(i.USBD_static_free)
    USBD_static_malloc                       0x0800daa5   Thumb Code     4  usbd_conf.o(i.USBD_static_malloc)
    USB_ActivateEndpoint                     0x0800daad   Thumb Code   614  stm32f1xx_ll_usb.o(i.USB_ActivateEndpoint)
    USB_CoreInit                             0x0800dd13   Thumb Code     4  stm32f1xx_ll_usb.o(i.USB_CoreInit)
    USB_DeactivateEndpoint                   0x0800dd17   Thumb Code   270  stm32f1xx_ll_usb.o(i.USB_DeactivateEndpoint)
    USB_DevConnect                           0x0800de25   Thumb Code     4  stm32f1xx_ll_usb.o(i.USB_DevConnect)
    USB_DevDisconnect                        0x0800de29   Thumb Code     4  stm32f1xx_ll_usb.o(i.USB_DevDisconnect)
    USB_DevInit                              0x0800de2d   Thumb Code    30  stm32f1xx_ll_usb.o(i.USB_DevInit)
    USB_DisableGlobalInt                     0x0800de4b   Thumb Code    14  stm32f1xx_ll_usb.o(i.USB_DisableGlobalInt)
    USB_EP0_OutStart                         0x0800de59   Thumb Code     4  stm32f1xx_ll_usb.o(i.USB_EP0_OutStart)
    USB_EPClearStall                         0x0800de5d   Thumb Code   120  stm32f1xx_ll_usb.o(i.USB_EPClearStall)
    USB_EPSetStall                           0x0800ded5   Thumb Code    50  stm32f1xx_ll_usb.o(i.USB_EPSetStall)
    USB_EPStartXfer                          0x0800df07   Thumb Code   412  stm32f1xx_ll_usb.o(i.USB_EPStartXfer)
    USB_EnableGlobalInt                      0x0800e0a3   Thumb Code    14  stm32f1xx_ll_usb.o(i.USB_EnableGlobalInt)
    USB_FlushRxFifo                          0x0800e0b1   Thumb Code     4  stm32f1xx_ll_usb.o(i.USB_FlushRxFifo)
    USB_FlushTxFifo                          0x0800e0b5   Thumb Code     4  stm32f1xx_ll_usb.o(i.USB_FlushTxFifo)
    USB_LP_CAN1_RX0_IRQHandler               0x0800e0b9   Thumb Code     6  stm32f1xx_it.o(i.USB_LP_CAN1_RX0_IRQHandler)
    USB_ReadInterrupts                       0x0800e0c5   Thumb Code     6  stm32f1xx_ll_usb.o(i.USB_ReadInterrupts)
    USB_ReadPMA                              0x0800e0cd   Thumb Code    44  stm32f1xx_ll_usb.o(i.USB_ReadPMA)
    USB_SetCurrentMode                       0x0800e0f9   Thumb Code     4  stm32f1xx_ll_usb.o(i.USB_SetCurrentMode)
    USB_SetDevAddress                        0x0800e0fd   Thumb Code    12  stm32f1xx_ll_usb.o(i.USB_SetDevAddress)
    USB_WritePMA                             0x0800e109   Thumb Code    38  stm32f1xx_ll_usb.o(i.USB_WritePMA)
    UsageFault_Handler                       0x0800e12f   Thumb Code     2  stm32f1xx_it.o(i.UsageFault_Handler)
    __0printf$bare                           0x0800e131   Thumb Code     8  printfb.o(i.__0printf$bare)
    __1printf$bare                           0x0800e131   Thumb Code     0  printfb.o(i.__0printf$bare)
    __2printf                                0x0800e131   Thumb Code     0  printfb.o(i.__0printf$bare)
    __scatterload_copy                       0x0800e161   Thumb Code    14  handlers.o(i.__scatterload_copy)
    __scatterload_null                       0x0800e16f   Thumb Code     2  handlers.o(i.__scatterload_null)
    __scatterload_zeroinit                   0x0800e171   Thumb Code    14  handlers.o(i.__scatterload_zeroinit)
    fputc                                    0x0800e1a1   Thumb Code    18  fputc.o(i.fputc)
    main                                     0x0800e1b5   Thumb Code    96  main.o(i.main)
    STORAGE_Inquirydata_FS                   0x0800e218   Data          36  usbd_storage_if.o(.constdata)
    AHBPrescTable                            0x0800e23c   Data          16  system_stm32f1xx.o(.constdata)
    APBPrescTable                            0x0800e24c   Data           8  system_stm32f1xx.o(.constdata)
    MSC_Page00_Inquiry_Data                  0x0800e254   Data           7  usbd_msc_data.o(.constdata)
    MSC_Mode_Sense6_data                     0x0800e25b   Data           8  usbd_msc_data.o(.constdata)
    MSC_Mode_Sense10_data                    0x0800e263   Data           8  usbd_msc_data.o(.constdata)
    Region$$Table$$Base                      0x0800e26c   Number         0  anon$$obj.o(Region$$Table)
    Region$$Table$$Limit                     0x0800e28c   Number         0  anon$$obj.o(Region$$Table)
    hcrc                                     0x20000000   Data           8  crc.o(.data)
    FS_Desc                                  0x20000008   Data          28  usbd_desc.o(.data)
    USBD_LangIDDesc                          0x20000024   Data           4  usbd_desc.o(.data)
    USBD_FS_DeviceDesc                       0x20000028   Data          18  usbd_desc.o(.data)
    USBD_StringSerial                        0x2000003c   Data          26  usbd_desc.o(.data)
    USBD_Storage_Interface_fops_FS           0x20000058   Data          32  usbd_storage_if.o(.data)
    uwTickFreq                               0x20000078   Data           1  stm32f1xx_hal.o(.data)
    uwTickPrio                               0x2000007c   Data           4  stm32f1xx_hal.o(.data)
    uwTick                                   0x20000080   Data           4  stm32f1xx_hal.o(.data)
    SystemCoreClock                          0x20000084   Data           4  system_stm32f1xx.o(.data)
    USBD_MSC                                 0x2000008c   Data          56  usbd_msc.o(.data)
    USBD_MSC_CfgHSDesc                       0x200000c4   Data          32  usbd_msc.o(.data)
    USBD_MSC_CfgFSDesc                       0x200000e4   Data          32  usbd_msc.o(.data)
    USBD_MSC_OtherSpeedCfgDesc               0x20000104   Data          32  usbd_msc.o(.data)
    USBD_MSC_DeviceQualifierDesc             0x20000124   Data          10  usbd_msc.o(.data)
    __stdout                                 0x20000130   Data           4  stdout.o(.data)
    hi2c1                                    0x20000134   Data          84  i2c.o(.bss)
    hrtc                                     0x20000188   Data          20  rtc.o(.bss)
    hsd                                      0x2000019c   Data         132  sdio.o(.bss)
    hspi2                                    0x20000220   Data          88  spi.o(.bss)
    huart1                                   0x20000278   Data          64  usart.o(.bss)
    hdma_usart1_rx                           0x200002b8   Data          68  usart.o(.bss)
    hdma_usart1_tx                           0x200002fc   Data          68  usart.o(.bss)
    hUsbDeviceFS                             0x20000340   Data         708  usb_device.o(.bss)
    hpcd_USB_FS                              0x20000874   Data         620  usbd_conf.o(.bss)
    USBD_StrDesc                             0x20000ae0   Data         512  usbd_desc.o(.bss)
    __initial_sp                             0x20001ce0   Data           0  startup_stm32f103xe.o(STACK)



==============================================================================

Memory Map of the image

  Image Entry point : 0x08009131

  Load Region LR_IROM1 (Base: 0x08009000, Size: 0x000053c0, Max: 0x00037000, ABSOLUTE, COMPRESSED[0x00005334])

    Execution Region ER_IROM1 (Exec base: 0x08009000, Load base: 0x08009000, Size: 0x0000528c, Max: 0x00037000, ABSOLUTE)

    Exec Addr    Load Addr    Size         Type   Attr      Idx    E Section Name        Object

    0x08009000   0x08009000   0x00000130   Data   RO         4505    RESET               startup_stm32f103xe.o
    0x08009130   0x08009130   0x00000000   Code   RO         5023  * .ARM.Collect$$$$00000000  mc_w.l(entry.o)
    0x08009130   0x08009130   0x00000004   Code   RO         5294    .ARM.Collect$$$$00000001  mc_w.l(entry2.o)
    0x08009134   0x08009134   0x00000004   Code   RO         5297    .ARM.Collect$$$$00000004  mc_w.l(entry5.o)
    0x08009138   0x08009138   0x00000000   Code   RO         5299    .ARM.Collect$$$$00000008  mc_w.l(entry7b.o)
    0x08009138   0x08009138   0x00000000   Code   RO         5301    .ARM.Collect$$$$0000000A  mc_w.l(entry8b.o)
    0x08009138   0x08009138   0x00000008   Code   RO         5302    .ARM.Collect$$$$0000000B  mc_w.l(entry9a.o)
    0x08009140   0x08009140   0x00000000   Code   RO         5304    .ARM.Collect$$$$0000000D  mc_w.l(entry10a.o)
    0x08009140   0x08009140   0x00000000   Code   RO         5306    .ARM.Collect$$$$0000000F  mc_w.l(entry11a.o)
    0x08009140   0x08009140   0x00000004   Code   RO         5295    .ARM.Collect$$$$00002712  mc_w.l(entry2.o)
    0x08009144   0x08009144   0x00000024   Code   RO         4506    .text               startup_stm32f103xe.o
    0x08009168   0x08009168   0x00000024   Code   RO         5028    .text               mc_w.l(memcpya.o)
    0x0800918c   0x0800918c   0x00000024   Code   RO         5030    .text               mc_w.l(memseta.o)
    0x080091b0   0x080091b0   0x00000024   Code   RO         5326    .text               mc_w.l(init.o)
    0x080091d4   0x080091d4   0x00000000   Code   RO         5328    .text               mc_w.l(semi.o)
    0x080091d4   0x080091d4   0x00000000   Code   RO         5333    .text               mc_w.l(iusesemip.o)
    0x080091d4   0x080091d4   0x00000056   Code   RO         5344    .text               mc_w.l(__dczerorl2.o)
    0x0800922a   0x0800922a   0x00000002   Code   RO          946    i.BusFault_Handler  stm32f1xx_it.o
    0x0800922c   0x0800922c   0x0000000c   Code   RO          947    i.DMA1_Channel4_IRQHandler  stm32f1xx_it.o
    0x08009238   0x08009238   0x0000000c   Code   RO          948    i.DMA1_Channel5_IRQHandler  stm32f1xx_it.o
    0x08009244   0x08009244   0x00000002   Code   RO          949    i.DebugMon_Handler  stm32f1xx_it.o
    0x08009246   0x08009246   0x00000002   Code   RO            4    i.Error_Handler     main.o
    0x08009248   0x08009248   0x00000022   Code   RO         2545    i.HAL_CRC_Init      stm32f1xx_hal_crc.o
    0x0800926a   0x0800926a   0x00000002   PAD
    0x0800926c   0x0800926c   0x00000028   Code   RO          230    i.HAL_CRC_MspInit   crc.o
    0x08009294   0x08009294   0x00000130   Code   RO         1946    i.HAL_DMA_Abort_IT  stm32f1xx_hal_dma.o
    0x080093c4   0x080093c4   0x00000248   Code   RO         1950    i.HAL_DMA_IRQHandler  stm32f1xx_hal_dma.o
    0x0800960c   0x0800960c   0x0000007c   Code   RO         1951    i.HAL_DMA_Init      stm32f1xx_hal_dma.o
    0x08009688   0x08009688   0x00000024   Code   RO         1573    i.HAL_Delay         stm32f1xx_hal.o
    0x080096ac   0x080096ac   0x000001f8   Code   RO         1881    i.HAL_GPIO_Init     stm32f1xx_hal_gpio.o
    0x080098a4   0x080098a4   0x0000000a   Code   RO         1885    i.HAL_GPIO_WritePin  stm32f1xx_hal_gpio.o
    0x080098ae   0x080098ae   0x00000002   PAD
    0x080098b0   0x080098b0   0x0000000c   Code   RO         1577    i.HAL_GetTick       stm32f1xx_hal.o
    0x080098bc   0x080098bc   0x00000174   Code   RO         2612    i.HAL_I2C_Init      stm32f1xx_hal_i2c.o
    0x08009a30   0x08009a30   0x0000005c   Code   RO          296    i.HAL_I2C_MspInit   i2c.o
    0x08009a8c   0x08009a8c   0x00000010   Code   RO         1583    i.HAL_IncTick       stm32f1xx_hal.o
    0x08009a9c   0x08009a9c   0x00000024   Code   RO         1584    i.HAL_Init          stm32f1xx_hal.o
    0x08009ac0   0x08009ac0   0x00000040   Code   RO         1585    i.HAL_InitTick      stm32f1xx_hal.o
    0x08009b00   0x08009b00   0x00000038   Code   RO         1052    i.HAL_MspInit       stm32f1xx_hal_msp.o
    0x08009b38   0x08009b38   0x0000001a   Code   RO         2041    i.HAL_NVIC_EnableIRQ  stm32f1xx_hal_cortex.o
    0x08009b52   0x08009b52   0x00000002   PAD
    0x08009b54   0x08009b54   0x00000040   Code   RO         2047    i.HAL_NVIC_SetPriority  stm32f1xx_hal_cortex.o
    0x08009b94   0x08009b94   0x00000024   Code   RO         2048    i.HAL_NVIC_SetPriorityGrouping  stm32f1xx_hal_cortex.o
    0x08009bb8   0x08009bb8   0x00000034   Code   RO         1329    i.HAL_PCDEx_PMAConfig  stm32f1xx_hal_pcd_ex.o
    0x08009bec   0x08009bec   0x00000002   Code   RO          587    i.HAL_PCDEx_SetConnectionState  usbd_conf.o
    0x08009bee   0x08009bee   0x0000000e   Code   RO          589    i.HAL_PCD_DataInStageCallback  usbd_conf.o
    0x08009bfc   0x08009bfc   0x00000010   Code   RO          590    i.HAL_PCD_DataOutStageCallback  usbd_conf.o
    0x08009c0c   0x08009c0c   0x00000048   Code   RO         1121    i.HAL_PCD_EP_Close  stm32f1xx_hal_pcd.o
    0x08009c54   0x08009c54   0x00000058   Code   RO         1122    i.HAL_PCD_EP_ClrStall  stm32f1xx_hal_pcd.o
    0x08009cac   0x08009cac   0x00000034   Code   RO         1123    i.HAL_PCD_EP_Flush  stm32f1xx_hal_pcd.o
    0x08009ce0   0x08009ce0   0x0000000e   Code   RO         1124    i.HAL_PCD_EP_GetRxCount  stm32f1xx_hal_pcd.o
    0x08009cee   0x08009cee   0x0000005c   Code   RO         1125    i.HAL_PCD_EP_Open   stm32f1xx_hal_pcd.o
    0x08009d4a   0x08009d4a   0x0000002e   Code   RO         1126    i.HAL_PCD_EP_Receive  stm32f1xx_hal_pcd.o
    0x08009d78   0x08009d78   0x0000006a   Code   RO         1127    i.HAL_PCD_EP_SetStall  stm32f1xx_hal_pcd.o
    0x08009de2   0x08009de2   0x0000002a   Code   RO         1128    i.HAL_PCD_EP_Transmit  stm32f1xx_hal_pcd.o
    0x08009e0c   0x08009e0c   0x00000116   Code   RO         1130    i.HAL_PCD_IRQHandler  stm32f1xx_hal_pcd.o
    0x08009f22   0x08009f22   0x00000002   PAD
    0x08009f24   0x08009f24   0x000000d2   Code   RO         1133    i.HAL_PCD_Init      stm32f1xx_hal_pcd.o
    0x08009ff6   0x08009ff6   0x00000002   PAD
    0x08009ff8   0x08009ff8   0x0000003c   Code   RO          595    i.HAL_PCD_MspInit   usbd_conf.o
    0x0800a034   0x0800a034   0x00000026   Code   RO          596    i.HAL_PCD_ResetCallback  usbd_conf.o
    0x0800a05a   0x0800a05a   0x00000008   Code   RO          597    i.HAL_PCD_ResumeCallback  usbd_conf.o
    0x0800a062   0x0800a062   0x00000008   Code   RO          598    i.HAL_PCD_SOFCallback  usbd_conf.o
    0x0800a06a   0x0800a06a   0x00000028   Code   RO         1139    i.HAL_PCD_SetAddress  stm32f1xx_hal_pcd.o
    0x0800a092   0x0800a092   0x0000000e   Code   RO          599    i.HAL_PCD_SetupStageCallback  usbd_conf.o
    0x0800a0a0   0x0800a0a0   0x00000032   Code   RO         1141    i.HAL_PCD_Start     stm32f1xx_hal_pcd.o
    0x0800a0d2   0x0800a0d2   0x00000002   PAD
    0x0800a0d4   0x0800a0d4   0x00000024   Code   RO          600    i.HAL_PCD_SuspendCallback  usbd_conf.o
    0x0800a0f8   0x0800a0f8   0x0000000c   Code   RO         2163    i.HAL_PWR_EnableBkUpAccess  stm32f1xx_hal_pwr.o
    0x0800a104   0x0800a104   0x000000d4   Code   RO         1843    i.HAL_RCCEx_GetPeriphCLKFreq  stm32f1xx_hal_rcc_ex.o
    0x0800a1d8   0x0800a1d8   0x000000ec   Code   RO         1844    i.HAL_RCCEx_PeriphCLKConfig  stm32f1xx_hal_rcc_ex.o
    0x0800a2c4   0x0800a2c4   0x0000012c   Code   RO         1741    i.HAL_RCC_ClockConfig  stm32f1xx_hal_rcc.o
    0x0800a3f0   0x0800a3f0   0x00000020   Code   RO         1748    i.HAL_RCC_GetPCLK1Freq  stm32f1xx_hal_rcc.o
    0x0800a410   0x0800a410   0x00000020   Code   RO         1749    i.HAL_RCC_GetPCLK2Freq  stm32f1xx_hal_rcc.o
    0x0800a430   0x0800a430   0x0000006c   Code   RO         1750    i.HAL_RCC_GetSysClockFreq  stm32f1xx_hal_rcc.o
    0x0800a49c   0x0800a49c   0x00000320   Code   RO         1753    i.HAL_RCC_OscConfig  stm32f1xx_hal_rcc.o
    0x0800a7bc   0x0800a7bc   0x000000a0   Code   RO         3031    i.HAL_RTC_Init      stm32f1xx_hal_rtc.o
    0x0800a85c   0x0800a85c   0x00000034   Code   RO          338    i.HAL_RTC_MspInit   rtc.o
    0x0800a890   0x0800a890   0x000000c4   Code   RO         3037    i.HAL_RTC_SetDate   stm32f1xx_hal_rtc.o
    0x0800a954   0x0800a954   0x000000ac   Code   RO         3038    i.HAL_RTC_SetTime   stm32f1xx_hal_rtc.o
    0x0800aa00   0x0800aa00   0x0000003a   Code   RO         3039    i.HAL_RTC_WaitForSynchro  stm32f1xx_hal_rtc.o
    0x0800aa3a   0x0800aa3a   0x00000002   Code   RO         3560    i.HAL_SD_AbortCallback  stm32f1xx_hal_sd.o
    0x0800aa3c   0x0800aa3c   0x000000f4   Code   RO         3562    i.HAL_SD_ConfigWideBusOperation  stm32f1xx_hal_sd.o
    0x0800ab30   0x0800ab30   0x00000002   Code   RO         3565    i.HAL_SD_ErrorCallback  stm32f1xx_hal_sd.o
    0x0800ab32   0x0800ab32   0x00000002   PAD
    0x0800ab34   0x0800ab34   0x00000198   Code   RO         3567    i.HAL_SD_GetCardCSD  stm32f1xx_hal_sd.o
    0x0800accc   0x0800accc   0x0000002c   Code   RO         3569    i.HAL_SD_GetCardState  stm32f1xx_hal_sd.o
    0x0800acf8   0x0800acf8   0x00000208   Code   RO         3573    i.HAL_SD_IRQHandler  stm32f1xx_hal_sd.o
    0x0800af00   0x0800af00   0x00000036   Code   RO         3574    i.HAL_SD_Init       stm32f1xx_hal_sd.o
    0x0800af36   0x0800af36   0x00000002   PAD
    0x0800af38   0x0800af38   0x00000054   Code   RO         3575    i.HAL_SD_InitCard   stm32f1xx_hal_sd.o
    0x0800af8c   0x0800af8c   0x00000094   Code   RO          380    i.HAL_SD_MspInit    sdio.o
    0x0800b020   0x0800b020   0x00000002   Code   RO         3581    i.HAL_SD_RxCpltCallback  stm32f1xx_hal_sd.o
    0x0800b022   0x0800b022   0x00000002   Code   RO         3582    i.HAL_SD_TxCpltCallback  stm32f1xx_hal_sd.o
    0x0800b024   0x0800b024   0x0000007c   Code   RO         3795    i.HAL_SPI_Init      stm32f1xx_hal_spi.o
    0x0800b0a0   0x0800b0a0   0x00000074   Code   RO          422    i.HAL_SPI_MspInit   spi.o
    0x0800b114   0x0800b114   0x00000028   Code   RO         2052    i.HAL_SYSTICK_Config  stm32f1xx_hal_cortex.o
    0x0800b13c   0x0800b13c   0x00000002   Code   RO         4163    i.HAL_UART_ErrorCallback  stm32f1xx_hal_uart.o
    0x0800b13e   0x0800b13e   0x00000002   PAD
    0x0800b140   0x0800b140   0x00000110   Code   RO         4166    i.HAL_UART_IRQHandler  stm32f1xx_hal_uart.o
    0x0800b250   0x0800b250   0x00000062   Code   RO         4167    i.HAL_UART_Init     stm32f1xx_hal_uart.o
    0x0800b2b2   0x0800b2b2   0x00000002   PAD
    0x0800b2b4   0x0800b2b4   0x000000dc   Code   RO          491    i.HAL_UART_MspInit  usart.o
    0x0800b390   0x0800b390   0x00000002   Code   RO         4173    i.HAL_UART_RxCpltCallback  stm32f1xx_hal_uart.o
    0x0800b392   0x0800b392   0x00000002   Code   RO         4178    i.HAL_UART_TxCpltCallback  stm32f1xx_hal_uart.o
    0x0800b394   0x0800b394   0x00000002   Code   RO          950    i.HardFault_Handler  stm32f1xx_it.o
    0x0800b396   0x0800b396   0x00000002   PAD
    0x0800b398   0x0800b398   0x00000038   Code   RO          799    i.IntToUnicode      usbd_desc.o
    0x0800b3d0   0x0800b3d0   0x00000042   Code   RO         4861    i.MSC_BOT_Abort     usbd_msc_bot.o
    0x0800b412   0x0800b412   0x00000002   PAD
    0x0800b414   0x0800b414   0x000000cc   Code   RO         4862    i.MSC_BOT_CBW_Decode  usbd_msc_bot.o
    0x0800b4e0   0x0800b4e0   0x0000002a   Code   RO         4863    i.MSC_BOT_CplClrFeature  usbd_msc_bot.o
    0x0800b50a   0x0800b50a   0x0000003a   Code   RO         4864    i.MSC_BOT_DataIn    usbd_msc_bot.o
    0x0800b544   0x0800b544   0x0000003a   Code   RO         4865    i.MSC_BOT_DataOut   usbd_msc_bot.o
    0x0800b57e   0x0800b57e   0x0000000a   Code   RO         4866    i.MSC_BOT_DeInit    usbd_msc_bot.o
    0x0800b588   0x0800b588   0x00000042   Code   RO         4867    i.MSC_BOT_Init      usbd_msc_bot.o
    0x0800b5ca   0x0800b5ca   0x00000016   Code   RO         4868    i.MSC_BOT_Reset     usbd_msc_bot.o
    0x0800b5e0   0x0800b5e0   0x0000003c   Code   RO         4869    i.MSC_BOT_SendCSW   usbd_msc_bot.o
    0x0800b61c   0x0800b61c   0x00000024   Code   RO          231    i.MX_CRC_Init       crc.o
    0x0800b640   0x0800b640   0x0000003c   Code   RO          271    i.MX_DMA_Init       dma.o
    0x0800b67c   0x0800b67c   0x000000dc   Code   RO          205    i.MX_GPIO_Init      gpio.o
    0x0800b758   0x0800b758   0x00000040   Code   RO          297    i.MX_I2C1_Init      i2c.o
    0x0800b798   0x0800b798   0x00000078   Code   RO          339    i.MX_RTC_Init       rtc.o
    0x0800b810   0x0800b810   0x00000044   Code   RO          381    i.MX_SDIO_SD_Init   sdio.o
    0x0800b854   0x0800b854   0x00000048   Code   RO          423    i.MX_SPI2_Init      spi.o
    0x0800b89c   0x0800b89c   0x00000038   Code   RO          492    i.MX_USART1_UART_Init  usart.o
    0x0800b8d4   0x0800b8d4   0x00000054   Code   RO          532    i.MX_USB_DEVICE_Init  usb_device.o
    0x0800b928   0x0800b928   0x00000002   Code   RO          951    i.MemManage_Handler  stm32f1xx_it.o
    0x0800b92a   0x0800b92a   0x00000002   Code   RO          952    i.NMI_Handler       stm32f1xx_it.o
    0x0800b92c   0x0800b92c   0x00000014   Code   RO            5    i.Nvic_SetVectorTable  main.o
    0x0800b940   0x0800b940   0x000002c2   Code   RO         1144    i.PCD_EP_ISR_Handler  stm32f1xx_hal_pcd.o
    0x0800bc02   0x0800bc02   0x00000002   Code   RO          953    i.PendSV_Handler    stm32f1xx_it.o
    0x0800bc04   0x0800bc04   0x00000012   Code   RO         3040    i.RTC_Bcd2ToByte    stm32f1xx_hal_rtc.o
    0x0800bc16   0x0800bc16   0x00000034   Code   RO         3043    i.RTC_EnterInitMode  stm32f1xx_hal_rtc.o
    0x0800bc4a   0x0800bc4a   0x00000002   PAD
    0x0800bc4c   0x0800bc4c   0x00000036   Code   RO         3044    i.RTC_ExitInitMode  stm32f1xx_hal_rtc.o
    0x0800bc82   0x0800bc82   0x0000000e   Code   RO         3045    i.RTC_ReadAlarmCounter  stm32f1xx_hal_rtc.o
    0x0800bc90   0x0800bc90   0x00000020   Code   RO         3046    i.RTC_ReadTimeCounter  stm32f1xx_hal_rtc.o
    0x0800bcb0   0x0800bcb0   0x00000056   Code   RO         3047    i.RTC_WeekDayNum    stm32f1xx_hal_rtc.o
    0x0800bd06   0x0800bd06   0x00000028   Code   RO         3048    i.RTC_WriteAlarmCounter  stm32f1xx_hal_rtc.o
    0x0800bd2e   0x0800bd2e   0x00000028   Code   RO         3049    i.RTC_WriteTimeCounter  stm32f1xx_hal_rtc.o
    0x0800bd56   0x0800bd56   0x00000022   Code   RO         4957    i.SCSI_CheckAddressRange  usbd_msc_scsi.o
    0x0800bd78   0x0800bd78   0x000001d0   Code   RO         4958    i.SCSI_ProcessCmd   usbd_msc_scsi.o
    0x0800bf48   0x0800bf48   0x00000096   Code   RO         4959    i.SCSI_ProcessRead  usbd_msc_scsi.o
    0x0800bfde   0x0800bfde   0x000000a4   Code   RO         4960    i.SCSI_ProcessWrite  usbd_msc_scsi.o
    0x0800c082   0x0800c082   0x0000009a   Code   RO         4961    i.SCSI_Read10       usbd_msc_scsi.o
    0x0800c11c   0x0800c11c   0x00000056   Code   RO         4962    i.SCSI_ReadCapacity10  usbd_msc_scsi.o
    0x0800c172   0x0800c172   0x0000006e   Code   RO         4963    i.SCSI_ReadFormatCapacity  usbd_msc_scsi.o
    0x0800c1e0   0x0800c1e0   0x00000034   Code   RO         4964    i.SCSI_SenseCode    usbd_msc_scsi.o
    0x0800c214   0x0800c214   0x000000be   Code   RO         4965    i.SCSI_Write10      usbd_msc_scsi.o
    0x0800c2d2   0x0800c2d2   0x00000024   Code   RO         3295    i.SDIO_ConfigData   stm32f1xx_ll_sdmmc.o
    0x0800c2f6   0x0800c2f6   0x00000008   Code   RO         3299    i.SDIO_GetPowerState  stm32f1xx_ll_sdmmc.o
    0x0800c2fe   0x0800c2fe   0x00000006   Code   RO         3300    i.SDIO_GetResponse  stm32f1xx_ll_sdmmc.o
    0x0800c304   0x0800c304   0x0000000c   Code   RO          954    i.SDIO_IRQHandler   stm32f1xx_it.o
    0x0800c310   0x0800c310   0x00000024   Code   RO         3301    i.SDIO_Init         stm32f1xx_ll_sdmmc.o
    0x0800c334   0x0800c334   0x00000010   Code   RO         3303    i.SDIO_PowerState_ON  stm32f1xx_ll_sdmmc.o
    0x0800c344   0x0800c344   0x00000006   Code   RO         3304    i.SDIO_ReadFIFO     stm32f1xx_ll_sdmmc.o
    0x0800c34a   0x0800c34a   0x00000020   Code   RO         3305    i.SDIO_SendCommand  stm32f1xx_ll_sdmmc.o
    0x0800c36a   0x0800c36a   0x0000000a   Code   RO         3307    i.SDIO_WriteFIFO    stm32f1xx_ll_sdmmc.o
    0x0800c374   0x0800c374   0x00000032   Code   RO         3308    i.SDMMC_CmdAppCommand  stm32f1xx_ll_sdmmc.o
    0x0800c3a6   0x0800c3a6   0x00000002   PAD
    0x0800c3a8   0x0800c3a8   0x00000034   Code   RO         3309    i.SDMMC_CmdAppOperCommand  stm32f1xx_ll_sdmmc.o
    0x0800c3dc   0x0800c3dc   0x00000032   Code   RO         3310    i.SDMMC_CmdBlockLength  stm32f1xx_ll_sdmmc.o
    0x0800c40e   0x0800c40e   0x00000032   Code   RO         3311    i.SDMMC_CmdBusWidth  stm32f1xx_ll_sdmmc.o
    0x0800c440   0x0800c440   0x00000050   Code   RO         3315    i.SDMMC_CmdGoIdleState  stm32f1xx_ll_sdmmc.o
    0x0800c490   0x0800c490   0x00000074   Code   RO         3317    i.SDMMC_CmdOperCond  stm32f1xx_ll_sdmmc.o
    0x0800c504   0x0800c504   0x00000032   Code   RO         3322    i.SDMMC_CmdSelDesel  stm32f1xx_ll_sdmmc.o
    0x0800c536   0x0800c536   0x0000002c   Code   RO         3323    i.SDMMC_CmdSendCID  stm32f1xx_ll_sdmmc.o
    0x0800c562   0x0800c562   0x0000002c   Code   RO         3324    i.SDMMC_CmdSendCSD  stm32f1xx_ll_sdmmc.o
    0x0800c58e   0x0800c58e   0x00000030   Code   RO         3325    i.SDMMC_CmdSendSCR  stm32f1xx_ll_sdmmc.o
    0x0800c5be   0x0800c5be   0x00000032   Code   RO         3326    i.SDMMC_CmdSendStatus  stm32f1xx_ll_sdmmc.o
    0x0800c5f0   0x0800c5f0   0x00000030   Code   RO         3327    i.SDMMC_CmdSetRelAdd  stm32f1xx_ll_sdmmc.o
    0x0800c620   0x0800c620   0x00000034   Code   RO         3329    i.SDMMC_CmdStopTransfer  stm32f1xx_ll_sdmmc.o
    0x0800c654   0x0800c654   0x00000120   Code   RO         3333    i.SDMMC_GetCmdResp1  stm32f1xx_ll_sdmmc.o
    0x0800c774   0x0800c774   0x00000050   Code   RO         3334    i.SDMMC_GetCmdResp2  stm32f1xx_ll_sdmmc.o
    0x0800c7c4   0x0800c7c4   0x00000044   Code   RO         3335    i.SDMMC_GetCmdResp3  stm32f1xx_ll_sdmmc.o
    0x0800c808   0x0800c808   0x00000088   Code   RO         3336    i.SDMMC_GetCmdResp6  stm32f1xx_ll_sdmmc.o
    0x0800c890   0x0800c890   0x00000044   Code   RO         3588    i.SD_DMARxAbort     stm32f1xx_hal_sd.o
    0x0800c8d4   0x0800c8d4   0x00000044   Code   RO         3590    i.SD_DMATxAbort     stm32f1xx_hal_sd.o
    0x0800c918   0x0800c918   0x000000d4   Code   RO         3591    i.SD_FindSCR        stm32f1xx_hal_sd.o
    0x0800c9ec   0x0800c9ec   0x000000ee   Code   RO         3592    i.SD_InitCard       stm32f1xx_hal_sd.o
    0x0800cada   0x0800cada   0x00000002   PAD
    0x0800cadc   0x0800cadc   0x000000b4   Code   RO         3593    i.SD_PowerON        stm32f1xx_hal_sd.o
    0x0800cb90   0x0800cb90   0x0000000e   Code   RO          885    i.STORAGE_GetCapacity_FS  usbd_storage_if.o
    0x0800cb9e   0x0800cb9e   0x00000004   Code   RO          886    i.STORAGE_GetMaxLun_FS  usbd_storage_if.o
    0x0800cba2   0x0800cba2   0x00000004   Code   RO          887    i.STORAGE_Init_FS   usbd_storage_if.o
    0x0800cba6   0x0800cba6   0x00000004   Code   RO          888    i.STORAGE_IsReady_FS  usbd_storage_if.o
    0x0800cbaa   0x0800cbaa   0x00000004   Code   RO          889    i.STORAGE_IsWriteProtected_FS  usbd_storage_if.o
    0x0800cbae   0x0800cbae   0x00000004   Code   RO          890    i.STORAGE_Read_FS   usbd_storage_if.o
    0x0800cbb2   0x0800cbb2   0x00000004   Code   RO          891    i.STORAGE_Write_FS  usbd_storage_if.o
    0x0800cbb6   0x0800cbb6   0x00000002   Code   RO          955    i.SVC_Handler       stm32f1xx_it.o
    0x0800cbb8   0x0800cbb8   0x00000004   Code   RO          956    i.SysTick_Handler   stm32f1xx_it.o
    0x0800cbbc   0x0800cbbc   0x0000006c   Code   RO            6    i.SystemClock_Config  main.o
    0x0800cc28   0x0800cc28   0x00000048   Code   RO         4469    i.SystemInit        system_stm32f1xx.o
    0x0800cc70   0x0800cc70   0x00000010   Code   RO         4180    i.UART_DMAAbortOnError  stm32f1xx_hal_uart.o
    0x0800cc80   0x0800cc80   0x0000001c   Code   RO         4190    i.UART_EndRxTransfer  stm32f1xx_hal_uart.o
    0x0800cc9c   0x0800cc9c   0x00000096   Code   RO         4192    i.UART_Receive_IT   stm32f1xx_hal_uart.o
    0x0800cd32   0x0800cd32   0x00000002   PAD
    0x0800cd34   0x0800cd34   0x000000b8   Code   RO         4193    i.UART_SetConfig    stm32f1xx_hal_uart.o
    0x0800cdec   0x0800cdec   0x00000062   Code   RO         4194    i.UART_Transmit_IT  stm32f1xx_hal_uart.o
    0x0800ce4e   0x0800ce4e   0x00000002   PAD
    0x0800ce50   0x0800ce50   0x0000000c   Code   RO          957    i.USART1_IRQHandler  stm32f1xx_it.o
    0x0800ce5c   0x0800ce5c   0x0000000e   Code   RO         4513    i.USBD_ClrClassConfig  usbd_core.o
    0x0800ce6a   0x0800ce6a   0x00000010   Code   RO         4716    i.USBD_CtlContinueRx  usbd_ioreq.o
    0x0800ce7a   0x0800ce7a   0x00000010   Code   RO         4717    i.USBD_CtlContinueSendData  usbd_ioreq.o
    0x0800ce8a   0x0800ce8a   0x00000016   Code   RO         4651    i.USBD_CtlError     usbd_ctlreq.o
    0x0800cea0   0x0800cea0   0x00000016   Code   RO         4719    i.USBD_CtlReceiveStatus  usbd_ioreq.o
    0x0800ceb6   0x0800ceb6   0x0000001a   Code   RO         4720    i.USBD_CtlSendData  usbd_ioreq.o
    0x0800ced0   0x0800ced0   0x00000016   Code   RO         4721    i.USBD_CtlSendStatus  usbd_ioreq.o
    0x0800cee6   0x0800cee6   0x00000002   PAD
    0x0800cee8   0x0800cee8   0x00000020   Code   RO          800    i.USBD_FS_ConfigStrDescriptor  usbd_desc.o
    0x0800cf08   0x0800cf08   0x0000000c   Code   RO          801    i.USBD_FS_DeviceDescriptor  usbd_desc.o
    0x0800cf14   0x0800cf14   0x00000024   Code   RO          802    i.USBD_FS_InterfaceStrDescriptor  usbd_desc.o
    0x0800cf38   0x0800cf38   0x0000000c   Code   RO          803    i.USBD_FS_LangIDStrDescriptor  usbd_desc.o
    0x0800cf44   0x0800cf44   0x00000028   Code   RO          804    i.USBD_FS_ManufacturerStrDescriptor  usbd_desc.o
    0x0800cf6c   0x0800cf6c   0x00000028   Code   RO          805    i.USBD_FS_ProductStrDescriptor  usbd_desc.o
    0x0800cf94   0x0800cf94   0x00000038   Code   RO          806    i.USBD_FS_SerialStrDescriptor  usbd_desc.o
    0x0800cfcc   0x0800cfcc   0x000000e8   Code   RO         4652    i.USBD_GetDescriptor  usbd_ctlreq.o
    0x0800d0b4   0x0800d0b4   0x00000048   Code   RO         4653    i.USBD_GetString    usbd_ctlreq.o
    0x0800d0fc   0x0800d0fc   0x00000018   Code   RO          601    i.USBD_Get_USB_Status  usbd_conf.o
    0x0800d114   0x0800d114   0x00000060   Code   RO         4515    i.USBD_Init         usbd_core.o
    0x0800d174   0x0800d174   0x00000012   Code   RO          602    i.USBD_LL_ClearStallEP  usbd_conf.o
    0x0800d186   0x0800d186   0x00000012   Code   RO          603    i.USBD_LL_CloseEP   usbd_conf.o
    0x0800d198   0x0800d198   0x000000c6   Code   RO         4516    i.USBD_LL_DataInStage  usbd_core.o
    0x0800d25e   0x0800d25e   0x00000082   Code   RO         4517    i.USBD_LL_DataOutStage  usbd_core.o
    0x0800d2e0   0x0800d2e0   0x00000012   Code   RO          606    i.USBD_LL_FlushEP   usbd_conf.o
    0x0800d2f2   0x0800d2f2   0x00000008   Code   RO          607    i.USBD_LL_GetRxDataSize  usbd_conf.o
    0x0800d2fa   0x0800d2fa   0x00000002   PAD
    0x0800d2fc   0x0800d2fc   0x00000070   Code   RO          608    i.USBD_LL_Init      usbd_conf.o
    0x0800d36c   0x0800d36c   0x0000001c   Code   RO          609    i.USBD_LL_IsStallEP  usbd_conf.o
    0x0800d388   0x0800d388   0x00000018   Code   RO          610    i.USBD_LL_OpenEP    usbd_conf.o
    0x0800d3a0   0x0800d3a0   0x00000012   Code   RO          611    i.USBD_LL_PrepareReceive  usbd_conf.o
    0x0800d3b2   0x0800d3b2   0x00000050   Code   RO         4522    i.USBD_LL_Reset     usbd_core.o
    0x0800d402   0x0800d402   0x00000014   Code   RO         4523    i.USBD_LL_Resume    usbd_core.o
    0x0800d416   0x0800d416   0x00000018   Code   RO         4524    i.USBD_LL_SOF       usbd_core.o
    0x0800d42e   0x0800d42e   0x00000006   Code   RO         4525    i.USBD_LL_SetSpeed  usbd_core.o
    0x0800d434   0x0800d434   0x00000012   Code   RO          612    i.USBD_LL_SetUSBAddress  usbd_conf.o
    0x0800d446   0x0800d446   0x0000005a   Code   RO         4526    i.USBD_LL_SetupStage  usbd_core.o
    0x0800d4a0   0x0800d4a0   0x00000012   Code   RO          613    i.USBD_LL_StallEP   usbd_conf.o
    0x0800d4b2   0x0800d4b2   0x00000012   Code   RO          614    i.USBD_LL_Start     usbd_conf.o
    0x0800d4c4   0x0800d4c4   0x00000012   Code   RO         4527    i.USBD_LL_Suspend   usbd_core.o
    0x0800d4d6   0x0800d4d6   0x00000012   Code   RO          616    i.USBD_LL_Transmit  usbd_conf.o
    0x0800d4e8   0x0800d4e8   0x0000000a   Code   RO         4776    i.USBD_MSC_DataIn   usbd_msc.o
    0x0800d4f2   0x0800d4f2   0x0000000a   Code   RO         4777    i.USBD_MSC_DataOut  usbd_msc.o
    0x0800d4fc   0x0800d4fc   0x00000032   Code   RO         4778    i.USBD_MSC_DeInit   usbd_msc.o
    0x0800d52e   0x0800d52e   0x00000002   PAD
    0x0800d530   0x0800d530   0x0000000c   Code   RO         4779    i.USBD_MSC_GetDeviceQualifierDescriptor  usbd_msc.o
    0x0800d53c   0x0800d53c   0x0000000c   Code   RO         4780    i.USBD_MSC_GetFSCfgDesc  usbd_msc.o
    0x0800d548   0x0800d548   0x0000000c   Code   RO         4781    i.USBD_MSC_GetHSCfgDesc  usbd_msc.o
    0x0800d554   0x0800d554   0x0000000c   Code   RO         4782    i.USBD_MSC_GetOtherSpeedCfgDesc  usbd_msc.o
    0x0800d560   0x0800d560   0x0000005c   Code   RO         4783    i.USBD_MSC_Init     usbd_msc.o
    0x0800d5bc   0x0800d5bc   0x0000000a   Code   RO         4784    i.USBD_MSC_RegisterStorage  usbd_msc.o
    0x0800d5c6   0x0800d5c6   0x00000116   Code   RO         4785    i.USBD_MSC_Setup    usbd_msc.o
    0x0800d6dc   0x0800d6dc   0x00000028   Code   RO         4654    i.USBD_ParseSetupRequest  usbd_ctlreq.o
    0x0800d704   0x0800d704   0x00000048   Code   RO         4528    i.USBD_RegisterClass  usbd_core.o
    0x0800d74c   0x0800d74c   0x00000016   Code   RO         4530    i.USBD_SetClassConfig  usbd_core.o
    0x0800d762   0x0800d762   0x00000002   PAD
    0x0800d764   0x0800d764   0x00000084   Code   RO         4655    i.USBD_SetConfig    usbd_ctlreq.o
    0x0800d7e8   0x0800d7e8   0x0000000a   Code   RO         4531    i.USBD_Start        usbd_core.o
    0x0800d7f2   0x0800d7f2   0x00000112   Code   RO         4656    i.USBD_StdDevReq    usbd_ctlreq.o
    0x0800d904   0x0800d904   0x00000150   Code   RO         4657    i.USBD_StdEPReq     usbd_ctlreq.o
    0x0800da54   0x0800da54   0x0000004e   Code   RO         4658    i.USBD_StdItfReq    usbd_ctlreq.o
    0x0800daa2   0x0800daa2   0x00000002   Code   RO          617    i.USBD_static_free  usbd_conf.o
    0x0800daa4   0x0800daa4   0x00000008   Code   RO          618    i.USBD_static_malloc  usbd_conf.o
    0x0800daac   0x0800daac   0x00000266   Code   RO         1369    i.USB_ActivateEndpoint  stm32f1xx_ll_usb.o
    0x0800dd12   0x0800dd12   0x00000004   Code   RO         1372    i.USB_CoreInit      stm32f1xx_ll_usb.o
    0x0800dd16   0x0800dd16   0x0000010e   Code   RO         1374    i.USB_DeactivateEndpoint  stm32f1xx_ll_usb.o
    0x0800de24   0x0800de24   0x00000004   Code   RO         1375    i.USB_DevConnect    stm32f1xx_ll_usb.o
    0x0800de28   0x0800de28   0x00000004   Code   RO         1376    i.USB_DevDisconnect  stm32f1xx_ll_usb.o
    0x0800de2c   0x0800de2c   0x0000001e   Code   RO         1377    i.USB_DevInit       stm32f1xx_ll_usb.o
    0x0800de4a   0x0800de4a   0x0000000e   Code   RO         1378    i.USB_DisableGlobalInt  stm32f1xx_ll_usb.o
    0x0800de58   0x0800de58   0x00000004   Code   RO         1379    i.USB_EP0_OutStart  stm32f1xx_ll_usb.o
    0x0800de5c   0x0800de5c   0x00000078   Code   RO         1380    i.USB_EPClearStall  stm32f1xx_ll_usb.o
    0x0800ded4   0x0800ded4   0x00000032   Code   RO         1381    i.USB_EPSetStall    stm32f1xx_ll_usb.o
    0x0800df06   0x0800df06   0x0000019c   Code   RO         1382    i.USB_EPStartXfer   stm32f1xx_ll_usb.o
    0x0800e0a2   0x0800e0a2   0x0000000e   Code   RO         1383    i.USB_EnableGlobalInt  stm32f1xx_ll_usb.o
    0x0800e0b0   0x0800e0b0   0x00000004   Code   RO         1384    i.USB_FlushRxFifo   stm32f1xx_ll_usb.o
    0x0800e0b4   0x0800e0b4   0x00000004   Code   RO         1385    i.USB_FlushTxFifo   stm32f1xx_ll_usb.o
    0x0800e0b8   0x0800e0b8   0x0000000c   Code   RO          958    i.USB_LP_CAN1_RX0_IRQHandler  stm32f1xx_it.o
    0x0800e0c4   0x0800e0c4   0x00000006   Code   RO         1390    i.USB_ReadInterrupts  stm32f1xx_ll_usb.o
    0x0800e0ca   0x0800e0ca   0x00000002   PAD
    0x0800e0cc   0x0800e0cc   0x0000002c   Code   RO         1391    i.USB_ReadPMA       stm32f1xx_ll_usb.o
    0x0800e0f8   0x0800e0f8   0x00000004   Code   RO         1393    i.USB_SetCurrentMode  stm32f1xx_ll_usb.o
    0x0800e0fc   0x0800e0fc   0x0000000c   Code   RO         1394    i.USB_SetDevAddress  stm32f1xx_ll_usb.o
    0x0800e108   0x0800e108   0x00000026   Code   RO         1397    i.USB_WritePMA      stm32f1xx_ll_usb.o
    0x0800e12e   0x0800e12e   0x00000002   Code   RO          959    i.UsageFault_Handler  stm32f1xx_it.o
    0x0800e130   0x0800e130   0x00000010   Code   RO         5035    i.__0printf$bare    mc_w.l(printfb.o)
    0x0800e140   0x0800e140   0x00000020   Code   RO         2054    i.__NVIC_SetPriority  stm32f1xx_hal_cortex.o
    0x0800e160   0x0800e160   0x0000000e   Code   RO         5338    i.__scatterload_copy  mc_w.l(handlers.o)
    0x0800e16e   0x0800e16e   0x00000002   Code   RO         5339    i.__scatterload_null  mc_w.l(handlers.o)
    0x0800e170   0x0800e170   0x0000000e   Code   RO         5340    i.__scatterload_zeroinit  mc_w.l(handlers.o)
    0x0800e17e   0x0800e17e   0x00000022   Code   RO         5042    i._printf_core      mc_w.l(printfb.o)
    0x0800e1a0   0x0800e1a0   0x00000012   Code   RO         5308    i.fputc             mc_w.l(fputc.o)
    0x0800e1b2   0x0800e1b2   0x00000002   PAD
    0x0800e1b4   0x0800e1b4   0x00000064   Code   RO            7    i.main              main.o
    0x0800e218   0x0800e218   0x00000024   Data   RO          892    .constdata          usbd_storage_if.o
    0x0800e23c   0x0800e23c   0x00000010   Data   RO         4470    .constdata          system_stm32f1xx.o
    0x0800e24c   0x0800e24c   0x00000008   Data   RO         4471    .constdata          system_stm32f1xx.o
    0x0800e254   0x0800e254   0x00000007   Data   RO         4931    .constdata          usbd_msc_data.o
    0x0800e25b   0x0800e25b   0x00000008   Data   RO         4932    .constdata          usbd_msc_data.o
    0x0800e263   0x0800e263   0x00000008   Data   RO         4933    .constdata          usbd_msc_data.o
    0x0800e26b   0x0800e26b   0x00000001   PAD
    0x0800e26c   0x0800e26c   0x00000020   Data   RO         5336    Region$$Table       anon$$obj.o


    Execution Region RW_IRAM1 (Exec base: 0x20000000, Load base: 0x0800e28c, Size: 0x00001ce0, Max: 0x00010000, ABSOLUTE, COMPRESSED[0x000000a8])

    Exec Addr    Load Addr    Size         Type   Attr      Idx    E Section Name        Object

    0x20000000   COMPRESSED   0x00000008   Data   RW          232    .data               crc.o
    0x20000008   COMPRESSED   0x0000001c   Data   RW          808    .data               usbd_desc.o
    0x20000024   COMPRESSED   0x00000032   Data   RW          809    .data               usbd_desc.o
    0x20000056   COMPRESSED   0x00000002   PAD
    0x20000058   COMPRESSED   0x00000020   Data   RW          893    .data               usbd_storage_if.o
    0x20000078   COMPRESSED   0x0000000c   Data   RW         1591    .data               stm32f1xx_hal.o
    0x20000084   COMPRESSED   0x00000004   Data   RW         4472    .data               system_stm32f1xx.o
    0x20000088   COMPRESSED   0x00000001   Data   RW         4659    .data               usbd_ctlreq.o
    0x20000089   COMPRESSED   0x00000003   PAD
    0x2000008c   COMPRESSED   0x00000038   Data   RW         4786    .data               usbd_msc.o
    0x200000c4   COMPRESSED   0x0000006a   Data   RW         4787    .data               usbd_msc.o
    0x2000012e   COMPRESSED   0x00000002   PAD
    0x20000130   COMPRESSED   0x00000004   Data   RW         5310    .data               mc_w.l(stdout.o)
    0x20000134        -       0x00000054   Zero   RW          298    .bss                i2c.o
    0x20000188        -       0x00000014   Zero   RW          340    .bss                rtc.o
    0x2000019c        -       0x00000084   Zero   RW          382    .bss                sdio.o
    0x20000220        -       0x00000058   Zero   RW          424    .bss                spi.o
    0x20000278        -       0x000000c8   Zero   RW          493    .bss                usart.o
    0x20000340        -       0x000002c4   Zero   RW          533    .bss                usb_device.o
    0x20000604        -       0x000004dc   Zero   RW          619    .bss                usbd_conf.o
    0x20000ae0        -       0x00000200   Zero   RW          807    .bss                usbd_desc.o
    0x20000ce0        -       0x00001000   Zero   RW         4503    STACK               startup_stm32f103xe.o


==============================================================================

Image component sizes


      Code (inc. data)   RO Data    RW Data    ZI Data      Debug   Object Name

        76         18          0          8          0       1459   crc.o
        60          4          0          0          0        750   dma.o
       220         12          0          0          0        995   gpio.o
       156         26          0          0         84       1597   i2c.o
       230         12          0          0          0     517704   main.o
       172         22          0          0         20       1551   rtc.o
       216         28          0          0        132       1665   sdio.o
       188         24          0          0         88       1621   spi.o
        36          8        304          0       4096        772   startup_stm32f103xe.o
       164         28          0         12          0       6521   stm32f1xx_hal.o
       198         14          0          0          0      28963   stm32f1xx_hal_cortex.o
        34          0          0          0          0       1035   stm32f1xx_hal_crc.o
      1012         52          0          0          0       2863   stm32f1xx_hal_dma.o
       514         42          0          0          0       2912   stm32f1xx_hal_gpio.o
       372         16          0          0          0       2923   stm32f1xx_hal_i2c.o
        56          8          0          0          0        846   stm32f1xx_hal_msp.o
      1796          0          0          0          0      11096   stm32f1xx_hal_pcd.o
        52          0          0          0          0       1182   stm32f1xx_hal_pcd_ex.o
        12          4          0          0          0        515   stm32f1xx_hal_pwr.o
      1272        100          0          0          0       5212   stm32f1xx_hal_rcc.o
       448         44          0          0          0       2573   stm32f1xx_hal_rcc_ex.o
       922         14          0          0          0       9408   stm32f1xx_hal_rtc.o
      2128         32          0          0          0      12740   stm32f1xx_hal_sd.o
       124          0          0          0          0       1203   stm32f1xx_hal_spi.o
       852         12          0          0          0       7079   stm32f1xx_hal_uart.o
        80         30          0          0          0       6003   stm32f1xx_it.o
      1456         46          0          0          0      19215   stm32f1xx_ll_sdmmc.o
      1652          0          0          0          0      15673   stm32f1xx_ll_usb.o
        72         16         24          4          0       1163   system_stm32f1xx.o
       276         28          0          0        200       1852   usart.o
        84         18          0          0        708       5993   usb_device.o
       546         28          0          0       1244      14115   usbd_conf.o
       780         72          0          0          0       9555   usbd_core.o
      1186         28          0          1          0       7940   usbd_ctlreq.o
       284        100          0         78        512       5677   usbd_desc.o
       102          0          0          0          0       3668   usbd_ioreq.o
       498         16          0        162          0       9276   usbd_msc.o
       586         10          0          0          0       7133   usbd_msc_bot.o
         0          0         23          0          0        893   usbd_msc_data.o
      1404         12          0          0          0      10111   usbd_msc_scsi.o
        38          0         36         32          0       3967   usbd_storage_if.o

    ----------------------------------------------------------------------
     20398        924        420        304       7084     747419   Object Totals
         0          0         32          0          0          0   (incl. Generated)
        44          0          1          7          0          0   (incl. Padding)

    ----------------------------------------------------------------------

      Code (inc. data)   RO Data    RW Data    ZI Data      Debug   Library Member Name

        86          0          0          0          0          0   __dczerorl2.o
         0          0          0          0          0          0   entry.o
         0          0          0          0          0          0   entry10a.o
         0          0          0          0          0          0   entry11a.o
         8          4          0          0          0          0   entry2.o
         4          0          0          0          0          0   entry5.o
         0          0          0          0          0          0   entry7b.o
         0          0          0          0          0          0   entry8b.o
         8          4          0          0          0          0   entry9a.o
        18          0          0          0          0         80   fputc.o
        30          0          0          0          0          0   handlers.o
        36          8          0          0          0         68   init.o
         0          0          0          0          0          0   iusesemip.o
        36          0          0          0          0         68   memcpya.o
        36          0          0          0          0        108   memseta.o
        50          8          0          0          0        152   printfb.o
         0          0          0          0          0          0   semi.o
         0          0          0          4          0          0   stdout.o

    ----------------------------------------------------------------------
       314         24          0          4          0        476   Library Totals
         2          0          0          0          0          0   (incl. Padding)

    ----------------------------------------------------------------------

      Code (inc. data)   RO Data    RW Data    ZI Data      Debug   Library Name

       312         24          0          4          0        476   mc_w.l

    ----------------------------------------------------------------------
       314         24          0          4          0        476   Library Totals

    ----------------------------------------------------------------------

==============================================================================


      Code (inc. data)   RO Data    RW Data    ZI Data      Debug   

     20712        948        420        308       7084     735283   Grand Totals
     20712        948        420        168       7084     735283   ELF Image Totals (compressed)
     20712        948        420        168          0          0   ROM Totals

==============================================================================

    Total RO  Size (Code + RO Data)                21132 (  20.64kB)
    Total RW  Size (RW Data + ZI Data)              7392 (   7.22kB)
    Total ROM Size (Code + RO Data + RW Data)      21300 (  20.80kB)

==============================================================================

