###############################################################################
#
# IAR ELF Linker V3.10.1.201 for STM8                     30/Aug/2019  16:03:33
# Copyright 2010-2017 IAR Systems AB.
#
#    Output file  =  
#        E:\Git_Repo\STM8_DISCO_BOARD_Blinking_LED\EWSTM8\STM8L001J3\Exe\Blinking_LED.out
#    Map file     =  
#        E:\Git_Repo\STM8_DISCO_BOARD_Blinking_LED\EWSTM8\STM8L001J3\List\Blinking_LED.map
#    Command line =  
#        -f C:\Users\ADMINI~1\AppData\Local\Temp\EWC84D.tmp
#        (E:\Git_Repo\STM8_DISCO_BOARD_Blinking_LED\EWSTM8\STM8L001J3\Obj\main.o
#        E:\Git_Repo\STM8_DISCO_BOARD_Blinking_LED\EWSTM8\STM8L001J3\Obj\stm8_so8_disco.o
#        E:\Git_Repo\STM8_DISCO_BOARD_Blinking_LED\EWSTM8\STM8L001J3\Obj\stm8l10x_awu.o
#        E:\Git_Repo\STM8_DISCO_BOARD_Blinking_LED\EWSTM8\STM8L001J3\Obj\stm8l10x_clk.o
#        E:\Git_Repo\STM8_DISCO_BOARD_Blinking_LED\EWSTM8\STM8L001J3\Obj\stm8l10x_exti.o
#        E:\Git_Repo\STM8_DISCO_BOARD_Blinking_LED\EWSTM8\STM8L001J3\Obj\stm8l10x_gpio.o
#        E:\Git_Repo\STM8_DISCO_BOARD_Blinking_LED\EWSTM8\STM8L001J3\Obj\stm8l10x_it.o
#        E:\Git_Repo\STM8_DISCO_BOARD_Blinking_LED\EWSTM8\STM8L001J3\Obj\stm8l10x_tim2.o
#        E:\Git_Repo\STM8_DISCO_BOARD_Blinking_LED\EWSTM8\STM8L001J3\Obj\stm8l10x_tim4.o
#        --redirect _Printf=_PrintfSmall --redirect _Scanf=_ScanfSmall -o
#        E:\Git_Repo\STM8_DISCO_BOARD_Blinking_LED\EWSTM8\STM8L001J3\Exe\Blinking_LED.out
#        --map
#        E:\Git_Repo\STM8_DISCO_BOARD_Blinking_LED\EWSTM8\STM8L001J3\List\Blinking_LED.map
#        --config "D:\IAR for STM8\stm8\config\lnkstm8l001j3.icf" --config_def
#        _CSTACK_SIZE=0x100 --config_def _HEAP_SIZE=0x100 --entry
#        __iar_program_start)
#
###############################################################################

*******************************************************************************
*** RUNTIME MODEL ATTRIBUTES
***

__SystemLibrary            = DLib
__code_model               = small
__core                     = stm8
__data_model               = medium
__dlib_file_descriptor     = 0
__dlib_full_locale_support = 0
__rt_version               = 4


*******************************************************************************
*** PLACEMENT SUMMARY
***

"A0":  place at start of [0x000000-0x0000ff] { rw section .vregs };
"A1":  place at end of [0x000000-0x0005ff] { block CSTACK };
"P2":  place in [from 0x000000 to 0x0005ff] {
          block HEAP, rw section __DLIB_PERTHREAD, rw section .far.bss,
          rw section .far.data, rw section .far.noinit,
          rw section .far_func.textrw, rw section .huge.bss,
          rw section .huge.data, rw section .huge.noinit,
          rw section .huge_func.textrw, rw section .iar.dynexit,
          rw section .near.bss, rw section .near.data, rw section .near.noinit,
          rw section .near_func.textrw };
"A2":  place at start of [0x008000-0x009fff] { block INTVEC };
"P3":  place in [from 0x008000 to 0x009fff] {
          ro section __DLIB_PERTHREAD_init, ro section .far.data_init,
          ro section .far_func.textrw_init, ro section .huge.data_init,
          ro section .huge_func.textrw_init, ro section .iar.init_table,
          ro section .init_array, ro section .near.data_init,
          ro section .near.rodata, ro section .near_func.text,
          ro section .near_func.textrw_init, ro section .tiny.data_init,
          ro section .tiny.rodata_init };
"P4":  place in [from 0x008000 to 0x009fff] {
          ro section .far.rodata, ro section .far_func.text };
"P5":  place in [from 0x008000 to 0x009fff] {
          ro section .huge.rodata, ro section .huge_func.text };
do not initialize {
   rw section .far.noinit, rw section .huge.noinit, rw section .near.noinit,
   rw section .tiny.noinit, rw section .vregs };
initialize by copy {
   rw section .far.bss, rw section .far.data, rw section .far_func.textrw,
   rw section .huge.bss, rw section .huge.data, rw section .huge_func.textrw,
   rw section .iar.dynexit, rw section .near.bss, rw section .near.data,
   rw section .near_func.textrw, rw section .tiny.bss, rw section .tiny.data,
   ro section .tiny.rodata };

  Section            Kind      Address   Size  Object
  -------            ----      -------   ----  ------
"A0":                                    0x10
  .vregs             uninit   0x000000   0x10  vregs.o [4]
                            - 0x000010   0x10

"P2":                                     0xd
  P2-1                        0x000010    0xd  <Init block>
    .near.data       inited   0x000010    0x2  stm8_so8_disco.o [1]
    .near.data       inited   0x000012    0x2  stm8_so8_disco.o [1]
    .near.bss        inited   0x000014    0x4  main.o [1]
    .near.bss        inited   0x000018    0x1  main.o [1]
    .near.bss        inited   0x000019    0x4  main.o [1]
                            - 0x00001d    0xd

"A1":                                   0x100
  CSTACK                      0x000500  0x100  <Block>
    CSTACK           uninit   0x000500  0x100  <Block tail>
                            - 0x000600  0x100

"A2":                                    0x80
  INTVEC                      0x008000   0x80  <Block>
    .intvec          const    0x008000   0x80  interrupt.o [4]
                            - 0x008080   0x80

"P3-P5":                                0xeeb
  .near_func.text    ro code  0x008080  0x126  stm8l10x_exti.o [1]
  .near_func.text    ro code  0x0081a6   0xbf  stm8l10x_gpio.o [1]
  .near_func.text    ro code  0x008265   0xbe  vreg_util.o [4]
  .near_func.text    ro code  0x008323   0xbc  long.o [4]
  .near_func.text    ro code  0x0083df   0x84  stm8l10x_awu.o [1]
  .near_func.text    ro code  0x008463   0x82  stm8l10x_tim2.o [1]
  .near_func.text    ro code  0x0084e5   0x80  stm8l10x_tim2.o [1]
  .near_func.text    ro code  0x008565   0x79  stm8l10x_tim2.o [1]
  .near_func.text    ro code  0x0085de   0x64  stm8l10x_awu.o [1]
  .near.rodata       const    0x008642   0x62  stm8l10x_exti.o [1]
  .near.rodata       const    0x0086a4   0x62  stm8l10x_gpio.o [1]
  .near.rodata       const    0x008706   0x62  stm8l10x_tim2.o [1]
  .near.rodata       const    0x008768   0x62  stm8l10x_tim4.o [1]
  .near_func.text    ro code  0x0087ca   0x62  stm8l10x_tim4.o [1]
  .near.rodata       const    0x00882c   0x61  stm8l10x_awu.o [1]
  .near.rodata       const    0x00888d   0x61  stm8l10x_clk.o [1]
  .near_func.text    ro code  0x0088ee   0x56  stm8l10x_exti.o [1]
  .near_func.text    ro code  0x008944   0x53  stm8l10x_clk.o [1]
  .near_func.text    ro code  0x008997   0x53  stm8l10x_tim2.o [1]
  .near_func.text    ro code  0x0089ea   0x4f  stm8l10x_tim4.o [1]
  .near_func.text    ro code  0x008a39   0x4e  main.o [1]
  .near_func.text    ro code  0x008a87   0x4b  stm8l10x_tim2.o [1]
  .near_func.text    ro code  0x008ad2   0x3f  stm8_so8_disco.o [1]
  .near_func.text    ro code  0x008b11   0x36  long_util.o [4]
  .near_func.text    ro code  0x008b47   0x33  stm8l10x_clk.o [1]
  .near_func.text    ro code  0x008b7a   0x33  dc_util.o [4]
  .near_func.text    ro code  0x008bad   0x2f  stm8l10x_tim2.o [1]
  .near_func.text    ro code  0x008bdc   0x2f  stm8l10x_tim2.o [1]
  .near_func.text    ro code  0x008c0b   0x2e  stm8l10x_tim2.o [1]
  .near_func.text    ro code  0x008c39   0x2a  stm8l10x_tim2.o [1]
  .near_func.text    ro code  0x008c63   0x2a  stm8l10x_tim4.o [1]
  .near_func.text    ro code  0x008c8d   0x29  short.o [4]
  .near_func.text    ro code  0x008cb6   0x28  init_small.o [4]
  .near_func.text    ro code  0x008cde   0x26  stm8l10x_tim4.o [1]
  .near_func.text    ro code  0x008d04   0x24  stm8l10x_tim4.o [1]
  .iar.init_table    const    0x008d28    0xa  - Linker created -
  .near_func.text    ro code  0x008d32   0x20  stm8l10x_tim2.o [1]
  .near_func.text    ro code  0x008d52   0x1f  main.o [1]
  .near_func.text    ro code  0x008d71   0x1f  stm8l10x_it.o [1]
  .near_func.text    ro code  0x008d90   0x1e  main.o [1]
  .near_func.text    ro code  0x008dae   0x1e  main.o [1]
  .near_func.text    ro code  0x008dcc   0x1c  main.o [1]
  .near_func.text    ro code  0x008de8   0x1b  stm8l10x_it.o [1]
  .near_func.text    ro code  0x008e03   0x1a  stm8l10x_tim2.o [1]
  .near_func.text    ro code  0x008e1d   0x18  stm8l10x_clk.o [1]
  .near_func.text    ro code  0x008e35   0x18  stm8l10x_it.o [1]
  .near_func.text    ro code  0x008e4d   0x16  stm8_so8_disco.o [1]
  .near_func.text    ro code  0x008e63   0x16  stm8l10x_it.o [1]
  .near_func.text    ro code  0x008e79   0x15  main.o [1]
  .near_func.text    ro code  0x008e8e   0x14  init.o [4]
  .near_func.text    ro code  0x008ea2   0x13  cstartup.o [4]
  .near_func.text    ro code  0x008eb5   0x12  main.o [1]
  .near_func.text    ro code  0x008ec7   0x12  stm8_so8_disco.o [1]
  .near.rodata       const    0x008ed9   0x11  stm8l10x_awu.o [1]
  .near.rodata       const    0x008eea   0x11  stm8l10x_awu.o [1]
  .near_func.text    ro code  0x008efb   0x11  main.o [1]
  .near_func.text    ro code  0x008f0c    0xf  main.o [1]
  Initializer bytes  const    0x008f1b    0xd  <for P2-1>
  .near_func.text    ro code  0x008f28    0xb  char.o [4]
  .near_func.text    ro code  0x008f33    0x9  stm8l10x_awu.o [1]
  .near_func.text    ro code  0x008f3c    0x5  cexit.o [4]
  .near.rodata       const    0x008f41    0x4  stm8l10x_clk.o [1]
  .near_func.text    ro code  0x008f45    0x3  interrupt.o [4]
  .near_func.text    ro code  0x008f48    0x3  low_level_init.o [4]
  .near_func.text    ro code  0x008f4b    0x3  exit.o [4]
  .near_func.text    ro code  0x008f4e    0x3  unhandled_exception.o [4]
  .near_func.text    ro code  0x008f51    0x2  main.o [1]
  .near_func.text    ro code  0x008f53    0x2  xxexit.o [3]
  .near.rodata       const    0x008f55    0x1  stm8_so8_disco.o [1]
  .near.rodata       const    0x008f56    0x1  stm8_so8_disco.o [1]
  .near.rodata       const    0x008f57    0x1  stm8_so8_disco.o [1]
  .near_func.text    ro code  0x008f58    0x1  stm8l10x_it.o [1]
  .near_func.text    ro code  0x008f59    0x1  stm8l10x_it.o [1]
  .near_func.text    ro code  0x008f5a    0x1  stm8l10x_it.o [1]
  .near_func.text    ro code  0x008f5b    0x1  stm8l10x_it.o [1]
  .near_func.text    ro code  0x008f5c    0x1  stm8l10x_it.o [1]
  .near_func.text    ro code  0x008f5d    0x1  stm8l10x_it.o [1]
  .near_func.text    ro code  0x008f5e    0x1  stm8l10x_it.o [1]
  .near_func.text    ro code  0x008f5f    0x1  stm8l10x_it.o [1]
  .near_func.text    ro code  0x008f60    0x1  stm8l10x_it.o [1]
  .near_func.text    ro code  0x008f61    0x1  stm8l10x_it.o [1]
  .near_func.text    ro code  0x008f62    0x1  stm8l10x_it.o [1]
  .near_func.text    ro code  0x008f63    0x1  stm8l10x_it.o [1]
  .near_func.text    ro code  0x008f64    0x1  stm8l10x_it.o [1]
  .near_func.text    ro code  0x008f65    0x1  stm8l10x_it.o [1]
  .near_func.text    ro code  0x008f66    0x1  stm8l10x_it.o [1]
  .near_func.text    ro code  0x008f67    0x1  stm8l10x_it.o [1]
  .near_func.text    ro code  0x008f68    0x1  stm8l10x_it.o [1]
  .near_func.text    ro code  0x008f69    0x1  stm8l10x_it.o [1]
  .near_func.text    ro code  0x008f6a    0x1  stm8l10x_it.o [1]
                            - 0x008f6b  0xeeb


*******************************************************************************
*** INIT TABLE
***

          Address   Size
          -------   ----
Copy (__iar_copy_init2)
    1 source range, total size 0xd:
          0x008f1b   0xd
    1 destination range, total size 0xd:
          0x000010   0xd



*******************************************************************************
*** MODULE SUMMARY
***

    Module                 ro code  ro data  rw data
    ------                 -------  -------  -------
E:\Git_Repo\STM8_DISCO_BOARD_Blinking_LED\EWSTM8\STM8L001J3\Obj: [1]
    main.o                     270        9        9
    stm8_so8_disco.o           103        7        4
    stm8l10x_awu.o             241      131
    stm8l10x_clk.o             158      101
    stm8l10x_exti.o            380       98
    stm8l10x_gpio.o            191       98
    stm8l10x_it.o              123
    stm8l10x_tim2.o            777       98
    stm8l10x_tim4.o            293       98
    ------------------------------------------------
    Total:                   2 536      640       13

command line: [2]
    ------------------------------------------------
    Total:

dbgstm8smn.a: [3]
    xxexit.o                     2
    ------------------------------------------------
    Total:                       2

dlstm8smn.a: [4]
    cexit.o                      5
    char.o                      11
    cstartup.o                  19
    dc_util.o                   51
    exit.o                       3
    init.o                      20
    init_small.o                40
    interrupt.o                  3      128
    long.o                     188
    long_util.o                 54
    low_level_init.o             3
    short.o                     41
    unhandled_exception.o        3
    vreg_util.o                190
    vregs.o                                       16
    ------------------------------------------------
    Total:                     631      128       16

    Linker created                       10      256
----------------------------------------------------
    Grand Total:             3 169      778      285


*******************************************************************************
*** ENTRY LIST
***

Entry                    Address   Size  Type      Object
-----                    -------   ----  ----      ------
.iar.init_table$$Base   0x008d28          --   Gb  - Linker created -
.iar.init_table$$Limit  0x008d32          --   Gb  - Linker created -
?add32_l0_l0_0x         0x008341         Code  Gb  long.o [4]
?add32_l0_l0_dl         0x00833c         Code  Gb  long.o [4]
?and16_x_x_dw           0x008cab         Code  Gb  short.o [4]
?and16_x_x_w0           0x008cae         Code  Gb  short.o [4]
?b0                     0x000000         Data  Gb  vregs.o [4]
?b1                     0x000001         Data  Gb  vregs.o [4]
?b10                    0x00000a         Data  Gb  vregs.o [4]
?b11                    0x00000b         Data  Gb  vregs.o [4]
?b12                    0x00000c         Data  Gb  vregs.o [4]
?b13                    0x00000d         Data  Gb  vregs.o [4]
?b14                    0x00000e         Data  Gb  vregs.o [4]
?b15                    0x00000f         Data  Gb  vregs.o [4]
?b2                     0x000002         Data  Gb  vregs.o [4]
?b3                     0x000003         Data  Gb  vregs.o [4]
?b4                     0x000004         Data  Gb  vregs.o [4]
?b5                     0x000005         Data  Gb  vregs.o [4]
?b6                     0x000006         Data  Gb  vregs.o [4]
?b7                     0x000007         Data  Gb  vregs.o [4]
?b8                     0x000008         Data  Gb  vregs.o [4]
?b9                     0x000009         Data  Gb  vregs.o [4]
?dc16_w0                0x008b7a         Code  Gb  dc_util.o [4]
?dc32_l0                0x008b88         Code  Gb  dc_util.o [4]
?dc32_l1                0x008b95         Code  Gb  dc_util.o [4]
?dc32_px                0x008ba2         Code  Gb  dc_util.o [4]
?dec32_0x_0x            0x008328         Code  Gb  long.o [4]
?dec32_l0_l0            0x008323         Code  Gb  long.o [4]
?e0                     0x000001         Data  Gb  vregs.o [4]
?e1                     0x000005         Data  Gb  vregs.o [4]
?e2                     0x000009         Data  Gb  vregs.o [4]
?e3                     0x00000d         Data  Gb  vregs.o [4]
?epilogue_l2            0x0082f4         Code  Gb  vreg_util.o [4]
?epilogue_l2_l3         0x0082f1         Code  Gb  vreg_util.o [4]
?epilogue_w4            0x0082f8         Code  Gb  vreg_util.o [4]
?l0                     0x000000         Data  Gb  vregs.o [4]
?l1                     0x000004         Data  Gb  vregs.o [4]
?l2                     0x000008         Data  Gb  vregs.o [4]
?l3                     0x00000c         Data  Gb  vregs.o [4]
?load32_0x_l0           0x008b39         Code  Gb  long_util.o [4]
?load32_l0_0x           0x008b21         Code  Gb  long_util.o [4]
?load32_l0_asp          0x008b16         Code  Gb  long_util.o [4]
?load32_l0_dbsp         0x008b11         Code  Gb  long_util.o [4]
?load32_l0_xsp          0x008b18         Code  Gb  long_util.o [4]
?load32_l1_0x           0x008b2d         Code  Gb  long_util.o [4]
?mov_e0_e2              0x0082ff         Code  Gb  vreg_util.o [4]
?mov_e1_e3              0x00830c         Code  Gb  vreg_util.o [4]
?mov_e2_e0              0x008319         Code  Gb  vreg_util.o [4]
?mov_l0_l2              0x0082fc         Code  Gb  vreg_util.o [4]
?mov_l1_l3              0x008309         Code  Gb  vreg_util.o [4]
?mov_l2_l0              0x008316         Code  Gb  vreg_util.o [4]
?mov_w1_w5              0x008302         Code  Gb  vreg_util.o [4]
?mov_w3_w7              0x00830f         Code  Gb  vreg_util.o [4]
?mov_w5_w1              0x00831c         Code  Gb  vreg_util.o [4]
?mul16_x_x_w0           0x008c8d         Code  Gb  short.o [4]
?pop_l0                 0x0082bd         Code  Gb  vreg_util.o [4]
?pop_l1                 0x0082c8         Code  Gb  vreg_util.o [4]
?pop_l2                 0x0082d3         Code  Gb  vreg_util.o [4]
?pop_l3                 0x0082de         Code  Gb  vreg_util.o [4]
?pop_w4                 0x00827d         Code  Gb  vreg_util.o [4]
?push_l0                0x00828c         Code  Gb  vreg_util.o [4]
?push_l1                0x008291         Code  Gb  vreg_util.o [4]
?push_l2                0x008296         Code  Gb  vreg_util.o [4]
?push_l3                0x00829b         Code  Gb  vreg_util.o [4]
?push_w4                0x008265         Code  Gb  vreg_util.o [4]
?sll32_0x_0x_a          0x0083d1         Code  Gb  long.o [4]
?sll32_l0_l0_a          0x0083ce         Code  Gb  long.o [4]
?sll8_a_a_5             0x008f29         Code  Gb  char.o [4]
?sll8_a_a_6             0x008f28         Code  Gb  char.o [4]
?srl8_a_a_5             0x008f2e         Code  Gb  char.o [4]
?udiv32_l0_dl_l1        0x008359         Code  Gb  long.o [4]
?udiv32_l0_l0_dl        0x00835e         Code  Gb  long.o [4]
?udiv32_l0_l0_l1        0x008361         Code  Gb  long.o [4]
?umod32_l1_l0_l1        0x008361         Code  Gb  long.o [4]
?w0                     0x000000         Data  Gb  vregs.o [4]
?w1                     0x000002         Data  Gb  vregs.o [4]
?w2                     0x000004         Data  Gb  vregs.o [4]
?w3                     0x000006         Data  Gb  vregs.o [4]
?w4                     0x000008         Data  Gb  vregs.o [4]
?w5                     0x00000a         Data  Gb  vregs.o [4]
?w6                     0x00000c         Data  Gb  vregs.o [4]
?w7                     0x00000e         Data  Gb  vregs.o [4]
APR_Array               0x008ed9   0x11  Data  Gb  stm8l10x_awu.o [1]
AWU_Config              0x008efb   0x11  Code  Lc  main.o [1]
AWU_GetFlagStatus       0x008f33    0x9  Code  Gb  stm8l10x_awu.o [1]
AWU_IRQHandler          0x008e63   0x16  Code  Gb  stm8l10x_it.o [1]
AWU_Init                0x0083df   0x84  Code  Gb  stm8l10x_awu.o [1]
AWU_LSICalibrationConfig
                        0x0085de   0x64  Code  Gb  stm8l10x_awu.o [1]
BUTTON_EXTI             0x008f57    0x1  Data  Gb  stm8_so8_disco.o [1]
BUTTON_PIN              0x008f56    0x1  Data  Gb  stm8_so8_disco.o [1]
BUTTON_PORT             0x000012    0x2  Data  Gb  stm8_so8_disco.o [1]
BlinkSpeed              0x000018    0x1  Data  Gb  main.o [1]
CLK_Config              0x008d52   0x1f  Code  Lc  main.o [1]
CLK_GetClockFreq        0x008e1d   0x18  Code  Gb  stm8l10x_clk.o [1]
CLK_MasterPrescalerConfig
                        0x008b47   0x33  Code  Gb  stm8l10x_clk.o [1]
CLK_PeripheralClockConfig
                        0x008944   0x53  Code  Gb  stm8l10x_clk.o [1]
COMP_IRQHandler         0x008f63    0x1  Code  Gb  stm8l10x_it.o [1]
CSTACK$$Base            0x000500          --   Gb  - Linker created -
CSTACK$$Limit           0x000600          --   Gb  - Linker created -
Delay                   0x008d90   0x1e  Code  Gb  main.o [1]
EXTI0_IRQHandler        0x008f5c    0x1  Code  Gb  stm8l10x_it.o [1]
EXTI1_IRQHandler        0x008f5d    0x1  Code  Gb  stm8l10x_it.o [1]
EXTI2_IRQHandler        0x008f5e    0x1  Code  Gb  stm8l10x_it.o [1]
EXTI3_IRQHandler        0x008f5f    0x1  Code  Gb  stm8l10x_it.o [1]
EXTI4_IRQHandler        0x008f60    0x1  Code  Gb  stm8l10x_it.o [1]
EXTI5_IRQHandler        0x008f61    0x1  Code  Gb  stm8l10x_it.o [1]
EXTI6_IRQHandler        0x008f62    0x1  Code  Gb  stm8l10x_it.o [1]
EXTI7_IRQHandler        0x008d71   0x1f  Code  Gb  stm8l10x_it.o [1]
EXTIB_IRQHandler        0x008f5a    0x1  Code  Gb  stm8l10x_it.o [1]
EXTID_IRQHandler        0x008f5b    0x1  Code  Gb  stm8l10x_it.o [1]
EXTI_ClearITPendingBit  0x0088ee   0x56  Code  Gb  stm8l10x_exti.o [1]
EXTI_SetPinSensitivity  0x008080  0x126  Code  Gb  stm8l10x_exti.o [1]
FLASH_IRQHandler        0x008f59    0x1  Code  Gb  stm8l10x_it.o [1]
GPIO_Config             0x008f0c    0xf  Code  Lc  main.o [1]
GPIO_Init               0x0081a6   0xbf  Code  Gb  stm8l10x_gpio.o [1]
HSIDivFactor            0x008f41    0x4  Data  Gb  stm8l10x_clk.o [1]
I2C_IRQHandler          0x008f6a    0x1  Code  Gb  stm8l10x_it.o [1]
INTVEC$$Base            0x008000          --   Gb  - Linker created -
INTVEC$$Limit           0x008080          --   Gb  - Linker created -
LED_Blink               0x008a39   0x4e  Code  Gb  main.o [1]
LED_PIN                 0x008f55    0x1  Data  Gb  stm8_so8_disco.o [1]
LED_PORT                0x000010    0x2  Data  Gb  stm8_so8_disco.o [1]
LSI_Clock_Freq_value    0x000019    0x4  Data  Gb  main.o [1]
LSI_Measurement         0x008e79   0x15  Code  Gb  main.o [1]
Region$$Table$$Base     0x008d28          --   Gb  - Linker created -
Region$$Table$$Limit    0x008d32          --   Gb  - Linker created -
SPI_IRQHandler          0x008f67    0x1  Code  Gb  stm8l10x_it.o [1]
STM_DISCO_LEDInit       0x008ec7   0x12  Code  Gb  stm8_so8_disco.o [1]
STM_DISCO_LEDToggle     0x008e4d   0x16  Code  Gb  stm8_so8_disco.o [1]
STM_DISCO_PBInit        0x008ad2   0x3f  Code  Gb  stm8_so8_disco.o [1]
TBR_Array               0x008eea   0x11  Data  Gb  stm8l10x_awu.o [1]
TI1_Config              0x0084e5   0x80  Code  Lc  stm8l10x_tim2.o [1]
TI2_Config              0x008463   0x82  Code  Lc  stm8l10x_tim2.o [1]
TIM2_CAP_IRQHandler     0x008e35   0x18  Code  Gb  stm8l10x_it.o [1]
TIM2_ClearFlag          0x008c0b   0x2e  Code  Gb  stm8l10x_tim2.o [1]
TIM2_ClearITPendingBit  0x008d32   0x20  Code  Gb  stm8l10x_tim2.o [1]
TIM2_Cmd                0x008c39   0x2a  Code  Gb  stm8l10x_tim2.o [1]
TIM2_ComputeLsiClockFreq
                        0x008565   0x79  Code  Gb  stm8l10x_tim2.o [1]
TIM2_GetCapture1        0x008e03   0x1a  Code  Gb  stm8l10x_tim2.o [1]
TIM2_ICInit             0x008997   0x53  Code  Gb  stm8l10x_tim2.o [1]
TIM2_ITConfig           0x008a87   0x4b  Code  Gb  stm8l10x_tim2.o [1]
TIM2_SetIC1Prescaler    0x008bad   0x2f  Code  Gb  stm8l10x_tim2.o [1]
TIM2_SetIC2Prescaler    0x008bdc   0x2f  Code  Gb  stm8l10x_tim2.o [1]
TIM2_UPD_OVF_TRG_BRK_IRQHandler
                        0x008f64    0x1  Code  Gb  stm8l10x_it.o [1]
TIM3_CAP_IRQHandler     0x008f66    0x1  Code  Gb  stm8l10x_it.o [1]
TIM3_UPD_OVF_TRG_BRK_IRQHandler
                        0x008f65    0x1  Code  Gb  stm8l10x_it.o [1]
TIM4_ClearFlag          0x008cde   0x26  Code  Gb  stm8l10x_tim4.o [1]
TIM4_ClearITPendingBit  0x008d04   0x24  Code  Gb  stm8l10x_tim4.o [1]
TIM4_Cmd                0x008c63   0x2a  Code  Gb  stm8l10x_tim4.o [1]
TIM4_Config             0x008dcc   0x1c  Code  Lc  main.o [1]
TIM4_ITConfig           0x0089ea   0x4f  Code  Gb  stm8l10x_tim4.o [1]
TIM4_TimeBaseInit       0x0087ca   0x62  Code  Gb  stm8l10x_tim4.o [1]
TIM4_UPD_OVF_IRQHandler
                        0x008de8   0x1b  Code  Gb  stm8l10x_it.o [1]
TRAP_IRQHandler         0x008f58    0x1  Code  Gb  stm8l10x_it.o [1]
TimingDelay             0x000014    0x4  Data  Lc  main.o [1]
TimingDelay_Decrement   0x008dae   0x1e  Code  Gb  main.o [1]
USART_RX_IRQHandler     0x008f69    0x1  Code  Gb  stm8l10x_it.o [1]
USART_TX_IRQHandler     0x008f68    0x1  Code  Gb  stm8l10x_it.o [1]
__exit                  0x008f53    0x2  Code  Gb  xxexit.o [3]
__iar_copy_init2        0x008cb6         Code  Gb  init_small.o [4]
__iar_data_init2        0x008e8e   0x14  Code  Gb  init.o [4]
__iar_program_start     0x008ea2         Code  Gb  cstartup.o [4]
__iar_unhandled_exception
                        0x008f4e         Code  Gb  unhandled_exception.o [4]
__intvec                0x008000         Data  Gb  interrupt.o [4]
__low_level_init        0x008f48    0x3  Code  Gb  low_level_init.o [4]
_exit                   0x008f3c         Code  Gb  cexit.o [4]
_interrupt_1            0x008f58         Code  Gb  stm8l10x_it.o [1]
_interrupt_10           0x008f5c         Code  Gb  stm8l10x_it.o [1]
_interrupt_11           0x008f5d         Code  Gb  stm8l10x_it.o [1]
_interrupt_12           0x008f5e         Code  Gb  stm8l10x_it.o [1]
_interrupt_13           0x008f5f         Code  Gb  stm8l10x_it.o [1]
_interrupt_14           0x008f60         Code  Gb  stm8l10x_it.o [1]
_interrupt_15           0x008f61         Code  Gb  stm8l10x_it.o [1]
_interrupt_16           0x008f62         Code  Gb  stm8l10x_it.o [1]
_interrupt_17           0x008d71         Code  Gb  stm8l10x_it.o [1]
_interrupt_20           0x008f63         Code  Gb  stm8l10x_it.o [1]
_interrupt_21           0x008f64         Code  Gb  stm8l10x_it.o [1]
_interrupt_22           0x008e35         Code  Gb  stm8l10x_it.o [1]
_interrupt_23           0x008f65         Code  Gb  stm8l10x_it.o [1]
_interrupt_24           0x008f66         Code  Gb  stm8l10x_it.o [1]
_interrupt_27           0x008de8         Code  Gb  stm8l10x_it.o [1]
_interrupt_28           0x008f67         Code  Gb  stm8l10x_it.o [1]
_interrupt_29           0x008f68         Code  Gb  stm8l10x_it.o [1]
_interrupt_3            0x008f59         Code  Gb  stm8l10x_it.o [1]
_interrupt_30           0x008f69         Code  Gb  stm8l10x_it.o [1]
_interrupt_31           0x008f6a         Code  Gb  stm8l10x_it.o [1]
_interrupt_6            0x008e63         Code  Gb  stm8l10x_it.o [1]
_interrupt_8            0x008f5a         Code  Gb  stm8l10x_it.o [1]
_interrupt_9            0x008f5b         Code  Gb  stm8l10x_it.o [1]
assert_failed           0x008f51    0x2  Code  Gb  main.o [1]
exit                    0x008f4b    0x3  Code  Gb  exit.o [4]
main                    0x008eb5   0x12  Code  Gb  main.o [1]


[1] = E:\Git_Repo\STM8_DISCO_BOARD_Blinking_LED\EWSTM8\STM8L001J3\Obj
[2] = command line
[3] = dbgstm8smn.a
[4] = dlstm8smn.a

  3 169 bytes of readonly  code memory
    778 bytes of readonly  data memory
    285 bytes of readwrite data memory

Errors: none
Warnings: none
