###############################################################################
#
# IAR ELF Linker V3.10.1.201 for STM8                     29/Aug/2019  11:32:12
# Copyright 2010-2017 IAR Systems AB.
#
#    Output file  =  
#        E:\Git_Repo\STM8_DISCO_BOARD_Blinking_LED\EWSTM8\STM8L001J3\Exe\Blinking_LED.out
#    Map file     =  
#        E:\Git_Repo\STM8_DISCO_BOARD_Blinking_LED\EWSTM8\STM8L001J3\List\Blinking_LED.map
#    Command line =  
#        -f C:\Users\ADMINI~1\AppData\Local\Temp\EWCC88.tmp
#        (E:\Git_Repo\STM8_DISCO_BOARD_Blinking_LED\EWSTM8\STM8L001J3\Obj\main.o
#        E:\Git_Repo\STM8_DISCO_BOARD_Blinking_LED\EWSTM8\STM8L001J3\Obj\stm8_so8_disco.o
#        E:\Git_Repo\STM8_DISCO_BOARD_Blinking_LED\EWSTM8\STM8L001J3\Obj\stm8l15x_clk.o
#        E:\Git_Repo\STM8_DISCO_BOARD_Blinking_LED\EWSTM8\STM8L001J3\Obj\stm8l15x_exti.o
#        E:\Git_Repo\STM8_DISCO_BOARD_Blinking_LED\EWSTM8\STM8L001J3\Obj\stm8l15x_gpio.o
#        E:\Git_Repo\STM8_DISCO_BOARD_Blinking_LED\EWSTM8\STM8L001J3\Obj\stm8l15x_it.o
#        E:\Git_Repo\STM8_DISCO_BOARD_Blinking_LED\EWSTM8\STM8L001J3\Obj\stm8l15x_tim4.o
#        --redirect _Printf=_PrintfSmall --redirect _Scanf=_ScanfSmall -o
#        E:\Git_Repo\STM8_DISCO_BOARD_Blinking_LED\EWSTM8\STM8L001J3\Exe\Blinking_LED.out
#        --map
#        E:\Git_Repo\STM8_DISCO_BOARD_Blinking_LED\EWSTM8\STM8L001J3\List\Blinking_LED.map
#        --config "D:\IAR for STM8\stm8\config\lnkstm8l050j3.icf" --config_def
#        _CSTACK_SIZE=0x100 --config_def _HEAP_SIZE=0x100 --entry
#        __iar_program_start)
#
###############################################################################

*******************************************************************************
*** RUNTIME MODEL ATTRIBUTES
***

__SystemLibrary            = DLib
__code_model               = small
__core                     = stm8
__data_model               = medium
__dlib_file_descriptor     = 0
__dlib_full_locale_support = 0
__rt_version               = 4


*******************************************************************************
*** PLACEMENT SUMMARY
***

"A0":  place at start of [0x000000-0x0000ff] { rw section .vregs };
"A1":  place at end of [0x000000-0x0003ff] { block CSTACK };
"P2":  place in [from 0x000000 to 0x0003ff] {
          block HEAP, rw section __DLIB_PERTHREAD, rw section .far.bss,
          rw section .far.data, rw section .far.noinit,
          rw section .far_func.textrw, rw section .huge.bss,
          rw section .huge.data, rw section .huge.noinit,
          rw section .huge_func.textrw, rw section .iar.dynexit,
          rw section .near.bss, rw section .near.data, rw section .near.noinit,
          rw section .near_func.textrw };
"A2":  place at start of [0x008000-0x009fff] { block INTVEC };
"P3":  place in [from 0x008000 to 0x009fff] {
          ro section __DLIB_PERTHREAD_init, ro section .far.data_init,
          ro section .far_func.textrw_init, ro section .huge.data_init,
          ro section .huge_func.textrw_init, ro section .iar.init_table,
          ro section .init_array, ro section .near.data_init,
          ro section .near.rodata, ro section .near_func.text,
          ro section .near_func.textrw_init, ro section .tiny.data_init,
          ro section .tiny.rodata_init };
"P4":  place in [from 0x008000 to 0x009fff] {
          ro section .far.rodata, ro section .far_func.text };
"P5":  place in [from 0x008000 to 0x009fff] {
          ro section .huge.rodata, ro section .huge_func.text };
do not initialize {
   rw section .eeprom.noinit, rw section .far.noinit, rw section .huge.noinit,
   rw section .near.noinit, rw section .tiny.noinit, rw section .vregs };
initialize by copy {
   rw section .far.bss, rw section .far.data, rw section .far_func.textrw,
   rw section .huge.bss, rw section .huge.data, rw section .huge_func.textrw,
   rw section .iar.dynexit, rw section .near.bss, rw section .near.data,
   rw section .near_func.textrw, rw section .tiny.bss, rw section .tiny.data,
   ro section .tiny.rodata };

  Section            Kind      Address   Size  Object
  -------            ----      -------   ----  ------
"A0":                                    0x10
  .vregs             uninit   0x000000   0x10  vregs.o [4]
                            - 0x000010   0x10

"P2":                                     0x9
  P2-1                        0x000010    0x9  <Init block>
    .near.data       inited   0x000010    0x2  stm8_so8_disco.o [1]
    .near.data       inited   0x000012    0x2  stm8_so8_disco.o [1]
    .near.bss        inited   0x000014    0x4  main.o [1]
    .near.bss        inited   0x000018    0x1  main.o [1]
                            - 0x000019    0x9

"A1":                                   0x100
  CSTACK                      0x000300  0x100  <Block>
    CSTACK           uninit   0x000300  0x100  <Block tail>
                            - 0x000400  0x100

"A2":                                    0x80
  INTVEC                      0x008000   0x80  <Block>
    .intvec          const    0x008000   0x80  interrupt.o [4]
                            - 0x008080   0x80

"P3-P5":                                0xd48
  .near_func.text    ro code  0x008080  0x3f6  float.o [4]
  .near_func.text    ro code  0x008476   0xe4  stm8l15x_exti.o [1]
  .near_func.text    ro code  0x00855a   0xcb  stm8l15x_clk.o [1]
  .near_func.text    ro code  0x008625   0xbb  vreg_util.o [4]
  .near_func.text    ro code  0x0086e0   0xad  stm8l15x_gpio.o [1]
  .near_func.text    ro code  0x00878d   0x81  main.o [1]
  .near_func.text    ro code  0x00880e   0x66  stm8l15x_exti.o [1]
  .near.rodata       const    0x008874   0x62  stm8l15x_exti.o [1]
  .near.rodata       const    0x0088d6   0x62  stm8l15x_gpio.o [1]
  .near.rodata       const    0x008938   0x62  stm8l15x_tim4.o [1]
  .near.rodata       const    0x00899a   0x61  stm8l15x_clk.o [1]
  .near_func.text    ro code  0x0089fb   0x5e  stm8l15x_tim4.o [1]
  .near_func.text    ro code  0x008a59   0x42  long_util.o [4]
  .near_func.text    ro code  0x008a9b   0x3f  stm8_so8_disco.o [1]
  .near_func.text    ro code  0x008ada   0x3e  main.o [1]
  .near_func.text    ro code  0x008b18   0x3e  main.o [1]
  .near_func.text    ro code  0x008b56   0x37  stm8l15x_tim4.o [1]
  .near_func.text    ro code  0x008b8d   0x33  stm8l15x_clk.o [1]
  .near_func.text    ro code  0x008bc0   0x28  init_small.o [4]
  .near_func.text    ro code  0x008be8   0x25  stm8l15x_clk.o [1]
  .iar.init_table    const    0x008c0d    0xa  - Linker created -
  .near_func.text    ro code  0x008c17   0x20  stm8l15x_it.o [1]
  .near_func.text    ro code  0x008c37   0x1e  stm8l15x_tim4.o [1]
  .near_func.text    ro code  0x008c55   0x1c  stm8l15x_tim4.o [1]
  .near_func.text    ro code  0x008c71   0x1b  stm8l15x_it.o [1]
  .near_func.text    ro code  0x008c8c   0x1a  dc_util.o [4]
  .near_func.text    ro code  0x008ca6   0x16  stm8l15x_tim4.o [1]
  .near_func.text    ro code  0x008cbc   0x14  init.o [4]
  .near_func.text    ro code  0x008cd0   0x13  cstartup.o [4]
  .near_func.text    ro code  0x008ce3   0x13  long.o [4]
  .near_func.text    ro code  0x008cf6   0x12  stm8_so8_disco.o [1]
  .near_func.text    ro code  0x008d08   0x12  stm8_so8_disco.o [1]
  .near_func.text    ro code  0x008d1a    0xb  stm8l15x_clk.o [1]
  .near_func.text    ro code  0x008d25    0xb  stm8l15x_clk.o [1]
  .near_func.text    ro code  0x008d30    0xb  stm8l15x_exti.o [1]
  .near_func.text    ro code  0x008d3b    0xb  stm8l15x_gpio.o [1]
  .near_func.text    ro code  0x008d46    0xb  stm8l15x_tim4.o [1]
  .near_func.text    ro code  0x008d51    0x9  stm8l15x_exti.o [1]
  Initializer bytes  const    0x008d5a    0x9  <for P2-1>
  .near_func.text    ro code  0x008d63    0x8  short.o [4]
  .near_func.text    ro code  0x008d6b    0x7  stm8l15x_exti.o [1]
  .near_func.text    ro code  0x008d72    0x7  stm8l15x_exti.o [1]
  .near_func.text    ro code  0x008d79    0x6  stm8_so8_disco.o [1]
  .near_func.text    ro code  0x008d7f    0x6  stm8l15x_clk.o [1]
  .near_func.text    ro code  0x008d85    0x6  char.o [4]
  .near_func.text    ro code  0x008d8b    0x5  stm8_so8_disco.o [1]
  .near_func.text    ro code  0x008d90    0x5  cexit.o [4]
  .near_func.text    ro code  0x008d95    0x4  stm8l15x_tim4.o [1]
  .near_func.text    ro code  0x008d99    0x3  interrupt.o [4]
  .near_func.text    ro code  0x008d9c    0x3  low_level_init.o [4]
  .near_func.text    ro code  0x008d9f    0x3  exit.o [4]
  .near_func.text    ro code  0x008da2    0x3  unhandled_exception.o [4]
  .near_func.text    ro code  0x008da5    0x2  main.o [1]
  .near_func.text    ro code  0x008da7    0x2  xxexit.o [3]
  .near.rodata       const    0x008da9    0x1  stm8_so8_disco.o [1]
  .near.rodata       const    0x008daa    0x1  stm8_so8_disco.o [1]
  .near.rodata       const    0x008dab    0x1  stm8_so8_disco.o [1]
  .near_func.text    ro code  0x008dac    0x1  stm8l15x_it.o [1]
  .near_func.text    ro code  0x008dad    0x1  stm8l15x_it.o [1]
  .near_func.text    ro code  0x008dae    0x1  stm8l15x_it.o [1]
  .near_func.text    ro code  0x008daf    0x1  stm8l15x_it.o [1]
  .near_func.text    ro code  0x008db0    0x1  stm8l15x_it.o [1]
  .near_func.text    ro code  0x008db1    0x1  stm8l15x_it.o [1]
  .near_func.text    ro code  0x008db2    0x1  stm8l15x_it.o [1]
  .near_func.text    ro code  0x008db3    0x1  stm8l15x_it.o [1]
  .near_func.text    ro code  0x008db4    0x1  stm8l15x_it.o [1]
  .near_func.text    ro code  0x008db5    0x1  stm8l15x_it.o [1]
  .near_func.text    ro code  0x008db6    0x1  stm8l15x_it.o [1]
  .near_func.text    ro code  0x008db7    0x1  stm8l15x_it.o [1]
  .near_func.text    ro code  0x008db8    0x1  stm8l15x_it.o [1]
  .near_func.text    ro code  0x008db9    0x1  stm8l15x_it.o [1]
  .near_func.text    ro code  0x008dba    0x1  stm8l15x_it.o [1]
  .near_func.text    ro code  0x008dbb    0x1  stm8l15x_it.o [1]
  .near_func.text    ro code  0x008dbc    0x1  stm8l15x_it.o [1]
  .near_func.text    ro code  0x008dbd    0x1  stm8l15x_it.o [1]
  .near_func.text    ro code  0x008dbe    0x1  stm8l15x_it.o [1]
  .near_func.text    ro code  0x008dbf    0x1  stm8l15x_it.o [1]
  .near_func.text    ro code  0x008dc0    0x1  stm8l15x_it.o [1]
  .near_func.text    ro code  0x008dc1    0x1  stm8l15x_it.o [1]
  .near_func.text    ro code  0x008dc2    0x1  stm8l15x_it.o [1]
  .near_func.text    ro code  0x008dc3    0x1  stm8l15x_it.o [1]
  .near_func.text    ro code  0x008dc4    0x1  stm8l15x_it.o [1]
  .near_func.text    ro code  0x008dc5    0x1  stm8l15x_it.o [1]
  .near_func.text    ro code  0x008dc6    0x1  stm8l15x_it.o [1]
  .near_func.text    ro code  0x008dc7    0x1  stm8l15x_it.o [1]
                            - 0x008dc8  0xd48


*******************************************************************************
*** INIT TABLE
***

          Address   Size
          -------   ----
Copy (__iar_copy_init2)
    1 source range, total size 0x9:
          0x008d5a   0x9
    1 destination range, total size 0x9:
          0x000010   0x9



*******************************************************************************
*** MODULE SUMMARY
***

    Module                 ro code  ro data  rw data
    ------                 -------  -------  -------
E:\Git_Repo\STM8_DISCO_BOARD_Blinking_LED\EWSTM8\STM8L001J3\Obj: [1]
    main.o                     255        5        5
    stm8_so8_disco.o           110        7        4
    stm8l15x_clk.o             319       97
    stm8l15x_exti.o            364       98
    stm8l15x_gpio.o            184       98
    stm8l15x_it.o               87
    stm8l15x_tim4.o            244       98
    ------------------------------------------------
    Total:                   1 563      403        9

command line: [2]
    ------------------------------------------------
    Total:

dbgstm8smn.a: [3]
    xxexit.o                     2
    ------------------------------------------------
    Total:                       2

dlstm8smn.a: [4]
    cexit.o                      5
    char.o                       6
    cstartup.o                  19
    dc_util.o                   26
    exit.o                       3
    float.o                  1 014
    init.o                      20
    init_small.o                40
    interrupt.o                  3      128
    long.o                      19
    long_util.o                 66
    low_level_init.o             3
    short.o                      8
    unhandled_exception.o        3
    vreg_util.o                187
    vregs.o                                       16
    ------------------------------------------------
    Total:                   1 422      128       16

    Linker created                       10      256
----------------------------------------------------
    Grand Total:             2 987      541      281


*******************************************************************************
*** ENTRY LIST
***

Entry                    Address  Size  Type      Object
-----                    -------  ----  ----      ------
.iar.init_table$$Base   0x008c0d         --   Gb  - Linker created -
.iar.init_table$$Limit  0x008c17         --   Gb  - Linker created -
?b0                     0x000000        Data  Gb  vregs.o [4]
?b1                     0x000001        Data  Gb  vregs.o [4]
?b10                    0x00000a        Data  Gb  vregs.o [4]
?b11                    0x00000b        Data  Gb  vregs.o [4]
?b12                    0x00000c        Data  Gb  vregs.o [4]
?b13                    0x00000d        Data  Gb  vregs.o [4]
?b14                    0x00000e        Data  Gb  vregs.o [4]
?b15                    0x00000f        Data  Gb  vregs.o [4]
?b2                     0x000002        Data  Gb  vregs.o [4]
?b3                     0x000003        Data  Gb  vregs.o [4]
?b4                     0x000004        Data  Gb  vregs.o [4]
?b5                     0x000005        Data  Gb  vregs.o [4]
?b6                     0x000006        Data  Gb  vregs.o [4]
?b7                     0x000007        Data  Gb  vregs.o [4]
?b8                     0x000008        Data  Gb  vregs.o [4]
?b9                     0x000009        Data  Gb  vregs.o [4]
?dc32_l0                0x008c8c        Code  Gb  dc_util.o [4]
?dc32_l1                0x008c99        Code  Gb  dc_util.o [4]
?e0                     0x000001        Data  Gb  vregs.o [4]
?e1                     0x000005        Data  Gb  vregs.o [4]
?e2                     0x000009        Data  Gb  vregs.o [4]
?e3                     0x00000d        Data  Gb  vregs.o [4]
?epilogue_l2            0x0086b1        Code  Gb  vreg_util.o [4]
?epilogue_w4            0x0086b5        Code  Gb  vreg_util.o [4]
?fadd32_l0_l0_dc32      0x00809d        Code  Gb  float.o [4]
?fadd32_l0_l0_l1        0x0080a2        Code  Gb  float.o [4]
?fcastf32u16_l0_x       0x00831e        Code  Gb  float.o [4]
?fcastf32u32_l0_l0      0x00833c        Code  Gb  float.o [4]
?fcmpge32_c_l0_0x       0x0082c6        Code  Gb  float.o [4]
?fcmpge32_c_l0_l1       0x0082c3        Code  Gb  float.o [4]
?fdiv32_l0_dc32_l1      0x008210        Code  Gb  float.o [4]
?fdiv32_l0_l0_l1        0x008215        Code  Gb  float.o [4]
?fmul32_l0_l0_dc32      0x008170        Code  Gb  float.o [4]
?fmul32_l0_l0_l1        0x008175        Code  Gb  float.o [4]
?inc32_0x_0x            0x008ce8        Code  Gb  long.o [4]
?inc32_l0_l0            0x008ce3        Code  Gb  long.o [4]
?l0                     0x000000        Data  Gb  vregs.o [4]
?l1                     0x000004        Data  Gb  vregs.o [4]
?l2                     0x000008        Data  Gb  vregs.o [4]
?l3                     0x00000c        Data  Gb  vregs.o [4]
?load32_0x_l0           0x008a8d        Code  Gb  long_util.o [4]
?load32_l0_0x           0x008a69        Code  Gb  long_util.o [4]
?load32_l0_asp          0x008a5e        Code  Gb  long_util.o [4]
?load32_l0_dbsp         0x008a59        Code  Gb  long_util.o [4]
?load32_l0_xsp          0x008a60        Code  Gb  long_util.o [4]
?load32_l1_0x           0x008a75        Code  Gb  long_util.o [4]
?load32_l3_0x           0x008a81        Code  Gb  long_util.o [4]
?mov_e0_e1              0x0086bc        Code  Gb  vreg_util.o [4]
?mov_e0_e3              0x0086c9        Code  Gb  vreg_util.o [4]
?mov_e1_e0              0x0086d6        Code  Gb  vreg_util.o [4]
?mov_l0_l1              0x0086b9        Code  Gb  vreg_util.o [4]
?mov_l0_l3              0x0086c6        Code  Gb  vreg_util.o [4]
?mov_l1_l0              0x0086d3        Code  Gb  vreg_util.o [4]
?mov_w1_w3              0x0086bf        Code  Gb  vreg_util.o [4]
?mov_w1_w7              0x0086cc        Code  Gb  vreg_util.o [4]
?mov_w3_w1              0x0086d9        Code  Gb  vreg_util.o [4]
?pop_l0                 0x00867d        Code  Gb  vreg_util.o [4]
?pop_l1                 0x008688        Code  Gb  vreg_util.o [4]
?pop_l2                 0x008693        Code  Gb  vreg_util.o [4]
?pop_l3                 0x00869e        Code  Gb  vreg_util.o [4]
?pop_w4                 0x00863d        Code  Gb  vreg_util.o [4]
?push_l0                0x00864c        Code  Gb  vreg_util.o [4]
?push_l1                0x008651        Code  Gb  vreg_util.o [4]
?push_l2                0x008656        Code  Gb  vreg_util.o [4]
?push_l3                0x00865b        Code  Gb  vreg_util.o [4]
?push_w4                0x008625        Code  Gb  vreg_util.o [4]
?sll16_x_x_a            0x008d63        Code  Gb  short.o [4]
?sll8_a_a_5             0x008d86        Code  Gb  char.o [4]
?sll8_a_a_6             0x008d85        Code  Gb  char.o [4]
?w0                     0x000000        Data  Gb  vregs.o [4]
?w1                     0x000002        Data  Gb  vregs.o [4]
?w2                     0x000004        Data  Gb  vregs.o [4]
?w3                     0x000006        Data  Gb  vregs.o [4]
?w4                     0x000008        Data  Gb  vregs.o [4]
?w5                     0x00000a        Data  Gb  vregs.o [4]
?w6                     0x00000c        Data  Gb  vregs.o [4]
?w7                     0x00000e        Data  Gb  vregs.o [4]
ADC1_COMP_IRQHandler    0x008dbd   0x1  Code  Gb  stm8l15x_it.o [1]
BUTTON_EXTI             0x008dab   0x1  Data  Gb  stm8_so8_disco.o [1]
BUTTON_PIN              0x008daa   0x1  Data  Gb  stm8_so8_disco.o [1]
BUTTON_PORT             0x000012   0x2  Data  Gb  stm8_so8_disco.o [1]
BlinkSpeed              0x000018   0x1  Data  Gb  main.o [1]
CLK_PeripheralClockConfig
                        0x00855a  0xcb  Code  Gb  stm8l15x_clk.o [1]
CLK_SYSCLKDivConfig     0x008b8d  0x33  Code  Gb  stm8l15x_clk.o [1]
CLK_SYSCLKSourceConfig  0x008be8  0x25  Code  Gb  stm8l15x_clk.o [1]
CSTACK$$Base            0x000300         --   Gb  - Linker created -
CSTACK$$Limit           0x000400         --   Gb  - Linker created -
DMA1_CHANNEL0_1_IRQHandler
                        0x008dae   0x1  Code  Gb  stm8l15x_it.o [1]
DMA1_CHANNEL2_3_IRQHandler
                        0x008daf   0x1  Code  Gb  stm8l15x_it.o [1]
Delay                   0x00878d  0x81  Code  Gb  main.o [1]
EXTI0_IRQHandler        0x008db4   0x1  Code  Gb  stm8l15x_it.o [1]
EXTI1_IRQHandler        0x008db5   0x1  Code  Gb  stm8l15x_it.o [1]
EXTI2_IRQHandler        0x008db6   0x1  Code  Gb  stm8l15x_it.o [1]
EXTI3_IRQHandler        0x008db7   0x1  Code  Gb  stm8l15x_it.o [1]
EXTI4_IRQHandler        0x008db8   0x1  Code  Gb  stm8l15x_it.o [1]
EXTI5_IRQHandler        0x008db9   0x1  Code  Gb  stm8l15x_it.o [1]
EXTI6_IRQHandler        0x008dba   0x1  Code  Gb  stm8l15x_it.o [1]
EXTI7_IRQHandler        0x008c17  0x20  Code  Gb  stm8l15x_it.o [1]
EXTIB_G_IRQHandler      0x008db2   0x1  Code  Gb  stm8l15x_it.o [1]
EXTID_H_IRQHandler      0x008db3   0x1  Code  Gb  stm8l15x_it.o [1]
EXTIE_F_PVD_IRQHandler  0x008db1   0x1  Code  Gb  stm8l15x_it.o [1]
EXTI_ClearITPendingBit  0x00880e  0x66  Code  Gb  stm8l15x_exti.o [1]
EXTI_SetPinSensitivity  0x008476  0xe4  Code  Gb  stm8l15x_exti.o [1]
FLASH_IRQHandler        0x008dad   0x1  Code  Gb  stm8l15x_it.o [1]
GPIO_Init               0x0086e0  0xad  Code  Gb  stm8l15x_gpio.o [1]
I2C1_SPI2_IRQHandler    0x008dc7   0x1  Code  Gb  stm8l15x_it.o [1]
INTVEC$$Base            0x008000         --   Gb  - Linker created -
INTVEC$$Limit           0x008080         --   Gb  - Linker created -
LCD_AES_IRQHandler      0x008dbb   0x1  Code  Gb  stm8l15x_it.o [1]
LED_PIN                 0x008da9   0x1  Data  Gb  stm8_so8_disco.o [1]
LED_PORT                0x000010   0x2  Data  Gb  stm8_so8_disco.o [1]
RTC_CSSLSE_IRQHandler   0x008db0   0x1  Code  Gb  stm8l15x_it.o [1]
Region$$Table$$Base     0x008c0d         --   Gb  - Linker created -
Region$$Table$$Limit    0x008c17         --   Gb  - Linker created -
SPI1_IRQHandler         0x008dc4   0x1  Code  Gb  stm8l15x_it.o [1]
STM_DISCO_LEDInit       0x008cf6  0x12  Code  Gb  stm8_so8_disco.o [1]
STM_DISCO_LEDToggle     0x008d79   0x6  Code  Gb  stm8_so8_disco.o [1]
STM_DISCO_PBInit        0x008a9b  0x3f  Code  Gb  stm8_so8_disco.o [1]
SWITCH_CSS_BREAK_DAC_IRQHandler
                        0x008dbc   0x1  Code  Gb  stm8l15x_it.o [1]
TIM1_CC_IRQHandler      0x008dc3   0x1  Code  Gb  stm8l15x_it.o [1]
TIM1_UPD_OVF_TRG_COM_IRQHandler
                        0x008dc2   0x1  Code  Gb  stm8l15x_it.o [1]
TIM2_CC_USART2_RX_IRQHandler
                        0x008dbf   0x1  Code  Gb  stm8l15x_it.o [1]
TIM2_UPD_OVF_TRG_BRK_USART2_TX_IRQHandler
                        0x008dbe   0x1  Code  Gb  stm8l15x_it.o [1]
TIM3_CC_USART3_RX_IRQHandler
                        0x008dc1   0x1  Code  Gb  stm8l15x_it.o [1]
TIM3_UPD_OVF_TRG_BRK_USART3_TX_IRQHandler
                        0x008dc0   0x1  Code  Gb  stm8l15x_it.o [1]
TIM4_ClearFlag          0x008c37  0x1e  Code  Gb  stm8l15x_tim4.o [1]
TIM4_ClearITPendingBit  0x008c55  0x1c  Code  Gb  stm8l15x_tim4.o [1]
TIM4_Cmd                0x008ca6  0x16  Code  Gb  stm8l15x_tim4.o [1]
TIM4_GetPrescaler       0x008d95   0x4  Code  Gb  stm8l15x_tim4.o [1]
TIM4_ITConfig           0x008b56  0x37  Code  Gb  stm8l15x_tim4.o [1]
TIM4_TimeBaseInit       0x0089fb  0x5e  Code  Gb  stm8l15x_tim4.o [1]
TIM4_UPD_OVF_TRG_IRQHandler
                        0x008c71  0x1b  Code  Gb  stm8l15x_it.o [1]
TRAP_IRQHandler         0x008dac   0x1  Code  Gb  stm8l15x_it.o [1]
TimingDelay             0x000014   0x4  Data  Gb  main.o [1]
TimingDelay_Decrement   0x008b18  0x3e  Code  Gb  main.o [1]
USART1_RX_TIM5_CC_IRQHandler
                        0x008dc6   0x1  Code  Gb  stm8l15x_it.o [1]
USART1_TX_TIM5_UPD_OVF_TRG_BRK_IRQHandler
                        0x008dc5   0x1  Code  Gb  stm8l15x_it.o [1]
__exit                  0x008da7   0x2  Code  Gb  xxexit.o [3]
__iar_copy_init2        0x008bc0        Code  Gb  init_small.o [4]
__iar_data_init2        0x008cbc  0x14  Code  Gb  init.o [4]
__iar_program_start     0x008cd0        Code  Gb  cstartup.o [4]
__iar_unhandled_exception
                        0x008da2        Code  Gb  unhandled_exception.o [4]
__intvec                0x008000        Data  Gb  interrupt.o [4]
__low_level_init        0x008d9c   0x3  Code  Gb  low_level_init.o [4]
_exit                   0x008d90        Code  Gb  cexit.o [4]
_interrupt_1            0x008dac        Code  Gb  stm8l15x_it.o [1]
_interrupt_10           0x008db4        Code  Gb  stm8l15x_it.o [1]
_interrupt_11           0x008db5        Code  Gb  stm8l15x_it.o [1]
_interrupt_12           0x008db6        Code  Gb  stm8l15x_it.o [1]
_interrupt_13           0x008db7        Code  Gb  stm8l15x_it.o [1]
_interrupt_14           0x008db8        Code  Gb  stm8l15x_it.o [1]
_interrupt_15           0x008db9        Code  Gb  stm8l15x_it.o [1]
_interrupt_16           0x008dba        Code  Gb  stm8l15x_it.o [1]
_interrupt_17           0x008c17        Code  Gb  stm8l15x_it.o [1]
_interrupt_18           0x008dbb        Code  Gb  stm8l15x_it.o [1]
_interrupt_19           0x008dbc        Code  Gb  stm8l15x_it.o [1]
_interrupt_20           0x008dbd        Code  Gb  stm8l15x_it.o [1]
_interrupt_21           0x008dbe        Code  Gb  stm8l15x_it.o [1]
_interrupt_22           0x008dbf        Code  Gb  stm8l15x_it.o [1]
_interrupt_23           0x008dc0        Code  Gb  stm8l15x_it.o [1]
_interrupt_24           0x008dc1        Code  Gb  stm8l15x_it.o [1]
_interrupt_25           0x008dc2        Code  Gb  stm8l15x_it.o [1]
_interrupt_26           0x008dc3        Code  Gb  stm8l15x_it.o [1]
_interrupt_27           0x008c71        Code  Gb  stm8l15x_it.o [1]
_interrupt_28           0x008dc4        Code  Gb  stm8l15x_it.o [1]
_interrupt_29           0x008dc5        Code  Gb  stm8l15x_it.o [1]
_interrupt_3            0x008dad        Code  Gb  stm8l15x_it.o [1]
_interrupt_30           0x008dc6        Code  Gb  stm8l15x_it.o [1]
_interrupt_31           0x008dc7        Code  Gb  stm8l15x_it.o [1]
_interrupt_4            0x008dae        Code  Gb  stm8l15x_it.o [1]
_interrupt_5            0x008daf        Code  Gb  stm8l15x_it.o [1]
_interrupt_6            0x008db0        Code  Gb  stm8l15x_it.o [1]
_interrupt_7            0x008db1        Code  Gb  stm8l15x_it.o [1]
_interrupt_8            0x008db2        Code  Gb  stm8l15x_it.o [1]
_interrupt_9            0x008db3        Code  Gb  stm8l15x_it.o [1]
assert_failed           0x008da5   0x2  Code  Gb  main.o [1]
exit                    0x008d9f   0x3  Code  Gb  exit.o [4]
main                    0x008ada  0x3e  Code  Gb  main.o [1]


[1] = E:\Git_Repo\STM8_DISCO_BOARD_Blinking_LED\EWSTM8\STM8L001J3\Obj
[2] = command line
[3] = dbgstm8smn.a
[4] = dlstm8smn.a

  2 987 bytes of readonly  code memory
    541 bytes of readonly  data memory
    281 bytes of readwrite data memory

Errors: none
Warnings: none
