<!doctype html public "-//w3c//dtd html 4.0 transitional//en">
<html><head>
<title>Static Call Graph - [test\test.axf]</title></head>
<body><HR>
<H1>Static Call Graph for image test\test.axf</H1><HR>
<BR><P>#&#060CALLGRAPH&#062# ARM Linker, 5060422: Last Updated: Tue Dec 03 16:55:39 2019
<BR><P>
<H3>Maximum Stack Usage =       1352 bytes + Unknown(Cycles, Untraceable Function Pointers)</H3><H3>
Call chain for Maximum Stack Depth:</H3>
main &rArr; f_open &rArr; dir_register &rArr; dir_find &rArr; dir_next &rArr; create_chain &rArr; put_fat &rArr; move_window &rArr; sync_window &rArr; disk_write
<P>
<H3>
Mutually Recursive functions
</H3> <LI><a href="#[1c]">ADC1_2_IRQHandler</a>&nbsp;&nbsp;&nbsp;&rArr;&nbsp;&nbsp;&nbsp;<a href="#[1c]">ADC1_2_IRQHandler</a><BR>
 <LI><a href="#[4]">BusFault_Handler</a>&nbsp;&nbsp;&nbsp;&rArr;&nbsp;&nbsp;&nbsp;<a href="#[4]">BusFault_Handler</a><BR>
 <LI><a href="#[2]">HardFault_Handler</a>&nbsp;&nbsp;&nbsp;&rArr;&nbsp;&nbsp;&nbsp;<a href="#[2]">HardFault_Handler</a><BR>
 <LI><a href="#[3]">MemManage_Handler</a>&nbsp;&nbsp;&nbsp;&rArr;&nbsp;&nbsp;&nbsp;<a href="#[3]">MemManage_Handler</a><BR>
 <LI><a href="#[5]">UsageFault_Handler</a>&nbsp;&nbsp;&nbsp;&rArr;&nbsp;&nbsp;&nbsp;<a href="#[5]">UsageFault_Handler</a><BR>
 <LI><a href="#[63]">Error_Handler</a>&nbsp;&nbsp;&nbsp;&rArr;&nbsp;&nbsp;&nbsp;<a href="#[63]">Error_Handler</a><BR>
</UL>
<P>
<H3>
Function Pointers
</H3><UL>
 <LI><a href="#[1c]">ADC1_2_IRQHandler</a> from startup_stm32f103xe.o(.text) referenced from startup_stm32f103xe.o(RESET)
 <LI><a href="#[39]">ADC3_IRQHandler</a> from startup_stm32f103xe.o(.text) referenced from startup_stm32f103xe.o(RESET)
 <LI><a href="#[4]">BusFault_Handler</a> from stm32f1xx_it.o(i.BusFault_Handler) referenced from startup_stm32f103xe.o(RESET)
 <LI><a href="#[1f]">CAN1_RX1_IRQHandler</a> from startup_stm32f103xe.o(.text) referenced from startup_stm32f103xe.o(RESET)
 <LI><a href="#[20]">CAN1_SCE_IRQHandler</a> from startup_stm32f103xe.o(.text) referenced from startup_stm32f103xe.o(RESET)
 <LI><a href="#[15]">DMA1_Channel1_IRQHandler</a> from startup_stm32f103xe.o(.text) referenced from startup_stm32f103xe.o(RESET)
 <LI><a href="#[16]">DMA1_Channel2_IRQHandler</a> from startup_stm32f103xe.o(.text) referenced from startup_stm32f103xe.o(RESET)
 <LI><a href="#[17]">DMA1_Channel3_IRQHandler</a> from startup_stm32f103xe.o(.text) referenced from startup_stm32f103xe.o(RESET)
 <LI><a href="#[18]">DMA1_Channel4_IRQHandler</a> from startup_stm32f103xe.o(.text) referenced from startup_stm32f103xe.o(RESET)
 <LI><a href="#[19]">DMA1_Channel5_IRQHandler</a> from startup_stm32f103xe.o(.text) referenced from startup_stm32f103xe.o(RESET)
 <LI><a href="#[1a]">DMA1_Channel6_IRQHandler</a> from startup_stm32f103xe.o(.text) referenced from startup_stm32f103xe.o(RESET)
 <LI><a href="#[1b]">DMA1_Channel7_IRQHandler</a> from startup_stm32f103xe.o(.text) referenced from startup_stm32f103xe.o(RESET)
 <LI><a href="#[42]">DMA2_Channel1_IRQHandler</a> from startup_stm32f103xe.o(.text) referenced from startup_stm32f103xe.o(RESET)
 <LI><a href="#[43]">DMA2_Channel2_IRQHandler</a> from startup_stm32f103xe.o(.text) referenced from startup_stm32f103xe.o(RESET)
 <LI><a href="#[44]">DMA2_Channel3_IRQHandler</a> from startup_stm32f103xe.o(.text) referenced from startup_stm32f103xe.o(RESET)
 <LI><a href="#[45]">DMA2_Channel4_5_IRQHandler</a> from startup_stm32f103xe.o(.text) referenced from startup_stm32f103xe.o(RESET)
 <LI><a href="#[7]">DebugMon_Handler</a> from stm32f1xx_it.o(i.DebugMon_Handler) referenced from startup_stm32f103xe.o(RESET)
 <LI><a href="#[10]">EXTI0_IRQHandler</a> from startup_stm32f103xe.o(.text) referenced from startup_stm32f103xe.o(RESET)
 <LI><a href="#[32]">EXTI15_10_IRQHandler</a> from startup_stm32f103xe.o(.text) referenced from startup_stm32f103xe.o(RESET)
 <LI><a href="#[11]">EXTI1_IRQHandler</a> from startup_stm32f103xe.o(.text) referenced from startup_stm32f103xe.o(RESET)
 <LI><a href="#[12]">EXTI2_IRQHandler</a> from startup_stm32f103xe.o(.text) referenced from startup_stm32f103xe.o(RESET)
 <LI><a href="#[13]">EXTI3_IRQHandler</a> from startup_stm32f103xe.o(.text) referenced from startup_stm32f103xe.o(RESET)
 <LI><a href="#[14]">EXTI4_IRQHandler</a> from startup_stm32f103xe.o(.text) referenced from startup_stm32f103xe.o(RESET)
 <LI><a href="#[21]">EXTI9_5_IRQHandler</a> from startup_stm32f103xe.o(.text) referenced from startup_stm32f103xe.o(RESET)
 <LI><a href="#[e]">FLASH_IRQHandler</a> from startup_stm32f103xe.o(.text) referenced from startup_stm32f103xe.o(RESET)
 <LI><a href="#[3a]">FSMC_IRQHandler</a> from startup_stm32f103xe.o(.text) referenced from startup_stm32f103xe.o(RESET)
 <LI><a href="#[2]">HardFault_Handler</a> from stm32f1xx_it.o(i.HardFault_Handler) referenced from startup_stm32f103xe.o(RESET)
 <LI><a href="#[2a]">I2C1_ER_IRQHandler</a> from startup_stm32f103xe.o(.text) referenced from startup_stm32f103xe.o(RESET)
 <LI><a href="#[29]">I2C1_EV_IRQHandler</a> from startup_stm32f103xe.o(.text) referenced from startup_stm32f103xe.o(RESET)
 <LI><a href="#[2c]">I2C2_ER_IRQHandler</a> from startup_stm32f103xe.o(.text) referenced from startup_stm32f103xe.o(RESET)
 <LI><a href="#[2b]">I2C2_EV_IRQHandler</a> from startup_stm32f103xe.o(.text) referenced from startup_stm32f103xe.o(RESET)
 <LI><a href="#[3]">MemManage_Handler</a> from stm32f1xx_it.o(i.MemManage_Handler) referenced from startup_stm32f103xe.o(RESET)
 <LI><a href="#[1]">NMI_Handler</a> from stm32f1xx_it.o(i.NMI_Handler) referenced from startup_stm32f103xe.o(RESET)
 <LI><a href="#[b]">PVD_IRQHandler</a> from startup_stm32f103xe.o(.text) referenced from startup_stm32f103xe.o(RESET)
 <LI><a href="#[8]">PendSV_Handler</a> from stm32f1xx_it.o(i.PendSV_Handler) referenced from startup_stm32f103xe.o(RESET)
 <LI><a href="#[f]">RCC_IRQHandler</a> from startup_stm32f103xe.o(.text) referenced from startup_stm32f103xe.o(RESET)
 <LI><a href="#[33]">RTC_Alarm_IRQHandler</a> from startup_stm32f103xe.o(.text) referenced from startup_stm32f103xe.o(RESET)
 <LI><a href="#[d]">RTC_IRQHandler</a> from startup_stm32f103xe.o(.text) referenced from startup_stm32f103xe.o(RESET)
 <LI><a href="#[0]">Reset_Handler</a> from startup_stm32f103xe.o(.text) referenced from startup_stm32f103xe.o(RESET)
 <LI><a href="#[3b]">SDIO_IRQHandler</a> from stm32f1xx_it.o(i.SDIO_IRQHandler) referenced from startup_stm32f103xe.o(RESET)
 <LI><a href="#[4a]">SD_DMARxAbort</a> from stm32f1xx_hal_sd.o(i.SD_DMARxAbort) referenced from stm32f1xx_hal_sd.o(i.HAL_SD_IRQHandler)
 <LI><a href="#[49]">SD_DMATxAbort</a> from stm32f1xx_hal_sd.o(i.SD_DMATxAbort) referenced from stm32f1xx_hal_sd.o(i.HAL_SD_IRQHandler)
 <LI><a href="#[4d]">SD_initialize</a> from sd_diskio.o(i.SD_initialize) referenced from sd_diskio.o(.constdata)
 <LI><a href="#[51]">SD_ioctl</a> from sd_diskio.o(i.SD_ioctl) referenced from sd_diskio.o(.constdata)
 <LI><a href="#[4f]">SD_read</a> from sd_diskio.o(i.SD_read) referenced from sd_diskio.o(.constdata)
 <LI><a href="#[4e]">SD_status</a> from sd_diskio.o(i.SD_status) referenced from sd_diskio.o(.constdata)
 <LI><a href="#[50]">SD_write</a> from sd_diskio.o(i.SD_write) referenced from sd_diskio.o(.constdata)
 <LI><a href="#[2d]">SPI1_IRQHandler</a> from startup_stm32f103xe.o(.text) referenced from startup_stm32f103xe.o(RESET)
 <LI><a href="#[2e]">SPI2_IRQHandler</a> from startup_stm32f103xe.o(.text) referenced from startup_stm32f103xe.o(RESET)
 <LI><a href="#[3d]">SPI3_IRQHandler</a> from startup_stm32f103xe.o(.text) referenced from startup_stm32f103xe.o(RESET)
 <LI><a href="#[6]">SVC_Handler</a> from stm32f1xx_it.o(i.SVC_Handler) referenced from startup_stm32f103xe.o(RESET)
 <LI><a href="#[9]">SysTick_Handler</a> from stm32f1xx_it.o(i.SysTick_Handler) referenced from startup_stm32f103xe.o(RESET)
 <LI><a href="#[47]">SystemInit</a> from system_stm32f1xx.o(i.SystemInit) referenced from startup_stm32f103xe.o(.text)
 <LI><a href="#[c]">TAMPER_IRQHandler</a> from startup_stm32f103xe.o(.text) referenced from startup_stm32f103xe.o(RESET)
 <LI><a href="#[22]">TIM1_BRK_IRQHandler</a> from startup_stm32f103xe.o(.text) referenced from startup_stm32f103xe.o(RESET)
 <LI><a href="#[25]">TIM1_CC_IRQHandler</a> from startup_stm32f103xe.o(.text) referenced from startup_stm32f103xe.o(RESET)
 <LI><a href="#[24]">TIM1_TRG_COM_IRQHandler</a> from startup_stm32f103xe.o(.text) referenced from startup_stm32f103xe.o(RESET)
 <LI><a href="#[23]">TIM1_UP_IRQHandler</a> from startup_stm32f103xe.o(.text) referenced from startup_stm32f103xe.o(RESET)
 <LI><a href="#[26]">TIM2_IRQHandler</a> from startup_stm32f103xe.o(.text) referenced from startup_stm32f103xe.o(RESET)
 <LI><a href="#[27]">TIM3_IRQHandler</a> from startup_stm32f103xe.o(.text) referenced from startup_stm32f103xe.o(RESET)
 <LI><a href="#[28]">TIM4_IRQHandler</a> from startup_stm32f103xe.o(.text) referenced from startup_stm32f103xe.o(RESET)
 <LI><a href="#[3c]">TIM5_IRQHandler</a> from startup_stm32f103xe.o(.text) referenced from startup_stm32f103xe.o(RESET)
 <LI><a href="#[40]">TIM6_IRQHandler</a> from startup_stm32f103xe.o(.text) referenced from startup_stm32f103xe.o(RESET)
 <LI><a href="#[41]">TIM7_IRQHandler</a> from startup_stm32f103xe.o(.text) referenced from startup_stm32f103xe.o(RESET)
 <LI><a href="#[35]">TIM8_BRK_IRQHandler</a> from startup_stm32f103xe.o(.text) referenced from startup_stm32f103xe.o(RESET)
 <LI><a href="#[38]">TIM8_CC_IRQHandler</a> from startup_stm32f103xe.o(.text) referenced from startup_stm32f103xe.o(RESET)
 <LI><a href="#[37]">TIM8_TRG_COM_IRQHandler</a> from startup_stm32f103xe.o(.text) referenced from startup_stm32f103xe.o(RESET)
 <LI><a href="#[36]">TIM8_UP_IRQHandler</a> from startup_stm32f103xe.o(.text) referenced from startup_stm32f103xe.o(RESET)
 <LI><a href="#[3e]">UART4_IRQHandler</a> from startup_stm32f103xe.o(.text) referenced from startup_stm32f103xe.o(RESET)
 <LI><a href="#[3f]">UART5_IRQHandler</a> from startup_stm32f103xe.o(.text) referenced from startup_stm32f103xe.o(RESET)
 <LI><a href="#[4b]">UART_DMAAbortOnError</a> from stm32f1xx_hal_uart.o(i.UART_DMAAbortOnError) referenced from stm32f1xx_hal_uart.o(i.HAL_UART_IRQHandler)
 <LI><a href="#[2f]">USART1_IRQHandler</a> from stm32f1xx_it.o(i.USART1_IRQHandler) referenced from startup_stm32f103xe.o(RESET)
 <LI><a href="#[30]">USART2_IRQHandler</a> from startup_stm32f103xe.o(.text) referenced from startup_stm32f103xe.o(RESET)
 <LI><a href="#[31]">USART3_IRQHandler</a> from startup_stm32f103xe.o(.text) referenced from startup_stm32f103xe.o(RESET)
 <LI><a href="#[34]">USBWakeUp_IRQHandler</a> from startup_stm32f103xe.o(.text) referenced from startup_stm32f103xe.o(RESET)
 <LI><a href="#[1d]">USB_HP_CAN1_TX_IRQHandler</a> from startup_stm32f103xe.o(.text) referenced from startup_stm32f103xe.o(RESET)
 <LI><a href="#[1e]">USB_LP_CAN1_RX0_IRQHandler</a> from startup_stm32f103xe.o(.text) referenced from startup_stm32f103xe.o(RESET)
 <LI><a href="#[5]">UsageFault_Handler</a> from stm32f1xx_it.o(i.UsageFault_Handler) referenced from startup_stm32f103xe.o(RESET)
 <LI><a href="#[a]">WWDG_IRQHandler</a> from startup_stm32f103xe.o(.text) referenced from startup_stm32f103xe.o(RESET)
 <LI><a href="#[48]">__main</a> from entry.o(.ARM.Collect$$$$00000000) referenced from startup_stm32f103xe.o(.text)
 <LI><a href="#[4c]">fputc</a> from usart.o(i.fputc) referenced from printf3.o(i.__0printf$3)
 <LI><a href="#[46]">main</a> from main.o(i.main) referenced from entry9a.o(.ARM.Collect$$$$0000000B)
</UL>
<P>
<H3>
Global Symbols
</H3>
<P><STRONG><a name="[48]"></a>__main</STRONG> (Thumb, 0 bytes, Stack size unknown bytes, entry.o(.ARM.Collect$$$$00000000))
<BR>[Address Reference Count : 1]<UL><LI> startup_stm32f103xe.o(.text)
</UL>
<P><STRONG><a name="[e6]"></a>_main_stk</STRONG> (Thumb, 0 bytes, Stack size unknown bytes, entry2.o(.ARM.Collect$$$$00000001))

<P><STRONG><a name="[52]"></a>_main_scatterload</STRONG> (Thumb, 0 bytes, Stack size unknown bytes, entry5.o(.ARM.Collect$$$$00000004))
<BR><BR>[Calls]<UL><LI><a href="#[53]">&gt;&gt;</a>&nbsp;&nbsp;&nbsp;__scatterload
</UL>

<P><STRONG><a name="[57]"></a>__main_after_scatterload</STRONG> (Thumb, 0 bytes, Stack size unknown bytes, entry5.o(.ARM.Collect$$$$00000004))
<BR><BR>[Called By]<UL><LI><a href="#[53]">&gt;&gt;</a>&nbsp;&nbsp;&nbsp;__scatterload
</UL>

<P><STRONG><a name="[e7]"></a>_main_clock</STRONG> (Thumb, 0 bytes, Stack size unknown bytes, entry7b.o(.ARM.Collect$$$$00000008))

<P><STRONG><a name="[e8]"></a>_main_cpp_init</STRONG> (Thumb, 0 bytes, Stack size unknown bytes, entry8b.o(.ARM.Collect$$$$0000000A))

<P><STRONG><a name="[e9]"></a>_main_init</STRONG> (Thumb, 0 bytes, Stack size unknown bytes, entry9a.o(.ARM.Collect$$$$0000000B))

<P><STRONG><a name="[ea]"></a>__rt_final_cpp</STRONG> (Thumb, 0 bytes, Stack size unknown bytes, entry10a.o(.ARM.Collect$$$$0000000D))

<P><STRONG><a name="[eb]"></a>__rt_final_exit</STRONG> (Thumb, 0 bytes, Stack size unknown bytes, entry11a.o(.ARM.Collect$$$$0000000F))

<P><STRONG><a name="[0]"></a>Reset_Handler</STRONG> (Thumb, 8 bytes, Stack size 0 bytes, startup_stm32f103xe.o(.text))
<BR>[Address Reference Count : 1]<UL><LI> startup_stm32f103xe.o(RESET)
</UL>
<P><STRONG><a name="[1c]"></a>ADC1_2_IRQHandler</STRONG> (Thumb, 0 bytes, Stack size 0 bytes, startup_stm32f103xe.o(.text))
<BR><BR>[Calls]<UL><LI><a href="#[1c]">&gt;&gt;</a>&nbsp;&nbsp;&nbsp;ADC1_2_IRQHandler
</UL>
<BR>[Called By]<UL><LI><a href="#[1c]">&gt;&gt;</a>&nbsp;&nbsp;&nbsp;ADC1_2_IRQHandler
</UL>
<BR>[Address Reference Count : 1]<UL><LI> startup_stm32f103xe.o(RESET)
</UL>
<P><STRONG><a name="[39]"></a>ADC3_IRQHandler</STRONG> (Thumb, 0 bytes, Stack size 0 bytes, startup_stm32f103xe.o(.text))
<BR>[Address Reference Count : 1]<UL><LI> startup_stm32f103xe.o(RESET)
</UL>
<P><STRONG><a name="[1f]"></a>CAN1_RX1_IRQHandler</STRONG> (Thumb, 0 bytes, Stack size 0 bytes, startup_stm32f103xe.o(.text))
<BR>[Address Reference Count : 1]<UL><LI> startup_stm32f103xe.o(RESET)
</UL>
<P><STRONG><a name="[20]"></a>CAN1_SCE_IRQHandler</STRONG> (Thumb, 0 bytes, Stack size 0 bytes, startup_stm32f103xe.o(.text))
<BR>[Address Reference Count : 1]<UL><LI> startup_stm32f103xe.o(RESET)
</UL>
<P><STRONG><a name="[15]"></a>DMA1_Channel1_IRQHandler</STRONG> (Thumb, 0 bytes, Stack size 0 bytes, startup_stm32f103xe.o(.text))
<BR>[Address Reference Count : 1]<UL><LI> startup_stm32f103xe.o(RESET)
</UL>
<P><STRONG><a name="[16]"></a>DMA1_Channel2_IRQHandler</STRONG> (Thumb, 0 bytes, Stack size 0 bytes, startup_stm32f103xe.o(.text))
<BR>[Address Reference Count : 1]<UL><LI> startup_stm32f103xe.o(RESET)
</UL>
<P><STRONG><a name="[17]"></a>DMA1_Channel3_IRQHandler</STRONG> (Thumb, 0 bytes, Stack size 0 bytes, startup_stm32f103xe.o(.text))
<BR>[Address Reference Count : 1]<UL><LI> startup_stm32f103xe.o(RESET)
</UL>
<P><STRONG><a name="[18]"></a>DMA1_Channel4_IRQHandler</STRONG> (Thumb, 0 bytes, Stack size 0 bytes, startup_stm32f103xe.o(.text))
<BR>[Address Reference Count : 1]<UL><LI> startup_stm32f103xe.o(RESET)
</UL>
<P><STRONG><a name="[19]"></a>DMA1_Channel5_IRQHandler</STRONG> (Thumb, 0 bytes, Stack size 0 bytes, startup_stm32f103xe.o(.text))
<BR>[Address Reference Count : 1]<UL><LI> startup_stm32f103xe.o(RESET)
</UL>
<P><STRONG><a name="[1a]"></a>DMA1_Channel6_IRQHandler</STRONG> (Thumb, 0 bytes, Stack size 0 bytes, startup_stm32f103xe.o(.text))
<BR>[Address Reference Count : 1]<UL><LI> startup_stm32f103xe.o(RESET)
</UL>
<P><STRONG><a name="[1b]"></a>DMA1_Channel7_IRQHandler</STRONG> (Thumb, 0 bytes, Stack size 0 bytes, startup_stm32f103xe.o(.text))
<BR>[Address Reference Count : 1]<UL><LI> startup_stm32f103xe.o(RESET)
</UL>
<P><STRONG><a name="[42]"></a>DMA2_Channel1_IRQHandler</STRONG> (Thumb, 0 bytes, Stack size 0 bytes, startup_stm32f103xe.o(.text))
<BR>[Address Reference Count : 1]<UL><LI> startup_stm32f103xe.o(RESET)
</UL>
<P><STRONG><a name="[43]"></a>DMA2_Channel2_IRQHandler</STRONG> (Thumb, 0 bytes, Stack size 0 bytes, startup_stm32f103xe.o(.text))
<BR>[Address Reference Count : 1]<UL><LI> startup_stm32f103xe.o(RESET)
</UL>
<P><STRONG><a name="[44]"></a>DMA2_Channel3_IRQHandler</STRONG> (Thumb, 0 bytes, Stack size 0 bytes, startup_stm32f103xe.o(.text))
<BR>[Address Reference Count : 1]<UL><LI> startup_stm32f103xe.o(RESET)
</UL>
<P><STRONG><a name="[45]"></a>DMA2_Channel4_5_IRQHandler</STRONG> (Thumb, 0 bytes, Stack size 0 bytes, startup_stm32f103xe.o(.text))
<BR>[Address Reference Count : 1]<UL><LI> startup_stm32f103xe.o(RESET)
</UL>
<P><STRONG><a name="[10]"></a>EXTI0_IRQHandler</STRONG> (Thumb, 0 bytes, Stack size 0 bytes, startup_stm32f103xe.o(.text))
<BR>[Address Reference Count : 1]<UL><LI> startup_stm32f103xe.o(RESET)
</UL>
<P><STRONG><a name="[32]"></a>EXTI15_10_IRQHandler</STRONG> (Thumb, 0 bytes, Stack size 0 bytes, startup_stm32f103xe.o(.text))
<BR>[Address Reference Count : 1]<UL><LI> startup_stm32f103xe.o(RESET)
</UL>
<P><STRONG><a name="[11]"></a>EXTI1_IRQHandler</STRONG> (Thumb, 0 bytes, Stack size 0 bytes, startup_stm32f103xe.o(.text))
<BR>[Address Reference Count : 1]<UL><LI> startup_stm32f103xe.o(RESET)
</UL>
<P><STRONG><a name="[12]"></a>EXTI2_IRQHandler</STRONG> (Thumb, 0 bytes, Stack size 0 bytes, startup_stm32f103xe.o(.text))
<BR>[Address Reference Count : 1]<UL><LI> startup_stm32f103xe.o(RESET)
</UL>
<P><STRONG><a name="[13]"></a>EXTI3_IRQHandler</STRONG> (Thumb, 0 bytes, Stack size 0 bytes, startup_stm32f103xe.o(.text))
<BR>[Address Reference Count : 1]<UL><LI> startup_stm32f103xe.o(RESET)
</UL>
<P><STRONG><a name="[14]"></a>EXTI4_IRQHandler</STRONG> (Thumb, 0 bytes, Stack size 0 bytes, startup_stm32f103xe.o(.text))
<BR>[Address Reference Count : 1]<UL><LI> startup_stm32f103xe.o(RESET)
</UL>
<P><STRONG><a name="[21]"></a>EXTI9_5_IRQHandler</STRONG> (Thumb, 0 bytes, Stack size 0 bytes, startup_stm32f103xe.o(.text))
<BR>[Address Reference Count : 1]<UL><LI> startup_stm32f103xe.o(RESET)
</UL>
<P><STRONG><a name="[e]"></a>FLASH_IRQHandler</STRONG> (Thumb, 0 bytes, Stack size 0 bytes, startup_stm32f103xe.o(.text))
<BR>[Address Reference Count : 1]<UL><LI> startup_stm32f103xe.o(RESET)
</UL>
<P><STRONG><a name="[3a]"></a>FSMC_IRQHandler</STRONG> (Thumb, 0 bytes, Stack size 0 bytes, startup_stm32f103xe.o(.text))
<BR>[Address Reference Count : 1]<UL><LI> startup_stm32f103xe.o(RESET)
</UL>
<P><STRONG><a name="[2a]"></a>I2C1_ER_IRQHandler</STRONG> (Thumb, 0 bytes, Stack size 0 bytes, startup_stm32f103xe.o(.text))
<BR>[Address Reference Count : 1]<UL><LI> startup_stm32f103xe.o(RESET)
</UL>
<P><STRONG><a name="[29]"></a>I2C1_EV_IRQHandler</STRONG> (Thumb, 0 bytes, Stack size 0 bytes, startup_stm32f103xe.o(.text))
<BR>[Address Reference Count : 1]<UL><LI> startup_stm32f103xe.o(RESET)
</UL>
<P><STRONG><a name="[2c]"></a>I2C2_ER_IRQHandler</STRONG> (Thumb, 0 bytes, Stack size 0 bytes, startup_stm32f103xe.o(.text))
<BR>[Address Reference Count : 1]<UL><LI> startup_stm32f103xe.o(RESET)
</UL>
<P><STRONG><a name="[2b]"></a>I2C2_EV_IRQHandler</STRONG> (Thumb, 0 bytes, Stack size 0 bytes, startup_stm32f103xe.o(.text))
<BR>[Address Reference Count : 1]<UL><LI> startup_stm32f103xe.o(RESET)
</UL>
<P><STRONG><a name="[b]"></a>PVD_IRQHandler</STRONG> (Thumb, 0 bytes, Stack size 0 bytes, startup_stm32f103xe.o(.text))
<BR>[Address Reference Count : 1]<UL><LI> startup_stm32f103xe.o(RESET)
</UL>
<P><STRONG><a name="[f]"></a>RCC_IRQHandler</STRONG> (Thumb, 0 bytes, Stack size 0 bytes, startup_stm32f103xe.o(.text))
<BR>[Address Reference Count : 1]<UL><LI> startup_stm32f103xe.o(RESET)
</UL>
<P><STRONG><a name="[33]"></a>RTC_Alarm_IRQHandler</STRONG> (Thumb, 0 bytes, Stack size 0 bytes, startup_stm32f103xe.o(.text))
<BR>[Address Reference Count : 1]<UL><LI> startup_stm32f103xe.o(RESET)
</UL>
<P><STRONG><a name="[d]"></a>RTC_IRQHandler</STRONG> (Thumb, 0 bytes, Stack size 0 bytes, startup_stm32f103xe.o(.text))
<BR>[Address Reference Count : 1]<UL><LI> startup_stm32f103xe.o(RESET)
</UL>
<P><STRONG><a name="[2d]"></a>SPI1_IRQHandler</STRONG> (Thumb, 0 bytes, Stack size 0 bytes, startup_stm32f103xe.o(.text))
<BR>[Address Reference Count : 1]<UL><LI> startup_stm32f103xe.o(RESET)
</UL>
<P><STRONG><a name="[2e]"></a>SPI2_IRQHandler</STRONG> (Thumb, 0 bytes, Stack size 0 bytes, startup_stm32f103xe.o(.text))
<BR>[Address Reference Count : 1]<UL><LI> startup_stm32f103xe.o(RESET)
</UL>
<P><STRONG><a name="[3d]"></a>SPI3_IRQHandler</STRONG> (Thumb, 0 bytes, Stack size 0 bytes, startup_stm32f103xe.o(.text))
<BR>[Address Reference Count : 1]<UL><LI> startup_stm32f103xe.o(RESET)
</UL>
<P><STRONG><a name="[c]"></a>TAMPER_IRQHandler</STRONG> (Thumb, 0 bytes, Stack size 0 bytes, startup_stm32f103xe.o(.text))
<BR>[Address Reference Count : 1]<UL><LI> startup_stm32f103xe.o(RESET)
</UL>
<P><STRONG><a name="[22]"></a>TIM1_BRK_IRQHandler</STRONG> (Thumb, 0 bytes, Stack size 0 bytes, startup_stm32f103xe.o(.text))
<BR>[Address Reference Count : 1]<UL><LI> startup_stm32f103xe.o(RESET)
</UL>
<P><STRONG><a name="[25]"></a>TIM1_CC_IRQHandler</STRONG> (Thumb, 0 bytes, Stack size 0 bytes, startup_stm32f103xe.o(.text))
<BR>[Address Reference Count : 1]<UL><LI> startup_stm32f103xe.o(RESET)
</UL>
<P><STRONG><a name="[24]"></a>TIM1_TRG_COM_IRQHandler</STRONG> (Thumb, 0 bytes, Stack size 0 bytes, startup_stm32f103xe.o(.text))
<BR>[Address Reference Count : 1]<UL><LI> startup_stm32f103xe.o(RESET)
</UL>
<P><STRONG><a name="[23]"></a>TIM1_UP_IRQHandler</STRONG> (Thumb, 0 bytes, Stack size 0 bytes, startup_stm32f103xe.o(.text))
<BR>[Address Reference Count : 1]<UL><LI> startup_stm32f103xe.o(RESET)
</UL>
<P><STRONG><a name="[26]"></a>TIM2_IRQHandler</STRONG> (Thumb, 0 bytes, Stack size 0 bytes, startup_stm32f103xe.o(.text))
<BR>[Address Reference Count : 1]<UL><LI> startup_stm32f103xe.o(RESET)
</UL>
<P><STRONG><a name="[27]"></a>TIM3_IRQHandler</STRONG> (Thumb, 0 bytes, Stack size 0 bytes, startup_stm32f103xe.o(.text))
<BR>[Address Reference Count : 1]<UL><LI> startup_stm32f103xe.o(RESET)
</UL>
<P><STRONG><a name="[28]"></a>TIM4_IRQHandler</STRONG> (Thumb, 0 bytes, Stack size 0 bytes, startup_stm32f103xe.o(.text))
<BR>[Address Reference Count : 1]<UL><LI> startup_stm32f103xe.o(RESET)
</UL>
<P><STRONG><a name="[3c]"></a>TIM5_IRQHandler</STRONG> (Thumb, 0 bytes, Stack size 0 bytes, startup_stm32f103xe.o(.text))
<BR>[Address Reference Count : 1]<UL><LI> startup_stm32f103xe.o(RESET)
</UL>
<P><STRONG><a name="[40]"></a>TIM6_IRQHandler</STRONG> (Thumb, 0 bytes, Stack size 0 bytes, startup_stm32f103xe.o(.text))
<BR>[Address Reference Count : 1]<UL><LI> startup_stm32f103xe.o(RESET)
</UL>
<P><STRONG><a name="[41]"></a>TIM7_IRQHandler</STRONG> (Thumb, 0 bytes, Stack size 0 bytes, startup_stm32f103xe.o(.text))
<BR>[Address Reference Count : 1]<UL><LI> startup_stm32f103xe.o(RESET)
</UL>
<P><STRONG><a name="[35]"></a>TIM8_BRK_IRQHandler</STRONG> (Thumb, 0 bytes, Stack size 0 bytes, startup_stm32f103xe.o(.text))
<BR>[Address Reference Count : 1]<UL><LI> startup_stm32f103xe.o(RESET)
</UL>
<P><STRONG><a name="[38]"></a>TIM8_CC_IRQHandler</STRONG> (Thumb, 0 bytes, Stack size 0 bytes, startup_stm32f103xe.o(.text))
<BR>[Address Reference Count : 1]<UL><LI> startup_stm32f103xe.o(RESET)
</UL>
<P><STRONG><a name="[37]"></a>TIM8_TRG_COM_IRQHandler</STRONG> (Thumb, 0 bytes, Stack size 0 bytes, startup_stm32f103xe.o(.text))
<BR>[Address Reference Count : 1]<UL><LI> startup_stm32f103xe.o(RESET)
</UL>
<P><STRONG><a name="[36]"></a>TIM8_UP_IRQHandler</STRONG> (Thumb, 0 bytes, Stack size 0 bytes, startup_stm32f103xe.o(.text))
<BR>[Address Reference Count : 1]<UL><LI> startup_stm32f103xe.o(RESET)
</UL>
<P><STRONG><a name="[3e]"></a>UART4_IRQHandler</STRONG> (Thumb, 0 bytes, Stack size 0 bytes, startup_stm32f103xe.o(.text))
<BR>[Address Reference Count : 1]<UL><LI> startup_stm32f103xe.o(RESET)
</UL>
<P><STRONG><a name="[3f]"></a>UART5_IRQHandler</STRONG> (Thumb, 0 bytes, Stack size 0 bytes, startup_stm32f103xe.o(.text))
<BR>[Address Reference Count : 1]<UL><LI> startup_stm32f103xe.o(RESET)
</UL>
<P><STRONG><a name="[30]"></a>USART2_IRQHandler</STRONG> (Thumb, 0 bytes, Stack size 0 bytes, startup_stm32f103xe.o(.text))
<BR>[Address Reference Count : 1]<UL><LI> startup_stm32f103xe.o(RESET)
</UL>
<P><STRONG><a name="[31]"></a>USART3_IRQHandler</STRONG> (Thumb, 0 bytes, Stack size 0 bytes, startup_stm32f103xe.o(.text))
<BR>[Address Reference Count : 1]<UL><LI> startup_stm32f103xe.o(RESET)
</UL>
<P><STRONG><a name="[34]"></a>USBWakeUp_IRQHandler</STRONG> (Thumb, 0 bytes, Stack size 0 bytes, startup_stm32f103xe.o(.text))
<BR>[Address Reference Count : 1]<UL><LI> startup_stm32f103xe.o(RESET)
</UL>
<P><STRONG><a name="[1d]"></a>USB_HP_CAN1_TX_IRQHandler</STRONG> (Thumb, 0 bytes, Stack size 0 bytes, startup_stm32f103xe.o(.text))
<BR>[Address Reference Count : 1]<UL><LI> startup_stm32f103xe.o(RESET)
</UL>
<P><STRONG><a name="[1e]"></a>USB_LP_CAN1_RX0_IRQHandler</STRONG> (Thumb, 0 bytes, Stack size 0 bytes, startup_stm32f103xe.o(.text))
<BR>[Address Reference Count : 1]<UL><LI> startup_stm32f103xe.o(RESET)
</UL>
<P><STRONG><a name="[a]"></a>WWDG_IRQHandler</STRONG> (Thumb, 0 bytes, Stack size 0 bytes, startup_stm32f103xe.o(.text))
<BR>[Address Reference Count : 1]<UL><LI> startup_stm32f103xe.o(RESET)
</UL>
<P><STRONG><a name="[55]"></a>__aeabi_memset</STRONG> (Thumb, 14 bytes, Stack size 0 bytes, memseta.o(.text), UNUSED)
<BR><BR>[Called By]<UL><LI><a href="#[56]">&gt;&gt;</a>&nbsp;&nbsp;&nbsp;_memset$wrapper
<LI><a href="#[54]">&gt;&gt;</a>&nbsp;&nbsp;&nbsp;__aeabi_memclr
</UL>

<P><STRONG><a name="[ec]"></a>__aeabi_memset4</STRONG> (Thumb, 0 bytes, Stack size 0 bytes, memseta.o(.text), UNUSED)

<P><STRONG><a name="[ed]"></a>__aeabi_memset8</STRONG> (Thumb, 0 bytes, Stack size 0 bytes, memseta.o(.text), UNUSED)

<P><STRONG><a name="[54]"></a>__aeabi_memclr</STRONG> (Thumb, 4 bytes, Stack size 0 bytes, memseta.o(.text), UNUSED)
<BR><BR>[Calls]<UL><LI><a href="#[55]">&gt;&gt;</a>&nbsp;&nbsp;&nbsp;__aeabi_memset
</UL>

<P><STRONG><a name="[b1]"></a>__aeabi_memclr4</STRONG> (Thumb, 0 bytes, Stack size 0 bytes, memseta.o(.text))
<BR><BR>[Called By]<UL><LI><a href="#[b0]">&gt;&gt;</a>&nbsp;&nbsp;&nbsp;SystemClock_Config
</UL>

<P><STRONG><a name="[ee]"></a>__aeabi_memclr8</STRONG> (Thumb, 0 bytes, Stack size 0 bytes, memseta.o(.text), UNUSED)

<P><STRONG><a name="[56]"></a>_memset$wrapper</STRONG> (Thumb, 18 bytes, Stack size 8 bytes, memseta.o(.text), UNUSED)
<BR><BR>[Calls]<UL><LI><a href="#[55]">&gt;&gt;</a>&nbsp;&nbsp;&nbsp;__aeabi_memset
</UL>

<P><STRONG><a name="[ef]"></a>__aeabi_uidiv</STRONG> (Thumb, 0 bytes, Stack size 12 bytes, uidiv.o(.text), UNUSED)

<P><STRONG><a name="[b7]"></a>__aeabi_uidivmod</STRONG> (Thumb, 44 bytes, Stack size 12 bytes, uidiv.o(.text), UNUSED)
<BR><BR>[Called By]<UL><LI><a href="#[b6]">&gt;&gt;</a>&nbsp;&nbsp;&nbsp;_printf_core
</UL>

<P><STRONG><a name="[53]"></a>__scatterload</STRONG> (Thumb, 28 bytes, Stack size 0 bytes, init.o(.text))
<BR><BR>[Calls]<UL><LI><a href="#[57]">&gt;&gt;</a>&nbsp;&nbsp;&nbsp;__main_after_scatterload
</UL>
<BR>[Called By]<UL><LI><a href="#[52]">&gt;&gt;</a>&nbsp;&nbsp;&nbsp;_main_scatterload
</UL>

<P><STRONG><a name="[f0]"></a>__scatterload_rt2</STRONG> (Thumb, 0 bytes, Stack size 0 bytes, init.o(.text), UNUSED)

<P><STRONG><a name="[73]"></a>BSP_SD_AbortCallback</STRONG> (Thumb, 2 bytes, Stack size 0 bytes, bsp_driver_sd.o(i.BSP_SD_AbortCallback))
<BR><BR>[Called By]<UL><LI><a href="#[72]">&gt;&gt;</a>&nbsp;&nbsp;&nbsp;HAL_SD_AbortCallback
</UL>

<P><STRONG><a name="[58]"></a>BSP_SD_GetCardInfo</STRONG> (Thumb, 8 bytes, Stack size 0 bytes, bsp_driver_sd.o(i.BSP_SD_GetCardInfo))
<BR><BR>[Calls]<UL><LI><a href="#[59]">&gt;&gt;</a>&nbsp;&nbsp;&nbsp;HAL_SD_GetCardInfo
</UL>
<BR>[Called By]<UL><LI><a href="#[51]">&gt;&gt;</a>&nbsp;&nbsp;&nbsp;SD_ioctl
</UL>

<P><STRONG><a name="[5a]"></a>BSP_SD_GetCardState</STRONG> (Thumb, 20 bytes, Stack size 8 bytes, bsp_driver_sd.o(i.BSP_SD_GetCardState))
<BR><BR>[Stack]<UL><LI>Max Depth = 64<LI>Call Chain = BSP_SD_GetCardState &rArr; HAL_SD_GetCardState &rArr; SDMMC_CmdSendStatus &rArr; SDMMC_GetCmdResp1
</UL>
<BR>[Calls]<UL><LI><a href="#[5b]">&gt;&gt;</a>&nbsp;&nbsp;&nbsp;HAL_SD_GetCardState
</UL>
<BR>[Called By]<UL><LI><a href="#[50]">&gt;&gt;</a>&nbsp;&nbsp;&nbsp;SD_write
<LI><a href="#[4e]">&gt;&gt;</a>&nbsp;&nbsp;&nbsp;SD_status
<LI><a href="#[4f]">&gt;&gt;</a>&nbsp;&nbsp;&nbsp;SD_read
</UL>

<P><STRONG><a name="[5c]"></a>BSP_SD_Init</STRONG> (Thumb, 48 bytes, Stack size 16 bytes, bsp_driver_sd.o(i.BSP_SD_Init))
<BR><BR>[Stack]<UL><LI>Max Depth = 180<LI>Call Chain = BSP_SD_Init &rArr; HAL_SD_Init &rArr; HAL_SD_InitCard &rArr; SD_InitCard &rArr; SDMMC_CmdSetRelAdd &rArr; SDMMC_GetCmdResp6
</UL>
<BR>[Calls]<UL><LI><a href="#[5d]">&gt;&gt;</a>&nbsp;&nbsp;&nbsp;HAL_SD_Init
<LI><a href="#[5e]">&gt;&gt;</a>&nbsp;&nbsp;&nbsp;HAL_SD_ConfigWideBusOperation
</UL>
<BR>[Called By]<UL><LI><a href="#[4d]">&gt;&gt;</a>&nbsp;&nbsp;&nbsp;SD_initialize
</UL>

<P><STRONG><a name="[5f]"></a>BSP_SD_ReadBlocks</STRONG> (Thumb, 26 bytes, Stack size 16 bytes, bsp_driver_sd.o(i.BSP_SD_ReadBlocks))
<BR><BR>[Stack]<UL><LI>Max Depth = 120<LI>Call Chain = BSP_SD_ReadBlocks &rArr; HAL_SD_ReadBlocks &rArr; SDMMC_CmdStopTransfer &rArr; SDMMC_GetCmdResp1
</UL>
<BR>[Calls]<UL><LI><a href="#[60]">&gt;&gt;</a>&nbsp;&nbsp;&nbsp;HAL_SD_ReadBlocks
</UL>
<BR>[Called By]<UL><LI><a href="#[4f]">&gt;&gt;</a>&nbsp;&nbsp;&nbsp;SD_read
</UL>

<P><STRONG><a name="[8d]"></a>BSP_SD_ReadCpltCallback</STRONG> (Thumb, 2 bytes, Stack size 0 bytes, bsp_driver_sd.o(i.BSP_SD_ReadCpltCallback))
<BR><BR>[Called By]<UL><LI><a href="#[7e]">&gt;&gt;</a>&nbsp;&nbsp;&nbsp;HAL_SD_RxCpltCallback
</UL>

<P><STRONG><a name="[61]"></a>BSP_SD_WriteBlocks</STRONG> (Thumb, 26 bytes, Stack size 16 bytes, bsp_driver_sd.o(i.BSP_SD_WriteBlocks))
<BR><BR>[Stack]<UL><LI>Max Depth = 160<LI>Call Chain = BSP_SD_WriteBlocks &rArr; HAL_SD_WriteBlocks &rArr; SDMMC_CmdWriteSingleBlock &rArr; SDMMC_GetCmdResp1
</UL>
<BR>[Calls]<UL><LI><a href="#[62]">&gt;&gt;</a>&nbsp;&nbsp;&nbsp;HAL_SD_WriteBlocks
</UL>
<BR>[Called By]<UL><LI><a href="#[50]">&gt;&gt;</a>&nbsp;&nbsp;&nbsp;SD_write
</UL>

<P><STRONG><a name="[8e]"></a>BSP_SD_WriteCpltCallback</STRONG> (Thumb, 2 bytes, Stack size 0 bytes, bsp_driver_sd.o(i.BSP_SD_WriteCpltCallback))
<BR><BR>[Called By]<UL><LI><a href="#[7f]">&gt;&gt;</a>&nbsp;&nbsp;&nbsp;HAL_SD_TxCpltCallback
</UL>

<P><STRONG><a name="[4]"></a>BusFault_Handler</STRONG> (Thumb, 2 bytes, Stack size 0 bytes, stm32f1xx_it.o(i.BusFault_Handler))
<BR><BR>[Calls]<UL><LI><a href="#[4]">&gt;&gt;</a>&nbsp;&nbsp;&nbsp;BusFault_Handler
</UL>
<BR>[Called By]<UL><LI><a href="#[4]">&gt;&gt;</a>&nbsp;&nbsp;&nbsp;BusFault_Handler
</UL>
<BR>[Address Reference Count : 1]<UL><LI> startup_stm32f103xe.o(RESET)
</UL>
<P><STRONG><a name="[7]"></a>DebugMon_Handler</STRONG> (Thumb, 2 bytes, Stack size 0 bytes, stm32f1xx_it.o(i.DebugMon_Handler))
<BR>[Address Reference Count : 1]<UL><LI> startup_stm32f103xe.o(RESET)
</UL>
<P><STRONG><a name="[63]"></a>Error_Handler</STRONG> (Thumb, 2 bytes, Stack size 0 bytes, main.o(i.Error_Handler))
<BR><BR>[Calls]<UL><LI><a href="#[63]">&gt;&gt;</a>&nbsp;&nbsp;&nbsp;Error_Handler
</UL>
<BR>[Called By]<UL><LI><a href="#[9f]">&gt;&gt;</a>&nbsp;&nbsp;&nbsp;MX_USART1_UART_Init
<LI><a href="#[63]">&gt;&gt;</a>&nbsp;&nbsp;&nbsp;Error_Handler
</UL>

<P><STRONG><a name="[64]"></a>FATFS_LinkDriver</STRONG> (Thumb, 6 bytes, Stack size 0 bytes, ff_gen_drv.o(i.FATFS_LinkDriver))
<BR><BR>[Stack]<UL><LI>Max Depth = 12<LI>Call Chain = FATFS_LinkDriver &rArr; FATFS_LinkDriverEx
</UL>
<BR>[Calls]<UL><LI><a href="#[65]">&gt;&gt;</a>&nbsp;&nbsp;&nbsp;FATFS_LinkDriverEx
</UL>
<BR>[Called By]<UL><LI><a href="#[9c]">&gt;&gt;</a>&nbsp;&nbsp;&nbsp;MX_FATFS_Init
</UL>

<P><STRONG><a name="[65]"></a>FATFS_LinkDriverEx</STRONG> (Thumb, 60 bytes, Stack size 12 bytes, ff_gen_drv.o(i.FATFS_LinkDriverEx))
<BR><BR>[Stack]<UL><LI>Max Depth = 12<LI>Call Chain = FATFS_LinkDriverEx
</UL>
<BR>[Called By]<UL><LI><a href="#[64]">&gt;&gt;</a>&nbsp;&nbsp;&nbsp;FATFS_LinkDriver
</UL>

<P><STRONG><a name="[81]"></a>HAL_DMA_Abort_IT</STRONG> (Thumb, 296 bytes, Stack size 40 bytes, stm32f1xx_hal_dma.o(i.HAL_DMA_Abort_IT))
<BR><BR>[Stack]<UL><LI>Max Depth = 40<LI>Call Chain = HAL_DMA_Abort_IT
</UL>
<BR>[Called By]<UL><LI><a href="#[91]">&gt;&gt;</a>&nbsp;&nbsp;&nbsp;HAL_UART_IRQHandler
<LI><a href="#[7a]">&gt;&gt;</a>&nbsp;&nbsp;&nbsp;HAL_SD_IRQHandler
</UL>

<P><STRONG><a name="[66]"></a>HAL_Delay</STRONG> (Thumb, 32 bytes, Stack size 16 bytes, stm32f1xx_hal.o(i.HAL_Delay))
<BR><BR>[Stack]<UL><LI>Max Depth = 16<LI>Call Chain = HAL_Delay
</UL>
<BR>[Calls]<UL><LI><a href="#[67]">&gt;&gt;</a>&nbsp;&nbsp;&nbsp;HAL_GetTick
</UL>
<BR>[Called By]<UL><LI><a href="#[84]">&gt;&gt;</a>&nbsp;&nbsp;&nbsp;SDIO_PowerState_ON
</UL>

<P><STRONG><a name="[87]"></a>HAL_GPIO_Init</STRONG> (Thumb, 462 bytes, Stack size 40 bytes, stm32f1xx_hal_gpio.o(i.HAL_GPIO_Init))
<BR><BR>[Stack]<UL><LI>Max Depth = 40<LI>Call Chain = HAL_GPIO_Init
</UL>
<BR>[Called By]<UL><LI><a href="#[98]">&gt;&gt;</a>&nbsp;&nbsp;&nbsp;HAL_UART_MspInit
<LI><a href="#[82]">&gt;&gt;</a>&nbsp;&nbsp;&nbsp;HAL_SD_MspInit
<LI><a href="#[9d]">&gt;&gt;</a>&nbsp;&nbsp;&nbsp;MX_GPIO_Init
</UL>

<P><STRONG><a name="[9e]"></a>HAL_GPIO_WritePin</STRONG> (Thumb, 10 bytes, Stack size 0 bytes, stm32f1xx_hal_gpio.o(i.HAL_GPIO_WritePin))
<BR><BR>[Called By]<UL><LI><a href="#[9d]">&gt;&gt;</a>&nbsp;&nbsp;&nbsp;MX_GPIO_Init
</UL>

<P><STRONG><a name="[67]"></a>HAL_GetTick</STRONG> (Thumb, 6 bytes, Stack size 0 bytes, stm32f1xx_hal.o(i.HAL_GetTick))
<BR><BR>[Called By]<UL><LI><a href="#[9a]">&gt;&gt;</a>&nbsp;&nbsp;&nbsp;HAL_UART_Transmit
<LI><a href="#[62]">&gt;&gt;</a>&nbsp;&nbsp;&nbsp;HAL_SD_WriteBlocks
<LI><a href="#[60]">&gt;&gt;</a>&nbsp;&nbsp;&nbsp;HAL_SD_ReadBlocks
<LI><a href="#[71]">&gt;&gt;</a>&nbsp;&nbsp;&nbsp;HAL_RCC_OscConfig
<LI><a href="#[6f]">&gt;&gt;</a>&nbsp;&nbsp;&nbsp;HAL_RCC_ClockConfig
<LI><a href="#[9b]">&gt;&gt;</a>&nbsp;&nbsp;&nbsp;UART_WaitOnFlagUntilTimeout
<LI><a href="#[75]">&gt;&gt;</a>&nbsp;&nbsp;&nbsp;SD_FindSCR
<LI><a href="#[66]">&gt;&gt;</a>&nbsp;&nbsp;&nbsp;HAL_Delay
</UL>

<P><STRONG><a name="[af]"></a>HAL_IncTick</STRONG> (Thumb, 12 bytes, Stack size 0 bytes, stm32f1xx_hal.o(i.HAL_IncTick))
<BR><BR>[Called By]<UL><LI><a href="#[9]">&gt;&gt;</a>&nbsp;&nbsp;&nbsp;SysTick_Handler
</UL>

<P><STRONG><a name="[68]"></a>HAL_Init</STRONG> (Thumb, 32 bytes, Stack size 8 bytes, stm32f1xx_hal.o(i.HAL_Init))
<BR><BR>[Stack]<UL><LI>Max Depth = 40<LI>Call Chain = HAL_Init &rArr; HAL_InitTick &rArr; HAL_NVIC_SetPriority
</UL>
<BR>[Calls]<UL><LI><a href="#[6b]">&gt;&gt;</a>&nbsp;&nbsp;&nbsp;HAL_MspInit
<LI><a href="#[6a]">&gt;&gt;</a>&nbsp;&nbsp;&nbsp;HAL_InitTick
<LI><a href="#[69]">&gt;&gt;</a>&nbsp;&nbsp;&nbsp;HAL_NVIC_SetPriorityGrouping
</UL>
<BR>[Called By]<UL><LI><a href="#[46]">&gt;&gt;</a>&nbsp;&nbsp;&nbsp;main
</UL>

<P><STRONG><a name="[6a]"></a>HAL_InitTick</STRONG> (Thumb, 54 bytes, Stack size 16 bytes, stm32f1xx_hal.o(i.HAL_InitTick))
<BR><BR>[Stack]<UL><LI>Max Depth = 32<LI>Call Chain = HAL_InitTick &rArr; HAL_NVIC_SetPriority
</UL>
<BR>[Calls]<UL><LI><a href="#[6d]">&gt;&gt;</a>&nbsp;&nbsp;&nbsp;HAL_NVIC_SetPriority
<LI><a href="#[6c]">&gt;&gt;</a>&nbsp;&nbsp;&nbsp;HAL_SYSTICK_Config
</UL>
<BR>[Called By]<UL><LI><a href="#[6f]">&gt;&gt;</a>&nbsp;&nbsp;&nbsp;HAL_RCC_ClockConfig
<LI><a href="#[68]">&gt;&gt;</a>&nbsp;&nbsp;&nbsp;HAL_Init
</UL>

<P><STRONG><a name="[6b]"></a>HAL_MspInit</STRONG> (Thumb, 48 bytes, Stack size 8 bytes, stm32f1xx_hal_msp.o(i.HAL_MspInit))
<BR><BR>[Stack]<UL><LI>Max Depth = 8<LI>Call Chain = HAL_MspInit
</UL>
<BR>[Called By]<UL><LI><a href="#[68]">&gt;&gt;</a>&nbsp;&nbsp;&nbsp;HAL_Init
</UL>

<P><STRONG><a name="[88]"></a>HAL_NVIC_EnableIRQ</STRONG> (Thumb, 26 bytes, Stack size 0 bytes, stm32f1xx_hal_cortex.o(i.HAL_NVIC_EnableIRQ))
<BR><BR>[Called By]<UL><LI><a href="#[98]">&gt;&gt;</a>&nbsp;&nbsp;&nbsp;HAL_UART_MspInit
<LI><a href="#[82]">&gt;&gt;</a>&nbsp;&nbsp;&nbsp;HAL_SD_MspInit
</UL>

<P><STRONG><a name="[6d]"></a>HAL_NVIC_SetPriority</STRONG> (Thumb, 60 bytes, Stack size 16 bytes, stm32f1xx_hal_cortex.o(i.HAL_NVIC_SetPriority))
<BR><BR>[Stack]<UL><LI>Max Depth = 16<LI>Call Chain = HAL_NVIC_SetPriority
</UL>
<BR>[Calls]<UL><LI><a href="#[6e]">&gt;&gt;</a>&nbsp;&nbsp;&nbsp;__NVIC_SetPriority
</UL>
<BR>[Called By]<UL><LI><a href="#[98]">&gt;&gt;</a>&nbsp;&nbsp;&nbsp;HAL_UART_MspInit
<LI><a href="#[82]">&gt;&gt;</a>&nbsp;&nbsp;&nbsp;HAL_SD_MspInit
<LI><a href="#[6a]">&gt;&gt;</a>&nbsp;&nbsp;&nbsp;HAL_InitTick
</UL>

<P><STRONG><a name="[69]"></a>HAL_NVIC_SetPriorityGrouping</STRONG> (Thumb, 26 bytes, Stack size 0 bytes, stm32f1xx_hal_cortex.o(i.HAL_NVIC_SetPriorityGrouping))
<BR><BR>[Called By]<UL><LI><a href="#[68]">&gt;&gt;</a>&nbsp;&nbsp;&nbsp;HAL_Init
</UL>

<P><STRONG><a name="[6f]"></a>HAL_RCC_ClockConfig</STRONG> (Thumb, 280 bytes, Stack size 32 bytes, stm32f1xx_hal_rcc.o(i.HAL_RCC_ClockConfig))
<BR><BR>[Stack]<UL><LI>Max Depth = 64<LI>Call Chain = HAL_RCC_ClockConfig &rArr; HAL_InitTick &rArr; HAL_NVIC_SetPriority
</UL>
<BR>[Calls]<UL><LI><a href="#[67]">&gt;&gt;</a>&nbsp;&nbsp;&nbsp;HAL_GetTick
<LI><a href="#[70]">&gt;&gt;</a>&nbsp;&nbsp;&nbsp;HAL_RCC_GetSysClockFreq
<LI><a href="#[6a]">&gt;&gt;</a>&nbsp;&nbsp;&nbsp;HAL_InitTick
</UL>
<BR>[Called By]<UL><LI><a href="#[b0]">&gt;&gt;</a>&nbsp;&nbsp;&nbsp;SystemClock_Config
</UL>

<P><STRONG><a name="[b4]"></a>HAL_RCC_GetPCLK1Freq</STRONG> (Thumb, 20 bytes, Stack size 0 bytes, stm32f1xx_hal_rcc.o(i.HAL_RCC_GetPCLK1Freq))
<BR><BR>[Called By]<UL><LI><a href="#[99]">&gt;&gt;</a>&nbsp;&nbsp;&nbsp;UART_SetConfig
</UL>

<P><STRONG><a name="[b3]"></a>HAL_RCC_GetPCLK2Freq</STRONG> (Thumb, 20 bytes, Stack size 0 bytes, stm32f1xx_hal_rcc.o(i.HAL_RCC_GetPCLK2Freq))
<BR><BR>[Called By]<UL><LI><a href="#[99]">&gt;&gt;</a>&nbsp;&nbsp;&nbsp;UART_SetConfig
</UL>

<P><STRONG><a name="[70]"></a>HAL_RCC_GetSysClockFreq</STRONG> (Thumb, 74 bytes, Stack size 20 bytes, stm32f1xx_hal_rcc.o(i.HAL_RCC_GetSysClockFreq))
<BR><BR>[Stack]<UL><LI>Max Depth = 20<LI>Call Chain = HAL_RCC_GetSysClockFreq
</UL>
<BR>[Called By]<UL><LI><a href="#[6f]">&gt;&gt;</a>&nbsp;&nbsp;&nbsp;HAL_RCC_ClockConfig
</UL>

<P><STRONG><a name="[71]"></a>HAL_RCC_OscConfig</STRONG> (Thumb, 778 bytes, Stack size 40 bytes, stm32f1xx_hal_rcc.o(i.HAL_RCC_OscConfig))
<BR><BR>[Stack]<UL><LI>Max Depth = 40<LI>Call Chain = HAL_RCC_OscConfig
</UL>
<BR>[Calls]<UL><LI><a href="#[67]">&gt;&gt;</a>&nbsp;&nbsp;&nbsp;HAL_GetTick
</UL>
<BR>[Called By]<UL><LI><a href="#[b0]">&gt;&gt;</a>&nbsp;&nbsp;&nbsp;SystemClock_Config
</UL>

<P><STRONG><a name="[72]"></a>HAL_SD_AbortCallback</STRONG> (Thumb, 8 bytes, Stack size 8 bytes, bsp_driver_sd.o(i.HAL_SD_AbortCallback))
<BR><BR>[Stack]<UL><LI>Max Depth = 8<LI>Call Chain = HAL_SD_AbortCallback
</UL>
<BR>[Calls]<UL><LI><a href="#[73]">&gt;&gt;</a>&nbsp;&nbsp;&nbsp;BSP_SD_AbortCallback
</UL>
<BR>[Called By]<UL><LI><a href="#[7a]">&gt;&gt;</a>&nbsp;&nbsp;&nbsp;HAL_SD_IRQHandler
<LI><a href="#[49]">&gt;&gt;</a>&nbsp;&nbsp;&nbsp;SD_DMATxAbort
<LI><a href="#[4a]">&gt;&gt;</a>&nbsp;&nbsp;&nbsp;SD_DMARxAbort
</UL>

<P><STRONG><a name="[5e]"></a>HAL_SD_ConfigWideBusOperation</STRONG> (Thumb, 238 bytes, Stack size 40 bytes, stm32f1xx_hal_sd.o(i.HAL_SD_ConfigWideBusOperation))
<BR><BR>[Stack]<UL><LI>Max Depth = 152<LI>Call Chain = HAL_SD_ConfigWideBusOperation &rArr; SD_FindSCR &rArr; SDMMC_CmdSendSCR &rArr; SDMMC_GetCmdResp1
</UL>
<BR>[Calls]<UL><LI><a href="#[75]">&gt;&gt;</a>&nbsp;&nbsp;&nbsp;SD_FindSCR
<LI><a href="#[77]">&gt;&gt;</a>&nbsp;&nbsp;&nbsp;SDMMC_CmdBusWidth
<LI><a href="#[76]">&gt;&gt;</a>&nbsp;&nbsp;&nbsp;SDMMC_CmdAppCommand
<LI><a href="#[78]">&gt;&gt;</a>&nbsp;&nbsp;&nbsp;SDIO_Init
<LI><a href="#[74]">&gt;&gt;</a>&nbsp;&nbsp;&nbsp;SDIO_GetResponse
</UL>
<BR>[Called By]<UL><LI><a href="#[5c]">&gt;&gt;</a>&nbsp;&nbsp;&nbsp;BSP_SD_Init
</UL>

<P><STRONG><a name="[7d]"></a>HAL_SD_ErrorCallback</STRONG> (Thumb, 2 bytes, Stack size 0 bytes, stm32f1xx_hal_sd.o(i.HAL_SD_ErrorCallback))
<BR><BR>[Called By]<UL><LI><a href="#[7a]">&gt;&gt;</a>&nbsp;&nbsp;&nbsp;HAL_SD_IRQHandler
<LI><a href="#[49]">&gt;&gt;</a>&nbsp;&nbsp;&nbsp;SD_DMATxAbort
<LI><a href="#[4a]">&gt;&gt;</a>&nbsp;&nbsp;&nbsp;SD_DMARxAbort
</UL>

<P><STRONG><a name="[ae]"></a>HAL_SD_GetCardCSD</STRONG> (Thumb, 402 bytes, Stack size 20 bytes, stm32f1xx_hal_sd.o(i.HAL_SD_GetCardCSD))
<BR><BR>[Stack]<UL><LI>Max Depth = 20<LI>Call Chain = HAL_SD_GetCardCSD
</UL>
<BR>[Called By]<UL><LI><a href="#[86]">&gt;&gt;</a>&nbsp;&nbsp;&nbsp;SD_InitCard
</UL>

<P><STRONG><a name="[59]"></a>HAL_SD_GetCardInfo</STRONG> (Thumb, 36 bytes, Stack size 0 bytes, stm32f1xx_hal_sd.o(i.HAL_SD_GetCardInfo))
<BR><BR>[Called By]<UL><LI><a href="#[58]">&gt;&gt;</a>&nbsp;&nbsp;&nbsp;BSP_SD_GetCardInfo
</UL>

<P><STRONG><a name="[5b]"></a>HAL_SD_GetCardState</STRONG> (Thumb, 44 bytes, Stack size 16 bytes, stm32f1xx_hal_sd.o(i.HAL_SD_GetCardState))
<BR><BR>[Stack]<UL><LI>Max Depth = 56<LI>Call Chain = HAL_SD_GetCardState &rArr; SDMMC_CmdSendStatus &rArr; SDMMC_GetCmdResp1
</UL>
<BR>[Calls]<UL><LI><a href="#[79]">&gt;&gt;</a>&nbsp;&nbsp;&nbsp;SDMMC_CmdSendStatus
<LI><a href="#[74]">&gt;&gt;</a>&nbsp;&nbsp;&nbsp;SDIO_GetResponse
</UL>
<BR>[Called By]<UL><LI><a href="#[5a]">&gt;&gt;</a>&nbsp;&nbsp;&nbsp;BSP_SD_GetCardState
<LI><a href="#[49]">&gt;&gt;</a>&nbsp;&nbsp;&nbsp;SD_DMATxAbort
<LI><a href="#[4a]">&gt;&gt;</a>&nbsp;&nbsp;&nbsp;SD_DMARxAbort
</UL>

<P><STRONG><a name="[7a]"></a>HAL_SD_IRQHandler</STRONG> (Thumb, 512 bytes, Stack size 24 bytes, stm32f1xx_hal_sd.o(i.HAL_SD_IRQHandler))
<BR><BR>[Stack]<UL><LI>Max Depth = 88<LI>Call Chain = HAL_SD_IRQHandler &rArr; SD_DMATxAbort &rArr; HAL_SD_GetCardState &rArr; SDMMC_CmdSendStatus &rArr; SDMMC_GetCmdResp1
</UL>
<BR>[Calls]<UL><LI><a href="#[7f]">&gt;&gt;</a>&nbsp;&nbsp;&nbsp;HAL_SD_TxCpltCallback
<LI><a href="#[7e]">&gt;&gt;</a>&nbsp;&nbsp;&nbsp;HAL_SD_RxCpltCallback
<LI><a href="#[72]">&gt;&gt;</a>&nbsp;&nbsp;&nbsp;HAL_SD_AbortCallback
<LI><a href="#[7d]">&gt;&gt;</a>&nbsp;&nbsp;&nbsp;HAL_SD_ErrorCallback
<LI><a href="#[81]">&gt;&gt;</a>&nbsp;&nbsp;&nbsp;HAL_DMA_Abort_IT
<LI><a href="#[49]">&gt;&gt;</a>&nbsp;&nbsp;&nbsp;SD_DMATxAbort
<LI><a href="#[4a]">&gt;&gt;</a>&nbsp;&nbsp;&nbsp;SD_DMARxAbort
<LI><a href="#[7c]">&gt;&gt;</a>&nbsp;&nbsp;&nbsp;SDMMC_CmdStopTransfer
<LI><a href="#[80]">&gt;&gt;</a>&nbsp;&nbsp;&nbsp;SDIO_WriteFIFO
<LI><a href="#[7b]">&gt;&gt;</a>&nbsp;&nbsp;&nbsp;SDIO_ReadFIFO
</UL>
<BR>[Called By]<UL><LI><a href="#[3b]">&gt;&gt;</a>&nbsp;&nbsp;&nbsp;SDIO_IRQHandler
</UL>

<P><STRONG><a name="[5d]"></a>HAL_SD_Init</STRONG> (Thumb, 54 bytes, Stack size 16 bytes, stm32f1xx_hal_sd.o(i.HAL_SD_Init))
<BR><BR>[Stack]<UL><LI>Max Depth = 164<LI>Call Chain = HAL_SD_Init &rArr; HAL_SD_InitCard &rArr; SD_InitCard &rArr; SDMMC_CmdSetRelAdd &rArr; SDMMC_GetCmdResp6
</UL>
<BR>[Calls]<UL><LI><a href="#[82]">&gt;&gt;</a>&nbsp;&nbsp;&nbsp;HAL_SD_MspInit
<LI><a href="#[83]">&gt;&gt;</a>&nbsp;&nbsp;&nbsp;HAL_SD_InitCard
</UL>
<BR>[Called By]<UL><LI><a href="#[5c]">&gt;&gt;</a>&nbsp;&nbsp;&nbsp;BSP_SD_Init
</UL>

<P><STRONG><a name="[83]"></a>HAL_SD_InitCard</STRONG> (Thumb, 78 bytes, Stack size 32 bytes, stm32f1xx_hal_sd.o(i.HAL_SD_InitCard))
<BR><BR>[Stack]<UL><LI>Max Depth = 148<LI>Call Chain = HAL_SD_InitCard &rArr; SD_InitCard &rArr; SDMMC_CmdSetRelAdd &rArr; SDMMC_GetCmdResp6
</UL>
<BR>[Calls]<UL><LI><a href="#[85]">&gt;&gt;</a>&nbsp;&nbsp;&nbsp;SD_PowerON
<LI><a href="#[86]">&gt;&gt;</a>&nbsp;&nbsp;&nbsp;SD_InitCard
<LI><a href="#[84]">&gt;&gt;</a>&nbsp;&nbsp;&nbsp;SDIO_PowerState_ON
<LI><a href="#[78]">&gt;&gt;</a>&nbsp;&nbsp;&nbsp;SDIO_Init
</UL>
<BR>[Called By]<UL><LI><a href="#[5d]">&gt;&gt;</a>&nbsp;&nbsp;&nbsp;HAL_SD_Init
</UL>

<P><STRONG><a name="[82]"></a>HAL_SD_MspInit</STRONG> (Thumb, 130 bytes, Stack size 32 bytes, sdio.o(i.HAL_SD_MspInit))
<BR><BR>[Stack]<UL><LI>Max Depth = 72<LI>Call Chain = HAL_SD_MspInit &rArr; HAL_GPIO_Init
</UL>
<BR>[Calls]<UL><LI><a href="#[6d]">&gt;&gt;</a>&nbsp;&nbsp;&nbsp;HAL_NVIC_SetPriority
<LI><a href="#[88]">&gt;&gt;</a>&nbsp;&nbsp;&nbsp;HAL_NVIC_EnableIRQ
<LI><a href="#[87]">&gt;&gt;</a>&nbsp;&nbsp;&nbsp;HAL_GPIO_Init
</UL>
<BR>[Called By]<UL><LI><a href="#[5d]">&gt;&gt;</a>&nbsp;&nbsp;&nbsp;HAL_SD_Init
</UL>

<P><STRONG><a name="[60]"></a>HAL_SD_ReadBlocks</STRONG> (Thumb, 500 bytes, Stack size 64 bytes, stm32f1xx_hal_sd.o(i.HAL_SD_ReadBlocks))
<BR><BR>[Stack]<UL><LI>Max Depth = 104<LI>Call Chain = HAL_SD_ReadBlocks &rArr; SDMMC_CmdStopTransfer &rArr; SDMMC_GetCmdResp1
</UL>
<BR>[Calls]<UL><LI><a href="#[67]">&gt;&gt;</a>&nbsp;&nbsp;&nbsp;HAL_GetTick
<LI><a href="#[7c]">&gt;&gt;</a>&nbsp;&nbsp;&nbsp;SDMMC_CmdStopTransfer
<LI><a href="#[8c]">&gt;&gt;</a>&nbsp;&nbsp;&nbsp;SDMMC_CmdReadSingleBlock
<LI><a href="#[8b]">&gt;&gt;</a>&nbsp;&nbsp;&nbsp;SDMMC_CmdReadMultiBlock
<LI><a href="#[89]">&gt;&gt;</a>&nbsp;&nbsp;&nbsp;SDMMC_CmdBlockLength
<LI><a href="#[7b]">&gt;&gt;</a>&nbsp;&nbsp;&nbsp;SDIO_ReadFIFO
<LI><a href="#[8a]">&gt;&gt;</a>&nbsp;&nbsp;&nbsp;SDIO_ConfigData
</UL>
<BR>[Called By]<UL><LI><a href="#[5f]">&gt;&gt;</a>&nbsp;&nbsp;&nbsp;BSP_SD_ReadBlocks
</UL>

<P><STRONG><a name="[7e]"></a>HAL_SD_RxCpltCallback</STRONG> (Thumb, 8 bytes, Stack size 8 bytes, bsp_driver_sd.o(i.HAL_SD_RxCpltCallback))
<BR><BR>[Stack]<UL><LI>Max Depth = 8<LI>Call Chain = HAL_SD_RxCpltCallback
</UL>
<BR>[Calls]<UL><LI><a href="#[8d]">&gt;&gt;</a>&nbsp;&nbsp;&nbsp;BSP_SD_ReadCpltCallback
</UL>
<BR>[Called By]<UL><LI><a href="#[7a]">&gt;&gt;</a>&nbsp;&nbsp;&nbsp;HAL_SD_IRQHandler
</UL>

<P><STRONG><a name="[7f]"></a>HAL_SD_TxCpltCallback</STRONG> (Thumb, 8 bytes, Stack size 8 bytes, bsp_driver_sd.o(i.HAL_SD_TxCpltCallback))
<BR><BR>[Stack]<UL><LI>Max Depth = 8<LI>Call Chain = HAL_SD_TxCpltCallback
</UL>
<BR>[Calls]<UL><LI><a href="#[8e]">&gt;&gt;</a>&nbsp;&nbsp;&nbsp;BSP_SD_WriteCpltCallback
</UL>
<BR>[Called By]<UL><LI><a href="#[7a]">&gt;&gt;</a>&nbsp;&nbsp;&nbsp;HAL_SD_IRQHandler
</UL>

<P><STRONG><a name="[62]"></a>HAL_SD_WriteBlocks</STRONG> (Thumb, 454 bytes, Stack size 104 bytes, stm32f1xx_hal_sd.o(i.HAL_SD_WriteBlocks))
<BR><BR>[Stack]<UL><LI>Max Depth = 144<LI>Call Chain = HAL_SD_WriteBlocks &rArr; SDMMC_CmdWriteSingleBlock &rArr; SDMMC_GetCmdResp1
</UL>
<BR>[Calls]<UL><LI><a href="#[67]">&gt;&gt;</a>&nbsp;&nbsp;&nbsp;HAL_GetTick
<LI><a href="#[90]">&gt;&gt;</a>&nbsp;&nbsp;&nbsp;SDMMC_CmdWriteSingleBlock
<LI><a href="#[8f]">&gt;&gt;</a>&nbsp;&nbsp;&nbsp;SDMMC_CmdWriteMultiBlock
<LI><a href="#[7c]">&gt;&gt;</a>&nbsp;&nbsp;&nbsp;SDMMC_CmdStopTransfer
<LI><a href="#[89]">&gt;&gt;</a>&nbsp;&nbsp;&nbsp;SDMMC_CmdBlockLength
<LI><a href="#[80]">&gt;&gt;</a>&nbsp;&nbsp;&nbsp;SDIO_WriteFIFO
<LI><a href="#[8a]">&gt;&gt;</a>&nbsp;&nbsp;&nbsp;SDIO_ConfigData
</UL>
<BR>[Called By]<UL><LI><a href="#[61]">&gt;&gt;</a>&nbsp;&nbsp;&nbsp;BSP_SD_WriteBlocks
</UL>

<P><STRONG><a name="[6c]"></a>HAL_SYSTICK_Config</STRONG> (Thumb, 40 bytes, Stack size 8 bytes, stm32f1xx_hal_cortex.o(i.HAL_SYSTICK_Config))
<BR><BR>[Stack]<UL><LI>Max Depth = 8<LI>Call Chain = HAL_SYSTICK_Config
</UL>
<BR>[Calls]<UL><LI><a href="#[6e]">&gt;&gt;</a>&nbsp;&nbsp;&nbsp;__NVIC_SetPriority
</UL>
<BR>[Called By]<UL><LI><a href="#[6a]">&gt;&gt;</a>&nbsp;&nbsp;&nbsp;HAL_InitTick
</UL>

<P><STRONG><a name="[94]"></a>HAL_UART_ErrorCallback</STRONG> (Thumb, 2 bytes, Stack size 0 bytes, stm32f1xx_hal_uart.o(i.HAL_UART_ErrorCallback))
<BR><BR>[Called By]<UL><LI><a href="#[91]">&gt;&gt;</a>&nbsp;&nbsp;&nbsp;HAL_UART_IRQHandler
<LI><a href="#[4b]">&gt;&gt;</a>&nbsp;&nbsp;&nbsp;UART_DMAAbortOnError
</UL>

<P><STRONG><a name="[91]"></a>HAL_UART_IRQHandler</STRONG> (Thumb, 266 bytes, Stack size 16 bytes, stm32f1xx_hal_uart.o(i.HAL_UART_IRQHandler))
<BR><BR>[Stack]<UL><LI>Max Depth = 56<LI>Call Chain = HAL_UART_IRQHandler &rArr; HAL_DMA_Abort_IT
</UL>
<BR>[Calls]<UL><LI><a href="#[96]">&gt;&gt;</a>&nbsp;&nbsp;&nbsp;HAL_UART_TxCpltCallback
<LI><a href="#[94]">&gt;&gt;</a>&nbsp;&nbsp;&nbsp;HAL_UART_ErrorCallback
<LI><a href="#[95]">&gt;&gt;</a>&nbsp;&nbsp;&nbsp;UART_Transmit_IT
<LI><a href="#[92]">&gt;&gt;</a>&nbsp;&nbsp;&nbsp;UART_Receive_IT
<LI><a href="#[93]">&gt;&gt;</a>&nbsp;&nbsp;&nbsp;UART_EndRxTransfer
<LI><a href="#[81]">&gt;&gt;</a>&nbsp;&nbsp;&nbsp;HAL_DMA_Abort_IT
</UL>
<BR>[Called By]<UL><LI><a href="#[2f]">&gt;&gt;</a>&nbsp;&nbsp;&nbsp;USART1_IRQHandler
</UL>

<P><STRONG><a name="[97]"></a>HAL_UART_Init</STRONG> (Thumb, 98 bytes, Stack size 16 bytes, stm32f1xx_hal_uart.o(i.HAL_UART_Init))
<BR><BR>[Stack]<UL><LI>Max Depth = 88<LI>Call Chain = HAL_UART_Init &rArr; HAL_UART_MspInit &rArr; HAL_GPIO_Init
</UL>
<BR>[Calls]<UL><LI><a href="#[98]">&gt;&gt;</a>&nbsp;&nbsp;&nbsp;HAL_UART_MspInit
<LI><a href="#[99]">&gt;&gt;</a>&nbsp;&nbsp;&nbsp;UART_SetConfig
</UL>
<BR>[Called By]<UL><LI><a href="#[9f]">&gt;&gt;</a>&nbsp;&nbsp;&nbsp;MX_USART1_UART_Init
</UL>

<P><STRONG><a name="[98]"></a>HAL_UART_MspInit</STRONG> (Thumb, 116 bytes, Stack size 32 bytes, usart.o(i.HAL_UART_MspInit))
<BR><BR>[Stack]<UL><LI>Max Depth = 72<LI>Call Chain = HAL_UART_MspInit &rArr; HAL_GPIO_Init
</UL>
<BR>[Calls]<UL><LI><a href="#[6d]">&gt;&gt;</a>&nbsp;&nbsp;&nbsp;HAL_NVIC_SetPriority
<LI><a href="#[88]">&gt;&gt;</a>&nbsp;&nbsp;&nbsp;HAL_NVIC_EnableIRQ
<LI><a href="#[87]">&gt;&gt;</a>&nbsp;&nbsp;&nbsp;HAL_GPIO_Init
</UL>
<BR>[Called By]<UL><LI><a href="#[97]">&gt;&gt;</a>&nbsp;&nbsp;&nbsp;HAL_UART_Init
</UL>

<P><STRONG><a name="[b2]"></a>HAL_UART_RxCpltCallback</STRONG> (Thumb, 2 bytes, Stack size 0 bytes, stm32f1xx_hal_uart.o(i.HAL_UART_RxCpltCallback))
<BR><BR>[Called By]<UL><LI><a href="#[92]">&gt;&gt;</a>&nbsp;&nbsp;&nbsp;UART_Receive_IT
</UL>

<P><STRONG><a name="[9a]"></a>HAL_UART_Transmit</STRONG> (Thumb, 186 bytes, Stack size 32 bytes, stm32f1xx_hal_uart.o(i.HAL_UART_Transmit))
<BR><BR>[Stack]<UL><LI>Max Depth = 56<LI>Call Chain = HAL_UART_Transmit &rArr; UART_WaitOnFlagUntilTimeout
</UL>
<BR>[Calls]<UL><LI><a href="#[9b]">&gt;&gt;</a>&nbsp;&nbsp;&nbsp;UART_WaitOnFlagUntilTimeout
<LI><a href="#[67]">&gt;&gt;</a>&nbsp;&nbsp;&nbsp;HAL_GetTick
</UL>
<BR>[Called By]<UL><LI><a href="#[4c]">&gt;&gt;</a>&nbsp;&nbsp;&nbsp;fputc
</UL>

<P><STRONG><a name="[96]"></a>HAL_UART_TxCpltCallback</STRONG> (Thumb, 2 bytes, Stack size 0 bytes, stm32f1xx_hal_uart.o(i.HAL_UART_TxCpltCallback))
<BR><BR>[Called By]<UL><LI><a href="#[91]">&gt;&gt;</a>&nbsp;&nbsp;&nbsp;HAL_UART_IRQHandler
</UL>

<P><STRONG><a name="[2]"></a>HardFault_Handler</STRONG> (Thumb, 2 bytes, Stack size 0 bytes, stm32f1xx_it.o(i.HardFault_Handler))
<BR><BR>[Calls]<UL><LI><a href="#[2]">&gt;&gt;</a>&nbsp;&nbsp;&nbsp;HardFault_Handler
</UL>
<BR>[Called By]<UL><LI><a href="#[2]">&gt;&gt;</a>&nbsp;&nbsp;&nbsp;HardFault_Handler
</UL>
<BR>[Address Reference Count : 1]<UL><LI> startup_stm32f103xe.o(RESET)
</UL>
<P><STRONG><a name="[9c]"></a>MX_FATFS_Init</STRONG> (Thumb, 18 bytes, Stack size 8 bytes, fatfs.o(i.MX_FATFS_Init))
<BR><BR>[Stack]<UL><LI>Max Depth = 20<LI>Call Chain = MX_FATFS_Init &rArr; FATFS_LinkDriver &rArr; FATFS_LinkDriverEx
</UL>
<BR>[Calls]<UL><LI><a href="#[64]">&gt;&gt;</a>&nbsp;&nbsp;&nbsp;FATFS_LinkDriver
</UL>
<BR>[Called By]<UL><LI><a href="#[46]">&gt;&gt;</a>&nbsp;&nbsp;&nbsp;main
</UL>

<P><STRONG><a name="[9d]"></a>MX_GPIO_Init</STRONG> (Thumb, 196 bytes, Stack size 48 bytes, gpio.o(i.MX_GPIO_Init))
<BR><BR>[Stack]<UL><LI>Max Depth = 88<LI>Call Chain = MX_GPIO_Init &rArr; HAL_GPIO_Init
</UL>
<BR>[Calls]<UL><LI><a href="#[9e]">&gt;&gt;</a>&nbsp;&nbsp;&nbsp;HAL_GPIO_WritePin
<LI><a href="#[87]">&gt;&gt;</a>&nbsp;&nbsp;&nbsp;HAL_GPIO_Init
</UL>
<BR>[Called By]<UL><LI><a href="#[46]">&gt;&gt;</a>&nbsp;&nbsp;&nbsp;main
</UL>

<P><STRONG><a name="[e3]"></a>MX_SDIO_SD_Init</STRONG> (Thumb, 24 bytes, Stack size 0 bytes, sdio.o(i.MX_SDIO_SD_Init))
<BR><BR>[Called By]<UL><LI><a href="#[46]">&gt;&gt;</a>&nbsp;&nbsp;&nbsp;main
</UL>

<P><STRONG><a name="[9f]"></a>MX_USART1_UART_Init</STRONG> (Thumb, 48 bytes, Stack size 8 bytes, usart.o(i.MX_USART1_UART_Init))
<BR><BR>[Stack]<UL><LI>Max Depth = 96<LI>Call Chain = MX_USART1_UART_Init &rArr; HAL_UART_Init &rArr; HAL_UART_MspInit &rArr; HAL_GPIO_Init
</UL>
<BR>[Calls]<UL><LI><a href="#[97]">&gt;&gt;</a>&nbsp;&nbsp;&nbsp;HAL_UART_Init
<LI><a href="#[63]">&gt;&gt;</a>&nbsp;&nbsp;&nbsp;Error_Handler
</UL>
<BR>[Called By]<UL><LI><a href="#[46]">&gt;&gt;</a>&nbsp;&nbsp;&nbsp;main
</UL>

<P><STRONG><a name="[3]"></a>MemManage_Handler</STRONG> (Thumb, 2 bytes, Stack size 0 bytes, stm32f1xx_it.o(i.MemManage_Handler))
<BR><BR>[Calls]<UL><LI><a href="#[3]">&gt;&gt;</a>&nbsp;&nbsp;&nbsp;MemManage_Handler
</UL>
<BR>[Called By]<UL><LI><a href="#[3]">&gt;&gt;</a>&nbsp;&nbsp;&nbsp;MemManage_Handler
</UL>
<BR>[Address Reference Count : 1]<UL><LI> startup_stm32f103xe.o(RESET)
</UL>
<P><STRONG><a name="[1]"></a>NMI_Handler</STRONG> (Thumb, 2 bytes, Stack size 0 bytes, stm32f1xx_it.o(i.NMI_Handler))
<BR>[Address Reference Count : 1]<UL><LI> startup_stm32f103xe.o(RESET)
</UL>
<P><STRONG><a name="[8]"></a>PendSV_Handler</STRONG> (Thumb, 2 bytes, Stack size 0 bytes, stm32f1xx_it.o(i.PendSV_Handler))
<BR>[Address Reference Count : 1]<UL><LI> startup_stm32f103xe.o(RESET)
</UL>
<P><STRONG><a name="[8a]"></a>SDIO_ConfigData</STRONG> (Thumb, 36 bytes, Stack size 0 bytes, stm32f1xx_ll_sdmmc.o(i.SDIO_ConfigData))
<BR><BR>[Called By]<UL><LI><a href="#[62]">&gt;&gt;</a>&nbsp;&nbsp;&nbsp;HAL_SD_WriteBlocks
<LI><a href="#[60]">&gt;&gt;</a>&nbsp;&nbsp;&nbsp;HAL_SD_ReadBlocks
<LI><a href="#[75]">&gt;&gt;</a>&nbsp;&nbsp;&nbsp;SD_FindSCR
</UL>

<P><STRONG><a name="[ad]"></a>SDIO_GetPowerState</STRONG> (Thumb, 8 bytes, Stack size 0 bytes, stm32f1xx_ll_sdmmc.o(i.SDIO_GetPowerState))
<BR><BR>[Called By]<UL><LI><a href="#[86]">&gt;&gt;</a>&nbsp;&nbsp;&nbsp;SD_InitCard
</UL>

<P><STRONG><a name="[74]"></a>SDIO_GetResponse</STRONG> (Thumb, 6 bytes, Stack size 0 bytes, stm32f1xx_ll_sdmmc.o(i.SDIO_GetResponse))
<BR><BR>[Called By]<UL><LI><a href="#[ac]">&gt;&gt;</a>&nbsp;&nbsp;&nbsp;SDMMC_GetCmdResp6
<LI><a href="#[a1]">&gt;&gt;</a>&nbsp;&nbsp;&nbsp;SDMMC_GetCmdResp1
<LI><a href="#[5b]">&gt;&gt;</a>&nbsp;&nbsp;&nbsp;HAL_SD_GetCardState
<LI><a href="#[5e]">&gt;&gt;</a>&nbsp;&nbsp;&nbsp;HAL_SD_ConfigWideBusOperation
<LI><a href="#[85]">&gt;&gt;</a>&nbsp;&nbsp;&nbsp;SD_PowerON
<LI><a href="#[86]">&gt;&gt;</a>&nbsp;&nbsp;&nbsp;SD_InitCard
</UL>

<P><STRONG><a name="[3b]"></a>SDIO_IRQHandler</STRONG> (Thumb, 6 bytes, Stack size 0 bytes, stm32f1xx_it.o(i.SDIO_IRQHandler))
<BR><BR>[Stack]<UL><LI>Max Depth = 88<LI>Call Chain = SDIO_IRQHandler &rArr; HAL_SD_IRQHandler &rArr; SD_DMATxAbort &rArr; HAL_SD_GetCardState &rArr; SDMMC_CmdSendStatus &rArr; SDMMC_GetCmdResp1
</UL>
<BR>[Calls]<UL><LI><a href="#[7a]">&gt;&gt;</a>&nbsp;&nbsp;&nbsp;HAL_SD_IRQHandler
</UL>
<BR>[Address Reference Count : 1]<UL><LI> startup_stm32f103xe.o(RESET)
</UL>
<P><STRONG><a name="[78]"></a>SDIO_Init</STRONG> (Thumb, 36 bytes, Stack size 16 bytes, stm32f1xx_ll_sdmmc.o(i.SDIO_Init))
<BR><BR>[Stack]<UL><LI>Max Depth = 16<LI>Call Chain = SDIO_Init
</UL>
<BR>[Called By]<UL><LI><a href="#[5e]">&gt;&gt;</a>&nbsp;&nbsp;&nbsp;HAL_SD_ConfigWideBusOperation
<LI><a href="#[83]">&gt;&gt;</a>&nbsp;&nbsp;&nbsp;HAL_SD_InitCard
<LI><a href="#[86]">&gt;&gt;</a>&nbsp;&nbsp;&nbsp;SD_InitCard
</UL>

<P><STRONG><a name="[84]"></a>SDIO_PowerState_ON</STRONG> (Thumb, 16 bytes, Stack size 8 bytes, stm32f1xx_ll_sdmmc.o(i.SDIO_PowerState_ON))
<BR><BR>[Stack]<UL><LI>Max Depth = 24<LI>Call Chain = SDIO_PowerState_ON &rArr; HAL_Delay
</UL>
<BR>[Calls]<UL><LI><a href="#[66]">&gt;&gt;</a>&nbsp;&nbsp;&nbsp;HAL_Delay
</UL>
<BR>[Called By]<UL><LI><a href="#[83]">&gt;&gt;</a>&nbsp;&nbsp;&nbsp;HAL_SD_InitCard
</UL>

<P><STRONG><a name="[7b]"></a>SDIO_ReadFIFO</STRONG> (Thumb, 6 bytes, Stack size 0 bytes, stm32f1xx_ll_sdmmc.o(i.SDIO_ReadFIFO))
<BR><BR>[Called By]<UL><LI><a href="#[60]">&gt;&gt;</a>&nbsp;&nbsp;&nbsp;HAL_SD_ReadBlocks
<LI><a href="#[7a]">&gt;&gt;</a>&nbsp;&nbsp;&nbsp;HAL_SD_IRQHandler
<LI><a href="#[75]">&gt;&gt;</a>&nbsp;&nbsp;&nbsp;SD_FindSCR
</UL>

<P><STRONG><a name="[a0]"></a>SDIO_SendCommand</STRONG> (Thumb, 32 bytes, Stack size 0 bytes, stm32f1xx_ll_sdmmc.o(i.SDIO_SendCommand))
<BR><BR>[Called By]<UL><LI><a href="#[90]">&gt;&gt;</a>&nbsp;&nbsp;&nbsp;SDMMC_CmdWriteSingleBlock
<LI><a href="#[8f]">&gt;&gt;</a>&nbsp;&nbsp;&nbsp;SDMMC_CmdWriteMultiBlock
<LI><a href="#[7c]">&gt;&gt;</a>&nbsp;&nbsp;&nbsp;SDMMC_CmdStopTransfer
<LI><a href="#[ab]">&gt;&gt;</a>&nbsp;&nbsp;&nbsp;SDMMC_CmdSetRelAdd
<LI><a href="#[79]">&gt;&gt;</a>&nbsp;&nbsp;&nbsp;SDMMC_CmdSendStatus
<LI><a href="#[aa]">&gt;&gt;</a>&nbsp;&nbsp;&nbsp;SDMMC_CmdSendSCR
<LI><a href="#[a9]">&gt;&gt;</a>&nbsp;&nbsp;&nbsp;SDMMC_CmdSendCSD
<LI><a href="#[a7]">&gt;&gt;</a>&nbsp;&nbsp;&nbsp;SDMMC_CmdSendCID
<LI><a href="#[a6]">&gt;&gt;</a>&nbsp;&nbsp;&nbsp;SDMMC_CmdSelDesel
<LI><a href="#[8c]">&gt;&gt;</a>&nbsp;&nbsp;&nbsp;SDMMC_CmdReadSingleBlock
<LI><a href="#[8b]">&gt;&gt;</a>&nbsp;&nbsp;&nbsp;SDMMC_CmdReadMultiBlock
<LI><a href="#[a5]">&gt;&gt;</a>&nbsp;&nbsp;&nbsp;SDMMC_CmdOperCond
<LI><a href="#[a4]">&gt;&gt;</a>&nbsp;&nbsp;&nbsp;SDMMC_CmdGoIdleState
<LI><a href="#[77]">&gt;&gt;</a>&nbsp;&nbsp;&nbsp;SDMMC_CmdBusWidth
<LI><a href="#[89]">&gt;&gt;</a>&nbsp;&nbsp;&nbsp;SDMMC_CmdBlockLength
<LI><a href="#[a2]">&gt;&gt;</a>&nbsp;&nbsp;&nbsp;SDMMC_CmdAppOperCommand
<LI><a href="#[76]">&gt;&gt;</a>&nbsp;&nbsp;&nbsp;SDMMC_CmdAppCommand
</UL>

<P><STRONG><a name="[80]"></a>SDIO_WriteFIFO</STRONG> (Thumb, 10 bytes, Stack size 0 bytes, stm32f1xx_ll_sdmmc.o(i.SDIO_WriteFIFO))
<BR><BR>[Called By]<UL><LI><a href="#[62]">&gt;&gt;</a>&nbsp;&nbsp;&nbsp;HAL_SD_WriteBlocks
<LI><a href="#[7a]">&gt;&gt;</a>&nbsp;&nbsp;&nbsp;HAL_SD_IRQHandler
</UL>

<P><STRONG><a name="[76]"></a>SDMMC_CmdAppCommand</STRONG> (Thumb, 50 bytes, Stack size 32 bytes, stm32f1xx_ll_sdmmc.o(i.SDMMC_CmdAppCommand))
<BR><BR>[Stack]<UL><LI>Max Depth = 40<LI>Call Chain = SDMMC_CmdAppCommand &rArr; SDMMC_GetCmdResp1
</UL>
<BR>[Calls]<UL><LI><a href="#[a1]">&gt;&gt;</a>&nbsp;&nbsp;&nbsp;SDMMC_GetCmdResp1
<LI><a href="#[a0]">&gt;&gt;</a>&nbsp;&nbsp;&nbsp;SDIO_SendCommand
</UL>
<BR>[Called By]<UL><LI><a href="#[5e]">&gt;&gt;</a>&nbsp;&nbsp;&nbsp;HAL_SD_ConfigWideBusOperation
<LI><a href="#[85]">&gt;&gt;</a>&nbsp;&nbsp;&nbsp;SD_PowerON
<LI><a href="#[75]">&gt;&gt;</a>&nbsp;&nbsp;&nbsp;SD_FindSCR
</UL>

<P><STRONG><a name="[a2]"></a>SDMMC_CmdAppOperCommand</STRONG> (Thumb, 48 bytes, Stack size 32 bytes, stm32f1xx_ll_sdmmc.o(i.SDMMC_CmdAppOperCommand))
<BR><BR>[Stack]<UL><LI>Max Depth = 32<LI>Call Chain = SDMMC_CmdAppOperCommand
</UL>
<BR>[Calls]<UL><LI><a href="#[a3]">&gt;&gt;</a>&nbsp;&nbsp;&nbsp;SDMMC_GetCmdResp3
<LI><a href="#[a0]">&gt;&gt;</a>&nbsp;&nbsp;&nbsp;SDIO_SendCommand
</UL>
<BR>[Called By]<UL><LI><a href="#[85]">&gt;&gt;</a>&nbsp;&nbsp;&nbsp;SD_PowerON
</UL>

<P><STRONG><a name="[89]"></a>SDMMC_CmdBlockLength</STRONG> (Thumb, 50 bytes, Stack size 32 bytes, stm32f1xx_ll_sdmmc.o(i.SDMMC_CmdBlockLength))
<BR><BR>[Stack]<UL><LI>Max Depth = 40<LI>Call Chain = SDMMC_CmdBlockLength &rArr; SDMMC_GetCmdResp1
</UL>
<BR>[Calls]<UL><LI><a href="#[a1]">&gt;&gt;</a>&nbsp;&nbsp;&nbsp;SDMMC_GetCmdResp1
<LI><a href="#[a0]">&gt;&gt;</a>&nbsp;&nbsp;&nbsp;SDIO_SendCommand
</UL>
<BR>[Called By]<UL><LI><a href="#[62]">&gt;&gt;</a>&nbsp;&nbsp;&nbsp;HAL_SD_WriteBlocks
<LI><a href="#[60]">&gt;&gt;</a>&nbsp;&nbsp;&nbsp;HAL_SD_ReadBlocks
<LI><a href="#[75]">&gt;&gt;</a>&nbsp;&nbsp;&nbsp;SD_FindSCR
</UL>

<P><STRONG><a name="[77]"></a>SDMMC_CmdBusWidth</STRONG> (Thumb, 50 bytes, Stack size 32 bytes, stm32f1xx_ll_sdmmc.o(i.SDMMC_CmdBusWidth))
<BR><BR>[Stack]<UL><LI>Max Depth = 40<LI>Call Chain = SDMMC_CmdBusWidth &rArr; SDMMC_GetCmdResp1
</UL>
<BR>[Calls]<UL><LI><a href="#[a1]">&gt;&gt;</a>&nbsp;&nbsp;&nbsp;SDMMC_GetCmdResp1
<LI><a href="#[a0]">&gt;&gt;</a>&nbsp;&nbsp;&nbsp;SDIO_SendCommand
</UL>
<BR>[Called By]<UL><LI><a href="#[5e]">&gt;&gt;</a>&nbsp;&nbsp;&nbsp;HAL_SD_ConfigWideBusOperation
</UL>

<P><STRONG><a name="[a4]"></a>SDMMC_CmdGoIdleState</STRONG> (Thumb, 74 bytes, Stack size 32 bytes, stm32f1xx_ll_sdmmc.o(i.SDMMC_CmdGoIdleState))
<BR><BR>[Stack]<UL><LI>Max Depth = 32<LI>Call Chain = SDMMC_CmdGoIdleState
</UL>
<BR>[Calls]<UL><LI><a href="#[a0]">&gt;&gt;</a>&nbsp;&nbsp;&nbsp;SDIO_SendCommand
</UL>
<BR>[Called By]<UL><LI><a href="#[85]">&gt;&gt;</a>&nbsp;&nbsp;&nbsp;SD_PowerON
</UL>

<P><STRONG><a name="[a5]"></a>SDMMC_CmdOperCond</STRONG> (Thumb, 112 bytes, Stack size 36 bytes, stm32f1xx_ll_sdmmc.o(i.SDMMC_CmdOperCond))
<BR><BR>[Stack]<UL><LI>Max Depth = 36<LI>Call Chain = SDMMC_CmdOperCond
</UL>
<BR>[Calls]<UL><LI><a href="#[a0]">&gt;&gt;</a>&nbsp;&nbsp;&nbsp;SDIO_SendCommand
</UL>
<BR>[Called By]<UL><LI><a href="#[85]">&gt;&gt;</a>&nbsp;&nbsp;&nbsp;SD_PowerON
</UL>

<P><STRONG><a name="[8b]"></a>SDMMC_CmdReadMultiBlock</STRONG> (Thumb, 50 bytes, Stack size 32 bytes, stm32f1xx_ll_sdmmc.o(i.SDMMC_CmdReadMultiBlock))
<BR><BR>[Stack]<UL><LI>Max Depth = 40<LI>Call Chain = SDMMC_CmdReadMultiBlock &rArr; SDMMC_GetCmdResp1
</UL>
<BR>[Calls]<UL><LI><a href="#[a1]">&gt;&gt;</a>&nbsp;&nbsp;&nbsp;SDMMC_GetCmdResp1
<LI><a href="#[a0]">&gt;&gt;</a>&nbsp;&nbsp;&nbsp;SDIO_SendCommand
</UL>
<BR>[Called By]<UL><LI><a href="#[60]">&gt;&gt;</a>&nbsp;&nbsp;&nbsp;HAL_SD_ReadBlocks
</UL>

<P><STRONG><a name="[8c]"></a>SDMMC_CmdReadSingleBlock</STRONG> (Thumb, 50 bytes, Stack size 32 bytes, stm32f1xx_ll_sdmmc.o(i.SDMMC_CmdReadSingleBlock))
<BR><BR>[Stack]<UL><LI>Max Depth = 40<LI>Call Chain = SDMMC_CmdReadSingleBlock &rArr; SDMMC_GetCmdResp1
</UL>
<BR>[Calls]<UL><LI><a href="#[a1]">&gt;&gt;</a>&nbsp;&nbsp;&nbsp;SDMMC_GetCmdResp1
<LI><a href="#[a0]">&gt;&gt;</a>&nbsp;&nbsp;&nbsp;SDIO_SendCommand
</UL>
<BR>[Called By]<UL><LI><a href="#[60]">&gt;&gt;</a>&nbsp;&nbsp;&nbsp;HAL_SD_ReadBlocks
</UL>

<P><STRONG><a name="[a6]"></a>SDMMC_CmdSelDesel</STRONG> (Thumb, 50 bytes, Stack size 32 bytes, stm32f1xx_ll_sdmmc.o(i.SDMMC_CmdSelDesel))
<BR><BR>[Stack]<UL><LI>Max Depth = 40<LI>Call Chain = SDMMC_CmdSelDesel &rArr; SDMMC_GetCmdResp1
</UL>
<BR>[Calls]<UL><LI><a href="#[a1]">&gt;&gt;</a>&nbsp;&nbsp;&nbsp;SDMMC_GetCmdResp1
<LI><a href="#[a0]">&gt;&gt;</a>&nbsp;&nbsp;&nbsp;SDIO_SendCommand
</UL>
<BR>[Called By]<UL><LI><a href="#[86]">&gt;&gt;</a>&nbsp;&nbsp;&nbsp;SD_InitCard
</UL>

<P><STRONG><a name="[a7]"></a>SDMMC_CmdSendCID</STRONG> (Thumb, 44 bytes, Stack size 32 bytes, stm32f1xx_ll_sdmmc.o(i.SDMMC_CmdSendCID))
<BR><BR>[Stack]<UL><LI>Max Depth = 32<LI>Call Chain = SDMMC_CmdSendCID
</UL>
<BR>[Calls]<UL><LI><a href="#[a8]">&gt;&gt;</a>&nbsp;&nbsp;&nbsp;SDMMC_GetCmdResp2
<LI><a href="#[a0]">&gt;&gt;</a>&nbsp;&nbsp;&nbsp;SDIO_SendCommand
</UL>
<BR>[Called By]<UL><LI><a href="#[86]">&gt;&gt;</a>&nbsp;&nbsp;&nbsp;SD_InitCard
</UL>

<P><STRONG><a name="[a9]"></a>SDMMC_CmdSendCSD</STRONG> (Thumb, 44 bytes, Stack size 32 bytes, stm32f1xx_ll_sdmmc.o(i.SDMMC_CmdSendCSD))
<BR><BR>[Stack]<UL><LI>Max Depth = 32<LI>Call Chain = SDMMC_CmdSendCSD
</UL>
<BR>[Calls]<UL><LI><a href="#[a8]">&gt;&gt;</a>&nbsp;&nbsp;&nbsp;SDMMC_GetCmdResp2
<LI><a href="#[a0]">&gt;&gt;</a>&nbsp;&nbsp;&nbsp;SDIO_SendCommand
</UL>
<BR>[Called By]<UL><LI><a href="#[86]">&gt;&gt;</a>&nbsp;&nbsp;&nbsp;SD_InitCard
</UL>

<P><STRONG><a name="[aa]"></a>SDMMC_CmdSendSCR</STRONG> (Thumb, 48 bytes, Stack size 32 bytes, stm32f1xx_ll_sdmmc.o(i.SDMMC_CmdSendSCR))
<BR><BR>[Stack]<UL><LI>Max Depth = 40<LI>Call Chain = SDMMC_CmdSendSCR &rArr; SDMMC_GetCmdResp1
</UL>
<BR>[Calls]<UL><LI><a href="#[a1]">&gt;&gt;</a>&nbsp;&nbsp;&nbsp;SDMMC_GetCmdResp1
<LI><a href="#[a0]">&gt;&gt;</a>&nbsp;&nbsp;&nbsp;SDIO_SendCommand
</UL>
<BR>[Called By]<UL><LI><a href="#[75]">&gt;&gt;</a>&nbsp;&nbsp;&nbsp;SD_FindSCR
</UL>

<P><STRONG><a name="[79]"></a>SDMMC_CmdSendStatus</STRONG> (Thumb, 50 bytes, Stack size 32 bytes, stm32f1xx_ll_sdmmc.o(i.SDMMC_CmdSendStatus))
<BR><BR>[Stack]<UL><LI>Max Depth = 40<LI>Call Chain = SDMMC_CmdSendStatus &rArr; SDMMC_GetCmdResp1
</UL>
<BR>[Calls]<UL><LI><a href="#[a1]">&gt;&gt;</a>&nbsp;&nbsp;&nbsp;SDMMC_GetCmdResp1
<LI><a href="#[a0]">&gt;&gt;</a>&nbsp;&nbsp;&nbsp;SDIO_SendCommand
</UL>
<BR>[Called By]<UL><LI><a href="#[5b]">&gt;&gt;</a>&nbsp;&nbsp;&nbsp;HAL_SD_GetCardState
</UL>

<P><STRONG><a name="[ab]"></a>SDMMC_CmdSetRelAdd</STRONG> (Thumb, 48 bytes, Stack size 32 bytes, stm32f1xx_ll_sdmmc.o(i.SDMMC_CmdSetRelAdd))
<BR><BR>[Stack]<UL><LI>Max Depth = 44<LI>Call Chain = SDMMC_CmdSetRelAdd &rArr; SDMMC_GetCmdResp6
</UL>
<BR>[Calls]<UL><LI><a href="#[ac]">&gt;&gt;</a>&nbsp;&nbsp;&nbsp;SDMMC_GetCmdResp6
<LI><a href="#[a0]">&gt;&gt;</a>&nbsp;&nbsp;&nbsp;SDIO_SendCommand
</UL>
<BR>[Called By]<UL><LI><a href="#[86]">&gt;&gt;</a>&nbsp;&nbsp;&nbsp;SD_InitCard
</UL>

<P><STRONG><a name="[7c]"></a>SDMMC_CmdStopTransfer</STRONG> (Thumb, 46 bytes, Stack size 32 bytes, stm32f1xx_ll_sdmmc.o(i.SDMMC_CmdStopTransfer))
<BR><BR>[Stack]<UL><LI>Max Depth = 40<LI>Call Chain = SDMMC_CmdStopTransfer &rArr; SDMMC_GetCmdResp1
</UL>
<BR>[Calls]<UL><LI><a href="#[a1]">&gt;&gt;</a>&nbsp;&nbsp;&nbsp;SDMMC_GetCmdResp1
<LI><a href="#[a0]">&gt;&gt;</a>&nbsp;&nbsp;&nbsp;SDIO_SendCommand
</UL>
<BR>[Called By]<UL><LI><a href="#[62]">&gt;&gt;</a>&nbsp;&nbsp;&nbsp;HAL_SD_WriteBlocks
<LI><a href="#[60]">&gt;&gt;</a>&nbsp;&nbsp;&nbsp;HAL_SD_ReadBlocks
<LI><a href="#[7a]">&gt;&gt;</a>&nbsp;&nbsp;&nbsp;HAL_SD_IRQHandler
<LI><a href="#[49]">&gt;&gt;</a>&nbsp;&nbsp;&nbsp;SD_DMATxAbort
<LI><a href="#[4a]">&gt;&gt;</a>&nbsp;&nbsp;&nbsp;SD_DMARxAbort
</UL>

<P><STRONG><a name="[8f]"></a>SDMMC_CmdWriteMultiBlock</STRONG> (Thumb, 50 bytes, Stack size 32 bytes, stm32f1xx_ll_sdmmc.o(i.SDMMC_CmdWriteMultiBlock))
<BR><BR>[Stack]<UL><LI>Max Depth = 40<LI>Call Chain = SDMMC_CmdWriteMultiBlock &rArr; SDMMC_GetCmdResp1
</UL>
<BR>[Calls]<UL><LI><a href="#[a1]">&gt;&gt;</a>&nbsp;&nbsp;&nbsp;SDMMC_GetCmdResp1
<LI><a href="#[a0]">&gt;&gt;</a>&nbsp;&nbsp;&nbsp;SDIO_SendCommand
</UL>
<BR>[Called By]<UL><LI><a href="#[62]">&gt;&gt;</a>&nbsp;&nbsp;&nbsp;HAL_SD_WriteBlocks
</UL>

<P><STRONG><a name="[90]"></a>SDMMC_CmdWriteSingleBlock</STRONG> (Thumb, 50 bytes, Stack size 32 bytes, stm32f1xx_ll_sdmmc.o(i.SDMMC_CmdWriteSingleBlock))
<BR><BR>[Stack]<UL><LI>Max Depth = 40<LI>Call Chain = SDMMC_CmdWriteSingleBlock &rArr; SDMMC_GetCmdResp1
</UL>
<BR>[Calls]<UL><LI><a href="#[a1]">&gt;&gt;</a>&nbsp;&nbsp;&nbsp;SDMMC_GetCmdResp1
<LI><a href="#[a0]">&gt;&gt;</a>&nbsp;&nbsp;&nbsp;SDIO_SendCommand
</UL>
<BR>[Called By]<UL><LI><a href="#[62]">&gt;&gt;</a>&nbsp;&nbsp;&nbsp;HAL_SD_WriteBlocks
</UL>

<P><STRONG><a name="[4d]"></a>SD_initialize</STRONG> (Thumb, 26 bytes, Stack size 8 bytes, sd_diskio.o(i.SD_initialize))
<BR><BR>[Stack]<UL><LI>Max Depth = 188<LI>Call Chain = SD_initialize &rArr; BSP_SD_Init &rArr; HAL_SD_Init &rArr; HAL_SD_InitCard &rArr; SD_InitCard &rArr; SDMMC_CmdSetRelAdd &rArr; SDMMC_GetCmdResp6
</UL>
<BR>[Calls]<UL><LI><a href="#[5c]">&gt;&gt;</a>&nbsp;&nbsp;&nbsp;BSP_SD_Init
</UL>
<BR>[Address Reference Count : 1]<UL><LI> sd_diskio.o(.constdata)
</UL>
<P><STRONG><a name="[51]"></a>SD_ioctl</STRONG> (Thumb, 74 bytes, Stack size 40 bytes, sd_diskio.o(i.SD_ioctl))
<BR><BR>[Stack]<UL><LI>Max Depth = 40<LI>Call Chain = SD_ioctl
</UL>
<BR>[Calls]<UL><LI><a href="#[58]">&gt;&gt;</a>&nbsp;&nbsp;&nbsp;BSP_SD_GetCardInfo
</UL>
<BR>[Address Reference Count : 1]<UL><LI> sd_diskio.o(.constdata)
</UL>
<P><STRONG><a name="[4f]"></a>SD_read</STRONG> (Thumb, 52 bytes, Stack size 24 bytes, sd_diskio.o(i.SD_read))
<BR><BR>[Stack]<UL><LI>Max Depth = 144<LI>Call Chain = SD_read &rArr; BSP_SD_ReadBlocks &rArr; HAL_SD_ReadBlocks &rArr; SDMMC_CmdStopTransfer &rArr; SDMMC_GetCmdResp1
</UL>
<BR>[Calls]<UL><LI><a href="#[5f]">&gt;&gt;</a>&nbsp;&nbsp;&nbsp;BSP_SD_ReadBlocks
<LI><a href="#[5a]">&gt;&gt;</a>&nbsp;&nbsp;&nbsp;BSP_SD_GetCardState
</UL>
<BR>[Address Reference Count : 1]<UL><LI> sd_diskio.o(.constdata)
</UL>
<P><STRONG><a name="[4e]"></a>SD_status</STRONG> (Thumb, 26 bytes, Stack size 8 bytes, sd_diskio.o(i.SD_status))
<BR><BR>[Stack]<UL><LI>Max Depth = 72<LI>Call Chain = SD_status &rArr; BSP_SD_GetCardState &rArr; HAL_SD_GetCardState &rArr; SDMMC_CmdSendStatus &rArr; SDMMC_GetCmdResp1
</UL>
<BR>[Calls]<UL><LI><a href="#[5a]">&gt;&gt;</a>&nbsp;&nbsp;&nbsp;BSP_SD_GetCardState
</UL>
<BR>[Address Reference Count : 1]<UL><LI> sd_diskio.o(.constdata)
</UL>
<P><STRONG><a name="[50]"></a>SD_write</STRONG> (Thumb, 52 bytes, Stack size 24 bytes, sd_diskio.o(i.SD_write))
<BR><BR>[Stack]<UL><LI>Max Depth = 184<LI>Call Chain = SD_write &rArr; BSP_SD_WriteBlocks &rArr; HAL_SD_WriteBlocks &rArr; SDMMC_CmdWriteSingleBlock &rArr; SDMMC_GetCmdResp1
</UL>
<BR>[Calls]<UL><LI><a href="#[61]">&gt;&gt;</a>&nbsp;&nbsp;&nbsp;BSP_SD_WriteBlocks
<LI><a href="#[5a]">&gt;&gt;</a>&nbsp;&nbsp;&nbsp;BSP_SD_GetCardState
</UL>
<BR>[Address Reference Count : 1]<UL><LI> sd_diskio.o(.constdata)
</UL>
<P><STRONG><a name="[6]"></a>SVC_Handler</STRONG> (Thumb, 2 bytes, Stack size 0 bytes, stm32f1xx_it.o(i.SVC_Handler))
<BR>[Address Reference Count : 1]<UL><LI> startup_stm32f103xe.o(RESET)
</UL>
<P><STRONG><a name="[9]"></a>SysTick_Handler</STRONG> (Thumb, 4 bytes, Stack size 0 bytes, stm32f1xx_it.o(i.SysTick_Handler))
<BR><BR>[Calls]<UL><LI><a href="#[af]">&gt;&gt;</a>&nbsp;&nbsp;&nbsp;HAL_IncTick
</UL>
<BR>[Address Reference Count : 1]<UL><LI> startup_stm32f103xe.o(RESET)
</UL>
<P><STRONG><a name="[b0]"></a>SystemClock_Config</STRONG> (Thumb, 90 bytes, Stack size 72 bytes, main.o(i.SystemClock_Config))
<BR><BR>[Stack]<UL><LI>Max Depth = 136<LI>Call Chain = SystemClock_Config &rArr; HAL_RCC_ClockConfig &rArr; HAL_InitTick &rArr; HAL_NVIC_SetPriority
</UL>
<BR>[Calls]<UL><LI><a href="#[71]">&gt;&gt;</a>&nbsp;&nbsp;&nbsp;HAL_RCC_OscConfig
<LI><a href="#[6f]">&gt;&gt;</a>&nbsp;&nbsp;&nbsp;HAL_RCC_ClockConfig
<LI><a href="#[b1]">&gt;&gt;</a>&nbsp;&nbsp;&nbsp;__aeabi_memclr4
</UL>
<BR>[Called By]<UL><LI><a href="#[46]">&gt;&gt;</a>&nbsp;&nbsp;&nbsp;main
</UL>

<P><STRONG><a name="[47]"></a>SystemInit</STRONG> (Thumb, 56 bytes, Stack size 0 bytes, system_stm32f1xx.o(i.SystemInit))
<BR>[Address Reference Count : 1]<UL><LI> startup_stm32f103xe.o(.text)
</UL>
<P><STRONG><a name="[2f]"></a>USART1_IRQHandler</STRONG> (Thumb, 6 bytes, Stack size 0 bytes, stm32f1xx_it.o(i.USART1_IRQHandler))
<BR><BR>[Stack]<UL><LI>Max Depth = 56<LI>Call Chain = USART1_IRQHandler &rArr; HAL_UART_IRQHandler &rArr; HAL_DMA_Abort_IT
</UL>
<BR>[Calls]<UL><LI><a href="#[91]">&gt;&gt;</a>&nbsp;&nbsp;&nbsp;HAL_UART_IRQHandler
</UL>
<BR>[Address Reference Count : 1]<UL><LI> startup_stm32f103xe.o(RESET)
</UL>
<P><STRONG><a name="[5]"></a>UsageFault_Handler</STRONG> (Thumb, 2 bytes, Stack size 0 bytes, stm32f1xx_it.o(i.UsageFault_Handler))
<BR><BR>[Calls]<UL><LI><a href="#[5]">&gt;&gt;</a>&nbsp;&nbsp;&nbsp;UsageFault_Handler
</UL>
<BR>[Called By]<UL><LI><a href="#[5]">&gt;&gt;</a>&nbsp;&nbsp;&nbsp;UsageFault_Handler
</UL>
<BR>[Address Reference Count : 1]<UL><LI> startup_stm32f103xe.o(RESET)
</UL>
<P><STRONG><a name="[b5]"></a>__0printf$3</STRONG> (Thumb, 22 bytes, Stack size 24 bytes, printf3.o(i.__0printf$3), UNUSED)
<BR><BR>[Calls]<UL><LI><a href="#[b6]">&gt;&gt;</a>&nbsp;&nbsp;&nbsp;_printf_core
</UL>

<P><STRONG><a name="[f1]"></a>__1printf$3</STRONG> (Thumb, 0 bytes, Stack size 24 bytes, printf3.o(i.__0printf$3), UNUSED)

<P><STRONG><a name="[e4]"></a>__2printf</STRONG> (Thumb, 0 bytes, Stack size 24 bytes, printf3.o(i.__0printf$3))
<BR><BR>[Stack]<UL><LI>Max Depth = 24<LI>Call Chain = __2printf
</UL>
<BR>[Called By]<UL><LI><a href="#[46]">&gt;&gt;</a>&nbsp;&nbsp;&nbsp;main
</UL>

<P><STRONG><a name="[f2]"></a>__scatterload_copy</STRONG> (Thumb, 14 bytes, Stack size unknown bytes, handlers.o(i.__scatterload_copy), UNUSED)

<P><STRONG><a name="[f3]"></a>__scatterload_null</STRONG> (Thumb, 2 bytes, Stack size unknown bytes, handlers.o(i.__scatterload_null), UNUSED)

<P><STRONG><a name="[f4]"></a>__scatterload_zeroinit</STRONG> (Thumb, 14 bytes, Stack size unknown bytes, handlers.o(i.__scatterload_zeroinit), UNUSED)

<P><STRONG><a name="[c7]"></a>clust2sect</STRONG> (Thumb, 30 bytes, Stack size 0 bytes, ff.o(i.clust2sect))
<BR><BR>[Called By]<UL><LI><a href="#[e0]">&gt;&gt;</a>&nbsp;&nbsp;&nbsp;f_write
<LI><a href="#[db]">&gt;&gt;</a>&nbsp;&nbsp;&nbsp;f_read
<LI><a href="#[c3]">&gt;&gt;</a>&nbsp;&nbsp;&nbsp;dir_sdi
<LI><a href="#[c5]">&gt;&gt;</a>&nbsp;&nbsp;&nbsp;dir_next
</UL>

<P><STRONG><a name="[e2]"></a>disk_initialize</STRONG> (Thumb, 36 bytes, Stack size 8 bytes, diskio.o(i.disk_initialize))
<BR><BR>[Stack]<UL><LI>Max Depth = 8<LI>Call Chain = disk_initialize
</UL>
<BR>[Called By]<UL><LI><a href="#[d2]">&gt;&gt;</a>&nbsp;&nbsp;&nbsp;find_volume
</UL>

<P><STRONG><a name="[e5]"></a>disk_ioctl</STRONG> (Thumb, 24 bytes, Stack size 8 bytes, diskio.o(i.disk_ioctl))
<BR><BR>[Stack]<UL><LI>Max Depth = 8<LI>Call Chain = disk_ioctl
</UL>
<BR>[Called By]<UL><LI><a href="#[df]">&gt;&gt;</a>&nbsp;&nbsp;&nbsp;sync_fs
</UL>

<P><STRONG><a name="[dd]"></a>disk_read</STRONG> (Thumb, 24 bytes, Stack size 8 bytes, diskio.o(i.disk_read))
<BR><BR>[Stack]<UL><LI>Max Depth = 8<LI>Call Chain = disk_read
</UL>
<BR>[Called By]<UL><LI><a href="#[e0]">&gt;&gt;</a>&nbsp;&nbsp;&nbsp;f_write
<LI><a href="#[db]">&gt;&gt;</a>&nbsp;&nbsp;&nbsp;f_read
<LI><a href="#[b9]">&gt;&gt;</a>&nbsp;&nbsp;&nbsp;move_window
</UL>

<P><STRONG><a name="[e1]"></a>disk_status</STRONG> (Thumb, 18 bytes, Stack size 0 bytes, diskio.o(i.disk_status))
<BR><BR>[Called By]<UL><LI><a href="#[cd]">&gt;&gt;</a>&nbsp;&nbsp;&nbsp;validate
<LI><a href="#[d2]">&gt;&gt;</a>&nbsp;&nbsp;&nbsp;find_volume
</UL>

<P><STRONG><a name="[de]"></a>disk_write</STRONG> (Thumb, 24 bytes, Stack size 8 bytes, diskio.o(i.disk_write))
<BR><BR>[Stack]<UL><LI>Max Depth = 8<LI>Call Chain = disk_write
</UL>
<BR>[Called By]<UL><LI><a href="#[e0]">&gt;&gt;</a>&nbsp;&nbsp;&nbsp;f_write
<LI><a href="#[db]">&gt;&gt;</a>&nbsp;&nbsp;&nbsp;f_read
<LI><a href="#[cc]">&gt;&gt;</a>&nbsp;&nbsp;&nbsp;f_sync
<LI><a href="#[c6]">&gt;&gt;</a>&nbsp;&nbsp;&nbsp;sync_window
<LI><a href="#[df]">&gt;&gt;</a>&nbsp;&nbsp;&nbsp;sync_fs
</UL>

<P><STRONG><a name="[cb]"></a>f_close</STRONG> (Thumb, 42 bytes, Stack size 8 bytes, ff.o(i.f_close))
<BR><BR>[Stack]<UL><LI>Max Depth = 72<LI>Call Chain = f_close &rArr; f_sync &rArr; sync_fs &rArr; sync_window &rArr; disk_write
</UL>
<BR>[Calls]<UL><LI><a href="#[cc]">&gt;&gt;</a>&nbsp;&nbsp;&nbsp;f_sync
<LI><a href="#[cd]">&gt;&gt;</a>&nbsp;&nbsp;&nbsp;validate
<LI><a href="#[ce]">&gt;&gt;</a>&nbsp;&nbsp;&nbsp;dec_lock
</UL>
<BR>[Called By]<UL><LI><a href="#[46]">&gt;&gt;</a>&nbsp;&nbsp;&nbsp;main
</UL>

<P><STRONG><a name="[cf]"></a>f_mount</STRONG> (Thumb, 88 bytes, Stack size 40 bytes, ff.o(i.f_mount))
<BR><BR>[Stack]<UL><LI>Max Depth = 144<LI>Call Chain = f_mount &rArr; find_volume &rArr; check_fs &rArr; move_window &rArr; sync_window &rArr; disk_write
</UL>
<BR>[Calls]<UL><LI><a href="#[d0]">&gt;&gt;</a>&nbsp;&nbsp;&nbsp;get_ldnumber
<LI><a href="#[d2]">&gt;&gt;</a>&nbsp;&nbsp;&nbsp;find_volume
<LI><a href="#[d1]">&gt;&gt;</a>&nbsp;&nbsp;&nbsp;clear_lock
</UL>
<BR>[Called By]<UL><LI><a href="#[46]">&gt;&gt;</a>&nbsp;&nbsp;&nbsp;main
</UL>

<P><STRONG><a name="[d3]"></a>f_open</STRONG> (Thumb, 422 bytes, Stack size 1120 bytes, ff.o(i.f_open))
<BR><BR>[Stack]<UL><LI>Max Depth = 1352<LI>Call Chain = f_open &rArr; dir_register &rArr; dir_find &rArr; dir_next &rArr; create_chain &rArr; put_fat &rArr; move_window &rArr; sync_window &rArr; disk_write
</UL>
<BR>[Calls]<UL><LI><a href="#[d6]">&gt;&gt;</a>&nbsp;&nbsp;&nbsp;get_fattime
<LI><a href="#[d8]">&gt;&gt;</a>&nbsp;&nbsp;&nbsp;st_clust
<LI><a href="#[d9]">&gt;&gt;</a>&nbsp;&nbsp;&nbsp;remove_chain
<LI><a href="#[b9]">&gt;&gt;</a>&nbsp;&nbsp;&nbsp;move_window
<LI><a href="#[d7]">&gt;&gt;</a>&nbsp;&nbsp;&nbsp;ld_clust
<LI><a href="#[da]">&gt;&gt;</a>&nbsp;&nbsp;&nbsp;inc_lock
<LI><a href="#[d4]">&gt;&gt;</a>&nbsp;&nbsp;&nbsp;follow_path
<LI><a href="#[d2]">&gt;&gt;</a>&nbsp;&nbsp;&nbsp;find_volume
<LI><a href="#[c8]">&gt;&gt;</a>&nbsp;&nbsp;&nbsp;dir_register
<LI><a href="#[d5]">&gt;&gt;</a>&nbsp;&nbsp;&nbsp;chk_lock
</UL>
<BR>[Called By]<UL><LI><a href="#[46]">&gt;&gt;</a>&nbsp;&nbsp;&nbsp;main
</UL>

<P><STRONG><a name="[db]"></a>f_read</STRONG> (Thumb, 396 bytes, Stack size 40 bytes, ff.o(i.f_read))
<BR><BR>[Stack]<UL><LI>Max Depth = 112<LI>Call Chain = f_read &rArr; get_fat &rArr; move_window &rArr; sync_window &rArr; disk_write
</UL>
<BR>[Calls]<UL><LI><a href="#[bb]">&gt;&gt;</a>&nbsp;&nbsp;&nbsp;get_fat
<LI><a href="#[c7]">&gt;&gt;</a>&nbsp;&nbsp;&nbsp;clust2sect
<LI><a href="#[cd]">&gt;&gt;</a>&nbsp;&nbsp;&nbsp;validate
<LI><a href="#[c9]">&gt;&gt;</a>&nbsp;&nbsp;&nbsp;mem_cpy
<LI><a href="#[dc]">&gt;&gt;</a>&nbsp;&nbsp;&nbsp;clmt_clust
<LI><a href="#[de]">&gt;&gt;</a>&nbsp;&nbsp;&nbsp;disk_write
<LI><a href="#[dd]">&gt;&gt;</a>&nbsp;&nbsp;&nbsp;disk_read
</UL>
<BR>[Called By]<UL><LI><a href="#[46]">&gt;&gt;</a>&nbsp;&nbsp;&nbsp;main
</UL>

<P><STRONG><a name="[cc]"></a>f_sync</STRONG> (Thumb, 184 bytes, Stack size 16 bytes, ff.o(i.f_sync))
<BR><BR>[Stack]<UL><LI>Max Depth = 64<LI>Call Chain = f_sync &rArr; sync_fs &rArr; sync_window &rArr; disk_write
</UL>
<BR>[Calls]<UL><LI><a href="#[d6]">&gt;&gt;</a>&nbsp;&nbsp;&nbsp;get_fattime
<LI><a href="#[cd]">&gt;&gt;</a>&nbsp;&nbsp;&nbsp;validate
<LI><a href="#[df]">&gt;&gt;</a>&nbsp;&nbsp;&nbsp;sync_fs
<LI><a href="#[d8]">&gt;&gt;</a>&nbsp;&nbsp;&nbsp;st_clust
<LI><a href="#[b9]">&gt;&gt;</a>&nbsp;&nbsp;&nbsp;move_window
<LI><a href="#[de]">&gt;&gt;</a>&nbsp;&nbsp;&nbsp;disk_write
</UL>
<BR>[Called By]<UL><LI><a href="#[cb]">&gt;&gt;</a>&nbsp;&nbsp;&nbsp;f_close
</UL>

<P><STRONG><a name="[e0]"></a>f_write</STRONG> (Thumb, 470 bytes, Stack size 40 bytes, ff.o(i.f_write))
<BR><BR>[Stack]<UL><LI>Max Depth = 144<LI>Call Chain = f_write &rArr; create_chain &rArr; put_fat &rArr; move_window &rArr; sync_window &rArr; disk_write
</UL>
<BR>[Calls]<UL><LI><a href="#[c7]">&gt;&gt;</a>&nbsp;&nbsp;&nbsp;clust2sect
<LI><a href="#[cd]">&gt;&gt;</a>&nbsp;&nbsp;&nbsp;validate
<LI><a href="#[c9]">&gt;&gt;</a>&nbsp;&nbsp;&nbsp;mem_cpy
<LI><a href="#[ba]">&gt;&gt;</a>&nbsp;&nbsp;&nbsp;create_chain
<LI><a href="#[dc]">&gt;&gt;</a>&nbsp;&nbsp;&nbsp;clmt_clust
<LI><a href="#[de]">&gt;&gt;</a>&nbsp;&nbsp;&nbsp;disk_write
<LI><a href="#[dd]">&gt;&gt;</a>&nbsp;&nbsp;&nbsp;disk_read
</UL>
<BR>[Called By]<UL><LI><a href="#[46]">&gt;&gt;</a>&nbsp;&nbsp;&nbsp;main
</UL>

<P><STRONG><a name="[be]"></a>ff_convert</STRONG> (Thumb, 68 bytes, Stack size 16 bytes, cc936.o(i.ff_convert))
<BR><BR>[Stack]<UL><LI>Max Depth = 16<LI>Call Chain = ff_convert
</UL>
<BR>[Called By]<UL><LI><a href="#[bd]">&gt;&gt;</a>&nbsp;&nbsp;&nbsp;create_name
</UL>

<P><STRONG><a name="[c1]"></a>ff_wtoupper</STRONG> (Thumb, 28 bytes, Stack size 0 bytes, cc936.o(i.ff_wtoupper))
<BR><BR>[Called By]<UL><LI><a href="#[c2]">&gt;&gt;</a>&nbsp;&nbsp;&nbsp;dir_find
<LI><a href="#[bd]">&gt;&gt;</a>&nbsp;&nbsp;&nbsp;create_name
</UL>

<P><STRONG><a name="[4c]"></a>fputc</STRONG> (Thumb, 20 bytes, Stack size 16 bytes, usart.o(i.fputc))
<BR><BR>[Stack]<UL><LI>Max Depth = 72<LI>Call Chain = fputc &rArr; HAL_UART_Transmit &rArr; UART_WaitOnFlagUntilTimeout
</UL>
<BR>[Calls]<UL><LI><a href="#[9a]">&gt;&gt;</a>&nbsp;&nbsp;&nbsp;HAL_UART_Transmit
</UL>
<BR>[Address Reference Count : 1]<UL><LI> printf3.o(i.__0printf$3)
</UL>
<P><STRONG><a name="[bb]"></a>get_fat</STRONG> (Thumb, 194 bytes, Stack size 24 bytes, ff.o(i.get_fat))
<BR><BR>[Stack]<UL><LI>Max Depth = 72<LI>Call Chain = get_fat &rArr; move_window &rArr; sync_window &rArr; disk_write
</UL>
<BR>[Calls]<UL><LI><a href="#[b9]">&gt;&gt;</a>&nbsp;&nbsp;&nbsp;move_window
</UL>
<BR>[Called By]<UL><LI><a href="#[db]">&gt;&gt;</a>&nbsp;&nbsp;&nbsp;f_read
<LI><a href="#[d9]">&gt;&gt;</a>&nbsp;&nbsp;&nbsp;remove_chain
<LI><a href="#[c3]">&gt;&gt;</a>&nbsp;&nbsp;&nbsp;dir_sdi
<LI><a href="#[c5]">&gt;&gt;</a>&nbsp;&nbsp;&nbsp;dir_next
<LI><a href="#[ba]">&gt;&gt;</a>&nbsp;&nbsp;&nbsp;create_chain
</UL>

<P><STRONG><a name="[d6]"></a>get_fattime</STRONG> (Thumb, 4 bytes, Stack size 0 bytes, fatfs.o(i.get_fattime))
<BR><BR>[Called By]<UL><LI><a href="#[d3]">&gt;&gt;</a>&nbsp;&nbsp;&nbsp;f_open
<LI><a href="#[cc]">&gt;&gt;</a>&nbsp;&nbsp;&nbsp;f_sync
</UL>

<P><STRONG><a name="[46]"></a>main</STRONG> (Thumb, 272 bytes, Stack size 0 bytes, main.o(i.main))
[...]
<LI><a href="#[a7]">&gt;&gt;</a>&nbsp;&nbsp;&nbsp;SDMMC_CmdSendCID
</UL>

<P><STRONG><a name="[a3]"></a>SDMMC_GetCmdResp3</STRONG> (Thumb, 62 bytes, Stack size 0 bytes, stm32f1xx_ll_sdmmc.o(i.SDMMC_GetCmdResp3))
<BR><BR>[Called By]<UL><LI><a href="#[a2]">&gt;&gt;</a>&nbsp;&nbsp;&nbsp;SDMMC_CmdAppOperCommand
</UL>

<P><STRONG><a name="[ac]"></a>SDMMC_GetCmdResp6</STRONG> (Thumb, 130 bytes, Stack size 12 bytes, stm32f1xx_ll_sdmmc.o(i.SDMMC_GetCmdResp6))
<BR><BR>[Stack]<UL><LI>Max Depth = 12<LI>Call Chain = SDMMC_GetCmdResp6
</UL>
<BR>[Calls]<UL><LI><a href="#[74]">&gt;&gt;</a>&nbsp;&nbsp;&nbsp;SDIO_GetResponse
</UL>
<BR>[Called By]<UL><LI><a href="#[ab]">&gt;&gt;</a>&nbsp;&nbsp;&nbsp;SDMMC_CmdSetRelAdd
</UL>

<P><STRONG><a name="[4a]"></a>SD_DMARxAbort</STRONG> (Thumb, 68 bytes, Stack size 8 bytes, stm32f1xx_hal_sd.o(i.SD_DMARxAbort))
<BR><BR>[Stack]<UL><LI>Max Depth = 64<LI>Call Chain = SD_DMARxAbort &rArr; HAL_SD_GetCardState &rArr; SDMMC_CmdSendStatus &rArr; SDMMC_GetCmdResp1
</UL>
<BR>[Calls]<UL><LI><a href="#[5b]">&gt;&gt;</a>&nbsp;&nbsp;&nbsp;HAL_SD_GetCardState
<LI><a href="#[72]">&gt;&gt;</a>&nbsp;&nbsp;&nbsp;HAL_SD_AbortCallback
<LI><a href="#[7d]">&gt;&gt;</a>&nbsp;&nbsp;&nbsp;HAL_SD_ErrorCallback
<LI><a href="#[7c]">&gt;&gt;</a>&nbsp;&nbsp;&nbsp;SDMMC_CmdStopTransfer
</UL>
<BR>[Called By]<UL><LI><a href="#[7a]">&gt;&gt;</a>&nbsp;&nbsp;&nbsp;HAL_SD_IRQHandler
</UL>
<BR>[Address Reference Count : 1]<UL><LI> stm32f1xx_hal_sd.o(i.HAL_SD_IRQHandler)
</UL>
<P><STRONG><a name="[49]"></a>SD_DMATxAbort</STRONG> (Thumb, 68 bytes, Stack size 8 bytes, stm32f1xx_hal_sd.o(i.SD_DMATxAbort))
<BR><BR>[Stack]<UL><LI>Max Depth = 64<LI>Call Chain = SD_DMATxAbort &rArr; HAL_SD_GetCardState &rArr; SDMMC_CmdSendStatus &rArr; SDMMC_GetCmdResp1
</UL>
<BR>[Calls]<UL><LI><a href="#[5b]">&gt;&gt;</a>&nbsp;&nbsp;&nbsp;HAL_SD_GetCardState
<LI><a href="#[72]">&gt;&gt;</a>&nbsp;&nbsp;&nbsp;HAL_SD_AbortCallback
<LI><a href="#[7d]">&gt;&gt;</a>&nbsp;&nbsp;&nbsp;HAL_SD_ErrorCallback
<LI><a href="#[7c]">&gt;&gt;</a>&nbsp;&nbsp;&nbsp;SDMMC_CmdStopTransfer
</UL>
<BR>[Called By]<UL><LI><a href="#[7a]">&gt;&gt;</a>&nbsp;&nbsp;&nbsp;HAL_SD_IRQHandler
</UL>
<BR>[Address Reference Count : 1]<UL><LI> stm32f1xx_hal_sd.o(i.HAL_SD_IRQHandler)
</UL>
<P><STRONG><a name="[75]"></a>SD_FindSCR</STRONG> (Thumb, 212 bytes, Stack size 72 bytes, stm32f1xx_hal_sd.o(i.SD_FindSCR))
<BR><BR>[Stack]<UL><LI>Max Depth = 112<LI>Call Chain = SD_FindSCR &rArr; SDMMC_CmdSendSCR &rArr; SDMMC_GetCmdResp1
</UL>
<BR>[Calls]<UL><LI><a href="#[67]">&gt;&gt;</a>&nbsp;&nbsp;&nbsp;HAL_GetTick
<LI><a href="#[aa]">&gt;&gt;</a>&nbsp;&nbsp;&nbsp;SDMMC_CmdSendSCR
<LI><a href="#[89]">&gt;&gt;</a>&nbsp;&nbsp;&nbsp;SDMMC_CmdBlockLength
<LI><a href="#[76]">&gt;&gt;</a>&nbsp;&nbsp;&nbsp;SDMMC_CmdAppCommand
<LI><a href="#[7b]">&gt;&gt;</a>&nbsp;&nbsp;&nbsp;SDIO_ReadFIFO
<LI><a href="#[8a]">&gt;&gt;</a>&nbsp;&nbsp;&nbsp;SDIO_ConfigData
</UL>
<BR>[Called By]<UL><LI><a href="#[5e]">&gt;&gt;</a>&nbsp;&nbsp;&nbsp;HAL_SD_ConfigWideBusOperation
</UL>

<P><STRONG><a name="[86]"></a>SD_InitCard</STRONG> (Thumb, 238 bytes, Stack size 72 bytes, stm32f1xx_hal_sd.o(i.SD_InitCard))
<BR><BR>[Stack]<UL><LI>Max Depth = 116<LI>Call Chain = SD_InitCard &rArr; SDMMC_CmdSetRelAdd &rArr; SDMMC_GetCmdResp6
</UL>
<BR>[Calls]<UL><LI><a href="#[ae]">&gt;&gt;</a>&nbsp;&nbsp;&nbsp;HAL_SD_GetCardCSD
<LI><a href="#[ab]">&gt;&gt;</a>&nbsp;&nbsp;&nbsp;SDMMC_CmdSetRelAdd
<LI><a href="#[a9]">&gt;&gt;</a>&nbsp;&nbsp;&nbsp;SDMMC_CmdSendCSD
<LI><a href="#[a7]">&gt;&gt;</a>&nbsp;&nbsp;&nbsp;SDMMC_CmdSendCID
<LI><a href="#[a6]">&gt;&gt;</a>&nbsp;&nbsp;&nbsp;SDMMC_CmdSelDesel
<LI><a href="#[78]">&gt;&gt;</a>&nbsp;&nbsp;&nbsp;SDIO_Init
<LI><a href="#[74]">&gt;&gt;</a>&nbsp;&nbsp;&nbsp;SDIO_GetResponse
<LI><a href="#[ad]">&gt;&gt;</a>&nbsp;&nbsp;&nbsp;SDIO_GetPowerState
</UL>
<BR>[Called By]<UL><LI><a href="#[83]">&gt;&gt;</a>&nbsp;&nbsp;&nbsp;HAL_SD_InitCard
</UL>

<P><STRONG><a name="[85]"></a>SD_PowerON</STRONG> (Thumb, 174 bytes, Stack size 40 bytes, stm32f1xx_hal_sd.o(i.SD_PowerON))
<BR><BR>[Stack]<UL><LI>Max Depth = 80<LI>Call Chain = SD_PowerON &rArr; SDMMC_CmdAppCommand &rArr; SDMMC_GetCmdResp1
</UL>
<BR>[Calls]<UL><LI><a href="#[a5]">&gt;&gt;</a>&nbsp;&nbsp;&nbsp;SDMMC_CmdOperCond
<LI><a href="#[a4]">&gt;&gt;</a>&nbsp;&nbsp;&nbsp;SDMMC_CmdGoIdleState
<LI><a href="#[a2]">&gt;&gt;</a>&nbsp;&nbsp;&nbsp;SDMMC_CmdAppOperCommand
<LI><a href="#[76]">&gt;&gt;</a>&nbsp;&nbsp;&nbsp;SDMMC_CmdAppCommand
<LI><a href="#[74]">&gt;&gt;</a>&nbsp;&nbsp;&nbsp;SDIO_GetResponse
</UL>
<BR>[Called By]<UL><LI><a href="#[83]">&gt;&gt;</a>&nbsp;&nbsp;&nbsp;HAL_SD_InitCard
</UL>

<P><STRONG><a name="[4b]"></a>UART_DMAAbortOnError</STRONG> (Thumb, 16 bytes, Stack size 8 bytes, stm32f1xx_hal_uart.o(i.UART_DMAAbortOnError))
<BR><BR>[Stack]<UL><LI>Max Depth = 8<LI>Call Chain = UART_DMAAbortOnError
</UL>
<BR>[Calls]<UL><LI><a href="#[94]">&gt;&gt;</a>&nbsp;&nbsp;&nbsp;HAL_UART_ErrorCallback
</UL>
<BR>[Address Reference Count : 1]<UL><LI> stm32f1xx_hal_uart.o(i.HAL_UART_IRQHandler)
</UL>
<P><STRONG><a name="[93]"></a>UART_EndRxTransfer</STRONG> (Thumb, 28 bytes, Stack size 0 bytes, stm32f1xx_hal_uart.o(i.UART_EndRxTransfer))
<BR><BR>[Called By]<UL><LI><a href="#[91]">&gt;&gt;</a>&nbsp;&nbsp;&nbsp;HAL_UART_IRQHandler
</UL>

<P><STRONG><a name="[92]"></a>UART_Receive_IT</STRONG> (Thumb, 150 bytes, Stack size 8 bytes, stm32f1xx_hal_uart.o(i.UART_Receive_IT))
<BR><BR>[Stack]<UL><LI>Max Depth = 8<LI>Call Chain = UART_Receive_IT
</UL>
<BR>[Calls]<UL><LI><a href="#[b2]">&gt;&gt;</a>&nbsp;&nbsp;&nbsp;HAL_UART_RxCpltCallback
</UL>
<BR>[Called By]<UL><LI><a href="#[91]">&gt;&gt;</a>&nbsp;&nbsp;&nbsp;HAL_UART_IRQHandler
</UL>

<P><STRONG><a name="[99]"></a>UART_SetConfig</STRONG> (Thumb, 178 bytes, Stack size 24 bytes, stm32f1xx_hal_uart.o(i.UART_SetConfig))
<BR><BR>[Stack]<UL><LI>Max Depth = 24<LI>Call Chain = UART_SetConfig
</UL>
<BR>[Calls]<UL><LI><a href="#[b3]">&gt;&gt;</a>&nbsp;&nbsp;&nbsp;HAL_RCC_GetPCLK2Freq
<LI><a href="#[b4]">&gt;&gt;</a>&nbsp;&nbsp;&nbsp;HAL_RCC_GetPCLK1Freq
</UL>
<BR>[Called By]<UL><LI><a href="#[97]">&gt;&gt;</a>&nbsp;&nbsp;&nbsp;HAL_UART_Init
</UL>

<P><STRONG><a name="[95]"></a>UART_Transmit_IT</STRONG> (Thumb, 98 bytes, Stack size 0 bytes, stm32f1xx_hal_uart.o(i.UART_Transmit_IT))
<BR><BR>[Called By]<UL><LI><a href="#[91]">&gt;&gt;</a>&nbsp;&nbsp;&nbsp;HAL_UART_IRQHandler
</UL>

<P><STRONG><a name="[9b]"></a>UART_WaitOnFlagUntilTimeout</STRONG> (Thumb, 100 bytes, Stack size 24 bytes, stm32f1xx_hal_uart.o(i.UART_WaitOnFlagUntilTimeout))
<BR><BR>[Stack]<UL><LI>Max Depth = 24<LI>Call Chain = UART_WaitOnFlagUntilTimeout
</UL>
<BR>[Calls]<UL><LI><a href="#[67]">&gt;&gt;</a>&nbsp;&nbsp;&nbsp;HAL_GetTick
</UL>
<BR>[Called By]<UL><LI><a href="#[9a]">&gt;&gt;</a>&nbsp;&nbsp;&nbsp;HAL_UART_Transmit
</UL>

<P><STRONG><a name="[6e]"></a>__NVIC_SetPriority</STRONG> (Thumb, 32 bytes, Stack size 0 bytes, stm32f1xx_hal_cortex.o(i.__NVIC_SetPriority))
<BR><BR>[Called By]<UL><LI><a href="#[6d]">&gt;&gt;</a>&nbsp;&nbsp;&nbsp;HAL_NVIC_SetPriority
<LI><a href="#[6c]">&gt;&gt;</a>&nbsp;&nbsp;&nbsp;HAL_SYSTICK_Config
</UL>

<P><STRONG><a name="[b8]"></a>check_fs</STRONG> (Thumb, 90 bytes, Stack size 8 bytes, ff.o(i.check_fs))
<BR><BR>[Stack]<UL><LI>Max Depth = 56<LI>Call Chain = check_fs &rArr; move_window &rArr; sync_window &rArr; disk_write
</UL>
<BR>[Calls]<UL><LI><a href="#[b9]">&gt;&gt;</a>&nbsp;&nbsp;&nbsp;move_window
</UL>
<BR>[Called By]<UL><LI><a href="#[d2]">&gt;&gt;</a>&nbsp;&nbsp;&nbsp;find_volume
</UL>

<P><STRONG><a name="[bf]"></a>chk_chr</STRONG> (Thumb, 16 bytes, Stack size 0 bytes, ff.o(i.chk_chr))
<BR><BR>[Called By]<UL><LI><a href="#[bd]">&gt;&gt;</a>&nbsp;&nbsp;&nbsp;create_name
</UL>

<P><STRONG><a name="[d5]"></a>chk_lock</STRONG> (Thumb, 102 bytes, Stack size 20 bytes, ff.o(i.chk_lock))
<BR><BR>[Stack]<UL><LI>Max Depth = 20<LI>Call Chain = chk_lock
</UL>
<BR>[Called By]<UL><LI><a href="#[d3]">&gt;&gt;</a>&nbsp;&nbsp;&nbsp;f_open
</UL>

<P><STRONG><a name="[d1]"></a>clear_lock</STRONG> (Thumb, 32 bytes, Stack size 12 bytes, ff.o(i.clear_lock))
<BR><BR>[Stack]<UL><LI>Max Depth = 12<LI>Call Chain = clear_lock
</UL>
<BR>[Called By]<UL><LI><a href="#[cf]">&gt;&gt;</a>&nbsp;&nbsp;&nbsp;f_mount
<LI><a href="#[d2]">&gt;&gt;</a>&nbsp;&nbsp;&nbsp;find_volume
</UL>

<P><STRONG><a name="[dc]"></a>clmt_clust</STRONG> (Thumb, 42 bytes, Stack size 0 bytes, ff.o(i.clmt_clust))
<BR><BR>[Called By]<UL><LI><a href="#[e0]">&gt;&gt;</a>&nbsp;&nbsp;&nbsp;f_write
<LI><a href="#[db]">&gt;&gt;</a>&nbsp;&nbsp;&nbsp;f_read
</UL>

<P><STRONG><a name="[ba]"></a>create_chain</STRONG> (Thumb, 176 bytes, Stack size 24 bytes, ff.o(i.create_chain))
<BR><BR>[Stack]<UL><LI>Max Depth = 104<LI>Call Chain = create_chain &rArr; put_fat &rArr; move_window &rArr; sync_window &rArr; disk_write
</UL>
<BR>[Calls]<UL><LI><a href="#[bc]">&gt;&gt;</a>&nbsp;&nbsp;&nbsp;put_fat
<LI><a href="#[bb]">&gt;&gt;</a>&nbsp;&nbsp;&nbsp;get_fat
</UL>
<BR>[Called By]<UL><LI><a href="#[e0]">&gt;&gt;</a>&nbsp;&nbsp;&nbsp;f_write
<LI><a href="#[c5]">&gt;&gt;</a>&nbsp;&nbsp;&nbsp;dir_next
</UL>

<P><STRONG><a name="[bd]"></a>create_name</STRONG> (Thumb, 558 bytes, Stack size 40 bytes, ff.o(i.create_name))
<BR><BR>[Stack]<UL><LI>Max Depth = 56<LI>Call Chain = create_name &rArr; ff_convert
</UL>
<BR>[Calls]<UL><LI><a href="#[c1]">&gt;&gt;</a>&nbsp;&nbsp;&nbsp;ff_wtoupper
<LI><a href="#[be]">&gt;&gt;</a>&nbsp;&nbsp;&nbsp;ff_convert
<LI><a href="#[c0]">&gt;&gt;</a>&nbsp;&nbsp;&nbsp;mem_set
<LI><a href="#[bf]">&gt;&gt;</a>&nbsp;&nbsp;&nbsp;chk_chr
</UL>
<BR>[Called By]<UL><LI><a href="#[d4]">&gt;&gt;</a>&nbsp;&nbsp;&nbsp;follow_path
</UL>

<P><STRONG><a name="[ce]"></a>dec_lock</STRONG> (Thumb, 54 bytes, Stack size 0 bytes, ff.o(i.dec_lock))
<BR><BR>[Called By]<UL><LI><a href="#[cb]">&gt;&gt;</a>&nbsp;&nbsp;&nbsp;f_close
</UL>

<P><STRONG><a name="[c2]"></a>dir_find</STRONG> (Thumb, 320 bytes, Stack size 48 bytes, ff.o(i.dir_find))
<BR><BR>[Stack]<UL><LI>Max Depth = 176<LI>Call Chain = dir_find &rArr; dir_next &rArr; create_chain &rArr; put_fat &rArr; move_window &rArr; sync_window &rArr; disk_write
</UL>
<BR>[Calls]<UL><LI><a href="#[c1]">&gt;&gt;</a>&nbsp;&nbsp;&nbsp;ff_wtoupper
<LI><a href="#[c4]">&gt;&gt;</a>&nbsp;&nbsp;&nbsp;sum_sfn
<LI><a href="#[b9]">&gt;&gt;</a>&nbsp;&nbsp;&nbsp;move_window
<LI><a href="#[c3]">&gt;&gt;</a>&nbsp;&nbsp;&nbsp;dir_sdi
<LI><a href="#[c5]">&gt;&gt;</a>&nbsp;&nbsp;&nbsp;dir_next
</UL>
<BR>[Called By]<UL><LI><a href="#[d4]">&gt;&gt;</a>&nbsp;&nbsp;&nbsp;follow_path
<LI><a href="#[c8]">&gt;&gt;</a>&nbsp;&nbsp;&nbsp;dir_register
</UL>

<P><STRONG><a name="[c5]"></a>dir_next</STRONG> (Thumb, 286 bytes, Stack size 24 bytes, ff.o(i.dir_next))
<BR><BR>[Stack]<UL><LI>Max Depth = 128<LI>Call Chain = dir_next &rArr; create_chain &rArr; put_fat &rArr; move_window &rArr; sync_window &rArr; disk_write
</UL>
<BR>[Calls]<UL><LI><a href="#[bb]">&gt;&gt;</a>&nbsp;&nbsp;&nbsp;get_fat
<LI><a href="#[c7]">&gt;&gt;</a>&nbsp;&nbsp;&nbsp;clust2sect
<LI><a href="#[c6]">&gt;&gt;</a>&nbsp;&nbsp;&nbsp;sync_window
<LI><a href="#[c0]">&gt;&gt;</a>&nbsp;&nbsp;&nbsp;mem_set
<LI><a href="#[ba]">&gt;&gt;</a>&nbsp;&nbsp;&nbsp;create_chain
</UL>
<BR>[Called By]<UL><LI><a href="#[c8]">&gt;&gt;</a>&nbsp;&nbsp;&nbsp;dir_register
<LI><a href="#[c2]">&gt;&gt;</a>&nbsp;&nbsp;&nbsp;dir_find
</UL>

<P><STRONG><a name="[c8]"></a>dir_register</STRONG> (Thumb, 460 bytes, Stack size 56 bytes, ff.o(i.dir_register))
<BR><BR>[Stack]<UL><LI>Max Depth = 232<LI>Call Chain = dir_register &rArr; dir_find &rArr; dir_next &rArr; create_chain &rArr; put_fat &rArr; move_window &rArr; sync_window &rArr; disk_write
</UL>
<BR>[Calls]<UL><LI><a href="#[c4]">&gt;&gt;</a>&nbsp;&nbsp;&nbsp;sum_sfn
<LI><a href="#[b9]">&gt;&gt;</a>&nbsp;&nbsp;&nbsp;move_window
<LI><a href="#[c0]">&gt;&gt;</a>&nbsp;&nbsp;&nbsp;mem_set
<LI><a href="#[c9]">&gt;&gt;</a>&nbsp;&nbsp;&nbsp;mem_cpy
<LI><a href="#[ca]">&gt;&gt;</a>&nbsp;&nbsp;&nbsp;gen_numname
<LI><a href="#[c3]">&gt;&gt;</a>&nbsp;&nbsp;&nbsp;dir_sdi
<LI><a href="#[c5]">&gt;&gt;</a>&nbsp;&nbsp;&nbsp;dir_next
<LI><a href="#[c2]">&gt;&gt;</a>&nbsp;&nbsp;&nbsp;dir_find
</UL>
<BR>[Called By]<UL><LI><a href="#[d3]">&gt;&gt;</a>&nbsp;&nbsp;&nbsp;f_open
</UL>

<P><STRONG><a name="[c3]"></a>dir_sdi</STRONG> (Thumb, 152 bytes, Stack size 16 bytes, ff.o(i.dir_sdi))
<BR><BR>[Stack]<UL><LI>Max Depth = 88<LI>Call Chain = dir_sdi &rArr; get_fat &rArr; move_window &rArr; sync_window &rArr; disk_write
</UL>
<BR>[Calls]<UL><LI><a href="#[bb]">&gt;&gt;</a>&nbsp;&nbsp;&nbsp;get_fat
<LI><a href="#[c7]">&gt;&gt;</a>&nbsp;&nbsp;&nbsp;clust2sect
</UL>
<BR>[Called By]<UL><LI><a href="#[d4]">&gt;&gt;</a>&nbsp;&nbsp;&nbsp;follow_path
<LI><a href="#[c8]">&gt;&gt;</a>&nbsp;&nbsp;&nbsp;dir_register
<LI><a href="#[c2]">&gt;&gt;</a>&nbsp;&nbsp;&nbsp;dir_find
</UL>

<P><STRONG><a name="[d2]"></a>find_volume</STRONG> (Thumb, 588 bytes, Stack size 48 bytes, ff.o(i.find_volume))
<BR><BR>[Stack]<UL><LI>Max Depth = 104<LI>Call Chain = find_volume &rArr; check_fs &rArr; move_window &rArr; sync_window &rArr; disk_write
</UL>
<BR>[Calls]<UL><LI><a href="#[b9]">&gt;&gt;</a>&nbsp;&nbsp;&nbsp;move_window
<LI><a href="#[d0]">&gt;&gt;</a>&nbsp;&nbsp;&nbsp;get_ldnumber
<LI><a href="#[d1]">&gt;&gt;</a>&nbsp;&nbsp;&nbsp;clear_lock
<LI><a href="#[b8]">&gt;&gt;</a>&nbsp;&nbsp;&nbsp;check_fs
<LI><a href="#[e1]">&gt;&gt;</a>&nbsp;&nbsp;&nbsp;disk_status
<LI><a href="#[e2]">&gt;&gt;</a>&nbsp;&nbsp;&nbsp;disk_initialize
</UL>
<BR>[Called By]<UL><LI><a href="#[d3]">&gt;&gt;</a>&nbsp;&nbsp;&nbsp;f_open
<LI><a href="#[cf]">&gt;&gt;</a>&nbsp;&nbsp;&nbsp;f_mount
</UL>

<P><STRONG><a name="[d4]"></a>follow_path</STRONG> (Thumb, 114 bytes, Stack size 24 bytes, ff.o(i.follow_path))
<BR><BR>[Stack]<UL><LI>Max Depth = 200<LI>Call Chain = follow_path &rArr; dir_find &rArr; dir_next &rArr; create_chain &rArr; put_fat &rArr; move_window &rArr; sync_window &rArr; disk_write
</UL>
<BR>[Calls]<UL><LI><a href="#[d7]">&gt;&gt;</a>&nbsp;&nbsp;&nbsp;ld_clust
<LI><a href="#[c3]">&gt;&gt;</a>&nbsp;&nbsp;&nbsp;dir_sdi
<LI><a href="#[c2]">&gt;&gt;</a>&nbsp;&nbsp;&nbsp;dir_find
<LI><a href="#[bd]">&gt;&gt;</a>&nbsp;&nbsp;&nbsp;create_name
</UL>
<BR>[Called By]<UL><LI><a href="#[d3]">&gt;&gt;</a>&nbsp;&nbsp;&nbsp;f_open
</UL>

<P><STRONG><a name="[ca]"></a>gen_numname</STRONG> (Thumb, 136 bytes, Stack size 24 bytes, ff.o(i.gen_numname))
<BR><BR>[Stack]<UL><LI>Max Depth = 24<LI>Call Chain = gen_numname
</UL>
<BR>[Calls]<UL><LI><a href="#[c9]">&gt;&gt;</a>&nbsp;&nbsp;&nbsp;mem_cpy
</UL>
<BR>[Called By]<UL><LI><a href="#[c8]">&gt;&gt;</a>&nbsp;&nbsp;&nbsp;dir_register
</UL>

<P><STRONG><a name="[d0]"></a>get_ldnumber</STRONG> (Thumb, 60 bytes, Stack size 8 bytes, ff.o(i.get_ldnumber))
<BR><BR>[Stack]<UL><LI>Max Depth = 8<LI>Call Chain = get_ldnumber
</UL>
<BR>[Called By]<UL><LI><a href="#[cf]">&gt;&gt;</a>&nbsp;&nbsp;&nbsp;f_mount
<LI><a href="#[d2]">&gt;&gt;</a>&nbsp;&nbsp;&nbsp;find_volume
</UL>

<P><STRONG><a name="[da]"></a>inc_lock</STRONG> (Thumb, 154 bytes, Stack size 20 bytes, ff.o(i.inc_lock))
<BR><BR>[Stack]<UL><LI>Max Depth = 20<LI>Call Chain = inc_lock
</UL>
<BR>[Called By]<UL><LI><a href="#[d3]">&gt;&gt;</a>&nbsp;&nbsp;&nbsp;f_open
</UL>

<P><STRONG><a name="[d7]"></a>ld_clust</STRONG> (Thumb, 20 bytes, Stack size 0 bytes, ff.o(i.ld_clust))
<BR><BR>[Called By]<UL><LI><a href="#[d3]">&gt;&gt;</a>&nbsp;&nbsp;&nbsp;f_open
<LI><a href="#[d4]">&gt;&gt;</a>&nbsp;&nbsp;&nbsp;follow_path
</UL>

<P><STRONG><a name="[c9]"></a>mem_cpy</STRONG> (Thumb, 18 bytes, Stack size 0 bytes, ff.o(i.mem_cpy))
<BR><BR>[Called By]<UL><LI><a href="#[e0]">&gt;&gt;</a>&nbsp;&nbsp;&nbsp;f_write
<LI><a href="#[db]">&gt;&gt;</a>&nbsp;&nbsp;&nbsp;f_read
<LI><a href="#[ca]">&gt;&gt;</a>&nbsp;&nbsp;&nbsp;gen_numname
<LI><a href="#[c8]">&gt;&gt;</a>&nbsp;&nbsp;&nbsp;dir_register
</UL>

<P><STRONG><a name="[c0]"></a>mem_set</STRONG> (Thumb, 14 bytes, Stack size 0 bytes, ff.o(i.mem_set))
<BR><BR>[Called By]<UL><LI><a href="#[df]">&gt;&gt;</a>&nbsp;&nbsp;&nbsp;sync_fs
<LI><a href="#[c8]">&gt;&gt;</a>&nbsp;&nbsp;&nbsp;dir_register
<LI><a href="#[c5]">&gt;&gt;</a>&nbsp;&nbsp;&nbsp;dir_next
<LI><a href="#[bd]">&gt;&gt;</a>&nbsp;&nbsp;&nbsp;create_name
</UL>

<P><STRONG><a name="[b9]"></a>move_window</STRONG> (Thumb, 54 bytes, Stack size 16 bytes, ff.o(i.move_window))
<BR><BR>[Stack]<UL><LI>Max Depth = 48<LI>Call Chain = move_window &rArr; sync_window &rArr; disk_write
</UL>
<BR>[Calls]<UL><LI><a href="#[c6]">&gt;&gt;</a>&nbsp;&nbsp;&nbsp;sync_window
<LI><a href="#[dd]">&gt;&gt;</a>&nbsp;&nbsp;&nbsp;disk_read
</UL>
<BR>[Called By]<UL><LI><a href="#[d3]">&gt;&gt;</a>&nbsp;&nbsp;&nbsp;f_open
<LI><a href="#[bc]">&gt;&gt;</a>&nbsp;&nbsp;&nbsp;put_fat
<LI><a href="#[bb]">&gt;&gt;</a>&nbsp;&nbsp;&nbsp;get_fat
<LI><a href="#[cc]">&gt;&gt;</a>&nbsp;&nbsp;&nbsp;f_sync
<LI><a href="#[d2]">&gt;&gt;</a>&nbsp;&nbsp;&nbsp;find_volume
<LI><a href="#[c8]">&gt;&gt;</a>&nbsp;&nbsp;&nbsp;dir_register
<LI><a href="#[c2]">&gt;&gt;</a>&nbsp;&nbsp;&nbsp;dir_find
<LI><a href="#[b8]">&gt;&gt;</a>&nbsp;&nbsp;&nbsp;check_fs
</UL>

<P><STRONG><a name="[d9]"></a>remove_chain</STRONG> (Thumb, 110 bytes, Stack size 24 bytes, ff.o(i.remove_chain))
<BR><BR>[Stack]<UL><LI>Max Depth = 104<LI>Call Chain = remove_chain &rArr; put_fat &rArr; move_window &rArr; sync_window &rArr; disk_write
</UL>
<BR>[Calls]<UL><LI><a href="#[bc]">&gt;&gt;</a>&nbsp;&nbsp;&nbsp;put_fat
<LI><a href="#[bb]">&gt;&gt;</a>&nbsp;&nbsp;&nbsp;get_fat
</UL>
<BR>[Called By]<UL><LI><a href="#[d3]">&gt;&gt;</a>&nbsp;&nbsp;&nbsp;f_open
</UL>

<P><STRONG><a name="[d8]"></a>st_clust</STRONG> (Thumb, 16 bytes, Stack size 0 bytes, ff.o(i.st_clust))
<BR><BR>[Called By]<UL><LI><a href="#[d3]">&gt;&gt;</a>&nbsp;&nbsp;&nbsp;f_open
<LI><a href="#[cc]">&gt;&gt;</a>&nbsp;&nbsp;&nbsp;f_sync
</UL>

<P><STRONG><a name="[c4]"></a>sum_sfn</STRONG> (Thumb, 26 bytes, Stack size 0 bytes, ff.o(i.sum_sfn))
<BR><BR>[Called By]<UL><LI><a href="#[c8]">&gt;&gt;</a>&nbsp;&nbsp;&nbsp;dir_register
<LI><a href="#[c2]">&gt;&gt;</a>&nbsp;&nbsp;&nbsp;dir_find
</UL>

<P><STRONG><a name="[df]"></a>sync_fs</STRONG> (Thumb, 182 bytes, Stack size 16 bytes, ff.o(i.sync_fs))
<BR><BR>[Stack]<UL><LI>Max Depth = 48<LI>Call Chain = sync_fs &rArr; sync_window &rArr; disk_write
</UL>
<BR>[Calls]<UL><LI><a href="#[c6]">&gt;&gt;</a>&nbsp;&nbsp;&nbsp;sync_window
<LI><a href="#[c0]">&gt;&gt;</a>&nbsp;&nbsp;&nbsp;mem_set
<LI><a href="#[de]">&gt;&gt;</a>&nbsp;&nbsp;&nbsp;disk_write
<LI><a href="#[e5]">&gt;&gt;</a>&nbsp;&nbsp;&nbsp;disk_ioctl
</UL>
<BR>[Called By]<UL><LI><a href="#[cc]">&gt;&gt;</a>&nbsp;&nbsp;&nbsp;f_sync
</UL>

<P><STRONG><a name="[c6]"></a>sync_window</STRONG> (Thumb, 96 bytes, Stack size 24 bytes, ff.o(i.sync_window))
<BR><BR>[Stack]<UL><LI>Max Depth = 32<LI>Call Chain = sync_window &rArr; disk_write
</UL>
<BR>[Calls]<UL><LI><a href="#[de]">&gt;&gt;</a>&nbsp;&nbsp;&nbsp;disk_write
</UL>
<BR>[Called By]<UL><LI><a href="#[df]">&gt;&gt;</a>&nbsp;&nbsp;&nbsp;sync_fs
<LI><a href="#[b9]">&gt;&gt;</a>&nbsp;&nbsp;&nbsp;move_window
<LI><a href="#[c5]">&gt;&gt;</a>&nbsp;&nbsp;&nbsp;dir_next
</UL>

<P><STRONG><a name="[cd]"></a>validate</STRONG> (Thumb, 44 bytes, Stack size 8 bytes, ff.o(i.validate))
<BR><BR>[Stack]<UL><LI>Max Depth = 8<LI>Call Chain = validate
</UL>
<BR>[Calls]<UL><LI><a href="#[e1]">&gt;&gt;</a>&nbsp;&nbsp;&nbsp;disk_status
</UL>
<BR>[Called By]<UL><LI><a href="#[e0]">&gt;&gt;</a>&nbsp;&nbsp;&nbsp;f_write
<LI><a href="#[db]">&gt;&gt;</a>&nbsp;&nbsp;&nbsp;f_read
<LI><a href="#[cb]">&gt;&gt;</a>&nbsp;&nbsp;&nbsp;f_close
<LI><a href="#[cc]">&gt;&gt;</a>&nbsp;&nbsp;&nbsp;f_sync
</UL>

<P><STRONG><a name="[b6]"></a>_printf_core</STRONG> (Thumb, 436 bytes, Stack size 96 bytes, printf3.o(i._printf_core), UNUSED)
<BR><BR>[Calls]<UL><LI><a href="#[b7]">&gt;&gt;</a>&nbsp;&nbsp;&nbsp;__aeabi_uidivmod
</UL>
<BR>[Called By]<UL><LI><a href="#[b5]">&gt;&gt;</a>&nbsp;&nbsp;&nbsp;__0printf$3
</UL>
<P>
<H3>
Undefined Global Symbols
</H3><HR></body></html>
