###############################################################################
#
# IAR ELF Linker V8.30.2.160/W32 for ARM                  01/Aug/2019  16:05:08
# Copyright 2007-2018 IAR Systems AB.
#
#    Output file  =  
#        E:\Git_Repo\test_ADC_RTC\EWARM\test_ADC_Temp\Exe\test_ADC_Temp.out
#    Map file     =  
#        E:\Git_Repo\test_ADC_RTC\EWARM\test_ADC_Temp\List\test_ADC_Temp.map
#    Command line =  
#        -f C:\Users\ADMINI~1\AppData\Local\Temp\EW8851.tmp
#        (E:\Git_Repo\test_ADC_RTC\EWARM\test_ADC_Temp\Obj\adc.o
#        E:\Git_Repo\test_ADC_RTC\EWARM\test_ADC_Temp\Obj\dma.o
#        E:\Git_Repo\test_ADC_RTC\EWARM\test_ADC_Temp\Obj\gpio.o
#        E:\Git_Repo\test_ADC_RTC\EWARM\test_ADC_Temp\Obj\main.o
#        E:\Git_Repo\test_ADC_RTC\EWARM\test_ADC_Temp\Obj\rtc.o
#        E:\Git_Repo\test_ADC_RTC\EWARM\test_ADC_Temp\Obj\startup_stm32f030x8.o
#        E:\Git_Repo\test_ADC_RTC\EWARM\test_ADC_Temp\Obj\stm32f0xx_hal.o
#        E:\Git_Repo\test_ADC_RTC\EWARM\test_ADC_Temp\Obj\stm32f0xx_hal_adc.o
#        E:\Git_Repo\test_ADC_RTC\EWARM\test_ADC_Temp\Obj\stm32f0xx_hal_adc_ex.o
#        E:\Git_Repo\test_ADC_RTC\EWARM\test_ADC_Temp\Obj\stm32f0xx_hal_cortex.o
#        E:\Git_Repo\test_ADC_RTC\EWARM\test_ADC_Temp\Obj\stm32f0xx_hal_dma.o
#        E:\Git_Repo\test_ADC_RTC\EWARM\test_ADC_Temp\Obj\stm32f0xx_hal_flash.o
#        E:\Git_Repo\test_ADC_RTC\EWARM\test_ADC_Temp\Obj\stm32f0xx_hal_flash_ex.o
#        E:\Git_Repo\test_ADC_RTC\EWARM\test_ADC_Temp\Obj\stm32f0xx_hal_gpio.o
#        E:\Git_Repo\test_ADC_RTC\EWARM\test_ADC_Temp\Obj\stm32f0xx_hal_i2c.o
#        E:\Git_Repo\test_ADC_RTC\EWARM\test_ADC_Temp\Obj\stm32f0xx_hal_i2c_ex.o
#        E:\Git_Repo\test_ADC_RTC\EWARM\test_ADC_Temp\Obj\stm32f0xx_hal_msp.o
#        E:\Git_Repo\test_ADC_RTC\EWARM\test_ADC_Temp\Obj\stm32f0xx_hal_pwr.o
#        E:\Git_Repo\test_ADC_RTC\EWARM\test_ADC_Temp\Obj\stm32f0xx_hal_pwr_ex.o
#        E:\Git_Repo\test_ADC_RTC\EWARM\test_ADC_Temp\Obj\stm32f0xx_hal_rcc.o
#        E:\Git_Repo\test_ADC_RTC\EWARM\test_ADC_Temp\Obj\stm32f0xx_hal_rcc_ex.o
#        E:\Git_Repo\test_ADC_RTC\EWARM\test_ADC_Temp\Obj\stm32f0xx_hal_rtc.o
#        E:\Git_Repo\test_ADC_RTC\EWARM\test_ADC_Temp\Obj\stm32f0xx_hal_rtc_ex.o
#        E:\Git_Repo\test_ADC_RTC\EWARM\test_ADC_Temp\Obj\stm32f0xx_hal_tim.o
#        E:\Git_Repo\test_ADC_RTC\EWARM\test_ADC_Temp\Obj\stm32f0xx_hal_tim_ex.o
#        E:\Git_Repo\test_ADC_RTC\EWARM\test_ADC_Temp\Obj\stm32f0xx_hal_uart.o
#        E:\Git_Repo\test_ADC_RTC\EWARM\test_ADC_Temp\Obj\stm32f0xx_hal_uart_ex.o
#        E:\Git_Repo\test_ADC_RTC\EWARM\test_ADC_Temp\Obj\stm32f0xx_it.o
#        E:\Git_Repo\test_ADC_RTC\EWARM\test_ADC_Temp\Obj\system_stm32f0xx.o
#        E:\Git_Repo\test_ADC_RTC\EWARM\test_ADC_Temp\Obj\tim.o
#        E:\Git_Repo\test_ADC_RTC\EWARM\test_ADC_Temp\Obj\usart.o --redirect
#        _Printf=_PrintfFull --redirect _Scanf=_ScanfFull --no_out_extension -o
#        E:\Git_Repo\test_ADC_RTC\EWARM\test_ADC_Temp\Exe\test_ADC_Temp.out
#        --map
#        E:\Git_Repo\test_ADC_RTC\EWARM\test_ADC_Temp\List\test_ADC_Temp.map
#        --config E:\Git_Repo\test_ADC_RTC\EWARM/stm32f030x8_flash.icf
#        --semihosting --entry __iar_program_start --vfe --text_out locale)
#
###############################################################################

*******************************************************************************
*** RUNTIME MODEL ATTRIBUTES
***

CppFlavor       = *
__SystemLibrary = DLib
__dlib_version  = 6


*******************************************************************************
*** HEAP SELECTION
***

The basic heap was selected because no calls to memory allocation
functions were found in the application outside of system library
functions, and there are calls to deallocation functions in the
application.


*******************************************************************************
*** PLACEMENT SUMMARY
***

"A0":  place at 0x800'0000 { ro section .intvec };
"P1":  place in [from 0x800'0000 to 0x800'ffff] { ro };
define block CSTACK with size = 1K, alignment = 8 { };
define block HEAP with size = 512, alignment = 8 { };
"P2":  place in [from 0x2000'0000 to 0x2000'1fff] {
          rw, block CSTACK, block HEAP };
initialize by copy { rw };

  Section            Kind         Address    Size  Object
  -------            ----         -------    ----  ------
"A0":                                        0xb4
  .intvec            ro code   0x800'0000    0xb4  startup_stm32f030x8.o [1]
                             - 0x800'00b4    0xb4

"P1":                                      0x40b7
  .text              ro code   0x800'00b4  0x1006  xprintffull.o [2]
  .text              ro code   0x800'10ba    0x7e  lz77_init_single.o [4]
  .text              ro code   0x800'1138    0x8c  xlocale_c.o [2]
  .text              ro code   0x800'11c4    0x16  strchr.o [4]
  .text              ro code   0x800'11da     0x2  startup_stm32f030x8.o [1]
  .text              ro code   0x800'11dc    0x48  xfail_s.o [2]
  .text              ro code   0x800'1224    0x10  strlen.o [4]
  .text              ro code   0x800'1234    0x18  memchr.o [4]
  .text              ro code   0x800'124c     0xa  xmbcurmax.o [2]
  .text              ro code   0x800'1256     0x2  startup_stm32f030x8.o [1]
  .text              ro code   0x800'1258    0x5c  ABImemcpy.o [4]
  .text              ro code   0x800'12b4    0x6a  I64DivMod.o [4]
  .text              ro code   0x800'131e   0x184  DblMul.o [3]
  .text              ro code   0x800'14a2    0x32  DblCmpLe.o [3]
  .text              ro code   0x800'14d4    0x32  DblCmpGe.o [3]
  .text              ro code   0x800'1506     0x2  startup_stm32f030x8.o [1]
  .text              ro code   0x800'1508    0x52  DblToI32.o [3]
  .text              ro code   0x800'155a     0x2  startup_stm32f030x8.o [1]
  .text              ro code   0x800'155c    0x34  IxxToDbl.o [3]
  .text              ro code   0x800'1590   0x1b4  DblAddSub.o [3]
  .text              ro code   0x800'1744    0xe0  I32DivModFast.o [4]
  .text              ro code   0x800'1824    0xc2  DblDiv.o [3]
  .text              ro code   0x800'18e6     0x2  startup_stm32f030x8.o [1]
  .text              ro code   0x800'18e8    0x36  I32DivMod.o [4]
  .text              ro code   0x800'191e     0xa  abort.o [2]
  .text              ro code   0x800'1928     0x2  I64DivZer.o [4]
  .text              ro code   0x800'192a     0x2  startup_stm32f030x8.o [1]
  .text              ro code   0x800'192c     0x2  IntDivZer.o [4]
  .text              ro code   0x800'192e     0x2  startup_stm32f030x8.o [1]
  .text              ro code   0x800'1930    0x14  exit.o [5]
  .text              ro code   0x800'1944   0x698  stm32f0xx_hal_uart.o [1]
  .text              ro code   0x800'1fdc   0x158  usart.o [1]
  .text              ro code   0x800'2134     0xc  stm32f0xx_hal.o [1]
  .text              ro code   0x800'2140   0x184  stm32f0xx_hal_dma.o [1]
  .text              ro code   0x800'22c4     0x2  stm32f0xx_hal_uart.o [1]
  .text              ro code   0x800'22c6     0x2  startup_stm32f030x8.o [1]
  .text              ro code   0x800'22c8   0x58c  stm32f0xx_hal_rcc.o [1]
  .text              ro code   0x800'2854     0x2  stm32f0xx_hal_uart.o [1]
  .text              ro code   0x800'2856     0x2  startup_stm32f030x8.o [1]
  .text              ro code   0x800'2858   0x208  main.o [1]
  .text              ro code   0x800'2a60   0x1d0  stm32f0xx_hal_gpio.o [1]
  .text              ro code   0x800'2c30    0xaa  stm32f0xx_hal_cortex.o [1]
  .text              ro code   0x800'2cda    0x24  stm32f0xx_hal.o [1]
  .text              ro code   0x800'2cfe     0x2  startup_stm32f030x8.o [1]
  .text              ro code   0x800'2d00    0x20  stm32f0xx_hal.o [1]
  .text              ro code   0x800'2d20    0xc0  gpio.o [1]
  .text              ro code   0x800'2de0    0x2c  dma.o [1]
  .text              ro code   0x800'2e0c    0xb8  adc.o [1]
  .text              ro code   0x800'2ec4    0xfc  rtc.o [1]
  .text              ro code   0x800'2fc0   0x150  tim.o [1]
  .text              ro code   0x800'3110    0x28  printf.o [2]
  .text              ro code   0x800'3138    0x20  stm32f0xx_hal.o [1]
  .text              ro code   0x800'3158   0x4aa  stm32f0xx_hal_rtc.o [1]
  .text              ro code   0x800'3602     0x2  startup_stm32f030x8.o [1]
  .text              ro code   0x800'3604    0xfc  stm32f0xx_hal_rcc_ex.o [1]
  .text              ro code   0x800'3700   0x440  stm32f0xx_hal_adc.o [1]
  .text              ro code   0x800'3b40    0x50  stm32f0xx_hal_msp.o [1]
  .text              ro code   0x800'3b90   0x2fc  stm32f0xx_hal_tim.o [1]
  .text              ro code   0x800'3e8c    0x80  stm32f0xx_hal_tim_ex.o [1]
  .text              ro code   0x800'3f0c     0x2  stm32f0xx_hal_tim.o [1]
  .text              ro code   0x800'3f0e     0x2  startup_stm32f030x8.o [1]
  .text              ro code   0x800'3f10    0x70  system_stm32f0xx.o [1]
  .text              ro code   0x800'3f80    0x44  stm32f0xx_it.o [1]
  .text              ro code   0x800'3fc4    0x10  stm32f0xx_hal.o [1]
  .text              ro code   0x800'3fd4    0x3c  zero_init3.o [4]
  .text              ro code   0x800'4010    0x28  data_init.o [4]
  .iar.init_table    const     0x800'4038    0x20  - Linker created -
  .text              ro code   0x800'4058    0x1e  cmain.o [4]
  .text              ro code   0x800'4076     0x4  low_level_init.o [2]
  .text              ro code   0x800'407a     0x8  exit.o [2]
  .text              ro code   0x800'4082     0x2  startup_stm32f030x8.o [1]
  .text              ro code   0x800'4084     0xa  cexit.o [4]
  .text              ro code   0x800'408e    0x1c  xencoding_8859_1.o [2]
  .text              ro code   0x800'40aa    0x16  xprout.o [2]
  .text              ro code   0x800'40c0    0x10  putchar.o [2]
  .rodata            const     0x800'40d0    0x10  xprintffull.o [2]
  .text              ro code   0x800'40e0    0x10  startup_stm32f030x8.o [1]
  .text              ro code   0x800'40f0     0xc  cstartup_M.o [4]
  .rodata            const     0x800'40fc     0x8  system_stm32f0xx.o [1]
  .rodata            const     0x800'4104     0x6  xlocale_c.o [2]
  .text              ro code   0x800'410a     0x2  startup_stm32f030x8.o [1]
  .text              ro code   0x800'410c     0x2  startup_stm32f030x8.o [1]
  .text              ro code   0x800'410e     0x2  startup_stm32f030x8.o [1]
  .text              ro code   0x800'4110     0x2  startup_stm32f030x8.o [1]
  .text              ro code   0x800'4112     0x2  startup_stm32f030x8.o [1]
  .text              ro code   0x800'4114     0x2  startup_stm32f030x8.o [1]
  .text              ro code   0x800'4116     0x2  startup_stm32f030x8.o [1]
  .text              ro code   0x800'4118     0x2  startup_stm32f030x8.o [1]
  .text              ro code   0x800'411a     0x2  startup_stm32f030x8.o [1]
  .rodata            const     0x800'411c     0x0  zero_init3.o [4]
  .rodata            const     0x800'411c     0x0  lz77_init_single.o [4]
  Initializer bytes  const     0x800'411c    0x4f  <for P2-1>
                             - 0x800'416b  0x40b7

"P2", part 1 of 3:                           0xcc
  P2-1                        0x2000'0000    0xcc  <Init block>
    .data            inited   0x2000'0000     0x4  system_stm32f0xx.o [1]
    .data            inited   0x2000'0004    0x38  xlocale_c.o [2]
    .data            inited   0x2000'003c    0x48  xlocale_c.o [2]
    .data            inited   0x2000'0084    0x48  xfiles.o [2]
                            - 0x2000'00cc    0xcc

"P2", part 2 of 3:                          0x270
  .bss               zero     0x2000'00cc    0xa4  usart.o [1]
  .bss               zero     0x2000'0170    0x88  usart.o [1]
  .bss               zero     0x2000'01f8    0x50  xfiles.o [2]
  .bss               zero     0x2000'0248    0x4c  adc.o [1]
  .bss               zero     0x2000'0294    0x40  tim.o [1]
  .bss               zero     0x2000'02d4    0x40  tim.o [1]
  .bss               zero     0x2000'0314    0x20  rtc.o [1]
  .bss               zero     0x2000'0334     0x4  stm32f0xx_hal.o [1]
  .bss               zero     0x2000'0338     0x4  xfail_s.o [2]
                            - 0x2000'033c   0x270

"P2", part 3 of 3:                          0x400
  CSTACK                      0x2000'0340   0x400  <Block>
    CSTACK           uninit   0x2000'0340   0x400  <Block tail>
                            - 0x2000'0740   0x400

Unused ranges:

         From           To    Size
         ----           --    ----
   0x800'416b   0x800'ffff  0xbe95
  0x2000'033c  0x2000'033f     0x4
  0x2000'0740  0x2000'1fff  0x18c0


*******************************************************************************
*** INIT TABLE
***

          Address      Size
          -------      ----
Zero (__iar_zero_init3)
    1 destination range, total size 0x270:
          0x2000'00cc  0x270

Copy/lz77 (__iar_lz77_init_single3)
    1 source range, total size 0x4f (38% of destination):
           0x800'411c   0x4f
    1 destination range, total size 0xcc:
          0x2000'0000   0xcc



*******************************************************************************
*** MODULE SUMMARY
***

    Module                  ro code  ro data  rw data
    ------                  -------  -------  -------
command line/config:
    -------------------------------------------------
    Total:

E:\Git_Repo\test_ADC_RTC\EWARM\test_ADC_Temp\Obj: [1]
    adc.o                       184                76
    dma.o                        44
    gpio.o                      192
    main.o                      520
    rtc.o                       252                32
    startup_stm32f030x8.o       240
    stm32f0xx_hal.o             128                 4
    stm32f0xx_hal_adc.o       1 088
    stm32f0xx_hal_cortex.o      170
    stm32f0xx_hal_dma.o         388
    stm32f0xx_hal_gpio.o        464
    stm32f0xx_hal_msp.o          80
    stm32f0xx_hal_rcc.o       1 420
    stm32f0xx_hal_rcc_ex.o      252
    stm32f0xx_hal_rtc.o       1 194
    stm32f0xx_hal_tim.o         766
    stm32f0xx_hal_tim_ex.o      128
    stm32f0xx_hal_uart.o      1 692
    stm32f0xx_it.o               68
    system_stm32f0xx.o          112        9        4
    tim.o                       336               128
    usart.o                     344               300
    -------------------------------------------------
    Total:                   10 062        9      544

dl6M_tlf.a: [2]
    abort.o                      10
    exit.o                        8
    low_level_init.o              4
    printf.o                     40
    putchar.o                    16
    xencoding_8859_1.o           28
    xfail_s.o                    72                 4
    xfiles.o                              28      152
    xlocale_c.o                 140       56      128
    xmbcurmax.o                  10
    xprintffull.o             4 102       16
    xprout.o                     22
    -------------------------------------------------
    Total:                    4 452      100      284

m6M_tl.a: [3]
    DblAddSub.o                 436
    DblCmpGe.o                   50
    DblCmpLe.o                   50
    DblDiv.o                    194
    DblMul.o                    388
    DblToI32.o                   82
    IxxToDbl.o                   52
    -------------------------------------------------
    Total:                    1 252

rt6M_tl.a: [4]
    ABImemcpy.o                  92
    I32DivMod.o                  54
    I32DivModFast.o             224
    I64DivMod.o                 106
    I64DivZer.o                   2
    IntDivZer.o                   2
    cexit.o                      10
    cmain.o                      30
    cstartup_M.o                 12
    data_init.o                  40
    lz77_init_single.o          126
    memchr.o                     24
    strchr.o                     22
    strlen.o                     16
    zero_init3.o                 60
    -------------------------------------------------
    Total:                      820

shb_l.a: [5]
    exit.o                       20
    -------------------------------------------------
    Total:                       20

    Linker created                        32    1 024
-----------------------------------------------------
    Grand Total:             16 606      141    1 852


*******************************************************************************
*** ENTRY LIST
***

Entry                       Address   Size  Type      Object
-----                       -------   ----  ----      ------
.iar.init_table$$Base    0x800'4038          --   Gb  - Linker created -
.iar.init_table$$Limit   0x800'4058          --   Gb  - Linker created -
?main                    0x800'4059         Code  Gb  cmain.o [4]
ADC_Enable               0x800'3aad   0x76  Code  Lc  stm32f0xx_hal_adc.o [1]
ADC_GET_TempFunc         0x800'2971   0x4c  Code  Gb  main.o [1]
AHBPrescTable            0x800'3f70   0x10  Data  Gb  system_stm32f0xx.o [1]
APBPrescTable            0x800'40fc    0x8  Data  Gb  system_stm32f0xx.o [1]
CSTACK$$Base            0x2000'0340          --   Gb  - Linker created -
CSTACK$$Limit           0x2000'0740          --   Gb  - Linker created -
CacheMore                0x800'113d   0x28  Code  Lc  xlocale_c.o [2]
DMA1_Channel4_5_IRQHandler
                         0x800'3f9f   0x10  Code  Gb  stm32f0xx_it.o [1]
DMA_CalcBaseAndBitshift
                         0x800'22a1   0x1a  Code  Lc  stm32f0xx_hal_dma.o [1]
EXTI4_15_IRQHandler      0x800'3f95    0xa  Code  Gb  stm32f0xx_it.o [1]
HAL_ADC_ConfigChannel    0x800'39a7  0x102  Code  Gb  stm32f0xx_hal_adc.o [1]
HAL_ADC_GetState         0x800'3aa9    0x4  Code  Gb  stm32f0xx_hal_adc.o [1]
HAL_ADC_GetValue         0x800'39a1    0x6  Code  Gb  stm32f0xx_hal_adc.o [1]
HAL_ADC_Init             0x800'3701  0x168  Code  Gb  stm32f0xx_hal_adc.o [1]
HAL_ADC_MspInit          0x800'2e73   0x20  Code  Gb  adc.o [1]
HAL_ADC_PollForConversion
                         0x800'38bd   0xc6  Code  Gb  stm32f0xx_hal_adc.o [1]
HAL_ADC_Start            0x800'3869   0x4e  Code  Gb  stm32f0xx_hal_adc.o [1]
HAL_DMA_Abort_IT         0x800'2199   0x48  Code  Gb  stm32f0xx_hal_dma.o [1]
HAL_DMA_IRQHandler       0x800'21e1   0xc0  Code  Gb  stm32f0xx_hal_dma.o [1]
HAL_DMA_Init             0x800'2141   0x54  Code  Gb  stm32f0xx_hal_dma.o [1]
HAL_Delay                0x800'3139   0x20  Code  Wk  stm32f0xx_hal.o [1]
HAL_GPIO_EXTI_Callback   0x800'2daf   0x24  Code  Gb  gpio.o [1]
HAL_GPIO_EXTI_IRQHandler
                         0x800'2bff   0x14  Code  Gb  stm32f0xx_hal_gpio.o [1]
HAL_GPIO_Init            0x800'2a61  0x17e  Code  Gb  stm32f0xx_hal_gpio.o [1]
HAL_GPIO_ReadPin         0x800'2bdf    0xc  Code  Gb  stm32f0xx_hal_gpio.o [1]
HAL_GPIO_TogglePin       0x800'2bf7    0x8  Code  Gb  stm32f0xx_hal_gpio.o [1]
HAL_GPIO_WritePin        0x800'2beb    0xc  Code  Gb  stm32f0xx_hal_gpio.o [1]
HAL_GetTick              0x800'2135    0xc  Code  Wk  stm32f0xx_hal.o [1]
HAL_IncTick              0x800'3fc5   0x10  Code  Wk  stm32f0xx_hal.o [1]
HAL_Init                 0x800'2d01   0x1a  Code  Gb  stm32f0xx_hal.o [1]
HAL_InitTick             0x800'2cdb   0x24  Code  Wk  stm32f0xx_hal.o [1]
HAL_MspInit              0x800'3b41   0x50  Code  Gb  stm32f0xx_hal_msp.o [1]
HAL_NVIC_EnableIRQ       0x800'2c73    0xe  Code  Gb  stm32f0xx_hal_cortex.o [1]
HAL_NVIC_SetPriority     0x800'2c6b    0x8  Code  Gb  stm32f0xx_hal_cortex.o [1]
HAL_RCCEx_PeriphCLKConfig
                         0x800'3605   0xe4  Code  Gb  stm32f0xx_hal_rcc_ex.o [1]
HAL_RCC_ClockConfig      0x800'267d  0x12c  Code  Gb  stm32f0xx_hal_rcc.o [1]
HAL_RCC_GetHCLKFreq      0x800'27e7    0x6  Code  Gb  stm32f0xx_hal_rcc.o [1]
HAL_RCC_GetPCLK1Freq     0x800'27ed   0x14  Code  Gb  stm32f0xx_hal_rcc.o [1]
HAL_RCC_GetSysClockFreq
                         0x800'27ad   0x3a  Code  Gb  stm32f0xx_hal_rcc.o [1]
HAL_RCC_GetSysClockFreq::aPLLMULFactorTable
                         0x800'2834   0x10  Data  Lc  stm32f0xx_hal_rcc.o [1]
HAL_RCC_GetSysClockFreq::aPredivFactorTable
                         0x800'2844   0x10  Data  Lc  stm32f0xx_hal_rcc.o [1]
HAL_RCC_OscConfig        0x800'22c9  0x3ae  Code  Gb  stm32f0xx_hal_rcc.o [1]
HAL_RTC_GetDate          0x800'33fd   0x3e  Code  Gb  stm32f0xx_hal_rtc.o [1]
HAL_RTC_GetTime          0x800'32f1   0x4c  Code  Gb  stm32f0xx_hal_rtc.o [1]
HAL_RTC_Init             0x800'3159   0xa6  Code  Gb  stm32f0xx_hal_rtc.o [1]
HAL_RTC_MspInit          0x800'2f79   0x16  Code  Gb  rtc.o [1]
HAL_RTC_SetAlarm         0x800'3445   0xfa  Code  Gb  stm32f0xx_hal_rtc.o [1]
HAL_RTC_SetDate          0x800'333d   0xc0  Code  Gb  stm32f0xx_hal_rtc.o [1]
HAL_RTC_SetTime          0x800'31ff   0xf2  Code  Gb  stm32f0xx_hal_rtc.o [1]
HAL_RTC_WaitForSynchro   0x800'3565   0x30  Code  Gb  stm32f0xx_hal_rtc.o [1]
HAL_SYSTICK_CLKSourceConfig
                         0x800'2ca9   0x18  Code  Gb  stm32f0xx_hal_cortex.o [1]
HAL_SYSTICK_Config       0x800'2c81   0x28  Code  Gb  stm32f0xx_hal_cortex.o [1]
HAL_SYSTICK_IRQHandler   0x800'2cd1    0x8  Code  Gb  stm32f0xx_hal_cortex.o [1]
HAL_TIMEx_ConfigBreakDeadTime
                         0x800'3e8d   0x58  Code  Gb  stm32f0xx_hal_tim_ex.o [1]
HAL_TIM_Base_Init        0x800'3b91   0x1e  Code  Gb  stm32f0xx_hal_tim.o [1]
HAL_TIM_Base_MspInit     0x800'307d   0x2e  Code  Gb  tim.o [1]
HAL_TIM_MspPostInit      0x800'30ab   0x2e  Code  Gb  tim.o [1]
HAL_TIM_OC_ConfigChannel
                         0x800'3be3   0x50  Code  Gb  stm32f0xx_hal_tim.o [1]
HAL_TIM_OC_Init          0x800'3baf   0x1c  Code  Gb  stm32f0xx_hal_tim.o [1]
HAL_UART_IRQHandler      0x800'1afd  0x10e  Code  Gb  stm32f0xx_hal_uart.o [1]
HAL_UART_Init            0x800'1945   0x56  Code  Gb  stm32f0xx_hal_uart.o [1]
HAL_UART_MspInit         0x800'2011   0xb2  Code  Gb  usart.o [1]
HAL_UART_Receive_IT      0x800'1a79   0x80  Code  Gb  stm32f0xx_hal_uart.o [1]
HAL_UART_RxCpltCallback
                         0x800'20d5   0x20  Code  Gb  usart.o [1]
HAL_UART_Transmit        0x800'19ad   0xc6  Code  Gb  stm32f0xx_hal_uart.o [1]
HardFault_Handler        0x800'3f83    0x2  Code  Gb  stm32f0xx_it.o [1]
LoadInt                  0x800'02a1   0x74  Code  Lc  xprintffull.o [2]
MX_ADC_Init              0x800'2e0d   0x66  Code  Gb  adc.o [1]
MX_DMA_Init              0x800'2de1   0x2c  Code  Gb  dma.o [1]
MX_GPIO_Init             0x800'2d21   0x8e  Code  Gb  gpio.o [1]
MX_RTC_Init              0x800'2ec5   0xb4  Code  Gb  rtc.o [1]
MX_TIM16_Init            0x800'2fc1   0x92  Code  Gb  tim.o [1]
MX_TIM17_Init            0x800'3055   0x28  Code  Gb  tim.o [1]
MX_USART2_UART_Init      0x800'1fdd   0x34  Code  Gb  usart.o [1]
NMI_Handler              0x800'3f81    0x2  Code  Gb  stm32f0xx_it.o [1]
NVIC_SetPriority         0x800'2c31   0x3a  Code  Lc  stm32f0xx_hal_cortex.o [1]
PendSV_Handler           0x800'3f87    0x2  Code  Gb  stm32f0xx_it.o [1]
RTC_Bcd2ToByte           0x800'35f3   0x10  Code  Gb  stm32f0xx_hal_rtc.o [1]
RTC_ByteToBcd2           0x800'35dd   0x16  Code  Gb  stm32f0xx_hal_rtc.o [1]
RTC_EnterInitMode        0x800'35a1   0x36  Code  Gb  stm32f0xx_hal_rtc.o [1]
Region$$Table$$Base      0x800'4038          --   Gb  - Linker created -
Region$$Table$$Limit     0x800'4058          --   Gb  - Linker created -
Rx_buf                  0x2000'013c   0x34  Data  Gb  usart.o [1]
SVC_Handler              0x800'3f85    0x2  Code  Gb  stm32f0xx_it.o [1]
SysTick_Handler          0x800'3f89    0xc  Code  Gb  stm32f0xx_it.o [1]
SystemClock_Config       0x800'28ed   0x82  Code  Gb  main.o [1]
SystemCoreClock         0x2000'0000    0x4  Data  Gb  system_stm32f0xx.o [1]
SystemInit               0x800'3f11   0x48  Code  Gb  system_stm32f0xx.o [1]
TIM_Base_SetConfig       0x800'3c3f   0x70  Code  Gb  stm32f0xx_hal_tim.o [1]
TIM_OC1_SetConfig        0x800'3cb1   0x74  Code  Lc  stm32f0xx_hal_tim.o [1]
TIM_OC2_SetConfig        0x800'3d25   0x68  Code  Gb  stm32f0xx_hal_tim.o [1]
TIM_OC3_SetConfig        0x800'3d8d   0x64  Code  Lc  stm32f0xx_hal_tim.o [1]
TIM_OC4_SetConfig        0x800'3df1   0x52  Code  Lc  stm32f0xx_hal_tim.o [1]
UART_AdvFeatureConfig    0x800'1d25   0xc8  Code  Gb  stm32f0xx_hal_uart.o [1]
UART_CheckIdleState      0x800'1df1   0x12  Code  Gb  stm32f0xx_hal_uart.o [1]
UART_DMAAbortOnError     0x800'1ec9   0x14  Code  Lc  stm32f0xx_hal_uart.o [1]
UART_EndRxTransfer       0x800'1e6b   0x1c  Code  Lc  stm32f0xx_hal_uart.o [1]
UART_EndTransmit_IT      0x800'1f45   0x1a  Code  Gb  stm32f0xx_hal_uart.o [1]
UART_Receive_IT          0x800'1f5f   0x72  Code  Gb  stm32f0xx_hal_uart.o [1]
UART_SetConfig           0x800'1c0d  0x112  Code  Gb  stm32f0xx_hal_uart.o [1]
UART_Transmit_IT         0x800'1edd   0x68  Code  Gb  stm32f0xx_hal_uart.o [1]
UART_WaitOnFlagUntilTimeout
                         0x800'1e03   0x68  Code  Gb  stm32f0xx_hal_uart.o [1]
USART2_IRQHandler        0x800'3faf    0xa  Code  Gb  stm32f0xx_it.o [1]
_Encoding_8859_1_Mbrlen
                         0x800'409f    0x2  Code  Gb  xencoding_8859_1.o [2]
_Encoding_8859_1_Wctomb
                         0x800'408f   0x10  Code  Gb  xencoding_8859_1.o [2]
_Error_Handler           0x800'29e1    0x2  Code  Gb  main.o [1]
_GenldFull               0x800'0e09  0x27c  Code  Lc  xprintffull.o [2]
_LdtobFull               0x800'0989  0x46a  Code  Lc  xprintffull.o [2]
_LitobFull               0x800'0819  0x120  Code  Lc  xprintffull.o [2]
_Locale_lconv           0x2000'0004   0x38  Data  Lc  xlocale_c.o [2]
_PrintfFull              0x800'00b5  0x1d8  Code  Gb  xprintffull.o [2]
_Prout                   0x800'40ab   0x16  Code  Gb  xprout.o [2]
_PutcharsFull            0x800'1085   0x34  Code  Lc  xprintffull.o [2]
_PutfldFull              0x800'0315  0x2cc  Code  Lc  xprintffull.o [2]
_PutstrFull              0x800'074d   0xc4  Code  Lc  xprintffull.o [2]
_PuttxtFull              0x800'0649  0x102  Code  Lc  xprintffull.o [2]
__ICFEDIT_region_RAM_end__ {Abs}
                        0x2000'1fff         Data  Gb  <internal module>
__ICFEDIT_region_RAM_start__ {Abs}
                        0x2000'0000         Data  Gb  <internal module>
__aeabi_cdcmple          0x800'14a3         Code  Gb  DblCmpLe.o [3]
__aeabi_cdrcmple         0x800'14d5         Code  Gb  DblCmpGe.o [3]
__aeabi_d2iz             0x800'1509         Code  Gb  DblToI32.o [3]
__aeabi_d2uiz            0x800'152d         Code  Gb  DblToI32.o [3]
__aeabi_dadd             0x800'1591         Code  Gb  DblAddSub.o [3]
__aeabi_ddiv             0x800'1825         Code  Gb  DblDiv.o [3]
__aeabi_dmul             0x800'131f         Code  Gb  DblMul.o [3]
__aeabi_dsub             0x800'1657         Code  Gb  DblAddSub.o [3]
__aeabi_i2d              0x800'157d         Code  Gb  IxxToDbl.o [3]
__aeabi_idiv             0x800'1771         Code  Gb  I32DivModFast.o [4]
__aeabi_idiv0            0x800'192d         Code  Gb  IntDivZer.o [4]
__aeabi_idivmod          0x800'1771         Code  Gb  I32DivModFast.o [4]
__aeabi_ldiv0            0x800'1929         Code  Gb  I64DivZer.o [4]
__aeabi_memcpy           0x800'1259         Code  Gb  ABImemcpy.o [4]
__aeabi_ui2d             0x800'155d         Code  Gb  IxxToDbl.o [3]
__aeabi_uidiv            0x800'1777         Code  Gb  I32DivModFast.o [4]
__aeabi_uidivmod         0x800'1777         Code  Gb  I32DivModFast.o [4]
__aeabi_uldivmod         0x800'12b5         Code  Gb  I64DivMod.o [4]
__cmain                  0x800'4059         Code  Gb  cmain.o [4]
__exit                   0x800'1931   0x14  Code  Gb  exit.o [5]
__iar_Fail_s             0x800'11dd   0x22  Code  Gb  xfail_s.o [2]
__iar_Mbcurmax           0x800'124d    0xa  Code  Gb  xmbcurmax.o [2]
__iar_Stdout            0x2000'0084   0x48  Data  Gb  xfiles.o [2]
__iar_d2uiz              0x800'1531         Code  Gb  DblToI32.o [3]
__iar_data_init3         0x800'4011   0x28  Code  Gb  data_init.o [4]
__iar_globLocale        0x2000'003c   0x48  Data  Lc  xlocale_c.o [2]
__iar_global_Locale      0x800'1139    0x4  Code  Gb  xlocale_c.o [2]
__iar_lz77_init_single3
                         0x800'10bb   0x7e  Code  Gb  lz77_init_single.o [4]
__iar_program_start      0x800'40f1         Code  Gb  cstartup_M.o [4]
__iar_small_uidiv        0x800'18e9         Code  Gb  I32DivMod.o [4]
__iar_small_uidivmod     0x800'18e9         Code  Gb  I32DivMod.o [4]
__iar_zero_init3         0x800'3fd5   0x3c  Code  Gb  zero_init3.o [4]
__low_level_init         0x800'4077    0x4  Code  Gb  low_level_init.o [2]
__vector_table           0x800'0000         Data  Gb  startup_stm32f030x8.o [1]
_call_main               0x800'4065         Code  Gb  cmain.o [4]
_exit                    0x800'4085         Code  Gb  cexit.o [4]
_gLocale_mblen           0x800'11a1    0xa  Code  Gb  xlocale_c.o [2]
_gLocale_mblenInt        0x800'1165   0x34  Code  Gb  xlocale_c.o [2]
_gLocale_wctomb          0x800'11ab    0xa  Code  Gb  xlocale_c.o [2]
_gLocale_wctombInt       0x800'1199    0x8  Code  Gb  xlocale_c.o [2]
_main                    0x800'4073         Code  Gb  cmain.o [4]
abort                    0x800'191f    0xa  Code  Gb  abort.o [2]
exit                     0x800'407b    0x8  Code  Gb  exit.o [2]
fputc                    0x800'20c3   0x12  Code  Gb  usart.o [1]
hadc                    0x2000'0248   0x4c  Data  Gb  adc.o [1]
hdma_usart2_rx          0x2000'01b4   0x44  Data  Gb  usart.o [1]
hdma_usart2_tx          0x2000'0170   0x44  Data  Gb  usart.o [1]
hrtc                    0x2000'0314   0x20  Data  Gb  rtc.o [1]
htim16                  0x2000'0294   0x40  Data  Gb  tim.o [1]
htim17                  0x2000'02d4   0x40  Data  Gb  tim.o [1]
huart2                  0x2000'00cc   0x70  Data  Gb  usart.o [1]
localeconv               0x800'11b7    0x4  Code  Gb  xlocale_c.o [2]
main                     0x800'2859   0x94  Code  Gb  main.o [1]
memchr                   0x800'1235   0x18  Code  Gb  memchr.o [4]
obuf                    0x2000'01f8   0x50  Data  Lc  xfiles.o [2]
printf                   0x800'3111   0x28  Code  Gb  printf.o [2]
putchar                  0x800'40c1   0x10  Code  Gb  putchar.o [2]
scale                    0x800'0939   0x44  Code  Lc  xprintffull.o [2]
sec_hand                0x2000'0338    0x4  Data  Lc  xfail_s.o [2]
strchr                   0x800'11c5    0x2  Code  Gb  strchr.o [4]
strlen                   0x800'1225   0x10  Code  Gb  strlen.o [4]
uwTick                  0x2000'0334    0x4  Data  Gb  stm32f0xx_hal.o [1]


[1] = E:\Git_Repo\test_ADC_RTC\EWARM\test_ADC_Temp\Obj
[2] = dl6M_tlf.a
[3] = m6M_tl.a
[4] = rt6M_tl.a
[5] = shb_l.a

  16 606 bytes of readonly  code memory
     141 bytes of readonly  data memory
   1 852 bytes of readwrite data memory

Errors: none
Warnings: none
