###############################################################################
#
# IAR ELF Linker V8.30.2.160/W32 for ARM                  20/Nov/2018  17:12:16
# Copyright 2007-2018 IAR Systems AB.
#
#    Output file  =  
#        C:\Users\Administrator\Desktop\test_ADC_Temp\EWARM\test_ADC_Temp\Exe\test_ADC_Temp.out
#    Map file     =  
#        C:\Users\Administrator\Desktop\test_ADC_Temp\EWARM\test_ADC_Temp\List\test_ADC_Temp.map
#    Command line =  
#        -f C:\Users\ADMINI~1\AppData\Local\Temp\EW6137.tmp
#        (C:\Users\Administrator\Desktop\test_ADC_Temp\EWARM\test_ADC_Temp\Obj\adc.o
#        C:\Users\Administrator\Desktop\test_ADC_Temp\EWARM\test_ADC_Temp\Obj\dma.o
#        C:\Users\Administrator\Desktop\test_ADC_Temp\EWARM\test_ADC_Temp\Obj\gpio.o
#        C:\Users\Administrator\Desktop\test_ADC_Temp\EWARM\test_ADC_Temp\Obj\main.o
#        C:\Users\Administrator\Desktop\test_ADC_Temp\EWARM\test_ADC_Temp\Obj\rtc.o
#        C:\Users\Administrator\Desktop\test_ADC_Temp\EWARM\test_ADC_Temp\Obj\startup_stm32f030x8.o
#        C:\Users\Administrator\Desktop\test_ADC_Temp\EWARM\test_ADC_Temp\Obj\stm32f0xx_hal.o
#        C:\Users\Administrator\Desktop\test_ADC_Temp\EWARM\test_ADC_Temp\Obj\stm32f0xx_hal_adc.o
#        C:\Users\Administrator\Desktop\test_ADC_Temp\EWARM\test_ADC_Temp\Obj\stm32f0xx_hal_adc_ex.o
#        C:\Users\Administrator\Desktop\test_ADC_Temp\EWARM\test_ADC_Temp\Obj\stm32f0xx_hal_cortex.o
#        C:\Users\Administrator\Desktop\test_ADC_Temp\EWARM\test_ADC_Temp\Obj\stm32f0xx_hal_dma.o
#        C:\Users\Administrator\Desktop\test_ADC_Temp\EWARM\test_ADC_Temp\Obj\stm32f0xx_hal_flash.o
#        C:\Users\Administrator\Desktop\test_ADC_Temp\EWARM\test_ADC_Temp\Obj\stm32f0xx_hal_flash_ex.o
#        C:\Users\Administrator\Desktop\test_ADC_Temp\EWARM\test_ADC_Temp\Obj\stm32f0xx_hal_gpio.o
#        C:\Users\Administrator\Desktop\test_ADC_Temp\EWARM\test_ADC_Temp\Obj\stm32f0xx_hal_i2c.o
#        C:\Users\Administrator\Desktop\test_ADC_Temp\EWARM\test_ADC_Temp\Obj\stm32f0xx_hal_i2c_ex.o
#        C:\Users\Administrator\Desktop\test_ADC_Temp\EWARM\test_ADC_Temp\Obj\stm32f0xx_hal_msp.o
#        C:\Users\Administrator\Desktop\test_ADC_Temp\EWARM\test_ADC_Temp\Obj\stm32f0xx_hal_pwr.o
#        C:\Users\Administrator\Desktop\test_ADC_Temp\EWARM\test_ADC_Temp\Obj\stm32f0xx_hal_pwr_ex.o
#        C:\Users\Administrator\Desktop\test_ADC_Temp\EWARM\test_ADC_Temp\Obj\stm32f0xx_hal_rcc.o
#        C:\Users\Administrator\Desktop\test_ADC_Temp\EWARM\test_ADC_Temp\Obj\stm32f0xx_hal_rcc_ex.o
#        C:\Users\Administrator\Desktop\test_ADC_Temp\EWARM\test_ADC_Temp\Obj\stm32f0xx_hal_rtc.o
#        C:\Users\Administrator\Desktop\test_ADC_Temp\EWARM\test_ADC_Temp\Obj\stm32f0xx_hal_rtc_ex.o
#        C:\Users\Administrator\Desktop\test_ADC_Temp\EWARM\test_ADC_Temp\Obj\stm32f0xx_hal_tim.o
#        C:\Users\Administrator\Desktop\test_ADC_Temp\EWARM\test_ADC_Temp\Obj\stm32f0xx_hal_tim_ex.o
#        C:\Users\Administrator\Desktop\test_ADC_Temp\EWARM\test_ADC_Temp\Obj\stm32f0xx_hal_uart.o
#        C:\Users\Administrator\Desktop\test_ADC_Temp\EWARM\test_ADC_Temp\Obj\stm32f0xx_hal_uart_ex.o
#        C:\Users\Administrator\Desktop\test_ADC_Temp\EWARM\test_ADC_Temp\Obj\stm32f0xx_it.o
#        C:\Users\Administrator\Desktop\test_ADC_Temp\EWARM\test_ADC_Temp\Obj\system_stm32f0xx.o
#        C:\Users\Administrator\Desktop\test_ADC_Temp\EWARM\test_ADC_Temp\Obj\tim.o
#        C:\Users\Administrator\Desktop\test_ADC_Temp\EWARM\test_ADC_Temp\Obj\usart.o
#        --redirect _Printf=_PrintfFull --redirect _Scanf=_ScanfFull
#        --no_out_extension -o
#        C:\Users\Administrator\Desktop\test_ADC_Temp\EWARM\test_ADC_Temp\Exe\test_ADC_Temp.out
#        --map
#        C:\Users\Administrator\Desktop\test_ADC_Temp\EWARM\test_ADC_Temp\List\test_ADC_Temp.map
#        --config
#        C:\Users\Administrator\Desktop\test_ADC_Temp\EWARM/stm32f030x8_flash.icf
#        --semihosting --entry __iar_program_start --vfe --text_out locale)
#
###############################################################################

*******************************************************************************
*** RUNTIME MODEL ATTRIBUTES
***

CppFlavor       = *
__SystemLibrary = DLib
__dlib_version  = 6


*******************************************************************************
*** HEAP SELECTION
***

The basic heap was selected because no calls to memory allocation
functions were found in the application outside of system library
functions, and there are calls to deallocation functions in the
application.


*******************************************************************************
*** PLACEMENT SUMMARY
***

"A0":  place at 0x800'0000 { ro section .intvec };
"P1":  place in [from 0x800'0000 to 0x800'ffff] { ro };
define block CSTACK with size = 1K, alignment = 8 { };
define block HEAP with size = 512, alignment = 8 { };
"P2":  place in [from 0x2000'0000 to 0x2000'1fff] {
          rw, block CSTACK, block HEAP };
initialize by copy { rw };

  Section            Kind         Address    Size  Object
  -------            ----         -------    ----  ------
"A0":                                        0xb4
  .intvec            ro code   0x800'0000    0xb4  startup_stm32f030x8.o [1]
                             - 0x800'00b4    0xb4

"P1":                                      0x4107
  .text              ro code   0x800'00b4  0x1006  xprintffull.o [2]
  .text              ro code   0x800'10ba    0x7e  lz77_init_single.o [4]
  .text              ro code   0x800'1138    0x8c  xlocale_c.o [2]
  .text              ro code   0x800'11c4    0x16  strchr.o [4]
  .text              ro code   0x800'11da     0x2  startup_stm32f030x8.o [1]
  .text              ro code   0x800'11dc    0x48  xfail_s.o [2]
  .text              ro code   0x800'1224    0x10  strlen.o [4]
  .text              ro code   0x800'1234    0x18  memchr.o [4]
  .text              ro code   0x800'124c     0xa  xmbcurmax.o [2]
  .text              ro code   0x800'1256     0x2  startup_stm32f030x8.o [1]
  .text              ro code   0x800'1258    0x5c  ABImemcpy.o [4]
  .text              ro code   0x800'12b4    0x6a  I64DivMod.o [4]
  .text              ro code   0x800'131e   0x184  DblMul.o [3]
  .text              ro code   0x800'14a2    0x32  DblCmpLe.o [3]
  .text              ro code   0x800'14d4    0x32  DblCmpGe.o [3]
  .text              ro code   0x800'1506     0x2  startup_stm32f030x8.o [1]
  .text              ro code   0x800'1508    0x52  DblToI32.o [3]
  .text              ro code   0x800'155a     0x2  startup_stm32f030x8.o [1]
  .text              ro code   0x800'155c    0x34  IxxToDbl.o [3]
  .text              ro code   0x800'1590   0x1b4  DblAddSub.o [3]
  .text              ro code   0x800'1744    0xe0  I32DivModFast.o [4]
  .text              ro code   0x800'1824    0xc2  DblDiv.o [3]
  .text              ro code   0x800'18e6     0x2  startup_stm32f030x8.o [1]
  .text              ro code   0x800'18e8    0x36  I32DivMod.o [4]
  .text              ro code   0x800'191e     0xa  abort.o [2]
  .text              ro code   0x800'1928     0x2  I64DivZer.o [4]
  .text              ro code   0x800'192a     0x2  startup_stm32f030x8.o [1]
  .text              ro code   0x800'192c     0x2  IntDivZer.o [4]
  .text              ro code   0x800'192e     0x2  startup_stm32f030x8.o [1]
  .text              ro code   0x800'1930    0x14  exit.o [5]
  .text              ro code   0x800'1944   0x698  stm32f0xx_hal_uart.o [1]
  .text              ro code   0x800'1fdc   0x16c  usart.o [1]
  .text              ro code   0x800'2148     0xc  stm32f0xx_hal.o [1]
  .text              ro code   0x800'2154   0x184  stm32f0xx_hal_dma.o [1]
  .text              ro code   0x800'22d8     0x2  stm32f0xx_hal_uart.o [1]
  .text              ro code   0x800'22da     0x2  startup_stm32f030x8.o [1]
  .text              ro code   0x800'22dc   0x58c  stm32f0xx_hal_rcc.o [1]
  .text              ro code   0x800'2868     0x2  stm32f0xx_hal_uart.o [1]
  .text              ro code   0x800'286a     0x2  startup_stm32f030x8.o [1]
  .text              ro code   0x800'286c   0x208  main.o [1]
  .text              ro code   0x800'2a74   0x1d0  stm32f0xx_hal_gpio.o [1]
  .text              ro code   0x800'2c44    0xaa  stm32f0xx_hal_cortex.o [1]
  .text              ro code   0x800'2cee    0x24  stm32f0xx_hal.o [1]
  .text              ro code   0x800'2d12     0x2  startup_stm32f030x8.o [1]
  .text              ro code   0x800'2d14    0x20  stm32f0xx_hal.o [1]
  .text              ro code   0x800'2d34    0xc0  gpio.o [1]
  .text              ro code   0x800'2df4    0x2c  dma.o [1]
  .text              ro code   0x800'2e20    0xcc  adc.o [1]
  .text              ro code   0x800'2eec   0x110  rtc.o [1]
  .text              ro code   0x800'2ffc   0x164  tim.o [1]
  .text              ro code   0x800'3160    0x28  printf.o [2]
  .text              ro code   0x800'3188    0x20  stm32f0xx_hal.o [1]
  .text              ro code   0x800'31a8   0x4aa  stm32f0xx_hal_rtc.o [1]
  .text              ro code   0x800'3652     0x2  startup_stm32f030x8.o [1]
  .text              ro code   0x800'3654    0xfc  stm32f0xx_hal_rcc_ex.o [1]
  .text              ro code   0x800'3750   0x440  stm32f0xx_hal_adc.o [1]
  .text              ro code   0x800'3b90    0x50  stm32f0xx_hal_msp.o [1]
  .text              ro code   0x800'3be0   0x2fc  stm32f0xx_hal_tim.o [1]
  .text              ro code   0x800'3edc    0x80  stm32f0xx_hal_tim_ex.o [1]
  .text              ro code   0x800'3f5c     0x2  stm32f0xx_hal_tim.o [1]
  .text              ro code   0x800'3f5e     0x2  startup_stm32f030x8.o [1]
  .text              ro code   0x800'3f60    0x70  system_stm32f0xx.o [1]
  .text              ro code   0x800'3fd0    0x44  stm32f0xx_it.o [1]
  .text              ro code   0x800'4014    0x10  stm32f0xx_hal.o [1]
  .text              ro code   0x800'4024    0x3c  zero_init3.o [4]
  .text              ro code   0x800'4060    0x28  data_init.o [4]
  .iar.init_table    const     0x800'4088    0x20  - Linker created -
  .text              ro code   0x800'40a8    0x1e  cmain.o [4]
  .text              ro code   0x800'40c6     0x4  low_level_init.o [2]
  .text              ro code   0x800'40ca     0x8  exit.o [2]
  .text              ro code   0x800'40d2     0x2  startup_stm32f030x8.o [1]
  .text              ro code   0x800'40d4     0xa  cexit.o [4]
  .text              ro code   0x800'40de    0x1c  xencoding_8859_1.o [2]
  .text              ro code   0x800'40fa    0x16  xprout.o [2]
  .text              ro code   0x800'4110    0x10  putchar.o [2]
  .rodata            const     0x800'4120    0x10  xprintffull.o [2]
  .text              ro code   0x800'4130    0x10  startup_stm32f030x8.o [1]
  .text              ro code   0x800'4140     0xc  cstartup_M.o [4]
  .rodata            const     0x800'414c     0x8  system_stm32f0xx.o [1]
  .rodata            const     0x800'4154     0x6  xlocale_c.o [2]
  .text              ro code   0x800'415a     0x2  startup_stm32f030x8.o [1]
  .text              ro code   0x800'415c     0x2  startup_stm32f030x8.o [1]
  .text              ro code   0x800'415e     0x2  startup_stm32f030x8.o [1]
  .text              ro code   0x800'4160     0x2  startup_stm32f030x8.o [1]
  .text              ro code   0x800'4162     0x2  startup_stm32f030x8.o [1]
  .text              ro code   0x800'4164     0x2  startup_stm32f030x8.o [1]
  .text              ro code   0x800'4166     0x2  startup_stm32f030x8.o [1]
  .text              ro code   0x800'4168     0x2  startup_stm32f030x8.o [1]
  .text              ro code   0x800'416a     0x2  startup_stm32f030x8.o [1]
  .rodata            const     0x800'416c     0x0  zero_init3.o [4]
  .rodata            const     0x800'416c     0x0  lz77_init_single.o [4]
  Initializer bytes  const     0x800'416c    0x4f  <for P2-1>
                             - 0x800'41bb  0x4107

"P2", part 1 of 3:                           0xcc
  P2-1                        0x2000'0000    0xcc  <Init block>
    .data            inited   0x2000'0000     0x4  system_stm32f0xx.o [1]
    .data            inited   0x2000'0004    0x38  xlocale_c.o [2]
    .data            inited   0x2000'003c    0x48  xlocale_c.o [2]
    .data            inited   0x2000'0084    0x48  xfiles.o [2]
                            - 0x2000'00cc    0xcc

"P2", part 2 of 3:                          0x270
  .bss               zero     0x2000'00cc    0xa4  usart.o [1]
  .bss               zero     0x2000'0170    0x88  usart.o [1]
  .bss               zero     0x2000'01f8    0x50  xfiles.o [2]
  .bss               zero     0x2000'0248    0x4c  adc.o [1]
  .bss               zero     0x2000'0294    0x40  tim.o [1]
  .bss               zero     0x2000'02d4    0x40  tim.o [1]
  .bss               zero     0x2000'0314    0x20  rtc.o [1]
  .bss               zero     0x2000'0334     0x4  stm32f0xx_hal.o [1]
  .bss               zero     0x2000'0338     0x4  xfail_s.o [2]
                            - 0x2000'033c   0x270

"P2", part 3 of 3:                          0x400
  CSTACK                      0x2000'0340   0x400  <Block>
    CSTACK           uninit   0x2000'0340   0x400  <Block tail>
                            - 0x2000'0740   0x400

Unused ranges:

         From           To    Size
         ----           --    ----
   0x800'41bb   0x800'ffff  0xbe45
  0x2000'033c  0x2000'033f     0x4
  0x2000'0740  0x2000'1fff  0x18c0


*******************************************************************************
*** INIT TABLE
***

          Address      Size
          -------      ----
Zero (__iar_zero_init3)
    1 destination range, total size 0x270:
          0x2000'00cc  0x270

Copy/lz77 (__iar_lz77_init_single3)
    1 source range, total size 0x4f (38% of destination):
           0x800'416c   0x4f
    1 destination range, total size 0xcc:
          0x2000'0000   0xcc



*******************************************************************************
*** MODULE SUMMARY
***

    Module                  ro code  ro data  rw data
    ------                  -------  -------  -------
command line/config:
    -------------------------------------------------
    Total:

C:\Users\Administrator\Desktop\test_ADC_Temp\EWARM\test_ADC_Temp\Obj: [1]
    adc.o                       204                76
    dma.o                        44
    gpio.o                      192
    main.o                      520
    rtc.o                       272                32
    startup_stm32f030x8.o       240
    stm32f0xx_hal.o             128                 4
    stm32f0xx_hal_adc.o       1 088
    stm32f0xx_hal_cortex.o      170
    stm32f0xx_hal_dma.o         388
    stm32f0xx_hal_gpio.o        464
    stm32f0xx_hal_msp.o          80
    stm32f0xx_hal_rcc.o       1 420
    stm32f0xx_hal_rcc_ex.o      252
    stm32f0xx_hal_rtc.o       1 194
    stm32f0xx_hal_tim.o         766
    stm32f0xx_hal_tim_ex.o      128
    stm32f0xx_hal_uart.o      1 692
    stm32f0xx_it.o               68
    system_stm32f0xx.o          112        9        4
    tim.o                       356               128
    usart.o                     364               300
    -------------------------------------------------
    Total:                   10 142        9      544

dl6M_tlf.a: [2]
    abort.o                      10
    exit.o                        8
    low_level_init.o              4
    printf.o                     40
    putchar.o                    16
    xencoding_8859_1.o           28
    xfail_s.o                    72                 4
    xfiles.o                              28      152
    xlocale_c.o                 140       56      128
    xmbcurmax.o                  10
    xprintffull.o             4 102       16
    xprout.o                     22
    -------------------------------------------------
    Total:                    4 452      100      284

m6M_tl.a: [3]
    DblAddSub.o                 436
    DblCmpGe.o                   50
    DblCmpLe.o                   50
    DblDiv.o                    194
    DblMul.o                    388
    DblToI32.o                   82
    IxxToDbl.o                   52
    -------------------------------------------------
    Total:                    1 252

rt6M_tl.a: [4]
    ABImemcpy.o                  92
    I32DivMod.o                  54
    I32DivModFast.o             224
    I64DivMod.o                 106
    I64DivZer.o                   2
    IntDivZer.o                   2
    cexit.o                      10
    cmain.o                      30
    cstartup_M.o                 12
    data_init.o                  40
    lz77_init_single.o          126
    memchr.o                     24
    strchr.o                     22
    strlen.o                     16
    zero_init3.o                 60
    -------------------------------------------------
    Total:                      820

shb_l.a: [5]
    exit.o                       20
    -------------------------------------------------
    Total:                       20

    Linker created                        32    1 024
-----------------------------------------------------
    Grand Total:             16 686      141    1 852


*******************************************************************************
*** ENTRY LIST
***

Entry                       Address   Size  Type      Object
-----                       -------   ----  ----      ------
.iar.init_table$$Base    0x800'4088          --   Gb  - Linker created -
.iar.init_table$$Limit   0x800'40a8          --   Gb  - Linker created -
?main                    0x800'40a9         Code  Gb  cmain.o [4]
ADC_Enable               0x800'3afd   0x76  Code  Lc  stm32f0xx_hal_adc.o [1]
ADC_GET_TempFunc         0x800'2985   0x4c  Code  Gb  main.o [1]
AHBPrescTable            0x800'3fc0   0x10  Data  Gb  system_stm32f0xx.o [1]
APBPrescTable            0x800'414c    0x8  Data  Gb  system_stm32f0xx.o [1]
CSTACK$$Base            0x2000'0340          --   Gb  - Linker created -
CSTACK$$Limit           0x2000'0740          --   Gb  - Linker created -
CacheMore                0x800'113d   0x28  Code  Lc  xlocale_c.o [2]
DMA1_Channel4_5_IRQHandler
                         0x800'3fef   0x10  Code  Gb  stm32f0xx_it.o [1]
DMA_CalcBaseAndBitshift
                         0x800'22b5   0x1a  Code  Lc  stm32f0xx_hal_dma.o [1]
EXTI4_15_IRQHandler      0x800'3fe5    0xa  Code  Gb  stm32f0xx_it.o [1]
HAL_ADC_ConfigChannel    0x800'39f7  0x102  Code  Gb  stm32f0xx_hal_adc.o [1]
HAL_ADC_GetState         0x800'3af9    0x4  Code  Gb  stm32f0xx_hal_adc.o [1]
HAL_ADC_GetValue         0x800'39f1    0x6  Code  Gb  stm32f0xx_hal_adc.o [1]
HAL_ADC_Init             0x800'3751  0x168  Code  Gb  stm32f0xx_hal_adc.o [1]
HAL_ADC_MspInit          0x800'2e87   0x20  Code  Gb  adc.o [1]
HAL_ADC_PollForConversion
                         0x800'390d   0xc6  Code  Gb  stm32f0xx_hal_adc.o [1]
HAL_ADC_Start            0x800'38b9   0x4e  Code  Gb  stm32f0xx_hal_adc.o [1]
HAL_DMA_Abort_IT         0x800'21ad   0x48  Code  Gb  stm32f0xx_hal_dma.o [1]
HAL_DMA_IRQHandler       0x800'21f5   0xc0  Code  Gb  stm32f0xx_hal_dma.o [1]
HAL_DMA_Init             0x800'2155   0x54  Code  Gb  stm32f0xx_hal_dma.o [1]
HAL_Delay                0x800'3189   0x20  Code  Wk  stm32f0xx_hal.o [1]
HAL_GPIO_EXTI_Callback   0x800'2dc3   0x24  Code  Gb  gpio.o [1]
HAL_GPIO_EXTI_IRQHandler
                         0x800'2c13   0x14  Code  Gb  stm32f0xx_hal_gpio.o [1]
HAL_GPIO_Init            0x800'2a75  0x17e  Code  Gb  stm32f0xx_hal_gpio.o [1]
HAL_GPIO_ReadPin         0x800'2bf3    0xc  Code  Gb  stm32f0xx_hal_gpio.o [1]
HAL_GPIO_TogglePin       0x800'2c0b    0x8  Code  Gb  stm32f0xx_hal_gpio.o [1]
HAL_GPIO_WritePin        0x800'2bff    0xc  Code  Gb  stm32f0xx_hal_gpio.o [1]
HAL_GetTick              0x800'2149    0xc  Code  Wk  stm32f0xx_hal.o [1]
HAL_IncTick              0x800'4015   0x10  Code  Wk  stm32f0xx_hal.o [1]
HAL_Init                 0x800'2d15   0x1a  Code  Gb  stm32f0xx_hal.o [1]
HAL_InitTick             0x800'2cef   0x24  Code  Wk  stm32f0xx_hal.o [1]
HAL_MspInit              0x800'3b91   0x50  Code  Gb  stm32f0xx_hal_msp.o [1]
HAL_NVIC_EnableIRQ       0x800'2c87    0xe  Code  Gb  stm32f0xx_hal_cortex.o [1]
HAL_NVIC_SetPriority     0x800'2c7f    0x8  Code  Gb  stm32f0xx_hal_cortex.o [1]
HAL_RCCEx_PeriphCLKConfig
                         0x800'3655   0xe4  Code  Gb  stm32f0xx_hal_rcc_ex.o [1]
HAL_RCC_ClockConfig      0x800'2691  0x12c  Code  Gb  stm32f0xx_hal_rcc.o [1]
HAL_RCC_GetHCLKFreq      0x800'27fb    0x6  Code  Gb  stm32f0xx_hal_rcc.o [1]
HAL_RCC_GetPCLK1Freq     0x800'2801   0x14  Code  Gb  stm32f0xx_hal_rcc.o [1]
HAL_RCC_GetSysClockFreq
                         0x800'27c1   0x3a  Code  Gb  stm32f0xx_hal_rcc.o [1]
HAL_RCC_GetSysClockFreq::aPLLMULFactorTable
                         0x800'2848   0x10  Data  Lc  stm32f0xx_hal_rcc.o [1]
HAL_RCC_GetSysClockFreq::aPredivFactorTable
                         0x800'2858   0x10  Data  Lc  stm32f0xx_hal_rcc.o [1]
HAL_RCC_OscConfig        0x800'22dd  0x3ae  Code  Gb  stm32f0xx_hal_rcc.o [1]
HAL_RTC_GetDate          0x800'344d   0x3e  Code  Gb  stm32f0xx_hal_rtc.o [1]
HAL_RTC_GetTime          0x800'3341   0x4c  Code  Gb  stm32f0xx_hal_rtc.o [1]
HAL_RTC_Init             0x800'31a9   0xa6  Code  Gb  stm32f0xx_hal_rtc.o [1]
HAL_RTC_MspInit          0x800'2fa1   0x16  Code  Gb  rtc.o [1]
HAL_RTC_SetAlarm         0x800'3495   0xfa  Code  Gb  stm32f0xx_hal_rtc.o [1]
HAL_RTC_SetDate          0x800'338d   0xc0  Code  Gb  stm32f0xx_hal_rtc.o [1]
HAL_RTC_SetTime          0x800'324f   0xf2  Code  Gb  stm32f0xx_hal_rtc.o [1]
HAL_RTC_WaitForSynchro   0x800'35b5   0x30  Code  Gb  stm32f0xx_hal_rtc.o [1]
HAL_SYSTICK_CLKSourceConfig
                         0x800'2cbd   0x18  Code  Gb  stm32f0xx_hal_cortex.o [1]
HAL_SYSTICK_Config       0x800'2c95   0x28  Code  Gb  stm32f0xx_hal_cortex.o [1]
HAL_SYSTICK_IRQHandler   0x800'2ce5    0x8  Code  Gb  stm32f0xx_hal_cortex.o [1]
HAL_TIMEx_ConfigBreakDeadTime
                         0x800'3edd   0x58  Code  Gb  stm32f0xx_hal_tim_ex.o [1]
HAL_TIM_Base_Init        0x800'3be1   0x1e  Code  Gb  stm32f0xx_hal_tim.o [1]
HAL_TIM_Base_MspInit     0x800'30b9   0x2e  Code  Gb  tim.o [1]
HAL_TIM_MspPostInit      0x800'30e7   0x2e  Code  Gb  tim.o [1]
HAL_TIM_OC_ConfigChannel
                         0x800'3c33   0x50  Code  Gb  stm32f0xx_hal_tim.o [1]
HAL_TIM_OC_Init          0x800'3bff   0x1c  Code  Gb  stm32f0xx_hal_tim.o [1]
HAL_UART_IRQHandler      0x800'1afd  0x10e  Code  Gb  stm32f0xx_hal_uart.o [1]
HAL_UART_Init            0x800'1945   0x56  Code  Gb  stm32f0xx_hal_uart.o [1]
HAL_UART_MspInit         0x800'2011   0xb2  Code  Gb  usart.o [1]
HAL_UART_Receive_IT      0x800'1a79   0x80  Code  Gb  stm32f0xx_hal_uart.o [1]
HAL_UART_RxCpltCallback
                         0x800'20d5   0x20  Code  Gb  usart.o [1]
HAL_UART_Transmit        0x800'19ad   0xc6  Code  Gb  stm32f0xx_hal_uart.o [1]
HardFault_Handler        0x800'3fd3    0x2  Code  Gb  stm32f0xx_it.o [1]
LoadInt                  0x800'02a1   0x74  Code  Lc  xprintffull.o [2]
MX_ADC_Init              0x800'2e21   0x66  Code  Gb  adc.o [1]
MX_DMA_Init              0x800'2df5   0x2c  Code  Gb  dma.o [1]
MX_GPIO_Init             0x800'2d35   0x8e  Code  Gb  gpio.o [1]
MX_RTC_Init              0x800'2eed   0xb4  Code  Gb  rtc.o [1]
MX_TIM16_Init            0x800'2ffd   0x92  Code  Gb  tim.o [1]
MX_TIM17_Init            0x800'3091   0x28  Code  Gb  tim.o [1]
MX_USART2_UART_Init      0x800'1fdd   0x34  Code  Gb  usart.o [1]
NMI_Handler              0x800'3fd1    0x2  Code  Gb  stm32f0xx_it.o [1]
NVIC_SetPriority         0x800'2c45   0x3a  Code  Lc  stm32f0xx_hal_cortex.o [1]
PendSV_Handler           0x800'3fd7    0x2  Code  Gb  stm32f0xx_it.o [1]
RTC_Bcd2ToByte           0x800'3643   0x10  Code  Gb  stm32f0xx_hal_rtc.o [1]
RTC_ByteToBcd2           0x800'362d   0x16  Code  Gb  stm32f0xx_hal_rtc.o [1]
RTC_EnterInitMode        0x800'35f1   0x36  Code  Gb  stm32f0xx_hal_rtc.o [1]
Region$$Table$$Base      0x800'4088          --   Gb  - Linker created -
Region$$Table$$Limit     0x800'40a8          --   Gb  - Linker created -
Rx_buf                  0x2000'013c   0x34  Data  Gb  usart.o [1]
SVC_Handler              0x800'3fd5    0x2  Code  Gb  stm32f0xx_it.o [1]
SysTick_Handler          0x800'3fd9    0xc  Code  Gb  stm32f0xx_it.o [1]
SystemClock_Config       0x800'2901   0x82  Code  Gb  main.o [1]
SystemCoreClock         0x2000'0000    0x4  Data  Gb  system_stm32f0xx.o [1]
SystemInit               0x800'3f61   0x48  Code  Gb  system_stm32f0xx.o [1]
TIM_Base_SetConfig       0x800'3c8f   0x70  Code  Gb  stm32f0xx_hal_tim.o [1]
TIM_OC1_SetConfig        0x800'3d01   0x74  Code  Lc  stm32f0xx_hal_tim.o [1]
TIM_OC2_SetConfig        0x800'3d75   0x68  Code  Gb  stm32f0xx_hal_tim.o [1]
TIM_OC3_SetConfig        0x800'3ddd   0x64  Code  Lc  stm32f0xx_hal_tim.o [1]
TIM_OC4_SetConfig        0x800'3e41   0x52  Code  Lc  stm32f0xx_hal_tim.o [1]
UART_AdvFeatureConfig    0x800'1d25   0xc8  Code  Gb  stm32f0xx_hal_uart.o [1]
UART_CheckIdleState      0x800'1df1   0x12  Code  Gb  stm32f0xx_hal_uart.o [1]
UART_DMAAbortOnError     0x800'1ec9   0x14  Code  Lc  stm32f0xx_hal_uart.o [1]
UART_EndRxTransfer       0x800'1e6b   0x1c  Code  Lc  stm32f0xx_hal_uart.o [1]
UART_EndTransmit_IT      0x800'1f45   0x1a  Code  Gb  stm32f0xx_hal_uart.o [1]
UART_Receive_IT          0x800'1f5f   0x72  Code  Gb  stm32f0xx_hal_uart.o [1]
UART_SetConfig           0x800'1c0d  0x112  Code  Gb  stm32f0xx_hal_uart.o [1]
UART_Transmit_IT         0x800'1edd   0x68  Code  Gb  stm32f0xx_hal_uart.o [1]
UART_WaitOnFlagUntilTimeout
                         0x800'1e03   0x68  Code  Gb  stm32f0xx_hal_uart.o [1]
USART2_IRQHandler        0x800'3fff    0xa  Code  Gb  stm32f0xx_it.o [1]
_Encoding_8859_1_Mbrlen
                         0x800'40ef    0x2  Code  Gb  xencoding_8859_1.o [2]
_Encoding_8859_1_Wctomb
                         0x800'40df   0x10  Code  Gb  xencoding_8859_1.o [2]
_Error_Handler           0x800'29f5    0x2  Code  Gb  main.o [1]
_GenldFull               0x800'0e09  0x27c  Code  Lc  xprintffull.o [2]
_LdtobFull               0x800'0989  0x46a  Code  Lc  xprintffull.o [2]
_LitobFull               0x800'0819  0x120  Code  Lc  xprintffull.o [2]
_Locale_lconv           0x2000'0004   0x38  Data  Lc  xlocale_c.o [2]
_PrintfFull              0x800'00b5  0x1d8  Code  Gb  xprintffull.o [2]
_Prout                   0x800'40fb   0x16  Code  Gb  xprout.o [2]
_PutcharsFull            0x800'1085   0x34  Code  Lc  xprintffull.o [2]
_PutfldFull              0x800'0315  0x2cc  Code  Lc  xprintffull.o [2]
_PutstrFull              0x800'074d   0xc4  Code  Lc  xprintffull.o [2]
_PuttxtFull              0x800'0649  0x102  Code  Lc  xprintffull.o [2]
__ICFEDIT_region_RAM_end__ {Abs}
                        0x2000'1fff         Data  Gb  <internal module>
__ICFEDIT_region_RAM_start__ {Abs}
                        0x2000'0000         Data  Gb  <internal module>
__aeabi_cdcmple          0x800'14a3         Code  Gb  DblCmpLe.o [3]
__aeabi_cdrcmple         0x800'14d5         Code  Gb  DblCmpGe.o [3]
__aeabi_d2iz             0x800'1509         Code  Gb  DblToI32.o [3]
__aeabi_d2uiz            0x800'152d         Code  Gb  DblToI32.o [3]
__aeabi_dadd             0x800'1591         Code  Gb  DblAddSub.o [3]
__aeabi_ddiv             0x800'1825         Code  Gb  DblDiv.o [3]
__aeabi_dmul             0x800'131f         Code  Gb  DblMul.o [3]
__aeabi_dsub             0x800'1657         Code  Gb  DblAddSub.o [3]
__aeabi_i2d              0x800'157d         Code  Gb  IxxToDbl.o [3]
__aeabi_idiv             0x800'1771         Code  Gb  I32DivModFast.o [4]
__aeabi_idiv0            0x800'192d         Code  Gb  IntDivZer.o [4]
__aeabi_idivmod          0x800'1771         Code  Gb  I32DivModFast.o [4]
__aeabi_ldiv0            0x800'1929         Code  Gb  I64DivZer.o [4]
__aeabi_memcpy           0x800'1259         Code  Gb  ABImemcpy.o [4]
__aeabi_ui2d             0x800'155d         Code  Gb  IxxToDbl.o [3]
__aeabi_uidiv            0x800'1777         Code  Gb  I32DivModFast.o [4]
__aeabi_uidivmod         0x800'1777         Code  Gb  I32DivModFast.o [4]
__aeabi_uldivmod         0x800'12b5         Code  Gb  I64DivMod.o [4]
__cmain                  0x800'40a9         Code  Gb  cmain.o [4]
__exit                   0x800'1931   0x14  Code  Gb  exit.o [5]
__iar_Fail_s             0x800'11dd   0x22  Code  Gb  xfail_s.o [2]
__iar_Mbcurmax           0x800'124d    0xa  Code  Gb  xmbcurmax.o [2]
__iar_Stdout            0x2000'0084   0x48  Data  Gb  xfiles.o [2]
__iar_d2uiz              0x800'1531         Code  Gb  DblToI32.o [3]
__iar_data_init3         0x800'4061   0x28  Code  Gb  data_init.o [4]
__iar_globLocale        0x2000'003c   0x48  Data  Lc  xlocale_c.o [2]
__iar_global_Locale      0x800'1139    0x4  Code  Gb  xlocale_c.o [2]
__iar_lz77_init_single3
                         0x800'10bb   0x7e  Code  Gb  lz77_init_single.o [4]
__iar_program_start      0x800'4141         Code  Gb  cstartup_M.o [4]
__iar_small_uidiv        0x800'18e9         Code  Gb  I32DivMod.o [4]
__iar_small_uidivmod     0x800'18e9         Code  Gb  I32DivMod.o [4]
__iar_zero_init3         0x800'4025   0x3c  Code  Gb  zero_init3.o [4]
__low_level_init         0x800'40c7    0x4  Code  Gb  low_level_init.o [2]
__vector_table           0x800'0000         Data  Gb  startup_stm32f030x8.o [1]
_call_main               0x800'40b5         Code  Gb  cmain.o [4]
_exit                    0x800'40d5         Code  Gb  cexit.o [4]
_gLocale_mblen           0x800'11a1    0xa  Code  Gb  xlocale_c.o [2]
_gLocale_mblenInt        0x800'1165   0x34  Code  Gb  xlocale_c.o [2]
_gLocale_wctomb          0x800'11ab    0xa  Code  Gb  xlocale_c.o [2]
_gLocale_wctombInt       0x800'1199    0x8  Code  Gb  xlocale_c.o [2]
_main                    0x800'40c3         Code  Gb  cmain.o [4]
abort                    0x800'191f    0xa  Code  Gb  abort.o [2]
exit                     0x800'40cb    0x8  Code  Gb  exit.o [2]
fputc                    0x800'20c3   0x12  Code  Gb  usart.o [1]
hadc                    0x2000'0248   0x4c  Data  Gb  adc.o [1]
hdma_usart2_rx          0x2000'01b4   0x44  Data  Gb  usart.o [1]
hdma_usart2_tx          0x2000'0170   0x44  Data  Gb  usart.o [1]
hrtc                    0x2000'0314   0x20  Data  Gb  rtc.o [1]
htim16                  0x2000'0294   0x40  Data  Gb  tim.o [1]
htim17                  0x2000'02d4   0x40  Data  Gb  tim.o [1]
huart2                  0x2000'00cc   0x70  Data  Gb  usart.o [1]
localeconv               0x800'11b7    0x4  Code  Gb  xlocale_c.o [2]
main                     0x800'286d   0x94  Code  Gb  main.o [1]
memchr                   0x800'1235   0x18  Code  Gb  memchr.o [4]
obuf                    0x2000'01f8   0x50  Data  Lc  xfiles.o [2]
printf                   0x800'3161   0x28  Code  Gb  printf.o [2]
putchar                  0x800'4111   0x10  Code  Gb  putchar.o [2]
scale                    0x800'0939   0x44  Code  Lc  xprintffull.o [2]
sec_hand                0x2000'0338    0x4  Data  Lc  xfail_s.o [2]
strchr                   0x800'11c5    0x2  Code  Gb  strchr.o [4]
strlen                   0x800'1225   0x10  Code  Gb  strlen.o [4]
uwTick                  0x2000'0334    0x4  Data  Gb  stm32f0xx_hal.o [1]


[1] = C:\Users\Administrator\Desktop\test_ADC_Temp\EWARM\test_ADC_Temp\Obj
[2] = dl6M_tlf.a
[3] = m6M_tl.a
[4] = rt6M_tl.a
[5] = shb_l.a

  16 686 bytes of readonly  code memory
     141 bytes of readonly  data memory
   1 852 bytes of readwrite data memory

Errors: none
Warnings: none
