###############################################################################
#
# IAR ELF Linker V8.30.2.160/W32 for ARM                  17/Apr/2020  13:42:31
# Copyright 2007-2018 IAR Systems AB.
#
#    Output file  =  
#        C:\Users\Administrator\Desktop\ºÃµÁ∆˜ƒ÷÷”\Debug\Exe\switch.out
#    Map file     =  
#        C:\Users\Administrator\Desktop\ºÃµÁ∆˜ƒ÷÷”\Debug\List\switch.map
#    Command line =  
#        -f C:\Users\ADMINI~1\AppData\Local\Temp\EW55CD.tmp
#        (C:\Users\Administrator\Desktop\ºÃµÁ∆˜ƒ÷÷”\Debug\Obj\74.o
#        C:\Users\Administrator\Desktop\ºÃµÁ∆˜ƒ÷÷”\Debug\Obj\aes.o
#        C:\Users\Administrator\Desktop\ºÃµÁ∆˜ƒ÷÷”\Debug\Obj\app_layer_api.o
#        C:\Users\Administrator\Desktop\ºÃµÁ∆˜ƒ÷÷”\Debug\Obj\carrier.o
#        C:\Users\Administrator\Desktop\ºÃµÁ∆˜ƒ÷÷”\Debug\Obj\carrier_layer_api.o
#        C:\Users\Administrator\Desktop\ºÃµÁ∆˜ƒ÷÷”\Debug\Obj\crc16.o
#        C:\Users\Administrator\Desktop\ºÃµÁ∆˜ƒ÷÷”\Debug\Obj\dev_mate_interface.o
#        C:\Users\Administrator\Desktop\ºÃµÁ∆˜ƒ÷÷”\Debug\Obj\device_basic_info.o
#        C:\Users\Administrator\Desktop\ºÃµÁ∆˜ƒ÷÷”\Debug\Obj\encrypt.o
#        C:\Users\Administrator\Desktop\ºÃµÁ∆˜ƒ÷÷”\Debug\Obj\frame_process.o
#        C:\Users\Administrator\Desktop\ºÃµÁ∆˜ƒ÷÷”\Debug\Obj\hk_device.o
#        C:\Users\Administrator\Desktop\ºÃµÁ∆˜ƒ÷÷”\Debug\Obj\m0_systick.o
#        C:\Users\Administrator\Desktop\ºÃµÁ∆˜ƒ÷÷”\Debug\Obj\main.o
#        C:\Users\Administrator\Desktop\ºÃµÁ∆˜ƒ÷÷”\Debug\Obj\mcu.o
#        C:\Users\Administrator\Desktop\ºÃµÁ∆˜ƒ÷÷”\Debug\Obj\net_layer_api.o
#        C:\Users\Administrator\Desktop\ºÃµÁ∆˜ƒ÷÷”\Debug\Obj\net_route_info.o
#        C:\Users\Administrator\Desktop\ºÃµÁ∆˜ƒ÷÷”\Debug\Obj\radio.o
#        C:\Users\Administrator\Desktop\ºÃµÁ∆˜ƒ÷÷”\Debug\Obj\radio_comm.o
#        C:\Users\Administrator\Desktop\ºÃµÁ∆˜ƒ÷÷”\Debug\Obj\radio_hal.o
#        C:\Users\Administrator\Desktop\ºÃµÁ∆˜ƒ÷÷”\Debug\Obj\rf_interface.o
#        C:\Users\Administrator\Desktop\ºÃµÁ∆˜ƒ÷÷”\Debug\Obj\rsa.o
#        C:\Users\Administrator\Desktop\ºÃµÁ∆˜ƒ÷÷”\Debug\Obj\si446x_api_lib.o
#        C:\Users\Administrator\Desktop\ºÃµÁ∆˜ƒ÷÷”\Debug\Obj\startup_stm32f030x8.o
#        C:\Users\Administrator\Desktop\ºÃµÁ∆˜ƒ÷÷”\Debug\Obj\stm32f0_eeprom.o
#        C:\Users\Administrator\Desktop\ºÃµÁ∆˜ƒ÷÷”\Debug\Obj\stm32f0_exint.o
#        C:\Users\Administrator\Desktop\ºÃµÁ∆˜ƒ÷÷”\Debug\Obj\stm32f0_gpio.o
#        C:\Users\Administrator\Desktop\ºÃµÁ∆˜ƒ÷÷”\Debug\Obj\stm32f0_iwdg.o
#        C:\Users\Administrator\Desktop\ºÃµÁ∆˜ƒ÷÷”\Debug\Obj\stm32f0_peripheral.o
#        C:\Users\Administrator\Desktop\ºÃµÁ∆˜ƒ÷÷”\Debug\Obj\stm32f0_rcc.o
#        C:\Users\Administrator\Desktop\ºÃµÁ∆˜ƒ÷÷”\Debug\Obj\stm32f0_spi.o
#        C:\Users\Administrator\Desktop\ºÃµÁ∆˜ƒ÷÷”\Debug\Obj\stm32f0_usart.o
#        C:\Users\Administrator\Desktop\ºÃµÁ∆˜ƒ÷÷”\Debug\Obj\stm32f0xx_it.o
#        C:\Users\Administrator\Desktop\ºÃµÁ∆˜ƒ÷÷”\Debug\Obj\system_func.o
#        C:\Users\Administrator\Desktop\ºÃµÁ∆˜ƒ÷÷”\Debug\Obj\system_stm32f0xx.o
#        C:\Users\Administrator\Desktop\ºÃµÁ∆˜ƒ÷÷”\Debug\Obj\uart_interface.o
#        --no_out_extension -o
#        C:\Users\Administrator\Desktop\ºÃµÁ∆˜ƒ÷÷”\Debug\Exe\switch.out
#        --map
#        C:\Users\Administrator\Desktop\ºÃµÁ∆˜ƒ÷÷”\Debug\List\switch.map
#        --config "D:\IAR for ARM\arm\config\linker\ST\stm32f030x8.icf"
#        --semihosting --entry __iar_program_start --vfe --text_out locale)
#
###############################################################################

*******************************************************************************
*** RUNTIME MODEL ATTRIBUTES
***

CppFlavor       = *
__SystemLibrary = DLib
__dlib_version  = 6


*******************************************************************************
*** HEAP SELECTION
***

The basic heap was selected because no calls to memory allocation
functions were found in the application outside of system library
functions, and there are calls to deallocation functions in the
application.


*******************************************************************************
*** PLACEMENT SUMMARY
***

"A0":  place at 0x800'0000 { ro section .intvec };
"P1":  place in [from 0x800'0000 to 0x800'ffff] { ro };
define block CSTACK with size = 2K, alignment = 8 { };
define block HEAP with size = 2K, alignment = 8 { };
"P2":  place in [from 0x2000'0000 to 0x2000'1fff] {
          rw, block CSTACK, block HEAP };
initialize by copy { rw };

  Section            Kind         Address    Size  Object
  -------            ----         -------    ----  ------
"A0":                                        0xb8
  .intvec            ro code   0x800'0000    0xb4  startup_stm32f030x8.o [1]
                             - 0x800'00b4    0xb4

"P1":                                      0x6395
  .text              ro code   0x800'00b8   0xb78  pow64.o [3]
  .text              ro code   0x800'0c30    0x24  DblCmpEq.o [3]
  .text              ro code   0x800'0c54    0x32  DblCmpLe.o [3]
  .text              ro code   0x800'0c86   0x184  DblMul.o [3]
  .text              ro code   0x800'0e0a   0x1b4  DblAddSub.o [3]
  .text              ro code   0x800'0fbe    0x7e  lz77_init_single.o [4]
  .text              ro code   0x800'103c    0x52  DblToI32.o [3]
  .text              ro code   0x800'108e     0x2  startup_stm32f030x8.o [1]
  .text              ro code   0x800'1090    0x34  IxxToDbl.o [3]
  .text              ro code   0x800'10c4    0xc2  DblDiv.o [3]
  .text              ro code   0x800'1186    0x32  DblCmpGe.o [3]
  .text              ro code   0x800'11b8   0x3bc  iar_Exp64.o [3]
  .text              ro code   0x800'1574   0x7c0  hk_device.o [1]
  .text              ro code   0x800'1d34   0x7b8  dev_mate_interface.o [1]
  .text              ro code   0x800'24ec    0x52  ABImemset.o [4]
  .text              ro code   0x800'253e     0x2  startup_stm32f030x8.o [1]
  .text              ro code   0x800'2540    0x20  ABImemmove.o [4]
  .text              ro code   0x800'2560    0xf8  device_basic_info.o [1]
  .text              ro code   0x800'2658   0x6a0  net_layer_api.o [1]
  .text              ro code   0x800'2cf8   0x1fa  app_layer_api.o [1]
  .text              ro code   0x800'2ef2    0x28  memcmp.o [4]
  .text              ro code   0x800'2f1a     0x2  startup_stm32f030x8.o [1]
  .text              ro code   0x800'2f1c   0x26c  carrier.o [1]
  .text              ro code   0x800'3188    0x58  system_func.o [1]
  .text              ro code   0x800'31e0   0x2e0  m0_systick.o [1]
  .text              ro code   0x800'34c0    0xe0  I32DivModFast.o [4]
  .text              ro code   0x800'35a0   0x250  rf_interface.o [1]
  .text              ro code   0x800'37f0    0x5c  ABImemcpy.o [4]
  .text              ro code   0x800'384c   0x4dc  net_route_info.o [1]
  .text              ro code   0x800'3d28    0x5c  crc16.o [1]
  .text              ro code   0x800'3d84   0x19e  74.o [1]
  .text              ro code   0x800'3f22    0x6a  I64DivMod.o [4]
  .text              ro code   0x800'3f8c    0x54  DblToI64.o [3]
  .text              ro code   0x800'3fe0    0x32  I64Mul.o [4]
  .text              ro code   0x800'4012    0x60  carrier_layer_api.o [1]
  .text              ro code   0x800'4072     0x2  startup_stm32f030x8.o [1]
  .text              ro code   0x800'4074   0x3c0  uart_interface.o [1]
  .text              ro code   0x800'4434   0x116  stm32f0_eeprom.o [1]
  .text              ro code   0x800'454a     0x2  startup_stm32f030x8.o [1]
  .text              ro code   0x800'454c    0x70  stm32f0_peripheral.o [1]
  .text              ro code   0x800'45bc   0x260  stm32f0_gpio.o [1]
  .text              ro code   0x800'481c   0x200  frame_process.o [1]
  .text              ro code   0x800'4a1c     0x2  IntDivZer.o [4]
  .text              ro code   0x800'4a1e     0x2  startup_stm32f030x8.o [1]
  .text              ro code   0x800'4a20   0x20c  radio.o [1]
  .text              ro code   0x800'4c2c   0x1b0  si446x_api_lib.o [1]
  .text              ro code   0x800'4ddc     0x2  I64DivZer.o [4]
  .text              ro code   0x800'4dde     0x2  startup_stm32f030x8.o [1]
  .text              ro code   0x800'4de0   0x15c  encrypt.o [1]
  .text              ro code   0x800'4f3c    0x70  radio_hal.o [1]
  .text              ro code   0x800'4fac   0x198  radio_comm.o [1]
  .text              ro code   0x800'5144   0x634  aes.o [1]
  .text              ro code   0x800'5778   0x24c  stm32f0_spi.o [1]
  .text              ro code   0x800'59c4   0x278  stm32f0_usart.o [1]
  .text              ro code   0x800'5c3c   0x11a  stm32f0xx_it.o [1]
  .text              ro code   0x800'5d56     0x2  startup_stm32f030x8.o [1]
  .rodata            const     0x800'5d58   0x100  aes.o [1]
  .rodata            const     0x800'5e58   0x100  aes.o [1]
  .text              ro code   0x800'5f58    0xa0  stm32f0_exint.o [1]
  .text              ro code   0x800'5ff8    0x80  system_stm32f0xx.o [1]
  .text              ro code   0x800'6078    0x58  stm32f0_rcc.o [1]
  .rodata            const     0x800'60d0    0x44  radio.o [1]
  .text              ro code   0x800'6114    0x3c  zero_init3.o [4]
  .text              ro code   0x800'6150    0x38  main.o [1]
  .text              ro code   0x800'6188    0x30  mcu.o [1]
  .text              ro code   0x800'61b8    0x28  data_init.o [4]
  .iar.init_table    const     0x800'61e0    0x20  - Linker created -
  .rodata            const     0x800'6200    0x20  crc16.o [1]
  .text              ro code   0x800'6220    0x1e  cmain.o [4]
  .text              ro code   0x800'623e     0x4  low_level_init.o [2]
  .text              ro code   0x800'6242     0x8  exit.o [2]
  .text              ro code   0x800'624a     0x2  startup_stm32f030x8.o [1]
  .text              ro code   0x800'624c     0xa  cexit.o [4]
  .text              ro code   0x800'6256     0x2  startup_stm32f030x8.o [1]
  .text              ro code   0x800'6258    0x14  exit.o [5]
  .rodata            const     0x800'626c    0x10  hk_device.o [1]
  .text              ro code   0x800'627c    0x10  startup_stm32f030x8.o [1]
  .text              ro code   0x800'628c     0xc  cstartup_M.o [4]
  .rodata            const     0x800'6298     0x4  aes.o [1]
  .rodata            const     0x800'629c     0x4  aes.o [1]
  .rodata            const     0x800'62a0     0x4  hk_device.o [1]
  .rodata            const     0x800'62a4     0x4  hk_device.o [1]
  .text              ro code   0x800'62a8     0x2  startup_stm32f030x8.o [1]
  .text              ro code   0x800'62aa     0x2  startup_stm32f030x8.o [1]
  .text              ro code   0x800'62ac     0x2  startup_stm32f030x8.o [1]
  .text              ro code   0x800'62ae     0x2  startup_stm32f030x8.o [1]
  .text              ro code   0x800'62b0     0x2  startup_stm32f030x8.o [1]
  .text              ro code   0x800'62b2     0x2  startup_stm32f030x8.o [1]
  .rodata            const     0x800'62b4     0x1  uart_interface.o [1]
  .rodata            const     0x800'62b5     0x0  zero_init3.o [4]
  .rodata            const     0x800'62b5     0x0  lz77_init_single.o [4]
  Initializer bytes  const     0x800'62b5   0x198  <for P2-1>
                             - 0x800'644d  0x6395

"P2", part 1 of 3:                          0x20d
  P2-1                        0x2000'0000   0x20d  <Init block>
    .data            inited   0x2000'0000   0x1c4  radio.o [1]
    .data            inited   0x2000'01c4     0xc  radio.o [1]
    .data            inited   0x2000'01d0     0x4  radio.o [1]
    .data            inited   0x2000'01d4    0x38  system_func.o [1]
    .data            inited   0x2000'020c     0x1  hk_device.o [1]
                            - 0x2000'020d   0x20d

"P2", part 2 of 3:                          0xb7c
  .bss               zero     0x2000'0210   0x51c  frame_process.o [1]
  .bss               zero     0x2000'072c   0x208  rf_interface.o [1]
  .bss               zero     0x2000'0934   0x114  net_layer_api.o [1]
  .bss               zero     0x2000'0a48    0xc0  uart_interface.o [1]
  .bss               zero     0x2000'0b08    0xc0  uart_interface.o [1]
  .bss               zero     0x2000'0bc8    0xb0  aes.o [1]
  .bss               zero     0x2000'0c78    0x34  net_route_info.o [1]
  .bss               zero     0x2000'0cac    0x24  dev_mate_interface.o [1]
  .bss               zero     0x2000'0cd0    0x20  device_basic_info.o [1]
  .bss               zero     0x2000'0cf0    0x14  net_route_info.o [1]
  .bss               zero     0x2000'0d04    0x10  carrier.o [1]
  .bss               zero     0x2000'0d14    0x10  si446x_api_lib.o [1]
  .bss               zero     0x2000'0d24    0x10  si446x_api_lib.o [1]
  .bss               zero     0x2000'0d34    0x10  uart_interface.o [1]
  .bss               zero     0x2000'0d44    0x10  uart_interface.o [1]
  .bss               zero     0x2000'0d54     0xc  hk_device.o [1]
  .bss               zero     0x2000'0d60     0x4  dev_mate_interface.o [1]
  .bss               zero     0x2000'0d64     0x4  m0_systick.o [1]
  .bss               zero     0x2000'0d68     0x2  dev_mate_interface.o [1]
  .bss               zero     0x2000'0d6a     0x2  hk_device.o [1]
  .bss               zero     0x2000'0d6c     0x2  hk_device.o [1]
  .bss               zero     0x2000'0d6e     0x2  m0_systick.o [1]
  .bss               zero     0x2000'0d70     0x2  m0_systick.o [1]
  .bss               zero     0x2000'0d72     0x2  rf_interface.o [1]
  .bss               zero     0x2000'0d74     0x2  rf_interface.o [1]
  .bss               zero     0x2000'0d76     0x1  dev_mate_interface.o [1]
  .bss               zero     0x2000'0d77     0x1  dev_mate_interface.o [1]
  .bss               zero     0x2000'0d78     0x1  device_basic_info.o [1]
  .bss               zero     0x2000'0d79     0x1  device_basic_info.o [1]
  .bss               zero     0x2000'0d7a     0x1  hk_device.o [1]
  .bss               zero     0x2000'0d7b     0x1  hk_device.o [1]
  .bss               zero     0x2000'0d7c     0x1  m0_systick.o [1]
  .bss               zero     0x2000'0d7d     0x1  net_layer_api.o [1]
  .bss               zero     0x2000'0d7e     0x1  net_route_info.o [1]
  .bss               zero     0x2000'0d7f     0x1  net_route_info.o [1]
  .bss               zero     0x2000'0d80     0x1  radio.o [1]
  .bss               zero     0x2000'0d81     0x1  radio.o [1]
  .bss               zero     0x2000'0d82     0x1  radio.o [1]
  .bss               zero     0x2000'0d83     0x1  radio.o [1]
  .bss               zero     0x2000'0d84     0x1  radio_comm.o [1]
  .bss               zero     0x2000'0d85     0x1  rf_interface.o [1]
  .bss               zero     0x2000'0d86     0x1  rf_interface.o [1]
  .bss               zero     0x2000'0d87     0x1  stm32f0_gpio.o [1]
  .bss               zero     0x2000'0d88     0x1  uart_interface.o [1]
                            - 0x2000'0d89   0xb79

"P2", part 3 of 3:                          0x800
  CSTACK                      0x2000'0d90   0x800  <Block>
    CSTACK           uninit   0x2000'0d90   0x800  <Block tail>
                            - 0x2000'1590   0x800

Unused ranges:

         From           To    Size
         ----           --    ----
   0x800'644d   0x800'ffff  0x9bb3
  0x2000'020d  0x2000'020f     0x3
  0x2000'0d8c  0x2000'0d8f     0x4
  0x2000'1590  0x2000'1fff   0xa70


*******************************************************************************
*** INIT TABLE
***

          Address      Size
          -------      ----
Zero (__iar_zero_init3)
    1 destination range, total size 0xb79:
          0x2000'0210  0xb79

Copy/lz77 (__iar_lz77_init_single3)
    1 source range, total size 0x198 (77% of destination):
           0x800'62b5  0x198
    1 destination range, total size 0x20d:
          0x2000'0000  0x20d



*******************************************************************************
*** MODULE SUMMARY
***

    Module                 ro code  ro data  rw data
    ------                 -------  -------  -------
command line/config:
    ------------------------------------------------
    Total:

C:\Users\Administrator\Desktop\ºÃµÁ∆˜ƒ÷÷”\Debug\Obj: [1]
    74.o                       414
    aes.o                    1 588      520      176
    app_layer_api.o            506
    carrier.o                  620                16
    carrier_layer_api.o         96
    crc16.o                     92       32
    dev_mate_interface.o     1 976                44
    device_basic_info.o        248                34
    encrypt.o                  348
    frame_process.o            512             1 308
    hk_device.o              1 984       25       19
    m0_systick.o               736                 9
    main.o                      56
    mcu.o                       48
    net_layer_api.o          1 696               277
    net_route_info.o         1 244                74
    radio.o                    524      431      472
    radio_comm.o               408                 1
    radio_hal.o                112
    rf_interface.o             592               526
    si446x_api_lib.o           432                32
    startup_stm32f030x8.o      228
    stm32f0_eeprom.o           278
    stm32f0_exint.o            160
    stm32f0_gpio.o             608                 1
    stm32f0_peripheral.o       112
    stm32f0_rcc.o               88
    stm32f0_spi.o              588
    stm32f0_usart.o            632
    stm32f0xx_it.o             282
    system_func.o               88       44       56
    system_stm32f0xx.o         128
    uart_interface.o           960        1      417
    ------------------------------------------------
    Total:                  18 384    1 053    3 462

dl6M_tln.a: [2]
    exit.o                       8
    low_level_init.o             4
    ------------------------------------------------
    Total:                      12

m6M_tl.a: [3]
    DblAddSub.o                436
    DblCmpEq.o                  36
    DblCmpGe.o                  50
    DblCmpLe.o                  50
    DblDiv.o                   194
    DblMul.o                   388
    DblToI32.o                  82
    DblToI64.o                  84
    IxxToDbl.o                  52
    iar_Exp64.o                956
    pow64.o                  2 936
    ------------------------------------------------
    Total:                   5 264

rt6M_tl.a: [4]
    ABImemcpy.o                 92
    ABImemmove.o                32
    ABImemset.o                 82
    I32DivModFast.o            224
    I64DivMod.o                106
    I64DivZer.o                  2
    I64Mul.o                    50
    IntDivZer.o                  2
    cexit.o                     10
    cmain.o                     30
    cstartup_M.o                12
    data_init.o                 40
    lz77_init_single.o         126
    memcmp.o                    40
    zero_init3.o                60
    ------------------------------------------------
    Total:                     908

shb_l.a: [5]
    exit.o                      20
    ------------------------------------------------
    Total:                      20

    Linker created                       32    2 048
----------------------------------------------------
    Grand Total:            24 588    1 085    5 510


*******************************************************************************
*** ENTRY LIST
***

Entry                       Address   Size  Type      Object
-----                       -------   ----  ----      ------
.iar.init_table$$Base    0x800'61e0          --   Gb  - Linker created -
.iar.init_table$$Limit   0x800'6200          --   Gb  - Linker created -
?main                    0x800'6221         Code  Gb  cmain.o [4]
Alive_Process            0x800'3b05  0x19a  Code  Gb  net_route_info.o [1]
Alive_Upreport           0x800'3c9f   0x74  Code  Gb  net_route_info.o [1]
AppFrameData_FormatVerify
                         0x800'2cf9   0x5c  Code  Gb  app_layer_api.o [1]
AppFrameData_TypeConfirm
                         0x800'369d   0x20  Code  Gb  rf_interface.o [1]
AppFrameGet_Cmd          0x800'2eb9   0x32  Code  Gb  app_layer_api.o [1]
AppFrameGet_DataLen      0x800'2eeb    0x4  Code  Gb  app_layer_api.o [1]
AppFrameGet_pDataDAC     0x800'2eef    0x4  Code  Gb  app_layer_api.o [1]
AppFramePackage_Cmd      0x800'2db3   0x82  Code  Gb  app_layer_api.o [1]
AppFramePackage_DataHead
                         0x800'2e39   0x80  Code  Gb  app_layer_api.o [1]
AppFramePackage_DataLen
                         0x800'2e35    0x4  Code  Gb  app_layer_api.o [1]
AppFramePackage_DesAddr
                         0x800'2da5    0xe  Code  Gb  app_layer_api.o [1]
AppFramePackage_FormatVerify
                         0x800'2d55   0x4a  Code  Gb  app_layer_api.o [1]
AppFramePackage_Head     0x800'2d9f    0x6  Code  Gb  app_layer_api.o [1]
CMD_STATUE               0x800'626c   0x10  Data  Gb  hk_device.o [1]
CRC16_2                  0x800'3d29   0x54  Code  Gb  crc16.o [1]
CSTACK$$Base            0x2000'0d90          --   Gb  - Linker created -
CSTACK$$Limit           0x2000'1590          --   Gb  - Linker created -
Cal_digits               0x800'2f21   0x1e  Code  Lc  carrier.o [1]
CarrierCom_Process       0x800'4209   0x74  Code  Gb  uart_interface.o [1]
CarrierFramePackage_Cmd
                         0x800'402d    0x4  Code  Gb  carrier_layer_api.o [1]
CarrierFramePackage_Data
                         0x800'4035   0x10  Code  Gb  carrier_layer_api.o [1]
CarrierFramePackage_DataLen
                         0x800'4031    0x4  Code  Gb  carrier_layer_api.o [1]
CarrierFramePackage_DesAddr
                         0x800'4019    0xe  Code  Gb  carrier_layer_api.o [1]
CarrierFramePackage_FormatVerify
                         0x800'4045   0x2e  Code  Gb  carrier_layer_api.o [1]
CarrierFramePackage_Head1
                         0x800'4013    0x6  Code  Gb  carrier_layer_api.o [1]
CarrierFramePackage_Head2
                         0x800'4027    0x6  Code  Gb  carrier_layer_api.o [1]
CarrierFramePackage_SendData
                         0x800'306f   0x68  Code  Gb  carrier.o [1]
CarrierUart_DataTx       0x800'43b1   0x2a  Code  Gb  uart_interface.o [1]
CarrierUart_RX_INT_Process
                         0x800'427d  0x130  Code  Gb  uart_interface.o [1]
CarrierUart_RX_INT_Process::rec_len
                        0x2000'0d88    0x1  Data  Lc  uart_interface.o [1]
CarrierUart_TX_INT_Process
                         0x800'43e1   0x32  Code  Gb  uart_interface.o [1]
Carrier_Info            0x2000'0d04   0x10  Data  Lc  carrier.o [1]
Channel_Frequency_Index
                         0x800'60d0   0x44  Data  Gb  radio.o [1]
Clear_UpReport           0x800'487d   0x3c  Code  Lc  frame_process.o [1]
Clr_Not_RX_Cnt           0x800'31ef    0x8  Code  Gb  m0_systick.o [1]
Clr_SI4438_ReInit_Flag   0x800'35b3    0x8  Code  Gb  rf_interface.o [1]
Com1_DataTx              0x800'31c5    0xa  Code  Gb  system_func.o [1]
Com2_DataTx              0x800'31cf    0xa  Code  Gb  system_func.o [1]
DEV_Action_Bits         0x2000'0d79    0x1  Data  Lc  device_basic_info.o [1]
DMA1_Channel1_IRQHandler
                         0x800'5d55    0x2  Code  Gb  stm32f0xx_it.o [1]
Data_ErrorInit           0x800'1db9   0x26  Code  Lc  dev_mate_interface.o [1]
Decode_74                0x800'2bf5   0xbe  Code  Gb  net_layer_api.o [1]
DevUart_DataTx           0x800'4199   0x2a  Code  Gb  uart_interface.o [1]
DevUart_RX_INT_Process   0x800'40ed   0xac  Code  Gb  uart_interface.o [1]
DevUart_TX_INT_Process   0x800'41c3   0x32  Code  Gb  uart_interface.o [1]
Dev_Mate_Buf            0x2000'0cac   0x24  Data  Lc  dev_mate_interface.o [1]
Dev_StateInfo_Init       0x800'25af   0x7a  Code  Lc  device_basic_info.o [1]
Dev_list_Cmp             0x800'3851   0x98  Code  Lc  net_route_info.o [1]
Dev_list_Record          0x800'38f9   0xec  Code  Gb  net_route_info.o [1]
DeviceBasic_Info        0x2000'0cd0   0x20  Data  Lc  device_basic_info.o [1]
DeviceState_Buf         0x2000'0d54    0xc  Data  Lc  hk_device.o [1]
DeviceState_Process      0x800'1b7b   0x38  Code  Gb  hk_device.o [1]
Device_Process           0x800'1bf3   0x12  Code  Gb  hk_device.o [1]
Device_rout             0x2000'0c78   0x34  Data  Lc  net_route_info.o [1]
EXTI0_1_IRQHandler       0x800'5c5f    0x2  Code  Gb  stm32f0xx_it.o [1]
EXTI2_3_IRQHandler       0x800'5c61    0x2  Code  Gb  stm32f0xx_it.o [1]
EXTI4_15_IRQHandler      0x800'5c63   0x1e  Code  Gb  stm32f0xx_it.o [1]
Eeprom_ErasePage         0x800'4435   0x50  Code  Gb  stm32f0_eeprom.o [1]
Eeprom_Read              0x800'451d   0x2e  Code  Gb  stm32f0_eeprom.o [1]
Eeprom_ReadHalfWord      0x800'44b3    0x8  Code  Gb  stm32f0_eeprom.o [1]
Eeprom_Write             0x800'44bb   0x46  Code  Gb  stm32f0_eeprom.o [1]
Eeprom_WriteHalfWord     0x800'4485   0x2e  Code  Gb  stm32f0_eeprom.o [1]
Encrypt_Convert          0x800'4de1  0x156  Code  Gb  encrypt.o [1]
Exercise_Alarm           0x800'1ccf   0x66  Code  Gb  hk_device.o [1]
FLASH_Read               0x800'31a7   0x1e  Code  Gb  system_func.o [1]
FLASH_Write              0x800'3189   0x1e  Code  Gb  system_func.o [1]
Frame_Check              0x800'29ff   0x48  Code  Gb  net_layer_api.o [1]
Gap_Tick                 0x800'1cab   0x24  Code  Gb  hk_device.o [1]
Get_DEV_Action_Bits      0x800'256f    0x6  Code  Gb  device_basic_info.o [1]
Get_DataIndex            0x800'2595   0x1a  Code  Gb  device_basic_info.o [1]
Get_DevMate_Status       0x800'1d45    0x6  Code  Gb  dev_mate_interface.o [1]
Get_DeviceState_Device_Val
                         0x800'1585   0x12  Code  Gb  hk_device.o [1]
Get_DeviceState_MateChange_Flag
                         0x800'15fb   0x12  Code  Gb  hk_device.o [1]
Get_DeviceState_StateChange_Flag
                         0x800'1637   0x12  Code  Gb  hk_device.o [1]
Get_DeviceState_UpReport_Flag
                         0x800'169d   0x12  Code  Gb  hk_device.o [1]
Get_LedIndicate_Cnt      0x800'45bd    0x6  Code  Gb  stm32f0_gpio.o [1]
Get_LogicAddr_SetFlag    0x800'2569    0x6  Code  Gb  device_basic_info.o [1]
Get_MateDev_ReadyFlag    0x800'1d39    0x6  Code  Gb  dev_mate_interface.o [1]
Get_MateFrame_Flag       0x800'1d51    0x6  Code  Gb  dev_mate_interface.o [1]
Get_NetBuf_pWL_Data_Buf
                         0x800'2671    0xa  Code  Gb  net_layer_api.o [1]
Get_Net_Status           0x800'267b    0xa  Code  Gb  net_layer_api.o [1]
Get_Not_RX_Cnt           0x800'31e9    0x6  Code  Gb  m0_systick.o [1]
Get_RF_Channel           0x800'35a5    0x6  Code  Gb  rf_interface.o [1]
Get_SI4438_ReInit_val    0x800'35bb    0x8  Code  Gb  rf_interface.o [1]
Get_SYSTICK_CNT          0x800'31f7    0x6  Code  Gb  m0_systick.o [1]
Get_pCMD_STATUE          0x800'1575    0xc  Code  Gb  hk_device.o [1]
Get_pCarrierUartRxBuf    0x800'4075    0x4  Code  Gb  uart_interface.o [1]
Get_pCarrierUartTxBuf    0x800'4079    0x4  Code  Gb  uart_interface.o [1]
Get_pCarrier_Info        0x800'2f1d    0x4  Code  Gb  carrier.o [1]
Get_pDevAesInfo          0x800'2565    0x4  Code  Gb  device_basic_info.o [1]
Get_pDevUartRxBuf        0x800'407d    0x4  Code  Gb  uart_interface.o [1]
Get_pDevUartTxBuf        0x800'4081    0x4  Code  Gb  uart_interface.o [1]
Get_pDev_Mate_Buf        0x800'1d35    0x4  Code  Gb  dev_mate_interface.o [1]
Get_pDeviceState_Buf     0x800'1581    0x4  Code  Gb  hk_device.o [1]
Get_pDevice_rout         0x800'384d    0x4  Code  Gb  net_route_info.o [1]
Get_pHKFrame_Buf         0x800'481d    0x4  Code  Gb  frame_process.o [1]
Get_pNet_Buf             0x800'2659    0x4  Code  Gb  net_layer_api.o [1]
Get_pSelfDevMacInfo      0x800'2561    0x4  Code  Gb  device_basic_info.o [1]
Get_pSystemFunc          0x800'31d9    0x4  Code  Gb  system_func.o [1]
Get_pWirelessBuf         0x800'35a1    0x4  Code  Gb  rf_interface.o [1]
HEXaddr_2_BCDaddr        0x800'2f3f  0x102  Code  Gb  carrier.o [1]
HKFrame_Buf             0x2000'0210  0x51c  Data  Lc  frame_process.o [1]
HardFault_Handler        0x800'5c3f    0x4  Code  Gb  stm32f0xx_it.o [1]
LedIndicate_Cnt         0x2000'0d87    0x1  Data  Gb  stm32f0_gpio.o [1]
Led_Init                 0x800'45c9   0x50  Code  Gb  stm32f0_gpio.o [1]
List_Filter              0x800'39f9   0xa0  Code  Gb  net_route_info.o [1]
LogicAddr_SetFlag       0x2000'0d78    0x1  Data  Lc  device_basic_info.o [1]
MacCom_Process           0x800'4085   0x68  Code  Gb  uart_interface.o [1]
Master_ID_Update         0x800'2691   0x32  Code  Lc  net_layer_api.o [1]
MateDev_ReadyFlag       0x2000'0d76    0x1  Data  Lc  dev_mate_interface.o [1]
Mate_Frame_Flag         0x2000'0d77    0x1  Data  Lc  dev_mate_interface.o [1]
Mate_Info_Confirm        0x800'1ddf   0xbe  Code  Lc  dev_mate_interface.o [1]
Mate_LED_Process         0x800'2109   0xc6  Code  Gb  dev_mate_interface.o [1]
Mate_LED_Process::LED_cnt
                        0x2000'0d68    0x2  Data  Lc  dev_mate_interface.o [1]
Mate_Process             0x800'228d   0xa2  Code  Gb  dev_mate_interface.o [1]
Mate_Respond_process     0x800'232f   0xe0  Code  Gb  dev_mate_interface.o [1]
Mate_SwitchStatus_Syn    0x800'21cf   0xae  Code  Gb  dev_mate_interface.o [1]
Mate_seal                0x800'2421   0x9c  Code  Gb  dev_mate_interface.o [1]
NIRQ_Int_Init            0x800'5f59   0x78  Code  Gb  stm32f0_exint.o [1]
NMI_Handler              0x800'5c3d    0x2  Code  Gb  stm32f0xx_it.o [1]
NVIC_Init                0x800'454d   0x70  Code  Gb  stm32f0_peripheral.o [1]
NVIC_SystemReset         0x800'4fad   0x12  Code  Lc  radio_comm.o [1]
Net_Buf                 0x2000'0934  0x114  Data  Gb  net_layer_api.o [1]
Net_Protocol_Process     0x800'2a47   0xfe  Code  Gb  net_layer_api.o [1]
Not_RX_Cnt              0x2000'0d6e    0x2  Data  Lc  m0_systick.o [1]
PICK_Switch              0x800'1d7d   0x3c  Code  Gb  dev_mate_interface.o [1]
Package_SwitchStateInfo
                         0x800'24bd   0x2c  Code  Gb  dev_mate_interface.o [1]
PendSV_Handler           0x800'5c45    0x2  Code  Gb  stm32f0xx_it.o [1]
Pro2Cmd                 0x2000'0d24   0x10  Data  Gb  si446x_api_lib.o [1]
RADIO_COMM_ERROR_CALLBACK_
                         0x800'4a39    0xa  Code  Gb  radio.o [1]
RECEIVE_REMAIN          0x2000'0d83    0x1  Data  Lc  radio.o [1]
RECEIVE_REMAIN_INIT      0x800'4a31    0x8  Code  Gb  radio.o [1]
RECEIVE_TIMES           0x2000'0d82    0x1  Data  Lc  radio.o [1]
RECEIVE_TIMES_INIT       0x800'4a29    0x8  Code  Gb  radio.o [1]
RadioConfiguration      0x2000'01c4    0xc  Data  Gb  radio.o [1]
Radio_Configuration_Data_Array
                        0x2000'0000  0x1c4  Data  Gb  radio.o [1]
Radio_Initfailed         0x800'35c3   0x22  Code  Gb  rf_interface.o [1]
Rcc_Init                 0x800'6079   0x4c  Code  Gb  stm32f0_rcc.o [1]
Read_Device_State        0x800'2629   0x1c  Code  Gb  device_basic_info.o [1]
Read_Rout                0x800'39e5   0x14  Code  Gb  net_route_info.o [1]
RealData_Detect          0x800'2cb9   0x40  Code  Gb  net_layer_api.o [1]
Region$$Table$$Base      0x800'61e0          --   Gb  - Linker created -
Region$$Table$$Limit     0x800'6200          --   Gb  - Linker created -
Retransmission_Process   0x800'492f   0xe4  Code  Gb  frame_process.o [1]
Retry_Start              0x800'4821   0x58  Code  Gb  frame_process.o [1]
Routpath_Read            0x800'3a99   0x6c  Code  Gb  net_route_info.o [1]
SDN_Init                 0x800'4669   0x48  Code  Gb  stm32f0_gpio.o [1]
SI4438_Chip_Init         0x800'365d   0x12  Code  Gb  rf_interface.o [1]
SI4438_PWRInit           0x800'4619   0x50  Code  Gb  stm32f0_gpio.o [1]
SI4438_ReInit           0x2000'0d72    0x2  Data  Gb  rf_interface.o [1]
SPI_RWbyte               0x800'5915   0x18  Code  Gb  stm32f0_spi.o [1]
SPI_ReadData             0x800'597d   0x24  Code  Gb  stm32f0_spi.o [1]
SPI_WriteData            0x800'59a1   0x24  Code  Gb  stm32f0_spi.o [1]
SVC_Handler              0x800'5c43    0x2  Code  Gb  stm32f0xx_it.o [1]
SYSTICK_CNT             0x2000'0d64    0x4  Data  Gb  m0_systick.o [1]
SetDevice_State          0x800'1a3f   0x24  Code  Lc  hk_device.o [1]
Set_Carrier_Info         0x800'3041   0x2e  Code  Gb  carrier.o [1]
Set_ChangeDis_Cnt        0x800'1bb3   0x40  Code  Gb  hk_device.o [1]
Set_DevMate_Status       0x800'1d4b    0x6  Code  Gb  dev_mate_interface.o [1]
Set_DeviceState_Device_Val
                         0x800'1597   0x3a  Code  Gb  hk_device.o [1]
Set_DeviceState_MateChange_Flag
                         0x800'160d   0x2a  Code  Gb  hk_device.o [1]
Set_DeviceState_Pending_Flag
                         0x800'15d1   0x2a  Code  Gb  hk_device.o [1]
Set_DeviceState_StateChange_Flag
                         0x800'1649   0x2a  Code  Gb  hk_device.o [1]
Set_DeviceState_UpReport_Flag
                         0x800'1673   0x2a  Code  Gb  hk_device.o [1]
Set_Device_StateInfo     0x800'1a63  0x118  Code  Gb  hk_device.o [1]
Set_LedIndicate_Cnt      0x800'45c3    0x6  Code  Gb  stm32f0_gpio.o [1]
Set_MateDev_ReadyFlag    0x800'1d3f    0x6  Code  Gb  dev_mate_interface.o [1]
Set_MateFrame_Flag       0x800'1d57   0x18  Code  Gb  dev_mate_interface.o [1]
Set_Mem_MacInfo          0x800'2575   0x20  Code  Gb  device_basic_info.o [1]
Set_NetBuf_Pending_flag
                         0x800'2661   0x10  Code  Gb  net_layer_api.o [1]
Set_Net_Status           0x800'2685    0xc  Code  Gb  net_layer_api.o [1]
Set_NodeAddr             0x800'30d7   0x9a  Code  Gb  carrier.o [1]
Set_Not_RX_Cnt           0x800'31e1    0x8  Code  Gb  m0_systick.o [1]
Set_SI4438_ReInit_Flag   0x800'35ab    0x8  Code  Gb  rf_interface.o [1]
Set_SYSTICK_CNT          0x800'31fd    0x6  Code  Gb  m0_systick.o [1]
Set_WireLessChannel      0x800'35e5   0x78  Code  Gb  rf_interface.o [1]
Si4438_Interrupt_Handler
                         0x800'4a9d  0x166  Code  Gb  radio.o [1]
Si4438_Receive_Start     0x800'366f   0x18  Code  Gb  rf_interface.o [1]
Si4438_Transmit_Start    0x800'3687   0x16  Code  Gb  rf_interface.o [1]
Si446xCmd               0x2000'0d14   0x10  Data  Gb  si446x_api_lib.o [1]
Start_Alarm              0x800'1c87   0x12  Code  Gb  hk_device.o [1]
Stop_Alarm               0x800'1c99   0x12  Code  Gb  hk_device.o [1]
Switch_Init              0x800'4737   0x54  Code  Gb  stm32f0_gpio.o [1]
Switch_Reverse           0x800'1c51   0x36  Code  Gb  hk_device.o [1]
Switch_Reverse_Freq      0x800'1c05   0x1e  Code  Gb  hk_device.o [1]
Switch_Reverse_Settle    0x800'1c23   0x1c  Code  Gb  hk_device.o [1]
Switch_status_save       0x800'1e9d   0x86  Code  Lc  dev_mate_interface.o [1]
SysAll_Init              0x800'6189   0x30  Code  Gb  mcu.o [1]
SysDelay_Xms             0x800'3241   0x10  Code  Gb  m0_systick.o [1]
SysTick_Handle           0x800'3251   0x2a  Code  Gb  m0_systick.o [1]
SysTick_Handler          0x800'5c47   0x12  Code  Gb  stm32f0xx_it.o [1]
SysTick_Init             0x800'3203   0x3e  Code  Gb  m0_systick.o [1]
SystemFunc              0x2000'01d4   0x38  Data  Lc  system_func.o [1]
SystemInit               0x800'5ff9   0x52  Code  Gb  system_stm32f0xx.o [1]
System_8msTick_Process   0x800'3309  0x166  Code  Gb  m0_systick.o [1]
System_8msTick_Process::reInit_val
                        0x2000'0d70    0x2  Data  Lc  m0_systick.o [1]
TICK_8ms                0x2000'0d7c    0x1  Data  Gb  m0_systick.o [1]
TIM15_IRQHandler         0x800'5c59    0x2  Code  Gb  stm32f0xx_it.o [1]
TIM17_IRQHandler         0x800'5c5b    0x2  Code  Gb  stm32f0xx_it.o [1]
TIM6_IRQHandler          0x800'5c5d    0x2  Code  Gb  stm32f0xx_it.o [1]
TRANSMIT_REMAIN         0x2000'0d80    0x1  Data  Lc  radio.o [1]
TRANSMIT_TIMES          0x2000'0d81    0x1  Data  Lc  radio.o [1]
TRANSMIT_TIMES_INIT      0x800'4a21    0x8  Code  Gb  radio.o [1]
Touch1_Detect            0x800'16af   0xf0  Code  Gb  hk_device.o [1]
Touch1_Detect::Cancel_MateFlag1
                        0x2000'0d7b    0x1  Data  Lc  hk_device.o [1]
Touch1_Detect::Cancelmate_Cnt
                        0x2000'0d6c    0x2  Data  Lc  hk_device.o [1]
Touch1_Detect::Touch1Dis_Flag
                        0x2000'0d7a    0x1  Data  Lc  hk_device.o [1]
Touch1_Detect::Touch1_FilterCnt
                        0x2000'0d6a    0x2  Data  Lc  hk_device.o [1]
Touch1_Detect::Touch1_LastState
                        0x2000'020c    0x1  Data  Lc  hk_device.o [1]
Touch_Init               0x800'478b   0x30  Code  Gb  stm32f0_gpio.o [1]
Touch_Process            0x800'1a07   0x38  Code  Gb  hk_device.o [1]
Touch_Response           0x800'19a9   0x5e  Code  Lc  hk_device.o [1]
USART1Com_RX_En          0x800'4413   0x16  Code  Gb  uart_interface.o [1]
USART1_Com_Init          0x800'5acf  0x116  Code  Gb  stm32f0_usart.o [1]
USART1_IRQHandler        0x800'5c81   0x52  Code  Gb  stm32f0xx_it.o [1]
USART2_Com_Init          0x800'59c5  0x10a  Code  Gb  stm32f0_usart.o [1]
USART2_IRQHandler        0x800'5cd3   0x52  Code  Gb  stm32f0xx_it.o [1]
Uart1RxBuf              0x2000'0a48   0xc0  Data  Lc  uart_interface.o [1]
Uart1TxBuf              0x2000'0b08   0xc0  Data  Lc  uart_interface.o [1]
Uart2RxBuf              0x2000'0d34   0x10  Data  Lc  uart_interface.o [1]
Uart2TxBuf              0x2000'0d44   0x10  Data  Lc  uart_interface.o [1]
UpReportData_Package     0x800'2b45   0x6a  Code  Gb  net_layer_api.o [1]
UpReport_Process         0x800'185f  0x14a  Code  Gb  hk_device.o [1]
UpReport_Start           0x800'48b9   0x76  Code  Gb  frame_process.o [1]
UpReport_WL_Process      0x800'2baf   0x46  Code  Gb  net_layer_api.o [1]
Update_Flag             0x2000'0d7e    0x1  Data  Lc  net_route_info.o [1]
Update_num              0x2000'0cf0   0x14  Data  Lc  net_route_info.o [1]
UserData_Package         0x800'17c9   0x96  Code  Lc  hk_device.o [1]
WIRELESS_SPI_Init        0x800'5779  0x19c  Code  Gb  stm32f0_spi.o [1]
WIRELESS_STATUS         0x2000'0d86    0x1  Data  Gb  rf_interface.o [1]
WL_FrameData_Detect      0x800'29a5   0x5a  Code  Gb  net_layer_api.o [1]
WL_TXRX_Init             0x800'46b1   0x86  Code  Gb  stm32f0_gpio.o [1]
WireLess_Mate_Process    0x800'1f23  0x1e6  Code  Gb  dev_mate_interface.o [1]
WireLess_Mate_Process::Temp_Mate_Addr
                        0x2000'0d60    0x4  Data  Lc  dev_mate_interface.o [1]
WireLess_Process         0x800'36bd  0x108  Code  Gb  rf_interface.o [1]
WireLess_Process::Wireless_ErrCnt
                        0x2000'0d74    0x2  Data  Lc  rf_interface.o [1]
WireLess_RX_Process      0x800'26c3  0x2da  Code  Gb  net_layer_api.o [1]
WireLess_RX_Process::Rout_Level
                        0x2000'0d7d    0x1  Data  Lc  net_layer_api.o [1]
WirelessStatusLed_Flash
                         0x800'327b   0x8e  Code  Lc  m0_systick.o [1]
Wireless_Buf            0x2000'072c  0x208  Data  Lc  rf_interface.o [1]
Wireless_Channel        0x2000'0d85    0x1  Data  Lc  rf_interface.o [1]
__ICFEDIT_region_RAM_end__ {Abs}
                        0x2000'1fff         Data  Gb  <internal module>
__ICFEDIT_region_RAM_start__ {Abs}
                        0x2000'0000         Data  Gb  <internal module>
__aeabi_cdcmpeq          0x800'0c31         Code  Gb  DblCmpEq.o [3]
__aeabi_cdcmple          0x800'0c55         Code  Gb  DblCmpLe.o [3]
__aeabi_cdrcmple         0x800'1187         Code  Gb  DblCmpGe.o [3]
__aeabi_d2iz             0x800'103d         Code  Gb  DblToI32.o [3]
__aeabi_d2uiz            0x800'1061         Code  Gb  DblToI32.o [3]
__aeabi_d2ulz            0x800'3f8d         Code  Gb  DblToI64.o [3]
__aeabi_dadd             0x800'0e0b         Code  Gb  DblAddSub.o [3]
__aeabi_ddiv             0x800'10c5         Code  Gb  DblDiv.o [3]
__aeabi_dmul             0x800'0c87         Code  Gb  DblMul.o [3]
__aeabi_dsub             0x800'0ed1         Code  Gb  DblAddSub.o [3]
__aeabi_i2d              0x800'10b1         Code  Gb  IxxToDbl.o [3]
__aeabi_idiv             0x800'34ed         Code  Gb  I32DivModFast.o [4]
__aeabi_idiv0            0x800'4a1d         Code  Gb  IntDivZer.o [4]
__aeabi_idivmod          0x800'34ed         Code  Gb  I32DivModFast.o [4]
__aeabi_ldiv0            0x800'4ddd         Code  Gb  I64DivZer.o [4]
__aeabi_lmul             0x800'3fe1         Code  Gb  I64Mul.o [4]
__aeabi_memclr4          0x800'250d         Code  Gb  ABImemset.o [4]
__aeabi_memclr8          0x800'250d         Code  Gb  ABImemset.o [4]
__aeabi_memcpy           0x800'37f1         Code  Gb  ABImemcpy.o [4]
__aeabi_memmove          0x800'2541         Code  Gb  ABImemmove.o [4]
__aeabi_memmove4         0x800'2541         Code  Gb  ABImemmove.o [4]
__aeabi_memmove8         0x800'2541         Code  Gb  ABImemmove.o [4]
__aeabi_memset           0x800'24ed         Code  Gb  ABImemset.o [4]
__aeabi_ui2d             0x800'1091         Code  Gb  IxxToDbl.o [3]
__aeabi_uidiv            0x800'34f3         Code  Gb  I32DivModFast.o [4]
__aeabi_uidivmod         0x800'34f3         Code  Gb  I32DivModFast.o [4]
__aeabi_uldivmod         0x800'3f23         Code  Gb  I64DivMod.o [4]
__cmain                  0x800'6221         Code  Gb  cmain.o [4]
__exit                   0x800'6259   0x14  Code  Gb  exit.o [5]
__iar_Exp64              0x800'11b9  0x3bc  Code  Gb  iar_Exp64.o [3]
__iar_Memset4_word       0x800'2511         Code  Gb  ABImemset.o [4]
__iar_Memset_word        0x800'24f9         Code  Gb  ABImemset.o [4]
__iar_Pow64              0x800'00b9  0x6cc  Code  Lc  pow64.o [3]
__iar_d2uiz              0x800'1065         Code  Gb  DblToI32.o [3]
__iar_data_init3         0x800'61b9   0x28  Code  Gb  data_init.o [4]
__iar_lz77_init_single3
                         0x800'0fbf   0x7e  Code  Gb  lz77_init_single.o [4]
__iar_pow64              0x800'0801    0xc  Code  Gb  pow64.o [3]
__iar_pow_medium         0x800'0801    0xc  Code  Gb  pow64.o [3]
__iar_pow_medium64       0x800'0801    0xc  Code  Gb  pow64.o [3]
__iar_pow_mediuml        0x800'0801    0xc  Code  Gb  pow64.o [3]
__iar_program_start      0x800'628d         Code  Gb  cstartup_M.o [4]
__iar_zero_init3         0x800'6115   0x3c  Code  Gb  zero_init3.o [4]
__low_level_init         0x800'623f    0x4  Code  Gb  low_level_init.o [2]
__vector_table           0x800'0000         Data  Gb  startup_stm32f030x8.o [1]
_call_main               0x800'622d         Code  Gb  cmain.o [4]
_exit                    0x800'624d         Code  Gb  cexit.o [4]
_main                    0x800'623b         Code  Gb  cmain.o [4]
add_round_key            0x800'5255   0xac  Code  Gb  aes.o [1]
aes_w                   0x2000'0bc8   0xb0  Data  Gb  aes.o [1]
cipher                   0x800'55b1   0xe4  Code  Gb  aes.o [1]
coef_mult                0x800'517d   0xd8  Code  Gb  aes.o [1]
ctsWentHigh             0x2000'0d84    0x1  Data  Gb  radio_comm.o [1]
cur_upda_num            0x2000'0d7f    0x1  Data  Gb  net_route_info.o [1]
decode16_74bit           0x800'3ef9   0x2a  Code  Gb  74.o [1]
decode74                 0x800'3d85  0x174  Code  Lc  74.o [1]
exit                     0x800'6243    0x8  Code  Gb  exit.o [2]
gmult                    0x800'5145   0x38  Code  Gb  aes.o [1]
inv_cipher               0x800'5695   0xe4  Code  Gb  aes.o [1]
inv_mix_columns          0x800'5375   0x74  Code  Gb  aes.o [1]
inv_s_box                0x800'5e58  0x100  Data  Lc  aes.o [1]
inv_shift_rows           0x800'5455   0x6c  Code  Gb  aes.o [1]
inv_sub_bytes            0x800'5531   0x6e  Code  Gb  aes.o [1]
lnbias                   0x800'0810  0x420  Data  Lc  pow64.o [3]
main                     0x800'6151   0x38  Code  Gb  main.o [1]
memcmp                   0x800'2ef3   0x28  Code  Gb  memcmp.o [4]
mix_columns              0x800'5301   0x74  Code  Gb  aes.o [1]
pRadioConfiguration     0x2000'01d0    0x4  Data  Gb  radio.o [1]
pow                      0x800'0801    0xc  Code  Gb  pow64.o [3]
powl                     0x800'0801    0xc  Code  Gb  pow64.o [3]
radio_comm_ClearCTS      0x800'510f    0x8  Code  Gb  radio_comm.o [1]
radio_comm_GetResp       0x800'4fbf   0x9c  Code  Gb  radio_comm.o [1]
radio_comm_PollCTS       0x800'5103    0xc  Code  Gb  radio_comm.o [1]
radio_comm_ReadData      0x800'5087   0x3e  Code  Gb  radio_comm.o [1]
radio_comm_SendCmd       0x800'505b   0x2c  Code  Gb  radio_comm.o [1]
radio_comm_SendCmdGetResp
                         0x800'512d   0x18  Code  Gb  radio_comm.o [1]
radio_comm_WriteData     0x800'50c5   0x3e  Code  Gb  radio_comm.o [1]
radio_hal_AssertShutdown
                         0x800'4f3d    0x8  Code  Gb  radio_hal.o [1]
radio_hal_ClearNsel      0x800'4f4d    0xa  Code  Gb  radio_hal.o [1]
radio_hal_DeassertShutdown
                         0x800'4f45    0x8  Code  Gb  radio_hal.o [1]
radio_hal_NirqLevel      0x800'4f61    0xe  Code  Gb  radio_hal.o [1]
radio_hal_SetNsel        0x800'4f57    0xa  Code  Gb  radio_hal.o [1]
radio_hal_SpiReadByte    0x800'4f8f    0xa  Code  Gb  radio_hal.o [1]
radio_hal_SpiReadData    0x800'4fa3    0xa  Code  Gb  radio_hal.o [1]
radio_hal_SpiWriteByte   0x800'4f85    0xa  Code  Gb  radio_hal.o [1]
radio_hal_SpiWriteData   0x800'4f99    0xa  Code  Gb  radio_hal.o [1]
s_box                    0x800'5d58  0x100  Data  Lc  aes.o [1]
shift_rows               0x800'53e9   0x6c  Code  Gb  aes.o [1]
si446x_configuration_init
                         0x800'4c49   0x6e  Code  Gb  si446x_api_lib.o [1]
si446x_fifo_info         0x800'4d3d   0x22  Code  Gb  si446x_api_lib.o [1]
si446x_get_int_status    0x800'4cff   0x3e  Code  Gb  si446x_api_lib.o [1]
si446x_get_modem_status
                         0x800'4d91   0x42  Code  Gb  si446x_api_lib.o [1]
si446x_part_info         0x800'4cb7   0x48  Code  Gb  si446x_api_lib.o [1]
si446x_read_rx_fifo      0x800'4d71   0x12  Code  Gb  si446x_api_lib.o [1]
si446x_reset             0x800'4c2d   0x1c  Code  Gb  si446x_api_lib.o [1]
si446x_write_tx_fifo     0x800'4d5f   0x12  Code  Gb  si446x_api_lib.o [1]
sub_bytes                0x800'54c1   0x6e  Code  Gb  aes.o [1]
vRadio_Init              0x800'4a63   0x3a  Code  Gb  radio.o [1]
vRadio_PowerUp           0x800'4a43   0x20  Code  Gb  radio.o [1]
wCRCTalbeAbs             0x800'6200   0x20  Data  Gb  crc16.o [1]


[1] = C:\Users\Administrator\Desktop\ºÃµÁ∆˜ƒ÷÷”\Debug\Obj
[2] = dl6M_tln.a
[3] = m6M_tl.a
[4] = rt6M_tl.a
[5] = shb_l.a

  24 588 bytes of readonly  code memory
   1 085 bytes of readonly  data memory
   5 510 bytes of readwrite data memory

Errors: none
Warnings: none
